<html>
<body>
<pre>
<h1>µVision Build Log</h1>
<h2>Project:</h2>
C:\Users\github\Fricker DB_git\USER\USMART.uvproj
Project File Date:  11/24/2017

<h2>Output:</h2>
Build target 'Target 1'
compiling main.c...
compiling myiic.c...
compiling LT35825.c...
..\HARDWARE\LT35825\LT35825.c(96): warning:  #177-D: variable "voltag" was declared but never referenced
linking...
Program Size: Code=36248 RO-data=27580 RW-data=380 ZI-data=60644  
FromELF: creating hex file...
"..\OBJ\USMART.axf" - 0 Error(s), 1 Warning(s).
Build target 'Target 1'
linking...
Program Size: Code=36248 RO-data=27580 RW-data=380 ZI-data=60644  
FromELF: creating hex file...
"..\OBJ\USMART.axf" - 0 Error(s), 0 Warning(s).
Build target 'Target 1'
linking...
Program Size: Code=36248 RO-data=27580 RW-data=380 ZI-data=60644  
FromELF: creating hex file...
"..\OBJ\USMART.axf" - 0 Error(s), 0 Warning(s).
Build target 'Target 1'
linking...
Program Size: Code=36248 RO-data=27580 RW-data=380 ZI-data=60644  
FromELF: creating hex file...
"..\OBJ\USMART.axf" - 0 Error(s), 0 Warning(s).
Build target 'Target 1'
compiling main.c...
compiling stm32f10x_it.c...
compiling system_stm32f10x.c...
compiling timer.c...
compiling adc.c...
compiling delay.c...
compiling sys.c...
compiling usart.c...
compiling core_cm3.c...
assembling startup_stm32f10x_hd.s...
compiling stm32f10x_gpio.c...
compiling stm32f10x_rcc.c...
compiling stm32f10x_usart.c...
compiling misc.c...
compiling stm32f10x_tim.c...
compiling stm32f10x_adc.c...
compiling stm32f10x_exti.c...
compiling stm32f10x_i2c.c...
compiling stm32f10x_spi.c...
compiling stm32f10x_dma.c...
compiling usmart.c...
compiling usmart_config.c...
compiling usmart_str.c...
compiling malloc.c...
assembling cr4_fft_64_stm32.s...
assembling cr4_fft_256_stm32.s...
assembling cr4_fft_1024_stm32.s...
assembling fir_stm32.s...
assembling iirarma_stm32.s...
assembling PID_stm32.s...
compiling iir_stm32.c...
compiling PID_C_stm32.c...
compiling Fricker.c...
compiling myiic.c...
compiling LT35825.c...
..\HARDWARE\LT35825\LT35825.c(96): warning:  #177-D: variable "voltag" was declared but never referenced
compiling i2c1_bitbang.c...
compiling LT3582.c...
linking...
Program Size: Code=36248 RO-data=27580 RW-data=380 ZI-data=60644  
FromELF: creating hex file...
"..\OBJ\USMART.axf" - 0 Error(s), 1 Warning(s).
