ARM Linker, 4.1 [Build 791] [Professional (MDK + RL-ARM)]

==============================================================================

Section Cross References

    main.o(.text) refers to sys.o(.text) for NVIC_Configuration
    main.o(.text) refers to delay.o(.text) for delay_init
    main.o(.text) refers to usart.o(.text) for uart2_init
    main.o(.text) refers to malloc.o(.text) for mem_init
    main.o(.text) refers to myiic.o(.text) for IIC_Init
    main.o(.text) refers to fricker.o(.text) for Flicker_init
    main.o(.text) refers to noretval__2printf.o(.text) for __2printf
    main.o(.text) refers to lt35825.o(.text) for TL35825_init
    main.o(.text) refers to usmart_config.o(.data) for usmart_dev
    system_stm32f10x.o(.text) refers to system_stm32f10x.o(.data) for SystemCoreClock
    timer.o(.text) refers to stm32f10x_rcc.o(.text) for RCC_APB1PeriphClockCmd
    timer.o(.text) refers to stm32f10x_tim.o(.text) for TIM_Cmd
    timer.o(.text) refers to misc.o(.text) for NVIC_PriorityGroupConfig
    timer.o(.text) refers to fricker.o(.text) for collection_data
    timer.o(.text) refers to timer.o(.data) for itime
    adc.o(.text) refers to stm32f10x_rcc.o(.text) for RCC_APB2PeriphClockCmd
    adc.o(.text) refers to stm32f10x_gpio.o(.text) for GPIO_Init
    adc.o(.text) refers to stm32f10x_dma.o(.text) for DMA_DeInit
    adc.o(.text) refers to stm32f10x_adc.o(.text) for ADC_Init
    adc.o(.text) refers to adc.o(.data) for ADCBuffer
    delay.o(.text) refers to misc.o(.text) for SysTick_CLKSourceConfig
    delay.o(.text) refers to system_stm32f10x.o(.data) for SystemCoreClock
    delay.o(.text) refers to delay.o(.data) for fac_us
    sys.o(.text) refers to misc.o(.text) for NVIC_PriorityGroupConfig
    usart.o(.text) refers (Special) to use_no_semi_2.o(.text) for __use_no_semihosting
    usart.o(.text) refers to stm32f10x_rcc.o(.text) for RCC_APB2PeriphClockCmd
    usart.o(.text) refers to stm32f10x_usart.o(.text) for USART_DeInit
    usart.o(.text) refers to stm32f10x_gpio.o(.text) for GPIO_Init
    usart.o(.text) refers to misc.o(.text) for NVIC_Init
    usart.o(.text) refers to noretval__2printf.o(.text) for __2printf
    usart.o(.text) refers to usart.o(.data) for USART_RX_STA
    usart.o(.text) refers to usart.o(.bss) for USART_RX_BUF
    usart.o(.bss) refers (Special) to use_no_semi_2.o(.text) for __use_no_semihosting
    usart.o(.data) refers (Special) to use_no_semi_2.o(.text) for __use_no_semihosting
    startup_stm32f10x_hd.o(STACK) refers (Special) to heapauxi.o(.text) for __use_two_region_memory
    startup_stm32f10x_hd.o(HEAP) refers (Special) to heapauxi.o(.text) for __use_two_region_memory
    startup_stm32f10x_hd.o(RESET) refers (Special) to heapauxi.o(.text) for __use_two_region_memory
    startup_stm32f10x_hd.o(RESET) refers to startup_stm32f10x_hd.o(STACK) for __initial_sp
    startup_stm32f10x_hd.o(RESET) refers to startup_stm32f10x_hd.o(.text) for Reset_Handler
    startup_stm32f10x_hd.o(RESET) refers to stm32f10x_it.o(.text) for NMI_Handler
    startup_stm32f10x_hd.o(RESET) refers to timer.o(.text) for TIM3_IRQHandler
    startup_stm32f10x_hd.o(RESET) refers to usmart.o(.text) for TIM4_IRQHandler
    startup_stm32f10x_hd.o(RESET) refers to usart.o(.text) for USART2_IRQHandler
    startup_stm32f10x_hd.o(.text) refers (Special) to heapauxi.o(.text) for __use_two_region_memory
    startup_stm32f10x_hd.o(.text) refers to system_stm32f10x.o(.text) for SystemInit
    startup_stm32f10x_hd.o(.text) refers to __main.o(!!!main) for __main
    startup_stm32f10x_hd.o(.text) refers to startup_stm32f10x_hd.o(HEAP) for Heap_Mem
    startup_stm32f10x_hd.o(.text) refers to startup_stm32f10x_hd.o(STACK) for Stack_Mem
    stm32f10x_gpio.o(.text) refers to stm32f10x_rcc.o(.text) for RCC_APB2PeriphResetCmd
    stm32f10x_rcc.o(.text) refers to stm32f10x_rcc.o(.data) for APBAHBPrescTable
    stm32f10x_usart.o(.text) refers to stm32f10x_rcc.o(.text) for RCC_APB2PeriphResetCmd
    stm32f10x_tim.o(.text) refers to stm32f10x_rcc.o(.text) for RCC_APB2PeriphResetCmd
    stm32f10x_adc.o(.text) refers to stm32f10x_rcc.o(.text) for RCC_APB2PeriphResetCmd
    stm32f10x_i2c.o(.text) refers to stm32f10x_rcc.o(.text) for RCC_APB1PeriphResetCmd
    stm32f10x_spi.o(.text) refers to stm32f10x_rcc.o(.text) for RCC_APB2PeriphResetCmd
    usmart.o(.text) refers to _printf_percent.o(.ARM.Collect$$_printf_percent$$00000000) for _printf_percent
    usmart.o(.text) refers to _printf_s.o(.ARM.Collect$$_printf_percent$$00000014) for _printf_s
    usmart.o(.text) refers to _printf_str.o(.text) for _printf_str
    usmart.o(.text) refers to _printf_pad.o(.text) for _printf_pre_padding
    usmart.o(.text) refers to _printf_x.o(.ARM.Collect$$_printf_percent$$0000000C) for _printf_x
    usmart.o(.text) refers to _printf_hex_int.o(.text) for _printf_longlong_hex
    usmart.o(.text) refers to _printf_u.o(.ARM.Collect$$_printf_percent$$0000000A) for _printf_u
    usmart.o(.text) refers to _printf_dec.o(.text) for _printf_int_dec
[...]
    fac_us                                   0x2000001a   Data           1  delay.o(.data)
    fac_ms                                   0x2000001c   Data           2  delay.o(.data)
    .data                                    0x20000020   Section        8  usart.o(.data)
    .data                                    0x20000028   Section       20  stm32f10x_rcc.o(.data)
    APBAHBPrescTable                         0x20000028   Data          16  stm32f10x_rcc.o(.data)
    ADCPrescTable                            0x20000038   Data           4  stm32f10x_rcc.o(.data)
    .data                                    0x2000003c   Section       28  usmart.o(.data)
    .data                                    0x20000058   Section      260  usmart_config.o(.data)
    .data                                    0x2000015c   Section       20  malloc.o(.data)
    .data                                    0x20000170   Section       12  fricker.o(.data)
    .bss                                     0x2000017c   Section      256  usart.o(.bss)
    .bss                                     0x2000027c   Section    58752  malloc.o(.bss)
    .bss                                     0x2000e7fc   Section       96  libspace.o(.bss)
    HEAP                                     0x2000e860   Section      512  startup_stm32f10x_hd.o(HEAP)
    Heap_Mem                                 0x2000e860   Data         512  startup_stm32f10x_hd.o(HEAP)
    STACK                                    0x2000ea60   Section     1024  startup_stm32f10x_hd.o(STACK)
    Stack_Mem                                0x2000ea60   Data        1024  startup_stm32f10x_hd.o(STACK)
    __initial_sp                             0x2000ee60   Data           0  startup_stm32f10x_hd.o(STACK)

    Global Symbols

    Symbol Name                              Value     Ov Type        Size  Object(Section)

    BuildAttributes$$THM_ISAv4$P$D$K$B$S$PE$A:L22UL41UL21$X:L11$S22US41US21$IEEE1$IW$USESV6$~STKCKD$USESV7$~SHL$OTIME$ROPI$IEEEX$EBA8$UX$STANDARDLIB$REQ8$PRES8$EABIv2 0x00000000   Number         0  anon$$obj.o ABSOLUTE
    __ARM_use_no_argv                        0x00000000   Number         0  main.o ABSOLUTE
    _printf_flags                            0x00000000   Number         0  printf_stubs.o ABSOLUTE
    _printf_return_value                     0x00000000   Number         0  printf_stubs.o ABSOLUTE
    _printf_sizespec                         0x00000000   Number         0  printf_stubs.o ABSOLUTE
    _printf_widthprec                        0x00000000   Number         0  printf_stubs.o ABSOLUTE
    __ARM_exceptions_init                     - Undefined Weak Reference
    __alloca_initialize                       - Undefined Weak Reference
    __cpp_initialize__aeabi_                  - Undefined Weak Reference
    __cxa_finalize                            - Undefined Weak Reference
    __sigvec_lookup                           - Undefined Weak Reference
    _atexit_init                              - Undefined Weak Reference
    _call_atexit_fns                          - Undefined Weak Reference
    _clock_init                               - Undefined Weak Reference
    _fp_trap_init                             - Undefined Weak Reference
    _fp_trap_shutdown                         - Undefined Weak Reference
    _get_lc_collate                           - Undefined Weak Reference
    _get_lc_ctype                             - Undefined Weak Reference
    _get_lc_monetary                          - Undefined Weak Reference
    _get_lc_time                              - Undefined Weak Reference
    _getenv_init                              - Undefined Weak Reference
    _handle_redirection                       - Undefined Weak Reference
    _init_alloc                               - Undefined Weak Reference
    _init_user_alloc                          - Undefined Weak Reference
    _initio                                   - Undefined Weak Reference
    _mutex_acquire                            - Undefined Weak Reference
    _mutex_release                            - Undefined Weak Reference
    _printf_mbtowc                            - Undefined Weak Reference
    _printf_truncate_signed                   - Undefined Weak Reference
    _printf_truncate_unsigned                 - Undefined Weak Reference
    _rand_init                                - Undefined Weak Reference
    _signal_finish                            - Undefined Weak Reference
    _signal_init                              - Undefined Weak Reference
    _terminate_alloc                          - Undefined Weak Reference
    _terminate_user_alloc                     - Undefined Weak Reference
    _terminateio                              - Undefined Weak Reference
    __Vectors_Size                           0x00000130   Number         0  startup_stm32f10x_hd.o ABSOLUTE
    __Vectors                                0x08000000   Data           4  startup_stm32f10x_hd.o(RESET)
    __Vectors_End                            0x08000130   Data           0  startup_stm32f10x_hd.o(RESET)
    __main                                   0x08000131   Thumb Code     8  __main.o(!!!main)
    __scatterload                            0x08000139   Thumb Code     0  __scatter.o(!!!scatter)
    __scatterload_rt2                        0x08000139   Thumb Code    44  __scatter.o(!!!scatter)
    __scatterload_rt2_thumb_only             0x08000139   Thumb Code     0  __scatter.o(!!!scatter)
    __scatterload_null                       0x08000147   Thumb Code     0  __scatter.o(!!!scatter)
    __decompress                             0x0800016d   Thumb Code    90  __dczerorl2.o(!!dczerorl2)
    __decompress1                            0x0800016d   Thumb Code     0  __dczerorl2.o(!!dczerorl2)
    __scatterload_zeroinit                   0x080001c9   Thumb Code    28  __scatter_zi.o(!!handler_zi)
    _printf_f                                0x080001e5   Thumb Code     0  _printf_f.o(.ARM.Collect$$_printf_percent$$00000003)
    _printf_percent                          0x080001e5   Thumb Code     0  _printf_percent.o(.ARM.Collect$$_printf_percent$$00000000)
    _printf_u                                0x080001eb   Thumb Code     0  _printf_u.o(.ARM.Collect$$_printf_percent$$0000000A)
    _printf_x                                0x080001f1   Thumb Code     0  _printf_x.o(.ARM.Collect$$_printf_percent$$0000000C)
    _printf_s                                0x080001f7   Thumb Code     0  _printf_s.o(.ARM.Collect$$_printf_percent$$00000014)
    _printf_percent_end                      0x080001fd   Thumb Code     0  _printf_percent_end.o(.ARM.Collect$$_printf_percent$$00000017)
    __rt_lib_init                            0x08000201   Thumb Code     0  libinit.o(.ARM.Collect$$libinit$$00000000)
    __rt_lib_init_heap_1                     0x08000207   Thumb Code     0  libinit2.o(.ARM.Collect$$libinit$$00000006)
    __rt_lib_init_lc_common                  0x08000207   Thumb Code     0  libinit2.o(.ARM.Collect$$libinit$$0000000B)
    __rt_lib_init_rand_1                     0x08000207   Thumb Code     0  libinit2.o(.ARM.Collect$$libinit$$0000000A)
    __rt_lib_init_user_alloc_1               0x08000207   Thumb Code     0  libinit2.o(.ARM.Collect$$libinit$$00000008)
    __rt_lib_init_lc_collate_1               0x0800020d   Thumb Code     0  libinit2.o(.ARM.Collect$$libinit$$0000000D)
    __rt_lib_init_lc_ctype_1                 0x0800020d   Thumb Code     0  libinit2.o(.ARM.Collect$$libinit$$0000000F)
    __rt_lib_init_lc_monetary_1              0x0800020d   Thumb Code     0  libinit2.o(.ARM.Collect$$libinit$$00000011)
    __rt_lib_init_lc_numeric_2               0x0800020d   Thumb Code     0  libinit2.o(.ARM.Collect$$libinit$$00000012)
    __rt_lib_init_alloca_1                   0x08000217   Thumb Code     0  libinit2.o(.ARM.Collect$$libinit$$0000002A)
    __rt_lib_init_argv_1                     0x08000217   Thumb Code     0  libinit2.o(.ARM.Collect$$libinit$$00000028)
    __rt_lib_init_atexit_1                   0x08000217   Thumb Code     0  libinit2.o(.ARM.Collect$$libinit$$00000017)
    __rt_lib_init_clock_1                    0x08000217   Thumb Code     0  libinit2.o(.ARM.Collect$$libinit$$0000001D)
    __rt_lib_init_cpp_1                      0x08000217   Thumb Code     0  libinit2.o(.ARM.Collect$$libinit$$0000002E)
    __rt_lib_init_exceptions_1               0x08000217   Thumb Code     0  libinit2.o(.ARM.Collect$$libinit$$0000002C)
    __rt_lib_init_fp_trap_1                  0x08000217   Thumb Code     0  libinit2.o(.ARM.Collect$$libinit$$0000001B)
    __rt_lib_init_getenv_1                   0x08000217   Thumb Code     0  libinit2.o(.ARM.Collect$$libinit$$0000001F)
    __rt_lib_init_lc_numeric_1               0x08000217   Thumb Code     0  libinit2.o(.ARM.Collect$$libinit$$00000013)
    __rt_lib_init_lc_time_1                  0x08000217   Thumb Code     0  libinit2.o(.ARM.Collect$$libinit$$00000015)
    __rt_lib_init_return                     0x08000217   Thumb Code     0  libinit2.o(.ARM.Collect$$libinit$$0000002F)
    __rt_lib_init_signal_1                   0x08000217   Thumb Code     0  libinit2.o(.ARM.Collect$$libinit$$00000019)
    __rt_lib_init_stdio_1                    0x08000217   Thumb Code     0  libinit2.o(.ARM.Collect$$libinit$$00000021)
    __rt_lib_shutdown                        0x08000219   Thumb Code     0  libshutdown.o(.ARM.Collect$$libshutdown$$00000000)
    __rt_lib_shutdown_fp_trap_1              0x0800021b   Thumb Code     0  libshutdown2.o(.ARM.Collect$$libshutdown$$00000006)
    __rt_lib_shutdown_heap_1                 0x0800021b   Thumb Code     0  libshutdown2.o(.ARM.Collect$$libshutdown$$0000000E)
    __rt_lib_shutdown_return                 0x0800021b   Thumb Code     0  libshutdown2.o(.ARM.Collect$$libshutdown$$0000000F)
    __rt_lib_shutdown_signal_1               0x0800021b   Thumb Code     0  libshutdown2.o(.ARM.Collect$$libshutdown$$00000009)
    __rt_lib_shutdown_stdio_1                0x0800021b   Thumb Code     0  libshutdown2.o(.ARM.Collect$$libshutdown$$00000003)
    __rt_lib_shutdown_user_alloc_1           0x0800021b   Thumb Code     0  libshutdown2.o(.ARM.Collect$$libshutdown$$0000000B)
    __rt_entry                               0x0800021d   Thumb Code     0  rtentry.o(.ARM.Collect$$rtentry$$00000000)
    __rt_entry_presh_1                       0x0800021d   Thumb Code     0  rtentry2.o(.ARM.Collect$$rtentry$$00000002)
    __rt_entry_sh                            0x0800021d   Thumb Code     0  rtentry4.o(.ARM.Collect$$rtentry$$00000004)
    __rt_entry_li                            0x08000223   Thumb Code     0  rtentry2.o(.ARM.Collect$$rtentry$$0000000A)
    __rt_entry_postsh_1                      0x08000223   Thumb Code     0  rtentry2.o(.ARM.Collect$$rtentry$$00000009)
    __rt_entry_main                          0x08000227   Thumb Code     0  rtentry2.o(.ARM.Collect$$rtentry$$0000000D)
    __rt_entry_postli_1                      0x08000227   Thumb Code     0  rtentry2.o(.ARM.Collect$$rtentry$$0000000C)
    __rt_exit                                0x0800022f   Thumb Code     0  rtexit.o(.ARM.Collect$$rtexit$$00000000)
    __rt_exit_ls                             0x08000231   Thumb Code     0  rtexit2.o(.ARM.Collect$$rtexit$$00000003)
    __rt_exit_prels_1                        0x08000231   Thumb Code     0  rtexit2.o(.ARM.Collect$$rtexit$$00000002)
    __rt_exit_exit                           0x08000235   Thumb Code     0  rtexit2.o(.ARM.Collect$$rtexit$$00000004)
    main                                     0x0800023d   Thumb Code    76  main.o(.text)
    NMI_Handler                              0x080002a9   Thumb Code     2  stm32f10x_it.o(.text)
    HardFault_Handler                        0x080002ab   Thumb Code     4  stm32f10x_it.o(.text)
    MemManage_Handler                        0x080002af   Thumb Code     4  stm32f10x_it.o(.text)
    BusFault_Handler                         0x080002b3   Thumb Code     4  stm32f10x_it.o(.text)
    UsageFault_Handler                       0x080002b7   Thumb Code     4  stm32f10x_it.o(.text)
    SVC_Handler                              0x080002bb   Thumb Code     2  stm32f10x_it.o(.text)
    DebugMon_Handler                         0x080002bd   Thumb Code     2  stm32f10x_it.o(.text)
    PendSV_Handler                           0x080002bf   Thumb Code     2  stm32f10x_it.o(.text)
    SysTick_Handler                          0x080002c1   Thumb Code     2  stm32f10x_it.o(.text)
    SystemInit                               0x08000395   Thumb Code    82  system_stm32f10x.o(.text)
    SystemCoreClockUpdate                    0x080003e7   Thumb Code   154  system_stm32f10x.o(.text)
    start_time3                              0x080004a5   Thumb Code    20  timer.o(.text)
    stop_time3                               0x080004b9   Thumb Code    20  timer.o(.text)
    TIM3_Init                                0x0800055f   Thumb Code    20  timer.o(.text)
    TIM3_IRQHandler                          0x08000573   Thumb Code    38  timer.o(.text)
    ADC1_Mode_Config                         0x080005ff   Thumb Code   268  adc.o(.text)
    ADC1_Mode_Configg                        0x0800070b   Thumb Code   522  adc.o(.text)
    Fricker_adc_mode                         0x08000915   Thumb Code   276  adc.o(.text)
    ADC1_Init                                0x08000a29   Thumb Code    12  adc.o(.text)
    get_adc_value                            0x08000a35   Thumb Code     6  adc.o(.text)
    delay_init                               0x08000a45   Thumb Code    42  delay.o(.text)
    delay_us                                 0x08000a6f   Thumb Code    76  delay.o(.text)
    delay_ms                                 0x08000abb   Thumb Code    76  delay.o(.text)
    NVIC_Configuration                       0x08000b19   Thumb Code    12  sys.o(.text)
    _sys_exit                                0x08000b25   Thumb Code     6  usart.o(.text)
    fputc                                    0x08000b2b   Thumb Code    20  usart.o(.text)
    uart_init                                0x08000b3f   Thumb Code   176  usart.o(.text)
    uart2_init                               0x08000bef   Thumb Code   184  usart.o(.text)
    USART2_IRQHandler                        0x08000ca7   Thumb Code   158  usart.o(.text)
    Reset_Handler                            0x08000d61   Thumb Code     8  startup_stm32f10x_hd.o(.text)
    ADC1_2_IRQHandler                        0x08000d7b   Thumb Code     0  startup_stm32f10x_hd.o(.text)
    ADC3_IRQHandler                          0x08000d7b   Thumb Code     0  startup_stm32f10x_hd.o(.text)
    CAN1_RX1_IRQHandler                      0x08000d7b   Thumb Code     0  startup_stm32f10x_hd.o(.text)
    CAN1_SCE_IRQHandler                      0x08000d7b   Thumb Code     0  startup_stm32f10x_hd.o(.text)
    DMA1_Channel1_IRQHandler                 0x08000d7b   Thumb Code     0  startup_stm32f10x_hd.o(.text)
    DMA1_Channel2_IRQHandler                 0x08000d7b   Thumb Code     0  startup_stm32f10x_hd.o(.text)
    DMA1_Channel3_IRQHandler                 0x08000d7b   Thumb Code     0  startup_stm32f10x_hd.o(.text)
    DMA1_Channel4_IRQHandler                 0x08000d7b   Thumb Code     0  startup_stm32f10x_hd.o(.text)
    DMA1_Channel5_IRQHandler                 0x08000d7b   Thumb Code     0  startup_stm32f10x_hd.o(.text)
    DMA1_Channel6_IRQHandler                 0x08000d7b   Thumb Code     0  startup_stm32f10x_hd.o(.text)
    DMA1_Channel7_IRQHandler                 0x08000d7b   Thumb Code     0  startup_stm32f10x_hd.o(.text)
    DMA2_Channel1_IRQHandler                 0x08000d7b   Thumb Code     0  startup_stm32f10x_hd.o(.text)
    DMA2_Channel2_IRQHandler                 0x08000d7b   Thumb Code     0  startup_stm32f10x_hd.o(.text)
    DMA2_Channel3_IRQHandler                 0x08000d7b   Thumb Code     0  startup_stm32f10x_hd.o(.text)
    DMA2_Channel4_5_IRQHandler               0x08000d7b   Thumb Code     0  startup_stm32f10x_hd.o(.text)
    EXTI0_IRQHandler                         0x08000d7b   Thumb Code     0  startup_stm32f10x_hd.o(.text)
    EXTI15_10_IRQHandler                     0x08000d7b   Thumb Code     0  startup_stm32f10x_hd.o(.text)
    EXTI1_IRQHandler                         0x08000d7b   Thumb Code     0  startup_stm32f10x_hd.o(.text)
    EXTI2_IRQHandler                         0x08000d7b   Thumb Code     0  startup_stm32f10x_hd.o(.text)
    EXTI3_IRQHandler                         0x08000d7b   Thumb Code     0  startup_stm32f10x_hd.o(.text)
    EXTI4_IRQHandler                         0x08000d7b   Thumb Code     0  startup_stm32f10x_hd.o(.text)
    EXTI9_5_IRQHandler                       0x08000d7b   Thumb Code     0  startup_stm32f10x_hd.o(.text)
    FLASH_IRQHandler                         0x08000d7b   Thumb Code     0  startup_stm32f10x_hd.o(.text)
    FSMC_IRQHandler                          0x08000d7b   Thumb Code     0  startup_stm32f10x_hd.o(.text)
    I2C1_ER_IRQHandler                       0x08000d7b   Thumb Code     0  startup_stm32f10x_hd.o(.text)
    I2C1_EV_IRQHandler                       0x08000d7b   Thumb Code     0  startup_stm32f10x_hd.o(.text)
    I2C2_ER_IRQHandler                       0x08000d7b   Thumb Code     0  startup_stm32f10x_hd.o(.text)
    I2C2_EV_IRQHandler                       0x08000d7b   Thumb Code     0  startup_stm32f10x_hd.o(.text)
    PVD_IRQHandler                           0x08000d7b   Thumb Code     0  startup_stm32f10x_hd.o(.text)
    RCC_IRQHandler                           0x08000d7b   Thumb Code     0  startup_stm32f10x_hd.o(.text)
    RTCAlarm_IRQHandler                      0x08000d7b   Thumb Code     0  startup_stm32f10x_hd.o(.text)
    RTC_IRQHandler                           0x08000d7b   Thumb Code     0  startup_stm32f10x_hd.o(.text)
    SDIO_IRQHandler                          0x08000d7b   Thumb Code     0  startup_stm32f10x_hd.o(.text)
    SPI1_IRQHandler                          0x08000d7b   Thumb Code     0  startup_stm32f10x_hd.o(.text)
    SPI2_IRQHandler                          0x08000d7b   Thumb Code     0  startup_stm32f10x_hd.o(.text)
    SPI3_IRQHandler                          0x08000d7b   Thumb Code     0  startup_stm32f10x_hd.o(.text)
    TAMPER_IRQHandler                        0x08000d7b   Thumb Code     0  startup_stm32f10x_hd.o(.text)
    TIM1_BRK_IRQHandler                      0x08000d7b   Thumb Code     0  startup_stm32f10x_hd.o(.text)
    TIM1_CC_IRQHandler                       0x08000d7b   Thumb Code     0  startup_stm32f10x_hd.o(.text)
    TIM1_TRG_COM_IRQHandler                  0x08000d7b   Thumb Code     0  startup_stm32f10x_hd.o(.text)
    TIM1_UP_IRQHandler                       0x08000d7b   Thumb Code     0  startup_stm32f10x_hd.o(.text)
    TIM2_IRQHandler                          0x08000d7b   Thumb Code     0  startup_stm32f10x_hd.o(.text)
    TIM5_IRQHandler                          0x08000d7b   Thumb Code     0  startup_stm32f10x_hd.o(.text)
    TIM6_IRQHandler                          0x08000d7b   Thumb Code     0  startup_stm32f10x_hd.o(.text)
    TIM7_IRQHandler                          0x08000d7b   Thumb Code     0  startup_stm32f10x_hd.o(.text)
    TIM8_BRK_IRQHandler                      0x08000d7b   Thumb Code     0  startup_stm32f10x_hd.o(.text)
    TIM8_CC_IRQHandler                       0x08000d7b   Thumb Code     0  startup_stm32f10x_hd.o(.text)
    TIM8_TRG_COM_IRQHandler                  0x08000d7b   Thumb Code     0  startup_stm32f10x_hd.o(.text)
    TIM8_UP_IRQHandler                       0x08000d7b   Thumb Code     0  startup_stm32f10x_hd.o(.text)
    UART4_IRQHandler                         0x08000d7b   Thumb Code     0  startup_stm32f10x_hd.o(.text)
    UART5_IRQHandler                         0x08000d7b   Thumb Code     0  startup_stm32f10x_hd.o(.text)
    USART1_IRQHandler                        0x08000d7b   Thumb Code     0  startup_stm32f10x_hd.o(.text)
    USART3_IRQHandler                        0x08000d7b   Thumb Code     0  startup_stm32f10x_hd.o(.text)
    USBWakeUp_IRQHandler                     0x08000d7b   Thumb Code     0  startup_stm32f10x_hd.o(.text)
    USB_HP_CAN1_TX_IRQHandler                0x08000d7b   Thumb Code     0  startup_stm32f10x_hd.o(.text)
    USB_LP_CAN1_RX0_IRQHandler               0x08000d7b   Thumb Code     0  startup_stm32f10x_hd.o(.text)
    WWDG_IRQHandler                          0x08000d7b   Thumb Code     0  startup_stm32f10x_hd.o(.text)
    __user_initial_stackheap                 0x08000d7d   Thumb Code     0  startup_stm32f10x_hd.o(.text)
    GPIO_DeInit                              0x08000da1   Thumb Code   172  stm32f10x_gpio.o(.text)
    GPIO_AFIODeInit                          0x08000e4d   Thumb Code    20  stm32f10x_gpio.o(.text)
    GPIO_Init                                0x08000e61   Thumb Code   292  stm32f10x_gpio.o(.text)
    GPIO_StructInit                          0x08000f85   Thumb Code    20  stm32f10x_gpio.o(.text)
    GPIO_ReadInputDataBit                    0x08000f99   Thumb Code    24  stm32f10x_gpio.o(.text)
    GPIO_ReadInputData                       0x08000fb1   Thumb Code     8  stm32f10x_gpio.o(.text)
    GPIO_ReadOutputDataBit                   0x08000fb9   Thumb Code    24  stm32f10x_gpio.o(.text)
    GPIO_ReadOutputData                      0x08000fd1   Thumb Code     8  stm32f10x_gpio.o(.text)
    GPIO_SetBits                             0x08000fd9   Thumb Code     4  stm32f10x_gpio.o(.text)
    GPIO_ResetBits                           0x08000fdd   Thumb Code     4  stm32f10x_gpio.o(.text)
    GPIO_WriteBit                            0x08000fe1   Thumb Code    10  stm32f10x_gpio.o(.text)
    GPIO_Write                               0x08000feb   Thumb Code     4  stm32f10x_gpio.o(.text)
    GPIO_PinLockConfig                       0x08000fef   Thumb Code    20  stm32f10x_gpio.o(.text)
    GPIO_EventOutputConfig                   0x08001003   Thumb Code    32  stm32f10x_gpio.o(.text)
    GPIO_EventOutputCmd                      0x08001023   Thumb Code     6  stm32f10x_gpio.o(.text)
    GPIO_PinRemapConfig                      0x08001029   Thumb Code   156  stm32f10x_gpio.o(.text)
    GPIO_EXTILineConfig                      0x080010c5   Thumb Code    84  stm32f10x_gpio.o(.text)
    GPIO_ETH_MediaInterfaceConfig            0x08001119   Thumb Code     6  stm32f10x_gpio.o(.text)
    RCC_DeInit                               0x0800114d   Thumb Code    68  stm32f10x_rcc.o(.text)
    RCC_HSEConfig                            0x08001191   Thumb Code    70  stm32f10x_rcc.o(.text)
    RCC_GetFlagStatus                        0x080011d7   Thumb Code    68  stm32f10x_rcc.o(.text)
    RCC_WaitForHSEStartUp                    0x0800121b   Thumb Code    56  stm32f10x_rcc.o(.text)
    RCC_AdjustHSICalibrationValue            0x08001253   Thumb Code    22  stm32f10x_rcc.o(.text)
    RCC_HSICmd                               0x08001269   Thumb Code     6  stm32f10x_rcc.o(.text)
    RCC_PLLConfig                            0x0800126f   Thumb Code    28  stm32f10x_rcc.o(.text)
    RCC_PLLCmd                               0x0800128b   Thumb Code     6  stm32f10x_rcc.o(.text)
    RCC_SYSCLKConfig                         0x08001291   Thumb Code    22  stm32f10x_rcc.o(.text)
    RCC_GetSYSCLKSource                      0x080012a7   Thumb Code    10  stm32f10x_rcc.o(.text)
    RCC_HCLKConfig                           0x080012b1   Thumb Code    22  stm32f10x_rcc.o(.text)
    RCC_PCLK1Config                          0x080012c7   Thumb Code    22  stm32f10x_rcc.o(.text)
    RCC_PCLK2Config                          0x080012dd   Thumb Code    22  stm32f10x_rcc.o(.text)
    RCC_ITConfig                             0x080012f3   Thumb Code    36  stm32f10x_rcc.o(.text)
    RCC_USBCLKConfig                         0x08001317   Thumb Code     6  stm32f10x_rcc.o(.text)
    RCC_ADCCLKConfig                         0x0800131d   Thumb Code    22  stm32f10x_rcc.o(.text)
    RCC_LSEConfig                            0x08001333   Thumb Code    50  stm32f10x_rcc.o(.text)
    RCC_LSICmd                               0x08001365   Thumb Code     6  stm32f10x_rcc.o(.text)
    RCC_RTCCLKConfig                         0x0800136b   Thumb Code    14  stm32f10x_rcc.o(.text)
    RCC_RTCCLKCmd                            0x08001379   Thumb Code     6  stm32f10x_rcc.o(.text)
    RCC_GetClocksFreq                        0x0800137f   Thumb Code   216  stm32f10x_rcc.o(.text)
    RCC_AHBPeriphClockCmd                    0x08001457   Thumb Code    30  stm32f10x_rcc.o(.text)
    RCC_APB2PeriphClockCmd                   0x08001475   Thumb Code    30  stm32f10x_rcc.o(.text)
    RCC_APB1PeriphClockCmd                   0x08001493   Thumb Code    30  stm32f10x_rcc.o(.text)
    RCC_APB2PeriphResetCmd                   0x080014b1   Thumb Code    30  stm32f10x_rcc.o(.text)
    RCC_APB1PeriphResetCmd                   0x080014cf   Thumb Code    30  stm32f10x_rcc.o(.text)
    RCC_BackupResetCmd                       0x080014ed   Thumb Code     6  stm32f10x_rcc.o(.text)
    RCC_ClockSecuritySystemCmd               0x080014f3   Thumb Code     6  stm32f10x_rcc.o(.text)
    RCC_MCOConfig                            0x080014f9   Thumb Code     6  stm32f10x_rcc.o(.text)
    RCC_ClearFlag                            0x080014ff   Thumb Code    14  stm32f10x_rcc.o(.text)
    RCC_GetITStatus                          0x0800150d   Thumb Code    26  stm32f10x_rcc.o(.text)
    RCC_ClearITPendingBit                    0x08001527   Thumb Code    58  stm32f10x_rcc.o(.text)
    USART_DeInit                             0x08001561   Thumb Code   134  stm32f10x_usart.o(.text)
    USART_Init                               0x080015e7   Thumb Code   250  stm32f10x_usart.o(.text)
    USART_StructInit                         0x080016e1   Thumb Code    30  stm32f10x_usart.o(.text)
    USART_ClockInit                          0x080016ff   Thumb Code    46  stm32f10x_usart.o(.text)
    USART_ClockStructInit                    0x0800172d   Thumb Code    14  stm32f10x_usart.o(.text)
    USART_Cmd                                0x0800173b   Thumb Code    26  stm32f10x_usart.o(.text)
    USART_ITConfig                           0x08001755   Thumb Code    88  stm32f10x_usart.o(.text)
    USART_DMACmd                             0x080017ad   Thumb Code    30  stm32f10x_usart.o(.text)
    USART_SetAddress                         0x080017cb   Thumb Code    22  stm32f10x_usart.o(.text)
    USART_WakeUpConfig                       0x080017e1   Thumb Code    22  stm32f10x_usart.o(.text)
    USART_ReceiverWakeUpCmd                  0x080017f7   Thumb Code    26  stm32f10x_usart.o(.text)
    USART_LINBreakDetectLengthConfig         0x08001811   Thumb Code    22  stm32f10x_usart.o(.text)
    USART_LINCmd                             0x08001827   Thumb Code    26  stm32f10x_usart.o(.text)
    USART_SendData                           0x08001841   Thumb Code     8  stm32f10x_usart.o(.text)
    USART_ReceiveData                        0x08001849   Thumb Code    10  stm32f10x_usart.o(.text)
    USART_SendBreak                          0x08001853   Thumb Code    10  stm32f10x_usart.o(.text)
    USART_SetGuardTime                       0x0800185d   Thumb Code    16  stm32f10x_usart.o(.text)
    USART_SetPrescaler                       0x0800186d   Thumb Code    18  stm32f10x_usart.o(.text)
    USART_SmartCardCmd                       0x0800187f   Thumb Code    26  stm32f10x_usart.o(.text)
    USART_SmartCardNACKCmd                   0x08001899   Thumb Code    26  stm32f10x_usart.o(.text)
    USART_HalfDuplexCmd                      0x080018b3   Thumb Code    26  stm32f10x_usart.o(.text)
    USART_OverSampling8Cmd                   0x080018cd   Thumb Code    22  stm32f10x_usart.o(.text)
    USART_OneBitMethodCmd                    0x080018e3   Thumb Code    26  stm32f10x_usart.o(.text)
    USART_IrDAConfig                         0x080018fd   Thumb Code    22  stm32f10x_usart.o(.text)
    USART_IrDACmd                            0x08001913   Thumb Code    26  stm32f10x_usart.o(.text)
    USART_GetFlagStatus                      0x0800192d   Thumb Code    54  stm32f10x_usart.o(.text)
    USART_ClearFlag                          0x08001963   Thumb Code    20  stm32f10x_usart.o(.text)
    USART_GetITStatus                        0x08001977   Thumb Code   104  stm32f10x_usart.o(.text)
    USART_ClearITPendingBit                  0x080019df   Thumb Code    40  stm32f10x_usart.o(.text)
    NVIC_PriorityGroupConfig                 0x08001a09   Thumb Code    12  misc.o(.text)
    NVIC_Init                                0x08001a15   Thumb Code   128  misc.o(.text)
    NVIC_SetVectorTable                      0x08001a95   Thumb Code    16  misc.o(.text)
    NVIC_SystemLPConfig                      0x08001aa5   Thumb Code    30  misc.o(.text)
    SysTick_CLKSourceConfig                  0x08001ac3   Thumb Code    40  misc.o(.text)
    TIM_DeInit                               0x08001b09   Thumb Code   424  stm32f10x_tim.o(.text)
    TIM_TimeBaseInit                         0x08001cb1   Thumb Code   134  stm32f10x_tim.o(.text)
    TIM_OC1Init                              0x08001d37   Thumb Code   168  stm32f10x_tim.o(.text)
    TIM_OC2Init                              0x08001ddf   Thumb Code   178  stm32f10x_tim.o(.text)
    TIM_OC3Init                              0x08001e91   Thumb Code   240  stm32f10x_tim.o(.text)
    TIM_OC4Init                              0x08001f81   Thumb Code   126  stm32f10x_tim.o(.text)
    TIM_SetIC4Prescaler                      0x08001fff   Thumb Code    26  stm32f10x_tim.o(.text)
    TIM_SetIC3Prescaler                      0x080020a3   Thumb Code    22  stm32f10x_tim.o(.text)
    TIM_SetIC2Prescaler                      0x0800213f   Thumb Code    26  stm32f10x_tim.o(.text)
    TIM_SetIC1Prescaler                      0x080021e3   Thumb Code    22  stm32f10x_tim.o(.text)
    TIM_ICInit                               0x08002275   Thumb Code   150  stm32f10x_tim.o(.text)
    TIM_PWMIConfig                           0x0800230b   Thumb Code   136  stm32f10x_tim.o(.text)
    TIM_BDTRConfig                           0x08002393   Thumb Code    66  stm32f10x_tim.o(.text)
    TIM_TimeBaseStructInit                   0x080023d5   Thumb Code    20  stm32f10x_tim.o(.text)
    TIM_OCStructInit                         0x080023e9   Thumb Code    22  stm32f10x_tim.o(.text)
    TIM_ICStructInit                         0x080023ff   Thumb Code    24  stm32f10x_tim.o(.text)
    TIM_BDTRStructInit                       0x08002417   Thumb Code    20  stm32f10x_tim.o(.text)
    TIM_Cmd                                  0x0800242b   Thumb Code    26  stm32f10x_tim.o(.text)
    TIM_CtrlPWMOutputs                       0x08002445   Thumb Code    30  stm32f10x_tim.o(.text)
    TIM_ITConfig                             0x08002463   Thumb Code    30  stm32f10x_tim.o(.text)
    TIM_GenerateEvent                        0x08002481   Thumb Code     4  stm32f10x_tim.o(.text)
    TIM_DMAConfig                            0x08002485   Thumb Code    10  stm32f10x_tim.o(.text)
    TIM_DMACmd                               0x0800248f   Thumb Code    30  stm32f10x_tim.o(.text)
    TIM_InternalClockConfig                  0x080024ad   Thumb Code    14  stm32f10x_tim.o(.text)
    TIM_SelectInputTrigger                   0x080024bb   Thumb Code    24  stm32f10x_tim.o(.text)
    TIM_ITRxExternalClockConfig              0x080024d3   Thumb Code    24  stm32f10x_tim.o(.text)
    TIM_TIxExternalClockConfig               0x080024eb   Thumb Code    62  stm32f10x_tim.o(.text)
    TIM_ETRConfig                            0x08002529   Thumb Code    32  stm32f10x_tim.o(.text)
    TIM_ETRClockMode1Config                  0x08002549   Thumb Code    60  stm32f10x_tim.o(.text)
    TIM_ETRClockMode2Config                  0x08002585   Thumb Code    32  stm32f10x_tim.o(.text)
    TIM_PrescalerConfig                      0x080025a5   Thumb Code     6  stm32f10x_tim.o(.text)
    TIM_CounterModeConfig                    0x080025ab   Thumb Code    24  stm32f10x_tim.o(.text)
    TIM_EncoderInterfaceConfig               0x080025c3   Thumb Code    78  stm32f10x_tim.o(.text)
    TIM_ForcedOC1Config                      0x08002611   Thumb Code    24  stm32f10x_tim.o(.text)
    TIM_ForcedOC2Config                      0x08002629   Thumb Code    28  stm32f10x_tim.o(.text)
    TIM_ForcedOC3Config                      0x08002645   Thumb Code    24  stm32f10x_tim.o(.text)
    TIM_ForcedOC4Config                      0x0800265d   Thumb Code    28  stm32f10x_tim.o(.text)
    TIM_ARRPreloadConfig                     0x08002679   Thumb Code    26  stm32f10x_tim.o(.text)
    TIM_SelectCOM                            0x08002693   Thumb Code    26  stm32f10x_tim.o(.text)
    TIM_SelectCCDMA                          0x080026ad   Thumb Code    26  stm32f10x_tim.o(.text)
    TIM_CCPreloadControl                     0x080026c7   Thumb Code    26  stm32f10x_tim.o(.text)
    TIM_OC1PreloadConfig                     0x080026e1   Thumb Code    24  stm32f10x_tim.o(.text)
    TIM_OC2PreloadConfig                     0x080026f9   Thumb Code    28  stm32f10x_tim.o(.text)
    TIM_OC3PreloadConfig                     0x08002715   Thumb Code    24  stm32f10x_tim.o(.text)
    TIM_OC4PreloadConfig                     0x0800272d   Thumb Code    28  stm32f10x_tim.o(.text)
    TIM_OC1FastConfig                        0x08002749   Thumb Code    24  stm32f10x_tim.o(.text)
    TIM_OC2FastConfig                        0x08002761   Thumb Code    28  stm32f10x_tim.o(.text)
    TIM_OC3FastConfig                        0x0800277d   Thumb Code    24  stm32f10x_tim.o(.text)
    TIM_OC4FastConfig                        0x08002795   Thumb Code    28  stm32f10x_tim.o(.text)
    TIM_ClearOC1Ref                          0x080027b1   Thumb Code    24  stm32f10x_tim.o(.text)
    TIM_ClearOC2Ref                          0x080027c9   Thumb Code    24  stm32f10x_tim.o(.text)
    TIM_ClearOC3Ref                          0x080027e1   Thumb Code    24  stm32f10x_tim.o(.text)
    TIM_ClearOC4Ref                          0x080027f9   Thumb Code    24  stm32f10x_tim.o(.text)
    TIM_OC1PolarityConfig                    0x08002811   Thumb Code    24  stm32f10x_tim.o(.text)
    TIM_OC1NPolarityConfig                   0x08002829   Thumb Code    24  stm32f10x_tim.o(.text)
    TIM_OC2PolarityConfig                    0x08002841   Thumb Code    28  stm32f10x_tim.o(.text)
    TIM_OC2NPolarityConfig                   0x0800285d   Thumb Code    28  stm32f10x_tim.o(.text)
    TIM_OC3PolarityConfig                    0x08002879   Thumb Code    28  stm32f10x_tim.o(.text)
    TIM_OC3NPolarityConfig                   0x08002895   Thumb Code    28  stm32f10x_tim.o(.text)
    TIM_OC4PolarityConfig                    0x080028b1   Thumb Code    28  stm32f10x_tim.o(.text)
    TIM_CCxCmd                               0x080028cd   Thumb Code    46  stm32f10x_tim.o(.text)
    TIM_CCxNCmd                              0x080028fb   Thumb Code    46  stm32f10x_tim.o(.text)
    TIM_SelectOCxM                           0x08002929   Thumb Code   100  stm32f10x_tim.o(.text)
    TIM_UpdateDisableConfig                  0x0800298d   Thumb Code    26  stm32f10x_tim.o(.text)
    TIM_UpdateRequestConfig                  0x080029a7   Thumb Code    26  stm32f10x_tim.o(.text)
    TIM_SelectHallSensor                     0x080029c1   Thumb Code    26  stm32f10x_tim.o(.text)
    TIM_SelectOnePulseMode                   0x080029db   Thumb Code    22  stm32f10x_tim.o(.text)
    TIM_SelectOutputTrigger                  0x080029f1   Thumb Code    22  stm32f10x_tim.o(.text)
    TIM_SelectSlaveMode                      0x08002a07   Thumb Code    22  stm32f10x_tim.o(.text)
    TIM_SelectMasterSlaveMode                0x08002a1d   Thumb Code    22  stm32f10x_tim.o(.text)
    TIM_SetCounter                           0x08002a33   Thumb Code     4  stm32f10x_tim.o(.text)
    TIM_SetAutoreload                        0x08002a37   Thumb Code     4  stm32f10x_tim.o(.text)
    TIM_SetCompare1                          0x08002a3b   Thumb Code     4  stm32f10x_tim.o(.text)
    TIM_SetCompare2                          0x08002a3f   Thumb Code     4  stm32f10x_tim.o(.text)
    TIM_SetCompare3                          0x08002a43   Thumb Code     4  stm32f10x_tim.o(.text)
    TIM_SetCompare4                          0x08002a47   Thumb Code     6  stm32f10x_tim.o(.text)
    TIM_SetClockDivision                     0x08002a4d   Thumb Code    22  stm32f10x_tim.o(.text)
    TIM_GetCapture1                          0x08002a63   Thumb Code     6  stm32f10x_tim.o(.text)
    TIM_GetCapture2                          0x08002a69   Thumb Code     6  stm32f10x_tim.o(.text)
    TIM_GetCapture3                          0x08002a6f   Thumb Code     6  stm32f10x_tim.o(.text)
    TIM_GetCapture4                          0x08002a75   Thumb Code     8  stm32f10x_tim.o(.text)
    TIM_GetCounter                           0x08002a7d   Thumb Code     6  stm32f10x_tim.o(.text)
    TIM_GetPrescaler                         0x08002a83   Thumb Code     6  stm32f10x_tim.o(.text)
    TIM_GetFlagStatus                        0x08002a89   Thumb Code    24  stm32f10x_tim.o(.text)
    TIM_ClearFlag                            0x08002aa1   Thumb Code     8  stm32f10x_tim.o(.text)
    TIM_GetITStatus                          0x08002aa9   Thumb Code    40  stm32f10x_tim.o(.text)
    TIM_ClearITPendingBit                    0x08002ad1   Thumb Code     8  stm32f10x_tim.o(.text)
    ADC_DeInit                               0x08002ad9   Thumb Code    78  stm32f10x_adc.o(.text)
    ADC_Init                                 0x08002b27   Thumb Code    86  stm32f10x_adc.o(.text)
    ADC_StructInit                           0x08002b7d   Thumb Code    22  stm32f10x_adc.o(.text)
    ADC_Cmd                                  0x08002b93   Thumb Code    22  stm32f10x_adc.o(.text)
    ADC_DMACmd                               0x08002ba9   Thumb Code    22  stm32f10x_adc.o(.text)
    ADC_ITConfig                             0x08002bbf   Thumb Code    30  stm32f10x_adc.o(.text)
    ADC_ResetCalibration                     0x08002bdd   Thumb Code    10  stm32f10x_adc.o(.text)
    ADC_GetResetCalibrationStatus            0x08002be7   Thumb Code    26  stm32f10x_adc.o(.text)
    ADC_StartCalibration                     0x08002c01   Thumb Code    10  stm32f10x_adc.o(.text)
    ADC_GetCalibrationStatus                 0x08002c0b   Thumb Code    26  stm32f10x_adc.o(.text)
    ADC_SoftwareStartConvCmd                 0x08002c25   Thumb Code    22  stm32f10x_adc.o(.text)
    ADC_GetSoftwareStartConvStatus           0x08002c3b   Thumb Code    26  stm32f10x_adc.o(.text)
    ADC_DiscModeChannelCountConfig           0x08002c55   Thumb Code    28  stm32f10x_adc.o(.text)
    ADC_DiscModeCmd                          0x08002c71   Thumb Code    22  stm32f10x_adc.o(.text)
    ADC_RegularChannelConfig                 0x08002c87   Thumb Code   224  stm32f10x_adc.o(.text)
    ADC_ExternalTrigConvCmd                  0x08002d67   Thumb Code    22  stm32f10x_adc.o(.text)
    ADC_GetConversionValue                   0x08002d7d   Thumb Code     8  stm32f10x_adc.o(.text)
    ADC_GetDualModeConversionValue           0x08002d85   Thumb Code     8  stm32f10x_adc.o(.text)
    ADC_AutoInjectedConvCmd                  0x08002d8d   Thumb Code    22  stm32f10x_adc.o(.text)
    ADC_InjectedDiscModeCmd                  0x08002da3   Thumb Code    22  stm32f10x_adc.o(.text)
    ADC_ExternalTrigInjectedConvConfig       0x08002db9   Thumb Code    20  stm32f10x_adc.o(.text)
    ADC_ExternalTrigInjectedConvCmd          0x08002dcd   Thumb Code    22  stm32f10x_adc.o(.text)
    ADC_SoftwareStartInjectedConvCmd         0x08002de3   Thumb Code    22  stm32f10x_adc.o(.text)
    ADC_GetSoftwareStartInjectedConvCmdStatus 0x08002df9   Thumb Code    26  stm32f10x_adc.o(.text)
    ADC_InjectedChannelConfig                0x08002e13   Thumb Code   154  stm32f10x_adc.o(.text)
    ADC_InjectedSequencerLengthConfig        0x08002ead   Thumb Code    48  stm32f10x_adc.o(.text)
    ADC_SetInjectedOffset                    0x08002edd   Thumb Code    14  stm32f10x_adc.o(.text)
    ADC_GetInjectedConversionValue           0x08002eeb   Thumb Code    20  stm32f10x_adc.o(.text)
    ADC_AnalogWatchdogCmd                    0x08002eff   Thumb Code    22  stm32f10x_adc.o(.text)
    ADC_AnalogWatchdogThresholdsConfig       0x08002f15   Thumb Code     6  stm32f10x_adc.o(.text)
    ADC_AnalogWatchdogSingleChannelConfig    0x08002f1b   Thumb Code    20  stm32f10x_adc.o(.text)
    ADC_TempSensorVrefintCmd                 0x08002f2f   Thumb Code    30  stm32f10x_adc.o(.text)
    ADC_GetFlagStatus                        0x08002f4d   Thumb Code    24  stm32f10x_adc.o(.text)
    ADC_ClearFlag                            0x08002f65   Thumb Code     8  stm32f10x_adc.o(.text)
    ADC_GetITStatus                          0x08002f6d   Thumb Code    44  stm32f10x_adc.o(.text)
    ADC_ClearITPendingBit                    0x08002f99   Thumb Code    16  stm32f10x_adc.o(.text)
    DMA_DeInit                               0x08002fb1   Thumb Code   288  stm32f10x_dma.o(.text)
    DMA_Init                                 0x080030d1   Thumb Code    80  stm32f10x_dma.o(.text)
    DMA_StructInit                           0x08003121   Thumb Code    28  stm32f10x_dma.o(.text)
    DMA_Cmd                                  0x0800313d   Thumb Code    26  stm32f10x_dma.o(.text)
    DMA_ITConfig                             0x08003157   Thumb Code    22  stm32f10x_dma.o(.text)
    DMA_SetCurrDataCounter                   0x0800316d   Thumb Code     4  stm32f10x_dma.o(.text)
    DMA_GetCurrDataCounter                   0x08003171   Thumb Code     8  stm32f10x_dma.o(.text)
    DMA_GetFlagStatus                        0x08003179   Thumb Code    40  stm32f10x_dma.o(.text)
    DMA_ClearFlag                            0x080031a1   Thumb Code    18  stm32f10x_dma.o(.text)
    DMA_GetITStatus                          0x080031b3   Thumb Code    40  stm32f10x_dma.o(.text)
    DMA_ClearITPendingBit                    0x080031db   Thumb Code    18  stm32f10x_dma.o(.text)
    usmart_sys_cmd_exe                       0x08003201   Thumb Code  1570  usmart.o(.text)
    usmart_reset_runtime                     0x08003823   Thumb Code    36  usmart.o(.text)
    usmart_get_runtime                       0x08003847   Thumb Code    54  usmart.o(.text)
    TIM4_IRQHandler                          0x0800387d   Thumb Code    48  usmart.o(.text)
    Timer4_Init                              0x080038ad   Thumb Code   100  usmart.o(.text)
    usmart_init                              0x08003911   Thumb Code    40  usmart.o(.text)
    usmart_cmd_rec                           0x08003939   Thumb Code   174  usmart.o(.text)
    usmart_exe                               0x080039e7   Thumb Code   694  usmart.o(.text)
    usmart_scan                              0x08003c9d   Thumb Code   126  usmart.o(.text)
    read_addr                                0x08003d1b   Thumb Code     6  usmart.o(.text)
    write_addr                               0x08003d21   Thumb Code     4  usmart.o(.text)
    usmart_strcmp                            0x08003d89   Thumb Code    38  usmart_str.o(.text)
    usmart_strcopy                           0x08003daf   Thumb Code    26  usmart_str.o(.text)
    usmart_strlen                            0x08003dc9   Thumb Code    30  usmart_str.o(.text)
    usmart_pow                               0x08003de7   Thumb Code    24  usmart_str.o(.text)
    usmart_str2num                           0x08003dff   Thumb Code   216  usmart_str.o(.text)
    usmart_get_cmdname                       0x08003ed7   Thumb Code    64  usmart_str.o(.text)
    usmart_search_nextc                      0x08003f17   Thumb Code    26  usmart_str.o(.text)
    usmart_get_fname                         0x08003f31   Thumb Code   488  usmart_str.o(.text)
    usmart_get_aparm                         0x08004119   Thumb Code   226  usmart_str.o(.text)
    usmart_get_parmpos                       0x080041fb   Thumb Code    30  usmart_str.o(.text)
    usmart_get_fparam                        0x08004219   Thumb Code   296  usmart_str.o(.text)
    mymemcpy                                 0x0800434d   Thumb Code    26  malloc.o(.text)
    mymemset                                 0x08004367   Thumb Code    20  malloc.o(.text)
    mem_init                                 0x0800437b   Thumb Code    62  malloc.o(.text)
    mem_perused                              0x080043b9   Thumb Code    60  malloc.o(.text)
    mem_malloc                               0x080043f5   Thumb Code   172  malloc.o(.text)
    mem_free                                 0x080044a1   Thumb Code   104  malloc.o(.text)
    myfree                                   0x08004509   Thumb Code    34  malloc.o(.text)
    mymalloc                                 0x0800452b   Thumb Code    34  malloc.o(.text)
    myrealloc                                0x0800454d   Thumb Code    66  malloc.o(.text)
    collection_data                          0x080045e5   Thumb Code    70  fricker.o(.text)
    Flicker_init                             0x0800462b   Thumb Code    22  fricker.o(.text)
    RMS_percent                              0x08004641   Thumb Code   258  fricker.o(.text)
    get_jeita_db                             0x08004743   Thumb Code   386  fricker.o(.text)
    clear_samplingdata                       0x080048c5   Thumb Code    10  fricker.o(.text)
    FlickerMeter                             0x080048cf   Thumb Code    36  fricker.o(.text)
    IIC_Init                                 0x08004935   Thumb Code    58  myiic.o(.text)
    SDA_OUT                                  0x0800496f   Thumb Code    26  myiic.o(.text)
    SDA_IN                                   0x08004989   Thumb Code    26  myiic.o(.text)
    IIC_Stop                                 0x080049a3   Thumb Code    52  myiic.o(.text)
    IIC_Send_Byte                            0x080049d7   Thumb Code    90  myiic.o(.text)
    iic_buscheck                             0x08004a31   Thumb Code    62  myiic.o(.text)
    IIC_Start                                0x08004a6f   Thumb Code    58  myiic.o(.text)
    IIC_Wait_Ack                             0x08004aa9   Thumb Code    80  myiic.o(.text)
    IIC_Ack                                  0x08004af9   Thumb Code    60  myiic.o(.text)
    IIC_NAck                                 0x08004b35   Thumb Code    60  myiic.o(.text)
    IIC_Read_Byte                            0x08004b71   Thumb Code    94  myiic.o(.text)
    TL35825_Write                            0x08004bfd   Thumb Code    60  lt35825.o(.text)
    TL35825_Read                             0x08004c39   Thumb Code    62  lt35825.o(.text)
    Set_Voutp                                0x08004c77   Thumb Code   124  lt35825.o(.text)
    Set_Voutn                                0x08004cf3   Thumb Code   120  lt35825.o(.text)
    Voutp_Upfirst                            0x08004d6b   Thumb Code    56  lt35825.o(.text)
    Voutn_Upfirst                            0x08004da3   Thumb Code    40  lt35825.o(.text)
    TL35825_reset                            0x08004dcb   Thumb Code    12  lt35825.o(.text)
    TL35825_init                             0x08004dd7   Thumb Code    14  lt35825.o(.text)
    Voutn_UpBoth                             0x08004de5   Thumb Code    40  lt35825.o(.text)
    Vout_Off                                 0x08004e0d   Thumb Code    38  lt35825.o(.text)
    arm_cmplx_mag_q31                        0x08004e85   Thumb Code   186  arm_cmplx_mag_q31.o(.text)
    arm_cfft_radix2_init_q31                 0x08004f41   Thumb Code   172  arm_cfft_radix2_init_q31.o(.text)
    arm_radix2_butterfly_q31                 0x08005015   Thumb Code   672  arm_cfft_radix2_q31.o(.text)
    arm_radix2_butterfly_inverse_q31         0x080052b5   Thumb Code   542  arm_cfft_radix2_q31.o(.text)
    arm_cfft_radix2_q31                      0x080054d3   Thumb Code    46  arm_cfft_radix2_q31.o(.text)
    arm_sqrt_q31                             0x08005501   Thumb Code   218  arm_sqrt_q31.o(.text)
    arm_bitreversal_f32                      0x080055e1   Thumb Code   174  arm_bitreversal.o(.text)
    arm_bitreversal_q31                      0x0800568f   Thumb Code   178  arm_bitreversal.o(.text)
    arm_bitreversal_q15                      0x08005741   Thumb Code   114  arm_bitreversal.o(.text)
    __use_no_semihosting                     0x080057b3   Thumb Code     2  use_no_semi_2.o(.text)
    __2printf                                0x080057b5   Thumb Code    20  noretval__2printf.o(.text)
    _printf_pre_padding                      0x080057cd   Thumb Code    46  _printf_pad.o(.text)
    _printf_post_padding                     0x080057fb   Thumb Code    36  _printf_pad.o(.text)
    _printf_str                              0x0800581f   Thumb Code    82  _printf_str.o(.text)
    _printf_int_dec                          0x08005871   Thumb Code   102  _printf_dec.o(.text)
    _printf_int_hex                          0x080058e9   Thumb Code    88  _printf_hex_int.o(.text)
    _printf_longlong_hex                     0x080058e9   Thumb Code     0  _printf_hex_int.o(.text)
    __printf                                 0x08005945   Thumb Code   390  __printf_flags_ss_wp.o(.text)
    __use_two_region_memory                  0x08005ad1   Thumb Code     2  heapauxi.o(.text)
    __rt_heap_escrow$2region                 0x08005ad3   Thumb Code     2  heapauxi.o(.text)
    __rt_heap_expand$2region                 0x08005ad5   Thumb Code     2  heapauxi.o(.text)
    __I$use$semihosting                      0x08005ad7   Thumb Code     0  use_no_semi.o(.text)
    __use_no_semihosting_swi                 0x08005ad7   Thumb Code     2  use_no_semi.o(.text)
    __read_errno                             0x08005ad9   Thumb Code    10  _rserrno.o(.text)
    __set_errno                              0x08005ae3   Thumb Code    12  _rserrno.o(.text)
    _printf_int_common                       0x08005aef   Thumb Code   184  _printf_intcommon.o(.text)
    __lib_sel_fp_printf                      0x08005ba7   Thumb Code     2  _printf_fp_dec.o(.text)
    _printf_fp_dec_real                      0x08005d53   Thumb Code   626  _printf_fp_dec.o(.text)
    _printf_cs_common                        0x08005fc5   Thumb Code    20  _printf_char.o(.text)
    _printf_char                             0x08005fd9   Thumb Code    16  _printf_char.o(.text)
    _printf_string                           0x08005fe9   Thumb Code     8  _printf_char.o(.text)
    _printf_char_file                        0x08005ff1   Thumb Code    32  _printf_char_file.o(.text)
    __rt_locale                              0x08006015   Thumb Code     8  rt_locale_intlibspace.o(.text)
    __aeabi_errno_addr                       0x0800601d   Thumb Code     8  rt_errno_addr_intlibspace.o(.text)
    __errno$intlibspace                      0x0800601d   Thumb Code     0  rt_errno_addr_intlibspace.o(.text)
    __rt_errno_addr$intlibspace              0x0800601d   Thumb Code     0  rt_errno_addr_intlibspace.o(.text)
    _ll_udiv10                               0x08006025   Thumb Code   138  lludiv10.o(.text)
    _printf_char_common                      0x080060bb   Thumb Code    32  _printf_char_common.o(.text)
    _printf_fp_infnan                        0x080060e1   Thumb Code   112  _printf_fp_infnan.o(.text)
    _btod_etento                             0x08006161   Thumb Code   222  bigflt0.o(.text)
    ferror                                   0x08006245   Thumb Code     8  ferror.o(.text)
    __user_libspace                          0x0800624d   Thumb Code     8  libspace.o(.text)
    __user_perproc_libspace                  0x0800624d   Thumb Code     0  libspace.o(.text)
    __user_perthread_libspace                0x0800624d   Thumb Code     0  libspace.o(.text)
    __user_setup_stackheap                   0x08006255   Thumb Code    74  sys_stackheap_outer.o(.text)
    exit                                     0x0800629f   Thumb Code    12  exit.o(.text)
    strcmp                                   0x080062ad   Thumb Code   128  strcmpv7m.o(.text)
    __rt_fp_status_addr                      0x0800632d   Thumb Code     8  rt_fp_status_addr_intlibspace.o(.text)
    _btod_d2e                                0x08006335   Thumb Code    62  btod.o(CL$$btod_d2e)
    _d2e_denorm_low                          0x08006373   Thumb Code    70  btod.o(CL$$btod_d2e_denorm_low)
    _d2e_norm_op1                            0x080063b9   Thumb Code    96  btod.o(CL$$btod_d2e_norm_op1)
    __btod_div_common                        0x08006419   Thumb Code   696  btod.o(CL$$btod_div_common)
    _e2e                                     0x08006751   Thumb Code   198  btod.o(CL$$btod_e2e)
    _btod_ediv                               0x08006817   Thumb Code    40  btod.o(CL$$btod_ediv)
    _btod_emul                               0x0800683f   Thumb Code    40  btod.o(CL$$btod_emul)
    __btod_mult_common                       0x08006867   Thumb Code   580  btod.o(CL$$btod_mult_common)
    __ARM_fpclassify                         0x08006aab   Thumb Code    40  fpclassify.o(i.__ARM_fpclassify)
    __kernel_poly                            0x08006ad3   Thumb Code   170  poly.o(i.__kernel_poly)
    __mathlib_dbl_underflow                  0x08006b7d   Thumb Code    10  dunder.o(i.__mathlib_dbl_underflow)
    _is_digit                                0x08006b8d   Thumb Code    14  __printf_wp.o(i._is_digit)
    log                                      0x08006b9d   Thumb Code   818  log.o(i.log)
    log10                                    0x08006f09   Thumb Code   212  log10.o(i.log10)
    pow                                      0x08006ffd   Thumb Code  2522  pow.o(i.pow)
    sqrt                                     0x080079e9   Thumb Code    76  sqrt.o(i.sqrt)
    _get_lc_numeric                          0x08007a35   Thumb Code    44  lc_numeric_c.o(locale$$code)
    __aeabi_d2f                              0x08007a61   Thumb Code     0  d2f.o(x$fpl$d2f)
    _d2f                                     0x08007a61   Thumb Code    98  d2f.o(x$fpl$d2f)
    __aeabi_dadd                             0x08007ac5   Thumb Code     0  daddsub_clz.o(x$fpl$dadd)
    _dadd                                    0x08007ac5   Thumb Code   332  daddsub_clz.o(x$fpl$dadd)
    __fpl_dcheck_NaN1                        0x08007c15   Thumb Code    10  dcheck1.o(x$fpl$dcheck1)
    __fpl_dcmp_Inf                           0x08007c25   Thumb Code    24  dcmpi.o(x$fpl$dcmpinf)
    __aeabi_ddiv                             0x08007c3d   Thumb Code     0  ddiv.o(x$fpl$ddiv)
    _ddiv                                    0x08007c3d   Thumb Code   552  ddiv.o(x$fpl$ddiv)
    __aeabi_cdcmpeq                          0x08007eed   Thumb Code     0  deqf.o(x$fpl$deqf)
    _dcmpeq                                  0x08007eed   Thumb Code   120  deqf.o(x$fpl$deqf)
    __aeabi_d2uiz                            0x08007f65   Thumb Code     0  dfixu.o(x$fpl$dfixu)
    _dfixu                                   0x08007f65   Thumb Code    90  dfixu.o(x$fpl$dfixu)
    __aeabi_i2d                              0x08007fbf   Thumb Code     0  dflt_clz.o(x$fpl$dflt)
    _dflt                                    0x08007fbf   Thumb Code    46  dflt_clz.o(x$fpl$dflt)
    __aeabi_cdcmple                          0x08007fed   Thumb Code     0  dleqf.o(x$fpl$dleqf)
    _dcmple                                  0x08007fed   Thumb Code   120  dleqf.o(x$fpl$dleqf)
    __fpl_dcmple_InfNaN                      0x0800804f   Thumb Code     0  dleqf.o(x$fpl$dleqf)
    __aeabi_dmul                             0x08008065   Thumb Code     0  dmul.o(x$fpl$dmul)
    _dmul                                    0x08008065   Thumb Code   332  dmul.o(x$fpl$dmul)
    __fpl_dnaninf                            0x080081b9   Thumb Code   156  dnaninf.o(x$fpl$dnaninf)
    __fpl_dretinf                            0x08008255   Thumb Code    12  dretinf.o(x$fpl$dretinf)
    __aeabi_cdrcmple                         0x08008261   Thumb Code     0  drleqf.o(x$fpl$drleqf)
    _drcmple                                 0x08008261   Thumb Code   108  drleqf.o(x$fpl$drleqf)
    __aeabi_drsub                            0x080082cd   Thumb Code     0  daddsub_clz.o(x$fpl$drsb)
    _drsb                                    0x080082cd   Thumb Code    22  daddsub_clz.o(x$fpl$drsb)
    _dsqrt                                   0x080082e5   Thumb Code   456  dsqrt_noumaal.o(x$fpl$dsqrt)
    __aeabi_dsub                             0x080084b1   Thumb Code     0  daddsub_clz.o(x$fpl$dsub)
    _dsub                                    0x080084b1   Thumb Code   464  daddsub_clz.o(x$fpl$dsub)
    __aeabi_f2d                              0x08008685   Thumb Code     0  f2d.o(x$fpl$f2d)
    _f2d                                     0x08008685   Thumb Code    86  f2d.o(x$fpl$f2d)
    __aeabi_fadd                             0x080086dd   Thumb Code     0  faddsub_clz.o(x$fpl$fadd)
    _fadd                                    0x080086dd   Thumb Code   196  faddsub_clz.o(x$fpl$fadd)
    __fpl_fcheck_NaN1                        0x080087a1   Thumb Code     6  fcheck1.o(x$fpl$fcheck1)
    __fpl_fcmp_Inf                           0x080087ad   Thumb Code    24  fcmpi.o(x$fpl$fcmpinf)
    __aeabi_fdiv                             0x080087c5   Thumb Code     0  fdiv.o(x$fpl$fdiv)
    _fdiv                                    0x080087c5   Thumb Code   384  fdiv.o(x$fpl$fdiv)
    __aeabi_f2iz                             0x08008949   Thumb Code     0  ffix.o(x$fpl$ffix)
    _ffix                                    0x08008949   Thumb Code    54  ffix.o(x$fpl$ffix)
    __aeabi_f2uiz                            0x08008981   Thumb Code     0  ffixu.o(x$fpl$ffixu)
    _ffixu                                   0x08008981   Thumb Code    62  ffixu.o(x$fpl$ffixu)
    __aeabi_i2f                              0x080089c1   Thumb Code     0  fflt_clz.o(x$fpl$fflt)
    _fflt                                    0x080089c1   Thumb Code    48  fflt_clz.o(x$fpl$fflt)
    __aeabi_ui2f                             0x080089f1   Thumb Code     0  fflt_clz.o(x$fpl$ffltu)
    _ffltu                                   0x080089f1   Thumb Code    38  fflt_clz.o(x$fpl$ffltu)
    __aeabi_cfcmple                          0x08008a19   Thumb Code     0  fleqf.o(x$fpl$fleqf)
    _fcmple                                  0x08008a19   Thumb Code   104  fleqf.o(x$fpl$fleqf)
    __fpl_fcmple_InfNaN                      0x08008a6b   Thumb Code     0  fleqf.o(x$fpl$fleqf)
    __aeabi_fmul                             0x08008a81   Thumb Code     0  fmul.o(x$fpl$fmul)
    _fmul                                    0x08008a81   Thumb Code   258  fmul.o(x$fpl$fmul)
    __fpl_fnaninf                            0x08008b83   Thumb Code   140  fnaninf.o(x$fpl$fnaninf)
    _fp_init                                 0x08008c0f   Thumb Code    14  fpinit.o(x$fpl$fpinit)
    __fplib_config_pureend_doubles           0x08008c1b   Thumb Code     0  fpinit.o(x$fpl$fpinit)
    __fpl_fretinf                            0x08008c1d   Thumb Code    10  fretinf.o(x$fpl$fretinf)
    __aeabi_cfrcmple                         0x08008c27   Thumb Code     0  frleqf.o(x$fpl$frleqf)
    _frcmple                                 0x08008c27   Thumb Code    98  frleqf.o(x$fpl$frleqf)
    __aeabi_frsub                            0x08008c89   Thumb Code     0  faddsub_clz.o(x$fpl$frsb)
    _frsb                                    0x08008c89   Thumb Code    20  faddsub_clz.o(x$fpl$frsb)
    __aeabi_fsub                             0x08008c9d   Thumb Code     0  faddsub_clz.o(x$fpl$fsub)
    _fsub                                    0x08008c9d   Thumb Code   234  faddsub_clz.o(x$fpl$fsub)
    _printf_fp_dec                           0x08008d87   Thumb Code     4  printf1.o(x$fpl$printf1)
    __fpl_return_NaN                         0x08008d8b   Thumb Code   100  retnan.o(x$fpl$retnan)
    __ARM_scalbn                             0x08008def   Thumb Code    92  scalbn.o(x$fpl$scalbn)
    __ARM_scalbnf                            0x08008e4b   Thumb Code    76  scalbnf.o(x$fpl$scalbnf)
    __fpl_cmpreturn                          0x08008e97   Thumb Code    48  trapv.o(x$fpl$trapveneer)
    __I$use$fp                               0x08008ec7   Thumb Code     0  usenofp.o(x$fpl$usenofp)
    memtblsize                               0x08008ec8   Data           4  malloc.o(.constdata)
    memblksize                               0x08008ecc   Data           4  malloc.o(.constdata)
    memsize                                  0x08008ed0   Data           4  malloc.o(.constdata)
    armBitRevTable                           0x08008f20   Data        2048  arm_common_tables.o(.constdata)
    twiddleCoefQ31                           0x08009720   Data       24576  arm_common_tables.o(.constdata)
    __mathlib_zero                           0x0800f820   Data           8  qnan.o(.constdata)
    Region$$Table$$Base                      0x0800f918   Number         0  anon$$obj.o(Region$$Table)
    Region$$Table$$Limit                     0x0800f938   Number         0  anon$$obj.o(Region$$Table)
    SystemCoreClock                          0x20000000   Data           4  system_stm32f10x.o(.data)
    AHBPrescTable                            0x20000004   Data          16  system_stm32f10x.o(.data)
    itime                                    0x20000014   Data           4  timer.o(.data)
    ADCBuffer                                0x20000018   Data           2  adc.o(.data)
    USART_RX_STA                             0x20000020   Data           2  usart.o(.data)
    __stdout                                 0x20000024   Data           4  usart.o(.data)
    sys_cmd_tab                              0x2000003c   Data          28  usmart.o(.data)
    usmart_nametab                           0x20000058   Data          16  usmart_config.o(.data)
    usmart_dev                               0x20000068   Data         244  usmart_config.o(.data)
    mallco_dev                               0x2000015c   Data          20  malloc.o(.data)
    fft_ibuf                                 0x20000170   Data           4  fricker.o(.data)
    fft_obuf                                 0x20000174   Data           4  fricker.o(.data)
    sampling_count                           0x20000178   Data           4  fricker.o(.data)
    USART_RX_BUF                             0x2000017c   Data         256  usart.o(.bss)
    mem1base                                 0x2000027c   Data       55296  malloc.o(.bss)
    mem1mapbase                              0x2000da7c   Data        3456  malloc.o(.bss)
    __libspace_start                         0x2000e7fc   Data          96  libspace.o(.bss)
    __temporary_stack_top$libspace           0x2000e85c   Data           0  libspace.o(.bss)



==============================================================================

Memory Map of the image

  Image Entry point : 0x08000131

  Load Region LR_IROM1 (Base: 0x08000000, Size: 0x0000fad0, Max: 0x00080000, ABSOLUTE, COMPRESSED[0x0000f9b8])

    Execution Region ER_IROM1 (Base: 0x08000000, Size: 0x0000f954, Max: 0x00080000, ABSOLUTE)

    Base Addr    Size         Type   Attr      Idx    E Section Name        Object

    0x08000000   0x00000130   Data   RO          307    RESET               startup_stm32f10x_hd.o
    0x08000130   0x00000008   Code   RO          869  * !!!main             c_w.l(__main.o)
    0x08000138   0x00000034   Code   RO         1225    !!!scatter          c_w.l(__scatter.o)
    0x0800016c   0x0000005a   Code   RO         1223    !!dczerorl2         c_w.l(__dczerorl2.o)
    0x080001c6   0x00000002   PAD
    0x080001c8   0x0000001c   Code   RO         1227    !!handler_zi        c_w.l(__scatter_zi.o)
    0x080001e4   0x00000000   Code   RO          866    .ARM.Collect$$_printf_percent$$00000000  c_w.l(_printf_percent.o)
    0x080001e4   0x00000006   Code   RO          865    .ARM.Collect$$_printf_percent$$00000003  c_w.l(_printf_f.o)
    0x080001ea   0x00000006   Code   RO          864    .ARM.Collect$$_printf_percent$$0000000A  c_w.l(_printf_u.o)
    0x080001f0   0x00000006   Code   RO          863    .ARM.Collect$$_printf_percent$$0000000C  c_w.l(_printf_x.o)
    0x080001f6   0x00000006   Code   RO          862    .ARM.Collect$$_printf_percent$$00000014  c_w.l(_printf_s.o)
    0x080001fc   0x00000004   Code   RO          964    .ARM.Collect$$_printf_percent$$00000017  c_w.l(_printf_percent_end.o)
    0x08000200   0x00000006   Code   RO         1098    .ARM.Collect$$libinit$$00000000  c_w.l(libinit.o)
    0x08000206   0x00000000   Code   RO         1101    .ARM.Collect$$libinit$$00000006  c_w.l(libinit2.o)
    0x08000206   0x00000000   Code   RO         1103    .ARM.Collect$$libinit$$00000008  c_w.l(libinit2.o)
    0x08000206   0x00000000   Code   RO         1105    .ARM.Collect$$libinit$$0000000A  c_w.l(libinit2.o)
    0x08000206   0x00000006   Code   RO         1106    .ARM.Collect$$libinit$$0000000B  c_w.l(libinit2.o)
    0x0800020c   0x00000000   Code   RO         1108    .ARM.Collect$$libinit$$0000000D  c_w.l(libinit2.o)
    0x0800020c   0x00000000   Code   RO         1110    .ARM.Collect$$libinit$$0000000F  c_w.l(libinit2.o)
    0x0800020c   0x00000000   Code   RO         1112    .ARM.Collect$$libinit$$00000011  c_w.l(libinit2.o)
    0x0800020c   0x0000000a   Code   RO         1113    .ARM.Collect$$libinit$$00000012  c_w.l(libinit2.o)
    0x08000216   0x00000000   Code   RO         1114    .ARM.Collect$$libinit$$00000013  c_w.l(libinit2.o)
    0x08000216   0x00000000   Code   RO         1116    .ARM.Collect$$libinit$$00000015  c_w.l(libinit2.o)
    0x08000216   0x00000000   Code   RO         1118    .ARM.Collect$$libinit$$00000017  c_w.l(libinit2.o)
    0x08000216   0x00000000   Code   RO         1120    .ARM.Collect$$libinit$$00000019  c_w.l(libinit2.o)
    0x08000216   0x00000000   Code   RO         1122    .ARM.Collect$$libinit$$0000001B  c_w.l(libinit2.o)
    0x08000216   0x00000000   Code   RO         1124    .ARM.Collect$$libinit$$0000001D  c_w.l(libinit2.o)
    0x08000216   0x00000000   Code   RO         1126    .ARM.Collect$$libinit$$0000001F  c_w.l(libinit2.o)
    0x08000216   0x00000000   Code   RO         1128    .ARM.Collect$$libinit$$00000021  c_w.l(libinit2.o)
    0x08000216   0x00000000   Code   RO         1132    .ARM.Collect$$libinit$$00000028  c_w.l(libinit2.o)
    0x08000216   0x00000000   Code   RO         1134    .ARM.Collect$$libinit$$0000002A  c_w.l(libinit2.o)
    0x08000216   0x00000000   Code   RO         1136    .ARM.Collect$$libinit$$0000002C  c_w.l(libinit2.o)
    0x08000216   0x00000000   Code   RO         1138    .ARM.Collect$$libinit$$0000002E  c_w.l(libinit2.o)
    0x08000216   0x00000002   Code   RO         1139    .ARM.Collect$$libinit$$0000002F  c_w.l(libinit2.o)
    0x08000218   0x00000002   Code   RO         1174    .ARM.Collect$$libshutdown$$00000000  c_w.l(libshutdown.o)
    0x0800021a   0x00000000   Code   RO         1184    .ARM.Collect$$libshutdown$$00000003  c_w.l(libshutdown2.o)
    0x0800021a   0x00000000   Code   RO         1187    .ARM.Collect$$libshutdown$$00000006  c_w.l(libshutdown2.o)
    0x0800021a   0x00000000   Code   RO         1190    .ARM.Collect$$libshutdown$$00000009  c_w.l(libshutdown2.o)
    0x0800021a   0x00000000   Code   RO         1192    .ARM.Collect$$libshutdown$$0000000B  c_w.l(libshutdown2.o)
    0x0800021a   0x00000000   Code   RO         1195    .ARM.Collect$$libshutdown$$0000000E  c_w.l(libshutdown2.o)
    0x0800021a   0x00000002   Code   RO         1196    .ARM.Collect$$libshutdown$$0000000F  c_w.l(libshutdown2.o)
    0x0800021c   0x00000000   Code   RO          953    .ARM.Collect$$rtentry$$00000000  c_w.l(rtentry.o)
    0x0800021c   0x00000000   Code   RO         1010    .ARM.Collect$$rtentry$$00000002  c_w.l(rtentry2.o)
    0x0800021c   0x00000006   Code   RO         1022    .ARM.Collect$$rtentry$$00000004  c_w.l(rtentry4.o)
    0x08000222   0x00000000   Code   RO         1012    .ARM.Collect$$rtentry$$00000009  c_w.l(rtentry2.o)
    0x08000222   0x00000004   Code   RO         1013    .ARM.Collect$$rtentry$$0000000A  c_w.l(rtentry2.o)
    0x08000226   0x00000000   Code   RO         1015    .ARM.Collect$$rtentry$$0000000C  c_w.l(rtentry2.o)
    0x08000226   0x00000008   Code   RO         1016    .ARM.Collect$$rtentry$$0000000D  c_w.l(rtentry2.o)
    0x0800022e   0x00000002   Code   RO         1142    .ARM.Collect$$rtexit$$00000000  c_w.l(rtexit.o)
    0x08000230   0x00000000   Code   RO         1149    .ARM.Collect$$rtexit$$00000002  c_w.l(rtexit2.o)
    0x08000230   0x00000004   Code   RO         1150    .ARM.Collect$$rtexit$$00000003  c_w.l(rtexit2.o)
    0x08000234   0x00000006   Code   RO         1151    .ARM.Collect$$rtexit$$00000004  c_w.l(rtexit2.o)
    0x0800023a   0x00000002   PAD
    0x0800023c   0x0000006c   Code   RO            1    .text               main.o
    0x080002a8   0x0000001a   Code   RO          149    .text               stm32f10x_it.o
    0x080002c2   0x00000002   PAD
    0x080002c4   0x000001e0   Code   RO          181    .text               system_stm32f10x.o
    0x080004a4   0x000000fc   Code   RO          199    .text               timer.o
    0x080005a0   0x000004a4   Code   RO          224    .text               adc.o
    0x08000a44   0x000000d4   Code   RO          245    .text               delay.o
    0x08000b18   0x0000000c   Code   RO          259    .text               sys.o
    0x08000b24   0x0000023c   Code   RO          271    .text               usart.o
    0x08000d60   0x00000040   Code   RO          308    .text               startup_stm32f10x_hd.o
    0x08000da0   0x000003ac   Code   RO          312    .text               stm32f10x_gpio.o
    0x0800114c   0x00000414   Code   RO          324    .text               stm32f10x_rcc.o
    0x08001560   0x000004a6   Code   RO          338    .text               stm32f10x_usart.o
    0x08001a06   0x00000002   PAD
    0x08001a08   0x00000100   Code   RO          350    .text               misc.o
    0x08001b08   0x00000fd0   Code   RO          362    .text               stm32f10x_tim.o
    0x08002ad8   0x000004d8   Code   RO          374    .text               stm32f10x_adc.o
    0x08002fb0   0x00000250   Code   RO          431    .text               stm32f10x_dma.o
    0x08003200   0x00000b88   Code   RO          443    .text               usmart.o
    0x08003d88   0x000005c4   Code   RO          472    .text               usmart_str.o
    0x0800434c   0x00000254   Code   RO          484    .text               malloc.o
    0x080045a0   0x00000394   Code   RO          549    .text               fricker.o
    0x08004934   0x000002c8   Code   RO          572    .text               myiic.o
    0x08004bfc   0x00000288   Code   RO          584    .text               lt35825.o
    0x08004e84   0x000000ba   Code   RO          627    .text               arm_cortexM3l_math.lib(arm_cmplx_mag_q31.o)
    0x08004f3e   0x00000002   PAD
    0x08004f40   0x000000d4   Code   RO          669    .text               arm_cortexM3l_math.lib(arm_cfft_radix2_init_q31.o)
    0x08005014   0x000004ec   Code   RO          693    .text               arm_cortexM3l_math.lib(arm_cfft_radix2_q31.o)
    0x08005500   0x000000e0   Code   RO          713    .text               arm_cortexM3l_math.lib(arm_sqrt_q31.o)
    0x080055e0   0x000001d2   Code   RO          733    .text               arm_cortexM3l_math.lib(arm_bitreversal.o)
    0x080057b2   0x00000002   Code   RO          807    .text               c_w.l(use_no_semi_2.o)
    0x080057b4   0x00000018   Code   RO          811    .text               c_w.l(noretval__2printf.o)
    0x080057cc   0x00000052   Code   RO          815    .text               c_w.l(_printf_pad.o)
    0x0800581e   0x00000052   Code   RO          817    .text               c_w.l(_printf_str.o)
    0x08005870   0x00000078   Code   RO          819    .text               c_w.l(_printf_dec.o)
    0x080058e8   0x0000005c   Code   RO          824    .text               c_w.l(_printf_hex_int.o)
    0x08005944   0x0000018c   Code   RO          859    .text               c_w.l(__printf_flags_ss_wp.o)
    0x08005ad0   0x00000006   Code   RO          867    .text               c_w.l(heapauxi.o)
    0x08005ad6   0x00000002   Code   RO          951    .text               c_w.l(use_no_semi.o)
    0x08005ad8   0x00000016   Code   RO          954    .text               c_w.l(_rserrno.o)
    0x08005aee   0x000000b8   Code   RO          956    .text               c_w.l(_printf_intcommon.o)
    0x08005ba6   0x0000041e   Code   RO          958    .text               c_w.l(_printf_fp_dec.o)
    0x08005fc4   0x0000002c   Code   RO          960    .text               c_w.l(_printf_char.o)
    0x08005ff0   0x00000024   Code   RO          962    .text               c_w.l(_printf_char_file.o)
    0x08006014   0x00000008   Code   RO         1027    .text               c_w.l(rt_locale_intlibspace.o)
    0x0800601c   0x00000008   Code   RO         1032    .text               c_w.l(rt_errno_addr_intlibspace.o)
    0x08006024   0x0000008a   Code   RO         1034    .text               c_w.l(lludiv10.o)
    0x080060ae   0x00000002   PAD
    0x080060b0   0x00000030   Code   RO         1036    .text               c_w.l(_printf_char_common.o)
    0x080060e0   0x00000080   Code   RO         1038    .text               c_w.l(_printf_fp_infnan.o)
    0x08006160   0x000000e4   Code   RO         1040    .text               c_w.l(bigflt0.o)
    0x08006244   0x00000008   Code   RO         1065    .text               c_w.l(ferror.o)
    0x0800624c   0x00000008   Code   RO         1082    .text               c_w.l(libspace.o)
    0x08006254   0x0000004a   Code   RO         1085    .text               c_w.l(sys_stackheap_outer.o)
    0x0800629e   0x0000000c   Code   RO         1089    .text               c_w.l(exit.o)
    0x080062aa   0x00000002   PAD
    0x080062ac   0x00000080   Code   RO         1091    .text               c_w.l(strcmpv7m.o)
    0x0800632c   0x00000008   Code   RO         1158    .text               c_w.l(rt_fp_status_addr_intlibspace.o)
    0x08006334   0x0000003e   Code   RO         1043    CL$$btod_d2e        c_w.l(btod.o)
    0x08006372   0x00000046   Code   RO         1045    CL$$btod_d2e_denorm_low  c_w.l(btod.o)
    0x080063b8   0x00000060   Code   RO         1044    CL$$btod_d2e_norm_op1  c_w.l(btod.o)
    0x08006418   0x00000338   Code   RO         1053    CL$$btod_div_common  c_w.l(btod.o)
    0x08006750   0x000000c6   Code   RO         1050    CL$$btod_e2e        c_w.l(btod.o)
    0x08006816   0x00000028   Code   RO         1047    CL$$btod_ediv       c_w.l(btod.o)
    0x0800683e   0x00000028   Code   RO         1046    CL$$btod_emul       c_w.l(btod.o)
    0x08006866   0x00000244   Code   RO         1052    CL$$btod_mult_common  c_w.l(btod.o)
    0x08006aaa   0x00000028   Code   RO          994    i.__ARM_fpclassify  m_ws.l(fpclassify.o)
    0x08006ad2   0x000000aa   Code   RO         1006    i.__kernel_poly     m_ws.l(poly.o)
    0x08006b7c   0x00000010   Code   RO          992    i.__mathlib_dbl_underflow  m_ws.l(dunder.o)
    0x08006b8c   0x0000000e   Code   RO          852    i._is_digit         c_w.l(__printf_wp.o)
    0x08006b9a   0x00000002   PAD
    0x08006b9c   0x0000036c   Code   RO          997    i.log               m_ws.l(log.o)
    0x08006f08   0x000000f4   Code   RO          926    i.log10             m_ws.l(log10.o)
    0x08006ffc   0x000009ec   Code   RO          934    i.pow               m_ws.l(pow.o)
    0x080079e8   0x0000004c   Code   RO          944    i.sqrt              m_ws.l(sqrt.o)
    0x08007a34   0x0000002c   Code   RO         1070    locale$$code        c_w.l(lc_numeric_c.o)
    0x08007a60   0x00000062   Code   RO          871    x$fpl$d2f           fz_ws.l(d2f.o)
    0x08007ac2   0x00000002   PAD
    0x08007ac4   0x00000150   Code   RO          873    x$fpl$dadd          fz_ws.l(daddsub_clz.o)
    0x08007c14   0x00000010   Code   RO         1072    x$fpl$dcheck1       fz_ws.l(dcheck1.o)
    0x08007c24   0x00000018   Code   RO         1074    x$fpl$dcmpinf       fz_ws.l(dcmpi.o)
    0x08007c3c   0x000002b0   Code   RO          880    x$fpl$ddiv          fz_ws.l(ddiv.o)
    0x08007eec   0x00000078   Code   RO         1076    x$fpl$deqf          fz_ws.l(deqf.o)
    0x08007f64   0x0000005a   Code   RO          883    x$fpl$dfixu         fz_ws.l(dfixu.o)
    0x08007fbe   0x0000002e   Code   RO          966    x$fpl$dflt          fz_ws.l(dflt_clz.o)
    0x08007fec   0x00000078   Code   RO          971    x$fpl$dleqf         fz_ws.l(dleqf.o)
    0x08008064   0x00000154   Code   RO          887    x$fpl$dmul          fz_ws.l(dmul.o)
    0x080081b8   0x0000009c   Code   RO          973    x$fpl$dnaninf       fz_ws.l(dnaninf.o)
    0x08008254   0x0000000c   Code   RO          975    x$fpl$dretinf       fz_ws.l(dretinf.o)
    0x08008260   0x0000006c   Code   RO          977    x$fpl$drleqf        fz_ws.l(drleqf.o)
    0x080082cc   0x00000016   Code   RO          874    x$fpl$drsb          fz_ws.l(daddsub_clz.o)
    0x080082e2   0x00000002   PAD
    0x080082e4   0x000001cc   Code   RO          979    x$fpl$dsqrt         fz_ws.l(dsqrt_noumaal.o)
    0x080084b0   0x000001d4   Code   RO          875    x$fpl$dsub          fz_ws.l(daddsub_clz.o)
    0x08008684   0x00000056   Code   RO          889    x$fpl$f2d           fz_ws.l(f2d.o)
    0x080086da   0x00000002   PAD
    0x080086dc   0x000000c4   Code   RO          891    x$fpl$fadd          fz_ws.l(faddsub_clz.o)
    0x080087a0   0x0000000c   Code   RO          981    x$fpl$fcheck1       fz_ws.l(fcheck1.o)
    0x080087ac   0x00000018   Code   RO          983    x$fpl$fcmpinf       fz_ws.l(fcmpi.o)
    0x080087c4   0x00000184   Code   RO          898    x$fpl$fdiv          fz_ws.l(fdiv.o)
    0x08008948   0x00000036   Code   RO          901    x$fpl$ffix          fz_ws.l(ffix.o)
    0x0800897e   0x00000002   PAD
    0x08008980   0x0000003e   Code   RO          905    x$fpl$ffixu         fz_ws.l(ffixu.o)
    0x080089be   0x00000002   PAD
    0x080089c0   0x00000030   Code   RO          910    x$fpl$fflt          fz_ws.l(fflt_clz.o)
    0x080089f0   0x00000026   Code   RO          909    x$fpl$ffltu         fz_ws.l(fflt_clz.o)
    0x08008a16   0x00000002   PAD
    0x08008a18   0x00000068   Code   RO          915    x$fpl$fleqf         fz_ws.l(fleqf.o)
    0x08008a80   0x00000102   Code   RO          917    x$fpl$fmul          fz_ws.l(fmul.o)
    0x08008b82   0x0000008c   Code   RO          985    x$fpl$fnaninf       fz_ws.l(fnaninf.o)
    0x08008c0e   0x0000000e   Code   RO         1146    x$fpl$fpinit        fz_ws.l(fpinit.o)
    0x08008c1c   0x0000000a   Code   RO          987    x$fpl$fretinf       fz_ws.l(fretinf.o)
    0x08008c26   0x00000062   Code   RO          919    x$fpl$frleqf        fz_ws.l(frleqf.o)
    0x08008c88   0x00000014   Code   RO          892    x$fpl$frsb          fz_ws.l(faddsub_clz.o)
    0x08008c9c   0x000000ea   Code   RO          893    x$fpl$fsub          fz_ws.l(faddsub_clz.o)
    0x08008d86   0x00000004   Code   RO          921    x$fpl$printf1       fz_ws.l(printf1.o)
    0x08008d8a   0x00000064   Code   RO         1080    x$fpl$retnan        fz_ws.l(retnan.o)
    0x08008dee   0x0000005c   Code   RO          989    x$fpl$scalbn        fz_ws.l(scalbn.o)
    0x08008e4a   0x0000004c   Code   RO          923    x$fpl$scalbnf       fz_ws.l(scalbnf.o)
    0x08008e96   0x00000030   Code   RO         1140    x$fpl$trapveneer    fz_ws.l(trapv.o)
    0x08008ec6   0x00000000   Code   RO          991    x$fpl$usenofp       fz_ws.l(usenofp.o)
    0x08008ec6   0x00000002   PAD
    0x08008ec8   0x0000000c   Data   RO          486    .constdata          malloc.o
    0x08008ed4   0x0000004b   Data   RO          550    .constdata          fricker.o
    0x08008f1f   0x00000001   PAD
    0x08008f20   0x00000800   Data   RO          753    .constdata          arm_cortexM3l_math.lib(arm_common_tables.o)
    0x08009720   0x00006000   Data   RO          763    .constdata          arm_cortexM3l_math.lib(arm_common_tables.o)
    0x0800f720   0x00000028   Data   RO          825    .constdata          c_w.l(_printf_hex_int.o)
    0x0800f748   0x00000011   Data   RO          860    .constdata          c_w.l(__printf_flags_ss_wp.o)
    0x0800f759   0x00000007   PAD
    0x0800f760   0x00000088   Data   RO          935    .constdata          m_ws.l(pow.o)
    0x0800f7e8   0x00000038   Data   RO          998    .constdata          m_ws.l(log.o)
    0x0800f820   0x00000008   Data   RO         1008    .constdata          m_ws.l(qnan.o)
    0x0800f828   0x00000094   Data   RO         1041    .constdata          c_w.l(bigflt0.o)
    0x0800f8bc   0x0000001f   Data   RO          444    .conststring        usmart.o
    0x0800f8db   0x0000003a   Data   RO          459    .conststring        usmart_config.o
    0x0800f915   0x00000003   PAD
    0x0800f918   0x00000020   Data   RO         1221    Region$$Table       anon$$obj.o
    0x0800f938   0x0000001c   Data   RO         1069    locale$$data        c_w.l(lc_numeric_c.o)


    Execution Region RW_IRAM1 (Base: 0x20000000, Size: 0x0000ee60, Max: 0x00010000, ABSOLUTE, COMPRESSED[0x00000064])

    Base Addr    Size         Type   Attr      Idx    E Section Name        Object

    0x20000000   0x00000014   Data   RW          182    .data               system_stm32f10x.o
    0x20000014   0x00000004   Data   RW          200    .data               timer.o
    0x20000018   0x00000002   Data   RW          225    .data               adc.o
    0x2000001a   0x00000004   Data   RW          246    .data               delay.o
    0x2000001e   0x00000002   PAD
    0x20000020   0x00000008   Data   RW          273    .data               usart.o
    0x20000028   0x00000014   Data   RW          325    .data               stm32f10x_rcc.o
    0x2000003c   0x0000001c   Data   RW          445    .data               usmart.o
    0x20000058   0x00000104   Data   RW          460    .data               usmart_config.o
    0x2000015c   0x00000014   Data   RW          487    .data               malloc.o
    0x20000170   0x0000000c   Data   RW          551    .data               fricker.o
    0x2000017c   0x00000100   Zero   RW          272    .bss                usart.o
    0x2000027c   0x0000e580   Zero   RW          485    .bss                malloc.o
    0x2000e7fc   0x00000060   Zero   RW         1083    .bss                c_w.l(libspace.o)
    0x2000e85c   0x00000004   PAD
    0x2000e860   0x00000200   Zero   RW          306    HEAP                startup_stm32f10x_hd.o
    0x2000ea60   0x00000400   Zero   RW          305    STACK               startup_stm32f10x_hd.o


==============================================================================

Image component sizes


      Code (inc. data)   RO Data    RW Data    ZI Data      Debug   Object Name

      1188         50          0          2          0      12398   adc.o
         0          0          0          0          0         32   core_cm3.o
       212         18          0          4          0        915   delay.o
       916         66         75         12          0       2355   fricker.o
       648         82          0          0          0       2174   lt35825.o
       108         32          0          0          0     275483   main.o
       596         18         12         20      58752       4211   malloc.o
       256         30          0          0          0       1689   misc.o
       712         46          0          0          0       2264   myiic.o
        64         26        304          0       1536        736   startup_stm32f10x_hd.o
      1240         28          0          0          0      11041   stm32f10x_adc.o
       592         20          0          0          0       4258   stm32f10x_dma.o
       940         46          0          0          0       5669   stm32f10x_gpio.o
        26          0          0          0          0       1118   stm32f10x_it.o
      1044         52          0         20          0       8796   stm32f10x_rcc.o
      4048         86          0          0          0      22952   stm32f10x_tim.o
      1190         22          0          0          0       8388   stm32f10x_usart.o
        12          0          0          0          0        389   sys.o
       480         36          0         20          0       1571   system_stm32f10x.o
       252          8          0          4          0       1371   timer.o
       572         28          0          8        256       3285   usart.o
      2952       1240         31         28          0       4078   usmart.o
         0          0         58        260          0       1448   usmart_config.o
      1476         12          0          0          0       5205   usmart_str.o

    ----------------------------------------------------------------------
     19528       1946        516        380      60544     381826   Object Totals
         0          0         32          0          0          0   (incl. Generated)
         4          0          4          2          0          0   (incl. Padding)

    ----------------------------------------------------------------------

      Code (inc. data)   RO Data    RW Data    ZI Data      Debug   Library Member Name

       466          0          0          0          0       1986   arm_bitreversal.o
       212         40          0          0          0       1103   arm_cfft_radix2_init_q31.o
      1260          0          0          0          0       2536   arm_cfft_radix2_q31.o
       186          0          0          0          0      17888   arm_cmplx_mag_q31.o
         0          0      26624          0          0       2752   arm_common_tables.o
       224          6          0          0          0        799   arm_sqrt_q31.o
        90          0          0          0          0          0   __dczerorl2.o
         8          0          0          0          0         68   __main.o
       396          6         17          0          0         92   __printf_flags_ss_wp.o
        14          0          0          0          0         68   __printf_wp.o
        52          8          0          0          0          0   __scatter.o
        28          0          0          0          0          0   __scatter_zi.o
        44          0          0          0          0        108   _printf_char.o
        48          6          0          0          0         96   _printf_char_common.o
        36          4          0          0          0         80   _printf_char_file.o
       120         18          0          0          0         92   _printf_dec.o
         6          0          0          0          0          0   _printf_f.o
      1054          0          0          0          0        216   _printf_fp_dec.o
       128         16          0          0          0         84   _printf_fp_infnan.o
        92          4         40          0          0         88   _printf_hex_int.o
       184          0          0          0          0         88   _printf_intcommon.o
        82          0          0          0          0        108   _printf_pad.o
         0          0          0          0          0          0   _printf_percent.o
         4          0          0          0          0          0   _printf_percent_end.o
         6          0          0          0          0          0   _printf_s.o
        82          0          0          0          0         80   _printf_str.o
         6          0          0          0          0          0   _printf_u.o
         6          0          0          0          0          0   _printf_x.o
        22          0          0          0          0        100   _rserrno.o
       228          6        148          0          0         96   bigflt0.o
      1910        128          0          0          0        672   btod.o
        12          0          0          0          0         72   exit.o
         8          0          0          0          0         68   ferror.o
         6          0          0          0          0        152   heapauxi.o
        44         10         28          0          0         76   lc_numeric_c.o
         6          0          0          0          0          0   libinit.o
        18          0          0          0          0          0   libinit2.o
         2          0          0          0          0          0   libshutdown.o
         2          0          0          0          0          0   libshutdown2.o
         8          4          0          0         96         68   libspace.o
       138          0          0          0          0         80   lludiv10.o
        24          4          0          0          0         84   noretval__2printf.o
         8          4          0          0          0         68   rt_errno_addr_intlibspace.o
         8          4          0          0          0         68   rt_fp_status_addr_intlibspace.o
         8          4          0          0          0         68   rt_locale_intlibspace.o
         0          0          0          0          0          0   rtentry.o
        12          0          0          0          0          0   rtentry2.o
         6          0          0          0          0          0   rtentry4.o
         2          0          0          0          0          0   rtexit.o
        10          0          0          0          0          0   rtexit2.o
       128          0          0          0          0         68   strcmpv7m.o
        74          0          0          0          0         80   sys_stackheap_outer.o
         2          0          0          0          0         68   use_no_semi.o
         2          0          0          0          0         68   use_no_semi_2.o
        98          4          0          0          0         92   d2f.o
       826         16          0          0          0        356   daddsub_clz.o
        16          4          0          0          0         68   dcheck1.o
        24          0          0          0          0         68   dcmpi.o
       688        140          0          0          0        212   ddiv.o
       120          4          0          0          0         92   deqf.o
        90          4          0          0          0         92   dfixu.o
        46          0          0          0          0         68   dflt_clz.o
       120          4          0          0          0         92   dleqf.o
       340         12          0          0          0        104   dmul.o
       156          4          0          0          0         92   dnaninf.o
        12          0          0          0          0         68   dretinf.o
       108          0          0          0          0         80   drleqf.o
       460         56          0          0          0        120   dsqrt_noumaal.o
        86          4          0          0          0         84   f2d.o
       450          8          0          0          0        236   faddsub_clz.o
        12          4          0          0          0         68   fcheck1.o
        24          0          0          0          0         68   fcmpi.o
       388         76          0          0          0         96   fdiv.o
        54          4          0          0          0         84   ffix.o
        62          4          0          0          0         84   ffixu.o
        86          0          0          0          0        136   fflt_clz.o
       104          4          0          0          0         84   fleqf.o
       258          4          0          0          0         84   fmul.o
       140          4          0          0          0         84   fnaninf.o
        14          0          0          0          0         76   fpinit.o
        10          0          0          0          0         68   fretinf.o
        98          0          0          0          0         68   frleqf.o
         4          0          0          0          0         68   printf1.o
       100          0          0          0          0         68   retnan.o
        92          0          0          0          0         68   scalbn.o
        76          0          0          0          0         68   scalbnf.o
        48          0          0          0          0         68   trapv.o
         0          0          0          0          0          0   usenofp.o
        16          6          0          0          0         68   dunder.o
        40          0          0          0          0         68   fpclassify.o
       876         58         56          0          0        284   log.o
       244         32          0          0          0        128   log10.o
       170          0          0          0          0         96   poly.o
      2540        190        136          0          0        340   pow.o
         0          0          8          0          0          0   qnan.o
        76          0          0          0          0         84   sqrt.o

    ----------------------------------------------------------------------
     16720        918      27064          0        100      34620   Library Totals
        26          0          7          0          4          0   (incl. Padding)

    ----------------------------------------------------------------------

      Code (inc. data)   RO Data    RW Data    ZI Data      Debug   Library Name

      2348         46      26624          0          0      27064   arm_cortexM3l_math.lib
      5174        226        233          0         96       3224   c_w.l
      5210        360          0          0          0       3264   fz_ws.l
      3962        286        200          0          0       1068   m_ws.l

    ----------------------------------------------------------------------
     16720        918      27064          0        100      34620   Library Totals

    ----------------------------------------------------------------------

==============================================================================


      Code (inc. data)   RO Data    RW Data    ZI Data      Debug   

     36248       2864      27580        380      60644     409894   Grand Totals
     36248       2864      27580        100      60644     409894   ELF Image Totals (compressed)
     36248       2864      27580        100          0          0   ROM Totals

==============================================================================

    Total RO  Size (Code + RO Data)                63828 (  62.33kB)
    Total RW  Size (RW Data + ZI Data)             61024 (  59.59kB)
    Total ROM Size (Code + RO Data + RW Data)      63928 (  62.43kB)

==============================================================================

