ARM Linker, 5.03 [Build 24] [MDK-ARM Professional]

==============================================================================

Section Cross References

    main.o(.text) refers to printfa.o(i.__0printf) for __2printf
    main.o(.text) refers to uart.o(.text) for ReadUart
    main.o(.text) refers to common.o(.text) for Main_Menu
    main.o(.text) refers to sys.o(.text) for NVIC_Configuration
    main.o(.text) refers to delay.o(.text) for delay_init
    main.o(.text) refers to gpio_config.o(.text) for System_GPIO_Config
    main.o(.text) refers to malloc.o(.text) for mem_init
    main.o(.text) refers to myiic.o(.text) for IIC_Init
    main.o(.text) refers to fricker.o(.text) for Flicker_init
    main.o(.text) refers to lt35825.o(.text) for TL35825_init
    main.o(.text) refers to act8846.o(.text) for act8846_init
    main.o(.text) refers to tps22993.o(.text) for TPS22993_Init
    main.o(.text) refers to lm36923.o(.text) for LM36923_Init
    main.o(.text) refers to parm.o(.text) for Get_Volt_Val
    main.o(.text) refers to tps65132.o(.text) for Tps65132_Init
    main.o(.text) refers to voltcurrentproc.o(.text) for INA226_Volt
    main.o(.text) refers to main.o(.data) for i
    main.o(.text) refers to usmart_config.o(.data) for usmart_dev
    main.o(.text) refers to main.o(.bss) for bufer
    system_stm32f10x.o(.text) refers to system_stm32f10x.o(.data) for SystemCoreClock
    timer.o(.text) refers to stm32f10x_rcc.o(.text) for RCC_APB1PeriphClockCmd
    timer.o(.text) refers to stm32f10x_tim.o(.text) for TIM_Cmd
    timer.o(.text) refers to misc.o(.text) for NVIC_PriorityGroupConfig
    timer.o(.text) refers to fricker.o(.text) for collection_data
    timer.o(.text) refers to timer.o(.data) for itime
    adc.o(.text) refers to stm32f10x_rcc.o(.text) for RCC_APB2PeriphClockCmd
    adc.o(.text) refers to stm32f10x_gpio.o(.text) for GPIO_Init
    adc.o(.text) refers to stm32f10x_dma.o(.text) for DMA_DeInit
    adc.o(.text) refers to stm32f10x_adc.o(.text) for ADC_Init
    adc.o(.text) refers to adc.o(.data) for ADCBuffer
    delay.o(.text) refers to uart.o(.text) for USARTx_Timer_Proc
    delay.o(.text) refers to misc.o(.text) for SysTick_CLKSourceConfig
    delay.o(.text) refers to delay.o(.data) for cnt
    delay.o(.text) refers to system_stm32f10x.o(.data) for SystemCoreClock
    sys.o(.text) refers to misc.o(.text) for NVIC_PriorityGroupConfig
    usart.o(.text) refers to stm32f10x_rcc.o(.text) for RCC_APB2PeriphClockCmd
    usart.o(.text) refers to stm32f10x_usart.o(.text) for USART_DeInit
    usart.o(.text) refers to stm32f10x_gpio.o(.text) for GPIO_Init
    usart.o(.text) refers to misc.o(.text) for NVIC_Init
    startup_stm32f10x_hd.o(RESET) refers to startup_stm32f10x_hd.o(STACK) for __initial_sp
    startup_stm32f10x_hd.o(RESET) refers to startup_stm32f10x_hd.o(.text) for Reset_Handler
    startup_stm32f10x_hd.o(RESET) refers to stm32f10x_it.o(.text) for NMI_Handler
    startup_stm32f10x_hd.o(RESET) refers to delay.o(.text) for SysTick_Handler
    startup_stm32f10x_hd.o(RESET) refers to timer.o(.text) for TIM3_IRQHandler
    startup_stm32f10x_hd.o(RESET) refers to usmart.o(.text) for TIM4_IRQHandler
    startup_stm32f10x_hd.o(RESET) refers to uart.o(.text) for USART2_IRQHandler
    startup_stm32f10x_hd.o(.text) refers to system_stm32f10x.o(.text) for SystemInit
    startup_stm32f10x_hd.o(.text) refers to entry.o(.ARM.Collect$$$$00000000) for __main
    stm32f10x_gpio.o(.text) refers to stm32f10x_rcc.o(.text) for RCC_APB2PeriphResetCmd
    stm32f10x_rcc.o(.text) refers to stm32f10x_rcc.o(.data) for APBAHBPrescTable
    stm32f10x_usart.o(.text) refers to stm32f10x_rcc.o(.text) for RCC_APB2PeriphResetCmd
    stm32f10x_tim.o(.text) refers to stm32f10x_rcc.o(.text) for RCC_APB2PeriphResetCmd
    stm32f10x_adc.o(.text) refers to stm32f10x_rcc.o(.text) for RCC_APB2PeriphResetCmd
    stm32f10x_i2c.o(.text) refers to stm32f10x_rcc.o(.text) for RCC_APB1PeriphResetCmd
    stm32f10x_spi.o(.text) refers to stm32f10x_rcc.o(.text) for RCC_APB2PeriphResetCmd
    usmart.o(.text) refers to usmart_str.o(.text) for usmart_get_cmdname
    usmart.o(.text) refers to printfa.o(i.__0printf) for __2printf
    usmart.o(.text) refers to usmart.o(.data) for sys_cmd_tab
    usmart.o(.text) refers to usmart_config.o(.data) for usmart_dev
    usmart.o(.text) refers to stm32f10x_rcc.o(.text) for RCC_APB1PeriphClockCmd
    usmart.o(.text) refers to stm32f10x_tim.o(.text) for TIM_TimeBaseInit
    usmart.o(.text) refers to misc.o(.text) for NVIC_Init
    usmart.o(.text) refers to usart.o(.data) for USART_RX_STA
    usmart.o(.text) refers to usart.o(.bss) for USART_RX_BUF
    usmart.o(.data) refers to usmart.o(.conststring) for .conststring
    usmart_config.o(.data) refers to usmart.o(.text) for read_addr
    usmart_config.o(.data) refers to usmart_config.o(.conststring) for .conststring
    usmart_config.o(.data) refers to main.o(.text) for test
    usmart_str.o(.text) refers to usmart_config.o(.data) for usmart_dev
[...]
    main                                     0x080001f3   Thumb Code   438  main.o(.text)
    NMI_Handler                              0x080004a1   Thumb Code     2  stm32f10x_it.o(.text)
    HardFault_Handler                        0x080004a3   Thumb Code     4  stm32f10x_it.o(.text)
    MemManage_Handler                        0x080004a7   Thumb Code     4  stm32f10x_it.o(.text)
    BusFault_Handler                         0x080004ab   Thumb Code     4  stm32f10x_it.o(.text)
    UsageFault_Handler                       0x080004af   Thumb Code     4  stm32f10x_it.o(.text)
    SVC_Handler                              0x080004b3   Thumb Code     2  stm32f10x_it.o(.text)
    DebugMon_Handler                         0x080004b5   Thumb Code     2  stm32f10x_it.o(.text)
    PendSV_Handler                           0x080004b7   Thumb Code     2  stm32f10x_it.o(.text)
    SystemInit                               0x08000595   Thumb Code    78  system_stm32f10x.o(.text)
    SystemCoreClockUpdate                    0x080005e3   Thumb Code   142  system_stm32f10x.o(.text)
    start_time3                              0x08000695   Thumb Code    20  timer.o(.text)
    stop_time3                               0x080006a9   Thumb Code    20  timer.o(.text)
    TIM3_Init                                0x0800073d   Thumb Code    20  timer.o(.text)
    TIM3_IRQHandler                          0x08000751   Thumb Code    36  timer.o(.text)
    ADC1_Mode_Config                         0x080007cf   Thumb Code   268  adc.o(.text)
    ADC1_Mode_Configg                        0x080008db   Thumb Code   534  adc.o(.text)
    Fricker_adc_mode                         0x08000af1   Thumb Code   252  adc.o(.text)
    ADC1_Init                                0x08000bed   Thumb Code    12  adc.o(.text)
    get_adc_value                            0x08000bf9   Thumb Code     6  adc.o(.text)
    SysTick_Handler                          0x08000c09   Thumb Code    30  delay.o(.text)
    delay_init                               0x08000c27   Thumb Code    70  delay.o(.text)
    delay_us                                 0x08000c6d   Thumb Code    70  delay.o(.text)
    delay_ms                                 0x08000cb3   Thumb Code    18  delay.o(.text)
    Delay_us                                 0x08000cc5   Thumb Code    26  delay.o(.text)
    Delay_ms                                 0x08000cdf   Thumb Code    12  delay.o(.text)
    NVIC_Configuration                       0x08000cfd   Thumb Code    12  sys.o(.text)
    _sys_exit                                0x08000d09   Thumb Code     4  usart.o(.text)
    fputc                                    0x08000d0d   Thumb Code    22  usart.o(.text)
    uart_init                                0x08000d23   Thumb Code   158  usart.o(.text)
    uart2_init                               0x08000dc1   Thumb Code   160  usart.o(.text)
    Reset_Handler                            0x08000e6d   Thumb Code     8  startup_stm32f10x_hd.o(.text)
    ADC1_2_IRQHandler                        0x08000e87   Thumb Code     0  startup_stm32f10x_hd.o(.text)
    ADC3_IRQHandler                          0x08000e87   Thumb Code     0  startup_stm32f10x_hd.o(.text)
    CAN1_RX1_IRQHandler                      0x08000e87   Thumb Code     0  startup_stm32f10x_hd.o(.text)
    CAN1_SCE_IRQHandler                      0x08000e87   Thumb Code     0  startup_stm32f10x_hd.o(.text)
    DMA1_Channel1_IRQHandler                 0x08000e87   Thumb Code     0  startup_stm32f10x_hd.o(.text)
    DMA1_Channel2_IRQHandler                 0x08000e87   Thumb Code     0  startup_stm32f10x_hd.o(.text)
    DMA1_Channel3_IRQHandler                 0x08000e87   Thumb Code     0  startup_stm32f10x_hd.o(.text)
    DMA1_Channel4_IRQHandler                 0x08000e87   Thumb Code     0  startup_stm32f10x_hd.o(.text)
    DMA1_Channel5_IRQHandler                 0x08000e87   Thumb Code     0  startup_stm32f10x_hd.o(.text)
    DMA1_Channel6_IRQHandler                 0x08000e87   Thumb Code     0  startup_stm32f10x_hd.o(.text)
    DMA1_Channel7_IRQHandler                 0x08000e87   Thumb Code     0  startup_stm32f10x_hd.o(.text)
    DMA2_Channel1_IRQHandler                 0x08000e87   Thumb Code     0  startup_stm32f10x_hd.o(.text)
    DMA2_Channel2_IRQHandler                 0x08000e87   Thumb Code     0  startup_stm32f10x_hd.o(.text)
    DMA2_Channel3_IRQHandler                 0x08000e87   Thumb Code     0  startup_stm32f10x_hd.o(.text)
    DMA2_Channel4_5_IRQHandler               0x08000e87   Thumb Code     0  startup_stm32f10x_hd.o(.text)
    EXTI0_IRQHandler                         0x08000e87   Thumb Code     0  startup_stm32f10x_hd.o(.text)
    EXTI15_10_IRQHandler                     0x08000e87   Thumb Code     0  startup_stm32f10x_hd.o(.text)
    EXTI1_IRQHandler                         0x08000e87   Thumb Code     0  startup_stm32f10x_hd.o(.text)
    EXTI2_IRQHandler                         0x08000e87   Thumb Code     0  startup_stm32f10x_hd.o(.text)
    EXTI3_IRQHandler                         0x08000e87   Thumb Code     0  startup_stm32f10x_hd.o(.text)
    EXTI4_IRQHandler                         0x08000e87   Thumb Code     0  startup_stm32f10x_hd.o(.text)
    EXTI9_5_IRQHandler                       0x08000e87   Thumb Code     0  startup_stm32f10x_hd.o(.text)
    FLASH_IRQHandler                         0x08000e87   Thumb Code     0  startup_stm32f10x_hd.o(.text)
    FSMC_IRQHandler                          0x08000e87   Thumb Code     0  startup_stm32f10x_hd.o(.text)
    I2C1_ER_IRQHandler                       0x08000e87   Thumb Code     0  startup_stm32f10x_hd.o(.text)
    I2C1_EV_IRQHandler                       0x08000e87   Thumb Code     0  startup_stm32f10x_hd.o(.text)
    I2C2_ER_IRQHandler                       0x08000e87   Thumb Code     0  startup_stm32f10x_hd.o(.text)
    I2C2_EV_IRQHandler                       0x08000e87   Thumb Code     0  startup_stm32f10x_hd.o(.text)
    PVD_IRQHandler                           0x08000e87   Thumb Code     0  startup_stm32f10x_hd.o(.text)
    RCC_IRQHandler                           0x08000e87   Thumb Code     0  startup_stm32f10x_hd.o(.text)
    RTCAlarm_IRQHandler                      0x08000e87   Thumb Code     0  startup_stm32f10x_hd.o(.text)
    RTC_IRQHandler                           0x08000e87   Thumb Code     0  startup_stm32f10x_hd.o(.text)
    SDIO_IRQHandler                          0x08000e87   Thumb Code     0  startup_stm32f10x_hd.o(.text)
    SPI1_IRQHandler                          0x08000e87   Thumb Code     0  startup_stm32f10x_hd.o(.text)
    SPI2_IRQHandler                          0x08000e87   Thumb Code     0  startup_stm32f10x_hd.o(.text)
    SPI3_IRQHandler                          0x08000e87   Thumb Code     0  startup_stm32f10x_hd.o(.text)
    TAMPER_IRQHandler                        0x08000e87   Thumb Code     0  startup_stm32f10x_hd.o(.text)
    TIM1_BRK_IRQHandler                      0x08000e87   Thumb Code     0  startup_stm32f10x_hd.o(.text)
    TIM1_CC_IRQHandler                       0x08000e87   Thumb Code     0  startup_stm32f10x_hd.o(.text)
    TIM1_TRG_COM_IRQHandler                  0x08000e87   Thumb Code     0  startup_stm32f10x_hd.o(.text)
    TIM1_UP_IRQHandler                       0x08000e87   Thumb Code     0  startup_stm32f10x_hd.o(.text)
    TIM2_IRQHandler                          0x08000e87   Thumb Code     0  startup_stm32f10x_hd.o(.text)
    TIM5_IRQHandler                          0x08000e87   Thumb Code     0  startup_stm32f10x_hd.o(.text)
    TIM6_IRQHandler                          0x08000e87   Thumb Code     0  startup_stm32f10x_hd.o(.text)
    TIM7_IRQHandler                          0x08000e87   Thumb Code     0  startup_stm32f10x_hd.o(.text)
    TIM8_BRK_IRQHandler                      0x08000e87   Thumb Code     0  startup_stm32f10x_hd.o(.text)
    TIM8_CC_IRQHandler                       0x08000e87   Thumb Code     0  startup_stm32f10x_hd.o(.text)
    TIM8_TRG_COM_IRQHandler                  0x08000e87   Thumb Code     0  startup_stm32f10x_hd.o(.text)
    TIM8_UP_IRQHandler                       0x08000e87   Thumb Code     0  startup_stm32f10x_hd.o(.text)
    UART4_IRQHandler                         0x08000e87   Thumb Code     0  startup_stm32f10x_hd.o(.text)
    UART5_IRQHandler                         0x08000e87   Thumb Code     0  startup_stm32f10x_hd.o(.text)
    USART1_IRQHandler                        0x08000e87   Thumb Code     0  startup_stm32f10x_hd.o(.text)
    USART3_IRQHandler                        0x08000e87   Thumb Code     0  startup_stm32f10x_hd.o(.text)
    USBWakeUp_IRQHandler                     0x08000e87   Thumb Code     0  startup_stm32f10x_hd.o(.text)
    USB_HP_CAN1_TX_IRQHandler                0x08000e87   Thumb Code     0  startup_stm32f10x_hd.o(.text)
    USB_LP_CAN1_RX0_IRQHandler               0x08000e87   Thumb Code     0  startup_stm32f10x_hd.o(.text)
    WWDG_IRQHandler                          0x08000e87   Thumb Code     0  startup_stm32f10x_hd.o(.text)
    GPIO_DeInit                              0x08000e91   Thumb Code   172  stm32f10x_gpio.o(.text)
    GPIO_AFIODeInit                          0x08000f3d   Thumb Code    20  stm32f10x_gpio.o(.text)
    GPIO_Init                                0x08000f51   Thumb Code   274  stm32f10x_gpio.o(.text)
    GPIO_StructInit                          0x08001063   Thumb Code    16  stm32f10x_gpio.o(.text)
    GPIO_ReadInputDataBit                    0x08001073   Thumb Code    18  stm32f10x_gpio.o(.text)
    GPIO_ReadInputData                       0x08001085   Thumb Code     8  stm32f10x_gpio.o(.text)
    GPIO_ReadOutputDataBit                   0x0800108d   Thumb Code    18  stm32f10x_gpio.o(.text)
    GPIO_ReadOutputData                      0x0800109f   Thumb Code     8  stm32f10x_gpio.o(.text)
    GPIO_SetBits                             0x080010a7   Thumb Code     4  stm32f10x_gpio.o(.text)
    GPIO_ResetBits                           0x080010ab   Thumb Code     4  stm32f10x_gpio.o(.text)
    GPIO_WriteBit                            0x080010af   Thumb Code    10  stm32f10x_gpio.o(.text)
    GPIO_Write                               0x080010b9   Thumb Code     4  stm32f10x_gpio.o(.text)
    GPIO_PinLockConfig                       0x080010bd   Thumb Code    18  stm32f10x_gpio.o(.text)
    GPIO_EventOutputConfig                   0x080010cf   Thumb Code    26  stm32f10x_gpio.o(.text)
    GPIO_EventOutputCmd                      0x080010e9   Thumb Code     6  stm32f10x_gpio.o(.text)
    GPIO_PinRemapConfig                      0x080010ef   Thumb Code   138  stm32f10x_gpio.o(.text)
    GPIO_EXTILineConfig                      0x08001179   Thumb Code    66  stm32f10x_gpio.o(.text)
    GPIO_ETH_MediaInterfaceConfig            0x080011bb   Thumb Code     6  stm32f10x_gpio.o(.text)
    RCC_DeInit                               0x080011e9   Thumb Code    64  stm32f10x_rcc.o(.text)
    RCC_HSEConfig                            0x08001229   Thumb Code    70  stm32f10x_rcc.o(.text)
    RCC_GetFlagStatus                        0x0800126f   Thumb Code    56  stm32f10x_rcc.o(.text)
    RCC_WaitForHSEStartUp                    0x080012a7   Thumb Code    56  stm32f10x_rcc.o(.text)
    RCC_AdjustHSICalibrationValue            0x080012df   Thumb Code    20  stm32f10x_rcc.o(.text)
    RCC_HSICmd                               0x080012f3   Thumb Code     6  stm32f10x_rcc.o(.text)
    RCC_PLLConfig                            0x080012f9   Thumb Code    24  stm32f10x_rcc.o(.text)
    RCC_PLLCmd                               0x08001311   Thumb Code     6  stm32f10x_rcc.o(.text)
    RCC_SYSCLKConfig                         0x08001317   Thumb Code    18  stm32f10x_rcc.o(.text)
    RCC_GetSYSCLKSource                      0x08001329   Thumb Code    10  stm32f10x_rcc.o(.text)
    RCC_HCLKConfig                           0x08001333   Thumb Code    18  stm32f10x_rcc.o(.text)
    RCC_PCLK1Config                          0x08001345   Thumb Code    18  stm32f10x_rcc.o(.text)
    RCC_PCLK2Config                          0x08001357   Thumb Code    20  stm32f10x_rcc.o(.text)
    RCC_ITConfig                             0x0800136b   Thumb Code    26  stm32f10x_rcc.o(.text)
    RCC_USBCLKConfig                         0x08001385   Thumb Code     6  stm32f10x_rcc.o(.text)
    RCC_ADCCLKConfig                         0x0800138b   Thumb Code    18  stm32f10x_rcc.o(.text)
    RCC_LSEConfig                            0x0800139d   Thumb Code    44  stm32f10x_rcc.o(.text)
    RCC_LSICmd                               0x080013c9   Thumb Code     6  stm32f10x_rcc.o(.text)
    RCC_RTCCLKConfig                         0x080013cf   Thumb Code    12  stm32f10x_rcc.o(.text)
    RCC_RTCCLKCmd                            0x080013db   Thumb Code     8  stm32f10x_rcc.o(.text)
    RCC_GetClocksFreq                        0x080013e3   Thumb Code   192  stm32f10x_rcc.o(.text)
    RCC_AHBPeriphClockCmd                    0x080014a3   Thumb Code    26  stm32f10x_rcc.o(.text)
    RCC_APB2PeriphClockCmd                   0x080014bd   Thumb Code    26  stm32f10x_rcc.o(.text)
    RCC_APB1PeriphClockCmd                   0x080014d7   Thumb Code    26  stm32f10x_rcc.o(.text)
    RCC_APB2PeriphResetCmd                   0x080014f1   Thumb Code    26  stm32f10x_rcc.o(.text)
    RCC_APB1PeriphResetCmd                   0x0800150b   Thumb Code    26  stm32f10x_rcc.o(.text)
    RCC_BackupResetCmd                       0x08001525   Thumb Code     8  stm32f10x_rcc.o(.text)
    RCC_ClockSecuritySystemCmd               0x0800152d   Thumb Code     6  stm32f10x_rcc.o(.text)
    RCC_MCOConfig                            0x08001533   Thumb Code     6  stm32f10x_rcc.o(.text)
    RCC_ClearFlag                            0x08001539   Thumb Code    14  stm32f10x_rcc.o(.text)
    RCC_GetITStatus                          0x08001547   Thumb Code    20  stm32f10x_rcc.o(.text)
    RCC_ClearITPendingBit                    0x0800155b   Thumb Code     6  stm32f10x_rcc.o(.text)
    USART_DeInit                             0x0800158d   Thumb Code   134  stm32f10x_usart.o(.text)
    USART_Init                               0x08001613   Thumb Code   210  stm32f10x_usart.o(.text)
    USART_StructInit                         0x080016e5   Thumb Code    24  stm32f10x_usart.o(.text)
    USART_ClockInit                          0x080016fd   Thumb Code    34  stm32f10x_usart.o(.text)
    USART_ClockStructInit                    0x0800171f   Thumb Code    12  stm32f10x_usart.o(.text)
    USART_Cmd                                0x0800172b   Thumb Code    24  stm32f10x_usart.o(.text)
    USART_ITConfig                           0x08001743   Thumb Code    74  stm32f10x_usart.o(.text)
    USART_DMACmd                             0x0800178d   Thumb Code    18  stm32f10x_usart.o(.text)
    USART_SetAddress                         0x0800179f   Thumb Code    18  stm32f10x_usart.o(.text)
    USART_WakeUpConfig                       0x080017b1   Thumb Code    18  stm32f10x_usart.o(.text)
    USART_ReceiverWakeUpCmd                  0x080017c3   Thumb Code    24  stm32f10x_usart.o(.text)
    USART_LINBreakDetectLengthConfig         0x080017db   Thumb Code    18  stm32f10x_usart.o(.text)
    USART_LINCmd                             0x080017ed   Thumb Code    24  stm32f10x_usart.o(.text)
    USART_SendData                           0x08001805   Thumb Code     8  stm32f10x_usart.o(.text)
    USART_ReceiveData                        0x0800180d   Thumb Code    10  stm32f10x_usart.o(.text)
    USART_SendBreak                          0x08001817   Thumb Code    10  stm32f10x_usart.o(.text)
    USART_SetGuardTime                       0x08001821   Thumb Code    16  stm32f10x_usart.o(.text)
    USART_SetPrescaler                       0x08001831   Thumb Code    16  stm32f10x_usart.o(.text)
    USART_SmartCardCmd                       0x08001841   Thumb Code    24  stm32f10x_usart.o(.text)
    USART_SmartCardNACKCmd                   0x08001859   Thumb Code    24  stm32f10x_usart.o(.text)
    USART_HalfDuplexCmd                      0x08001871   Thumb Code    24  stm32f10x_usart.o(.text)
    USART_OverSampling8Cmd                   0x08001889   Thumb Code    22  stm32f10x_usart.o(.text)
    USART_OneBitMethodCmd                    0x0800189f   Thumb Code    24  stm32f10x_usart.o(.text)
    USART_IrDAConfig                         0x080018b7   Thumb Code    18  stm32f10x_usart.o(.text)
    USART_IrDACmd                            0x080018c9   Thumb Code    24  stm32f10x_usart.o(.text)
    USART_GetFlagStatus                      0x080018e1   Thumb Code    26  stm32f10x_usart.o(.text)
    USART_ClearFlag                          0x080018fb   Thumb Code    18  stm32f10x_usart.o(.text)
    USART_GetITStatus                        0x0800190d   Thumb Code    84  stm32f10x_usart.o(.text)
    USART_ClearITPendingBit                  0x08001961   Thumb Code    52  stm32f10x_usart.o(.text)
    NVIC_PriorityGroupConfig                 0x08001995   Thumb Code    10  misc.o(.text)
    NVIC_Init                                0x0800199f   Thumb Code   102  misc.o(.text)
    NVIC_SetVectorTable                      0x08001a05   Thumb Code    14  misc.o(.text)
    NVIC_SystemLPConfig                      0x08001a13   Thumb Code    34  misc.o(.text)
    SysTick_CLKSourceConfig                  0x08001a35   Thumb Code    40  misc.o(.text)
    TIM_DeInit                               0x08001a71   Thumb Code   424  stm32f10x_tim.o(.text)
    TIM_TimeBaseInit                         0x08001c19   Thumb Code   122  stm32f10x_tim.o(.text)
    TIM_OC1Init                              0x08001c93   Thumb Code   132  stm32f10x_tim.o(.text)
    TIM_OC2Init                              0x08001d17   Thumb Code   154  stm32f10x_tim.o(.text)
    TIM_OC3Init                              0x08001db1   Thumb Code   150  stm32f10x_tim.o(.text)
    TIM_OC4Init                              0x08001e47   Thumb Code   182  stm32f10x_tim.o(.text)
    TIM_SetIC4Prescaler                      0x08001efd   Thumb Code    26  stm32f10x_tim.o(.text)
    TIM_SetIC3Prescaler                      0x08001f99   Thumb Code    18  stm32f10x_tim.o(.text)
    TIM_SetIC2Prescaler                      0x08002025   Thumb Code    26  stm32f10x_tim.o(.text)
    TIM_SetIC1Prescaler                      0x080020c1   Thumb Code    18  stm32f10x_tim.o(.text)
    TIM_ICInit                               0x0800213f   Thumb Code   150  stm32f10x_tim.o(.text)
    TIM_PWMIConfig                           0x080021d5   Thumb Code   124  stm32f10x_tim.o(.text)
    TIM_BDTRConfig                           0x08002251   Thumb Code    32  stm32f10x_tim.o(.text)
    TIM_TimeBaseStructInit                   0x08002271   Thumb Code    18  stm32f10x_tim.o(.text)
    TIM_OCStructInit                         0x08002283   Thumb Code    20  stm32f10x_tim.o(.text)
    TIM_ICStructInit                         0x08002297   Thumb Code    18  stm32f10x_tim.o(.text)
    TIM_BDTRStructInit                       0x080022a9   Thumb Code    40  stm32f10x_tim.o(.text)
    TIM_Cmd                                  0x080022d1   Thumb Code    24  stm32f10x_tim.o(.text)
    TIM_CtrlPWMOutputs                       0x080022e9   Thumb Code    30  stm32f10x_tim.o(.text)
    TIM_ITConfig                             0x08002307   Thumb Code    18  stm32f10x_tim.o(.text)
    TIM_GenerateEvent                        0x08002319   Thumb Code     4  stm32f10x_tim.o(.text)
    TIM_DMAConfig                            0x0800231d   Thumb Code    10  stm32f10x_tim.o(.text)
    TIM_DMACmd                               0x08002327   Thumb Code    18  stm32f10x_tim.o(.text)
    TIM_InternalClockConfig                  0x08002339   Thumb Code    12  stm32f10x_tim.o(.text)
    TIM_SelectInputTrigger                   0x08002345   Thumb Code    18  stm32f10x_tim.o(.text)
    TIM_ITRxExternalClockConfig              0x08002357   Thumb Code    24  stm32f10x_tim.o(.text)
    TIM_TIxExternalClockConfig               0x0800236f   Thumb Code    62  stm32f10x_tim.o(.text)
    TIM_ETRConfig                            0x080023ad   Thumb Code    28  stm32f10x_tim.o(.text)
    TIM_ETRClockMode1Config                  0x080023c9   Thumb Code    54  stm32f10x_tim.o(.text)
    TIM_ETRClockMode2Config                  0x080023ff   Thumb Code    32  stm32f10x_tim.o(.text)
    TIM_PrescalerConfig                      0x0800241f   Thumb Code     6  stm32f10x_tim.o(.text)
    TIM_CounterModeConfig                    0x08002425   Thumb Code    18  stm32f10x_tim.o(.text)
    TIM_EncoderInterfaceConfig               0x08002437   Thumb Code    66  stm32f10x_tim.o(.text)
    TIM_ForcedOC1Config                      0x08002479   Thumb Code    18  stm32f10x_tim.o(.text)
    TIM_ForcedOC2Config                      0x0800248b   Thumb Code    26  stm32f10x_tim.o(.text)
    TIM_ForcedOC3Config                      0x080024a5   Thumb Code    18  stm32f10x_tim.o(.text)
    TIM_ForcedOC4Config                      0x080024b7   Thumb Code    26  stm32f10x_tim.o(.text)
    TIM_ARRPreloadConfig                     0x080024d1   Thumb Code    24  stm32f10x_tim.o(.text)
    TIM_SelectCOM                            0x080024e9   Thumb Code    24  stm32f10x_tim.o(.text)
    TIM_SelectCCDMA                          0x08002501   Thumb Code    24  stm32f10x_tim.o(.text)
    TIM_CCPreloadControl                     0x08002519   Thumb Code    24  stm32f10x_tim.o(.text)
    TIM_OC1PreloadConfig                     0x08002531   Thumb Code    18  stm32f10x_tim.o(.text)
    TIM_OC2PreloadConfig                     0x08002543   Thumb Code    26  stm32f10x_tim.o(.text)
    TIM_OC3PreloadConfig                     0x0800255d   Thumb Code    18  stm32f10x_tim.o(.text)
    TIM_OC4PreloadConfig                     0x0800256f   Thumb Code    26  stm32f10x_tim.o(.text)
    TIM_OC1FastConfig                        0x08002589   Thumb Code    18  stm32f10x_tim.o(.text)
    TIM_OC2FastConfig                        0x0800259b   Thumb Code    26  stm32f10x_tim.o(.text)
    TIM_OC3FastConfig                        0x080025b5   Thumb Code    18  stm32f10x_tim.o(.text)
    TIM_OC4FastConfig                        0x080025c7   Thumb Code    26  stm32f10x_tim.o(.text)
    TIM_ClearOC1Ref                          0x080025e1   Thumb Code    18  stm32f10x_tim.o(.text)
    TIM_ClearOC2Ref                          0x080025f3   Thumb Code    24  stm32f10x_tim.o(.text)
    TIM_ClearOC3Ref                          0x0800260b   Thumb Code    18  stm32f10x_tim.o(.text)
    TIM_ClearOC4Ref                          0x0800261d   Thumb Code    24  stm32f10x_tim.o(.text)
    TIM_OC1PolarityConfig                    0x08002635   Thumb Code    18  stm32f10x_tim.o(.text)
    TIM_OC1NPolarityConfig                   0x08002647   Thumb Code    18  stm32f10x_tim.o(.text)
    TIM_OC2PolarityConfig                    0x08002659   Thumb Code    26  stm32f10x_tim.o(.text)
    TIM_OC2NPolarityConfig                   0x08002673   Thumb Code    26  stm32f10x_tim.o(.text)
    TIM_OC3PolarityConfig                    0x0800268d   Thumb Code    26  stm32f10x_tim.o(.text)
    TIM_OC3NPolarityConfig                   0x080026a7   Thumb Code    26  stm32f10x_tim.o(.text)
    TIM_OC4PolarityConfig                    0x080026c1   Thumb Code    26  stm32f10x_tim.o(.text)
    TIM_CCxCmd                               0x080026db   Thumb Code    30  stm32f10x_tim.o(.text)
    TIM_CCxNCmd                              0x080026f9   Thumb Code    30  stm32f10x_tim.o(.text)
    TIM_SelectOCxM                           0x08002717   Thumb Code    82  stm32f10x_tim.o(.text)
    TIM_UpdateDisableConfig                  0x08002769   Thumb Code    24  stm32f10x_tim.o(.text)
    TIM_UpdateRequestConfig                  0x08002781   Thumb Code    24  stm32f10x_tim.o(.text)
    TIM_SelectHallSensor                     0x08002799   Thumb Code    24  stm32f10x_tim.o(.text)
    TIM_SelectOnePulseMode                   0x080027b1   Thumb Code    18  stm32f10x_tim.o(.text)
    TIM_SelectOutputTrigger                  0x080027c3   Thumb Code    18  stm32f10x_tim.o(.text)
    TIM_SelectSlaveMode                      0x080027d5   Thumb Code    18  stm32f10x_tim.o(.text)
    TIM_SelectMasterSlaveMode                0x080027e7   Thumb Code    18  stm32f10x_tim.o(.text)
    TIM_SetCounter                           0x080027f9   Thumb Code     4  stm32f10x_tim.o(.text)
    TIM_SetAutoreload                        0x080027fd   Thumb Code     4  stm32f10x_tim.o(.text)
    TIM_SetCompare1                          0x08002801   Thumb Code     4  stm32f10x_tim.o(.text)
    TIM_SetCompare2                          0x08002805   Thumb Code     4  stm32f10x_tim.o(.text)
    TIM_SetCompare3                          0x08002809   Thumb Code     4  stm32f10x_tim.o(.text)
    TIM_SetCompare4                          0x0800280d   Thumb Code     6  stm32f10x_tim.o(.text)
    TIM_SetClockDivision                     0x08002813   Thumb Code    18  stm32f10x_tim.o(.text)
    TIM_GetCapture1                          0x08002825   Thumb Code     6  stm32f10x_tim.o(.text)
    TIM_GetCapture2                          0x0800282b   Thumb Code     6  stm32f10x_tim.o(.text)
    TIM_GetCapture3                          0x08002831   Thumb Code     6  stm32f10x_tim.o(.text)
    TIM_GetCapture4                          0x08002837   Thumb Code     8  stm32f10x_tim.o(.text)
    TIM_GetCounter                           0x0800283f   Thumb Code     6  stm32f10x_tim.o(.text)
    TIM_GetPrescaler                         0x08002845   Thumb Code     6  stm32f10x_tim.o(.text)
    TIM_GetFlagStatus                        0x0800284b   Thumb Code    18  stm32f10x_tim.o(.text)
    TIM_ClearFlag                            0x0800285d   Thumb Code     6  stm32f10x_tim.o(.text)
    TIM_GetITStatus                          0x08002863   Thumb Code    34  stm32f10x_tim.o(.text)
    TIM_ClearITPendingBit                    0x08002885   Thumb Code     6  stm32f10x_tim.o(.text)
    ADC_DeInit                               0x0800288d   Thumb Code    78  stm32f10x_adc.o(.text)
    ADC_Init                                 0x080028db   Thumb Code    70  stm32f10x_adc.o(.text)
    ADC_StructInit                           0x08002921   Thumb Code    18  stm32f10x_adc.o(.text)
    ADC_Cmd                                  0x08002933   Thumb Code    22  stm32f10x_adc.o(.text)
    ADC_DMACmd                               0x08002949   Thumb Code    22  stm32f10x_adc.o(.text)
    ADC_ITConfig                             0x0800295f   Thumb Code    24  stm32f10x_adc.o(.text)
    ADC_ResetCalibration                     0x08002977   Thumb Code    10  stm32f10x_adc.o(.text)
    ADC_GetResetCalibrationStatus            0x08002981   Thumb Code    20  stm32f10x_adc.o(.text)
    ADC_StartCalibration                     0x08002995   Thumb Code    10  stm32f10x_adc.o(.text)
    ADC_GetCalibrationStatus                 0x0800299f   Thumb Code    20  stm32f10x_adc.o(.text)
    ADC_SoftwareStartConvCmd                 0x080029b3   Thumb Code    22  stm32f10x_adc.o(.text)
    ADC_GetSoftwareStartConvStatus           0x080029c9   Thumb Code    20  stm32f10x_adc.o(.text)
    ADC_DiscModeChannelCountConfig           0x080029dd   Thumb Code    24  stm32f10x_adc.o(.text)
    ADC_DiscModeCmd                          0x080029f5   Thumb Code    22  stm32f10x_adc.o(.text)
    ADC_RegularChannelConfig                 0x08002a0b   Thumb Code   184  stm32f10x_adc.o(.text)
    ADC_ExternalTrigConvCmd                  0x08002ac3   Thumb Code    22  stm32f10x_adc.o(.text)
    ADC_GetConversionValue                   0x08002ad9   Thumb Code     8  stm32f10x_adc.o(.text)
    ADC_GetDualModeConversionValue           0x08002ae1   Thumb Code     8  stm32f10x_adc.o(.text)
    ADC_AutoInjectedConvCmd                  0x08002ae9   Thumb Code    22  stm32f10x_adc.o(.text)
    ADC_InjectedDiscModeCmd                  0x08002aff   Thumb Code    22  stm32f10x_adc.o(.text)
    ADC_ExternalTrigInjectedConvConfig       0x08002b15   Thumb Code    16  stm32f10x_adc.o(.text)
    ADC_ExternalTrigInjectedConvCmd          0x08002b25   Thumb Code    22  stm32f10x_adc.o(.text)
    ADC_SoftwareStartInjectedConvCmd         0x08002b3b   Thumb Code    22  stm32f10x_adc.o(.text)
    ADC_GetSoftwareStartInjectedConvCmdStatus 0x08002b51   Thumb Code    20  stm32f10x_adc.o(.text)
    ADC_InjectedChannelConfig                0x08002b65   Thumb Code   130  stm32f10x_adc.o(.text)
    ADC_InjectedSequencerLengthConfig        0x08002be7   Thumb Code    24  stm32f10x_adc.o(.text)
    ADC_SetInjectedOffset                    0x08002bff   Thumb Code    20  stm32f10x_adc.o(.text)
    ADC_GetInjectedConversionValue           0x08002c13   Thumb Code    28  stm32f10x_adc.o(.text)
    ADC_AnalogWatchdogCmd                    0x08002c2f   Thumb Code    16  stm32f10x_adc.o(.text)
    ADC_AnalogWatchdogThresholdsConfig       0x08002c3f   Thumb Code     6  stm32f10x_adc.o(.text)
    ADC_AnalogWatchdogSingleChannelConfig    0x08002c45   Thumb Code    16  stm32f10x_adc.o(.text)
    ADC_TempSensorVrefintCmd                 0x08002c55   Thumb Code    64  stm32f10x_adc.o(.text)
    ADC_GetFlagStatus                        0x08002c95   Thumb Code    18  stm32f10x_adc.o(.text)
    ADC_ClearFlag                            0x08002ca7   Thumb Code     6  stm32f10x_adc.o(.text)
    ADC_GetITStatus                          0x08002cad   Thumb Code    36  stm32f10x_adc.o(.text)
    ADC_ClearITPendingBit                    0x08002cd1   Thumb Code    10  stm32f10x_adc.o(.text)
    DMA_DeInit                               0x08002cdd   Thumb Code   324  stm32f10x_dma.o(.text)
    DMA_Init                                 0x08002e21   Thumb Code    60  stm32f10x_dma.o(.text)
    DMA_StructInit                           0x08002e5d   Thumb Code    26  stm32f10x_dma.o(.text)
    DMA_Cmd                                  0x08002e77   Thumb Code    24  stm32f10x_dma.o(.text)
    DMA_ITConfig                             0x08002e8f   Thumb Code    18  stm32f10x_dma.o(.text)
    DMA_SetCurrDataCounter                   0x08002ea1   Thumb Code     4  stm32f10x_dma.o(.text)
    DMA_GetCurrDataCounter                   0x08002ea5   Thumb Code     8  stm32f10x_dma.o(.text)
    DMA_GetFlagStatus                        0x08002ead   Thumb Code    38  stm32f10x_dma.o(.text)
    DMA_ClearFlag                            0x08002ed3   Thumb Code    22  stm32f10x_dma.o(.text)
    DMA_GetITStatus                          0x08002ee9   Thumb Code    38  stm32f10x_dma.o(.text)
    DMA_ClearITPendingBit                    0x08002f0f   Thumb Code    22  stm32f10x_dma.o(.text)
    FLASH_SetLatency                         0x08002f2d   Thumb Code    18  stm32f10x_flash.o(.text)
    FLASH_HalfCycleAccessCmd                 0x08002f3f   Thumb Code    22  stm32f10x_flash.o(.text)
    FLASH_PrefetchBufferCmd                  0x08002f55   Thumb Code    22  stm32f10x_flash.o(.text)
    FLASH_Unlock                             0x08002f6b   Thumb Code    12  stm32f10x_flash.o(.text)
    FLASH_UnlockBank1                        0x08002f77   Thumb Code    12  stm32f10x_flash.o(.text)
    FLASH_Lock                               0x08002f83   Thumb Code    14  stm32f10x_flash.o(.text)
    FLASH_LockBank1                          0x08002f91   Thumb Code    14  stm32f10x_flash.o(.text)
    FLASH_GetBank1Status                     0x08002f9f   Thumb Code    48  stm32f10x_flash.o(.text)
    FLASH_WaitForLastOperation               0x08002fcf   Thumb Code    38  stm32f10x_flash.o(.text)
    FLASH_ErasePage                          0x08002ff5   Thumb Code    72  stm32f10x_flash.o(.text)
    FLASH_EraseAllPages                      0x0800303d   Thumb Code    68  stm32f10x_flash.o(.text)
    FLASH_WaitForLastBank1Operation          0x08003081   Thumb Code    38  stm32f10x_flash.o(.text)
    FLASH_EraseAllBank1Pages                 0x080030a7   Thumb Code    68  stm32f10x_flash.o(.text)
    FLASH_GetReadOutProtectionStatus         0x080030eb   Thumb Code    20  stm32f10x_flash.o(.text)
    FLASH_EraseOptionBytes                   0x080030ff   Thumb Code   150  stm32f10x_flash.o(.text)
    FLASH_ProgramWord                        0x08003195   Thumb Code   102  stm32f10x_flash.o(.text)
    FLASH_ProgramHalfWord                    0x080031fb   Thumb Code    60  stm32f10x_flash.o(.text)
    FLASH_ProgramOptionByteData              0x08003237   Thumb Code    72  stm32f10x_flash.o(.text)
    FLASH_EnableWriteProtection              0x0800327f   Thumb Code   200  stm32f10x_flash.o(.text)
    FLASH_ReadOutProtection                  0x08003347   Thumb Code   156  stm32f10x_flash.o(.text)
    FLASH_UserOptionByteConfig               0x080033e3   Thumb Code    88  stm32f10x_flash.o(.text)
    FLASH_GetUserOptionByte                  0x0800343b   Thumb Code     8  stm32f10x_flash.o(.text)
    FLASH_GetWriteProtectionOptionByte       0x08003443   Thumb Code     6  stm32f10x_flash.o(.text)
    FLASH_GetPrefetchBufferStatus            0x08003449   Thumb Code    20  stm32f10x_flash.o(.text)
    FLASH_ITConfig                           0x0800345d   Thumb Code    26  stm32f10x_flash.o(.text)
    FLASH_GetFlagStatus                      0x08003477   Thumb Code    42  stm32f10x_flash.o(.text)
    FLASH_ClearFlag                          0x080034a1   Thumb Code     6  stm32f10x_flash.o(.text)
    FLASH_GetStatus                          0x080034a7   Thumb Code    48  stm32f10x_flash.o(.text)
    usmart_sys_cmd_exe                       0x080034e9   Thumb Code  1554  usmart.o(.text)
    usmart_reset_runtime                     0x08003afb   Thumb Code    38  usmart.o(.text)
    usmart_get_runtime                       0x08003b21   Thumb Code    56  usmart.o(.text)
    TIM4_IRQHandler                          0x08003b59   Thumb Code    50  usmart.o(.text)
    Timer4_Init                              0x08003b8b   Thumb Code    94  usmart.o(.text)
    usmart_init                              0x08003be9   Thumb Code    36  usmart.o(.text)
    usmart_cmd_rec                           0x08003c0d   Thumb Code   170  usmart.o(.text)
    usmart_exe                               0x08003cb7   Thumb Code   674  usmart.o(.text)
    usmart_scan                              0x08003f59   Thumb Code   120  usmart.o(.text)
    read_addr                                0x08003fd1   Thumb Code     6  usmart.o(.text)
    write_addr                               0x08003fd7   Thumb Code     4  usmart.o(.text)
    usmart_strcmp                            0x08004041   Thumb Code    34  usmart_str.o(.text)
    usmart_strcopy                           0x08004063   Thumb Code    22  usmart_str.o(.text)
    usmart_strlen                            0x08004079   Thumb Code    24  usmart_str.o(.text)
    usmart_pow                               0x08004091   Thumb Code    22  usmart_str.o(.text)
    usmart_str2num                           0x080040a7   Thumb Code   202  usmart_str.o(.text)
    usmart_get_cmdname                       0x08004171   Thumb Code    54  usmart_str.o(.text)
    usmart_search_nextc                      0x080041a7   Thumb Code    22  usmart_str.o(.text)
    usmart_get_fname                         0x080041bd   Thumb Code   440  usmart_str.o(.text)
    usmart_get_aparm                         0x08004375   Thumb Code   200  usmart_str.o(.text)
    usmart_get_parmpos                       0x0800443d   Thumb Code    26  usmart_str.o(.text)
    usmart_get_fparam                        0x08004457   Thumb Code   262  usmart_str.o(.text)
    mymemcpy                                 0x08004569   Thumb Code    26  malloc.o(.text)
    mymemset                                 0x08004583   Thumb Code    20  malloc.o(.text)
    mem_init                                 0x08004597   Thumb Code    54  malloc.o(.text)
    mem_perused                              0x080045cd   Thumb Code    54  malloc.o(.text)
    mem_malloc                               0x08004603   Thumb Code   162  malloc.o(.text)
    mem_free                                 0x080046a5   Thumb Code    94  malloc.o(.text)
    myfree                                   0x08004703   Thumb Code    32  malloc.o(.text)
    mymalloc                                 0x08004723   Thumb Code    34  malloc.o(.text)
    myrealloc                                0x08004745   Thumb Code    66  malloc.o(.text)
    collection_data                          0x080047d9   Thumb Code    60  fricker.o(.text)
    Flicker_init                             0x08004815   Thumb Code    22  fricker.o(.text)
    RMS_percent                              0x0800482b   Thumb Code   238  fricker.o(.text)
    get_jeita_db                             0x08004919   Thumb Code   366  fricker.o(.text)
    clear_samplingdata                       0x08004a87   Thumb Code     8  fricker.o(.text)
    FlickerMeter                             0x08004a8f   Thumb Code    36  fricker.o(.text)
    SDA_OUT                                  0x08004af5   Thumb Code    24  myiic.o(.text)
    IIC_Buscheck                             0x08004b0d   Thumb Code   112  myiic.o(.text)
    IIC_Stop                                 0x08004b7d   Thumb Code    62  myiic.o(.text)
    IIC_Send_Byte                            0x08004bbb   Thumb Code    80  myiic.o(.text)
    IIC_Init                                 0x08004c0b   Thumb Code    62  myiic.o(.text)
    SDA_IN                                   0x08004c49   Thumb Code    24  myiic.o(.text)
    IIC_Start                                0x08004c61   Thumb Code    54  myiic.o(.text)
    IIC_Scl                                  0x08004c97   Thumb Code    30  myiic.o(.text)
    IIC_Wait_Ack                             0x08004cb5   Thumb Code    68  myiic.o(.text)
    IIC_Sda                                  0x08004cf9   Thumb Code    32  myiic.o(.text)
    i2c1_write_u8                            0x08004d19   Thumb Code    84  myiic.o(.text)
    i2c1_start                               0x08004d6d   Thumb Code    26  myiic.o(.text)
    IIC_NAck                                 0x08004d87   Thumb Code    40  myiic.o(.text)
    IIC_Ack                                  0x08004daf   Thumb Code    50  myiic.o(.text)
    i2c1_init                                0x08004de1   Thumb Code     8  myiic.o(.text)
    IIC_Read_Byte                            0x08004de9   Thumb Code    74  myiic.o(.text)
    IIC_Read_Byte_no_ack                     0x08004e33   Thumb Code    84  myiic.o(.text)
    i2c1_stop                                0x08004e87   Thumb Code    52  myiic.o(.text)
    i2c1_start_repeat                        0x08004ebb   Thumb Code    12  myiic.o(.text)
    iic_read_byte                            0x08004ec7   Thumb Code   196  myiic.o(.text)
    i2c1_read_u8                             0x08004f8b   Thumb Code   112  myiic.o(.text)
    i2c1_read_data                           0x08004ffb   Thumb Code    58  myiic.o(.text)
    i2c1_Detect                              0x08005035   Thumb Code    58  myiic.o(.text)
    i2c_tx_bit                               0x080050e5   Thumb Code    76  i2c1_bitbang.o(.text)
    i2c_rx_bit                               0x08005131   Thumb Code    50  i2c1_bitbang.o(.text)
    i2c11__anti_death                        0x08005163   Thumb Code    46  i2c1_bitbang.o(.text)
    i2c11__init                              0x08005191   Thumb Code    72  i2c1_bitbang.o(.text)
    i2c11__start                             0x080051d9   Thumb Code    70  i2c1_bitbang.o(.text)
    i2c11__send_start                        0x0800521f   Thumb Code    64  i2c1_bitbang.o(.text)
    i2c11__start_repeat                      0x0800525f   Thumb Code    34  i2c1_bitbang.o(.text)
    i2c11__stop                              0x08005281   Thumb Code    64  i2c1_bitbang.o(.text)
    i2c11__write_u8                          0x080052c1   Thumb Code    70  i2c1_bitbang.o(.text)
    i2c11__read_u8                           0x08005307   Thumb Code    58  i2c1_bitbang.o(.text)
    i2c11__write_data                        0x08005341   Thumb Code    34  i2c1_bitbang.o(.text)
    i2c11__read_data                         0x08005363   Thumb Code    58  i2c1_bitbang.o(.text)
    TL35825_Write                            0x080053a5   Thumb Code    58  lt35825.o(.text)
    TL35825_Read                             0x080053df   Thumb Code    58  lt35825.o(.text)
    Set_Voutp                                0x08005419   Thumb Code   218  lt35825.o(.text)
    Set_Voutn                                0x080054f3   Thumb Code   170  lt35825.o(.text)
    Voutp_Upfirst                            0x0800559d   Thumb Code    56  lt35825.o(.text)
    Voutn_Upfirst                            0x080055d5   Thumb Code    40  lt35825.o(.text)
    TL35825_reset                            0x080055fd   Thumb Code    12  lt35825.o(.text)
    TL35825_init                             0x08005609   Thumb Code    22  lt35825.o(.text)
    Voutn_UpBoth                             0x0800561f   Thumb Code    40  lt35825.o(.text)
    Vout_Off                                 0x08005647   Thumb Code    38  lt35825.o(.text)
    act8846_i2c_write                        0x080056f5   Thumb Code    80  act8846.o(.text)
    act8846_i2c_read                         0x08005745   Thumb Code   100  act8846.o(.text)
    act8846_set_bits                         0x080057a9   Thumb Code    60  act8846.o(.text)
    act8846_ldo_set_voltage                  0x080057e5   Thumb Code   100  act8846.o(.text)
    act8846_dcdc_set_voltage                 0x08005849   Thumb Code   128  act8846.o(.text)
    act8846_ldo_disable                      0x080058c9   Thumb Code    22  act8846.o(.text)
    act8846_dcdc_disable                     0x080058df   Thumb Code    22  act8846.o(.text)
    act8846_init                             0x080058f5   Thumb Code  1434  act8846.o(.text)
    act8846_ldo_enable                       0x08005e8f   Thumb Code    22  act8846.o(.text)
    act8846_dcdc_enable                      0x08005ea5   Thumb Code    22  act8846.o(.text)
    act8846_on                               0x08005ebb   Thumb Code    84  act8846.o(.text)
    act8846_off                              0x08005f0f   Thumb Code    84  act8846.o(.text)
    act8846_Read                             0x08005f63   Thumb Code    58  act8846.o(.text)
    act8846_Write                            0x08005f9d   Thumb Code    58  act8846.o(.text)
    act8846_ldo_is_enabled                   0x08005fd7   Thumb Code    54  act8846.o(.text)
    act8846_ldo_get_voltage                  0x0800600d   Thumb Code    64  act8846.o(.text)
    act8846_ldo_get_mode                     0x0800604d   Thumb Code    62  act8846.o(.text)
    act8846_ldo_set_mode                     0x0800608b   Thumb Code    62  act8846.o(.text)
    act8846_dcdc_is_enabled                  0x080060c9   Thumb Code    64  act8846.o(.text)
    act8846_dcdc_get_voltage                 0x08006109   Thumb Code    64  act8846.o(.text)
    act8846_dcdc_set_sleep_voltage           0x08006149   Thumb Code   112  act8846.o(.text)
    act8846_dcdc_get_mode                    0x080061b9   Thumb Code    62  act8846.o(.text)
    act8846_dcdc_set_mode                    0x080061f7   Thumb Code    64  act8846.o(.text)
    act8846_device_shutdown                  0x08006237   Thumb Code   254  act8846.o(.text)
    poweron                                  0x08006335   Thumb Code     2  act8846.o(.text)
    updateVled                               0x08006337   Thumb Code     2  act8846.o(.text)
    poweroff                                 0x08006339   Thumb Code     2  act8846.o(.text)
    PMU_GPIO_Config                          0x0800633d   Thumb Code   132  gpio_config.o(.text)
    VSP_VSN_GPIO_Config                      0x080063c1   Thumb Code    92  gpio_config.o(.text)
    OTP_GPIO_Config                          0x0800641d   Thumb Code    50  gpio_config.o(.text)
    BL_GPIO_Config                           0x0800644f   Thumb Code   156  gpio_config.o(.text)
    VA_Err_GPIO_Config                       0x080064eb   Thumb Code    46  gpio_config.o(.text)
    Usr_Led_GPIO_Config                      0x08006519   Thumb Code    46  gpio_config.o(.text)
    TPS22993_GPIO_Config                     0x08006547   Thumb Code    58  gpio_config.o(.text)
    RELAY_UA_GPIO_Config                     0x08006581   Thumb Code    46  gpio_config.o(.text)
    System_GPIO_Config                       0x080065af   Thumb Code    52  gpio_config.o(.text)
    Set_PMU_RST_IO                           0x080065e3   Thumb Code     6  gpio_config.o(.text)
    Set_PMU_PWREN_IO                         0x080065e9   Thumb Code     6  gpio_config.o(.text)
    ACT8846_DCDC_Switch                      0x080065ef   Thumb Code    24  gpio_config.o(.text)
    ACT8846_LDO_Switch                       0x08006607   Thumb Code    24  gpio_config.o(.text)
    TPS22993_Sel_Dev                         0x0800669b   Thumb Code    18  tps22993.o(.text)
    TPS22993_Set_Mode                        0x080066ad   Thumb Code    72  tps22993.o(.text)
    TPS22993_On                              0x080066f5   Thumb Code   106  tps22993.o(.text)
    TPS22993_Off                             0x0800675f   Thumb Code   106  tps22993.o(.text)
    TPS22993_Set_Fun                         0x080067c9   Thumb Code    42  tps22993.o(.text)
    TPS22993_Init                            0x080067f3   Thumb Code   190  tps22993.o(.text)
    TPS22993_Set_All_Mode                    0x080068b1   Thumb Code   154  tps22993.o(.text)
    LM36923_I2c_write                        0x0800695d   Thumb Code    86  lm36923.o(.text)
    TL36923_Read                             0x08006a27   Thumb Code    74  lm36923.o(.text)
    LM36923_Set_Mode                         0x08006a71   Thumb Code    28  lm36923.o(.text)
    LM36923_Reset                            0x08006a8d   Thumb Code    38  lm36923.o(.text)
    Setbit1                                  0x08006ab3   Thumb Code    14  lm36923.o(.text)
    Clearbit1                                0x08006ac1   Thumb Code    16  lm36923.o(.text)
    LM36923_On                               0x08006ad1   Thumb Code    34  lm36923.o(.text)
    LM36923_Off                              0x08006af3   Thumb Code    46  lm36923.o(.text)
    LM36923_AllOn                            0x08006b21   Thumb Code    12  lm36923.o(.text)
    LM36923_AllOff                           0x08006b2d   Thumb Code    12  lm36923.o(.text)
    LM36923_Set_Current                      0x08006b39   Thumb Code    26  lm36923.o(.text)
    LM36923_Init                             0x08006b53   Thumb Code   210  lm36923.o(.text)
    tps65132_i2c_write                       0x08006c9d   Thumb Code   120  tps65132.o(.text)
    tps65132_i2c_read                        0x08006d15   Thumb Code   180  tps65132.o(.text)
    tps65132_set_voltage                     0x08006dc9   Thumb Code   130  tps65132.o(.text)
    tps65132_set_mode                        0x08006e4b   Thumb Code    60  tps65132.o(.text)
    Tps65132_Init                            0x08006e87   Thumb Code    36  tps65132.o(.text)
    ad715_i2c_write                          0x08006fb5   Thumb Code    60  ad715.o(.text)
    Tps65651_test                            0x08006ff1   Thumb Code    22  ad715.o(.text)
    ad715_Init                               0x08007007   Thumb Code    10  ad715.o(.text)
    INA226_selectDevice                      0x08007019   Thumb Code    34  ina226.o(.text)
    INA226_writeRegister16                   0x0800703b   Thumb Code   142  ina226.o(.text)
    INA226_readRegister16                    0x080070c9   Thumb Code   186  ina226.o(.text)
    INA226_configure                         0x08007183   Thumb Code    64  ina226.o(.text)
    INA226_calibrate                         0x080071c3   Thumb Code   114  ina226.o(.text)
    INA226_getMaxPossibleCurrent             0x08007235   Thumb Code    16  ina226.o(.text)
    INA226_getMaxCurrent                     0x08007245   Thumb Code    52  ina226.o(.text)
    INA226_getMaxShuntVoltage                0x08007279   Thumb Code    42  ina226.o(.text)
    INA226_getMaxPower                       0x080072a3   Thumb Code    20  ina226.o(.text)
    INA226_readBusPower                      0x080072b7   Thumb Code    60  ina226.o(.text)
    INA226_readShuntCurrent                  0x080072f3   Thumb Code    60  ina226.o(.text)
    INA226_readShuntVoltage                  0x0800732f   Thumb Code    60  ina226.o(.text)
    INA226_readBusVoltage                    0x0800736b   Thumb Code    60  ina226.o(.text)
    INA226_getAverages                       0x080073a7   Thumb Code    36  ina226.o(.text)
    INA226_getBusConversionTime              0x080073cb   Thumb Code    36  ina226.o(.text)
    INA226_getShuntConversionTime            0x080073ef   Thumb Code   562  ina226.o(.text)
    INA226_getMode                           0x08007621   Thumb Code    28  ina226.o(.text)
    INA226_setMaskEnable                     0x0800763d   Thumb Code    14  ina226.o(.text)
    INA226_getMaskEnable                     0x0800764b   Thumb Code    18  ina226.o(.text)
    INA226_enableShuntOverLimitAlert         0x0800765d   Thumb Code    14  ina226.o(.text)
    INA226_enableShuntUnderLimitAlert        0x0800766b   Thumb Code    14  ina226.o(.text)
    INA226_enableBusOvertLimitAlert          0x08007679   Thumb Code    14  ina226.o(.text)
    INA226_enableBusUnderLimitAlert          0x08007687   Thumb Code    14  ina226.o(.text)
    INA226_enableOverPowerLimitAlert         0x08007695   Thumb Code    14  ina226.o(.text)
    INA226_enableConversionReadyAlert        0x080076a3   Thumb Code    14  ina226.o(.text)
    INA226_setBusVoltageLimit                0x080076b1   Thumb Code    44  ina226.o(.text)
    INA226_setShuntVoltageLimit              0x080076dd   Thumb Code    30  ina226.o(.text)
    INA226_setPowerLimit                     0x080076fb   Thumb Code    46  ina226.o(.text)
    INA226_setAlertInvertedPolarity          0x08007729   Thumb Code    30  ina226.o(.text)
    INA226_setAlertLatch                     0x08007747   Thumb Code    30  ina226.o(.text)
    INA226_isMathOverflow                    0x08007765   Thumb Code    12  ina226.o(.text)
    INA226_isAlert                           0x08007771   Thumb Code    12  ina226.o(.text)
    INA226_Volt                              0x0800778d   Thumb Code    88  voltcurrentproc.o(.text)
    Current_Volt                             0x080077e5   Thumb Code   124  voltcurrentproc.o(.text)
    LED_Init                                 0x0800788d   Thumb Code    46  parm.o(.text)
    Get_Volt_Val                             0x080078bb   Thumb Code    10  parm.o(.text)
    USARTxPinConfiguration                   0x080078cd   Thumb Code    96  uart.o(.text)
    USARTx_DMA_Rx_init                       0x0800792d   Thumb Code   138  uart.o(.text)
    USARTx_DMA_Tx_init                       0x080079b7   Thumb Code   124  uart.o(.text)
    USARTx_Rx_Init_FIFO                      0x08007a33   Thumb Code   116  uart.o(.text)
    USARTx_Rx_Get_FIFO_Status                0x08007aa7   Thumb Code    74  uart.o(.text)
    USARTx_Rx_GetFIFO_Status                 0x08007af1   Thumb Code    78  uart.o(.text)
    USARTx_Rx_Read_FIFO                      0x08007b3f   Thumb Code   128  uart.o(.text)
    USARTx_Rx_Read_NOTFIFO                   0x08007bbf   Thumb Code   138  uart.o(.text)
    USARTx_Configuration                     0x08007c49   Thumb Code   326  uart.o(.text)
    Get_Usartx_Config_Sts                    0x08007d8f   Thumb Code    16  uart.o(.text)
    Read_Uart                                0x08007d9f   Thumb Code   102  uart.o(.text)
    USART2_IRQHandler                        0x08007e05   Thumb Code   110  uart.o(.text)
    WriteUart                                0x08007e73   Thumb Code   166  uart.o(.text)
    fifo_datanum                             0x08007f19   Thumb Code    20  uart.o(.text)
    ReadUart                                 0x08007f2d   Thumb Code   102  uart.o(.text)
    USARTxSendUpdata                         0x08007f93   Thumb Code   190  uart.o(.text)
    InitUart                                 0x08008051   Thumb Code    50  uart.o(.text)
    USARTx_Timer_Proc                        0x08008083   Thumb Code    58  uart.o(.text)
    USARTx_Test                              0x080080bd   Thumb Code    38  uart.o(.text)
    InitUartRxCycQue                         0x08008129   Thumb Code    26  uartque.o(.text)
    ClearUartRxCycQue                        0x08008143   Thumb Code    30  uartque.o(.text)
    WriteUartRxCycQue                        0x08008161   Thumb Code    98  uartque.o(.text)
    ReadUartRxCycQue                         0x080081c3   Thumb Code    90  uartque.o(.text)
    CountUartRxCycQue                        0x0800821d   Thumb Code    20  uartque.o(.text)
    InitUartTxCycQue                         0x08008231   Thumb Code    26  uartque.o(.text)
    ClearUartTxCycQue                        0x0800824b   Thumb Code    30  uartque.o(.text)
    WriteUartTxCycQue                        0x08008269   Thumb Code    98  uartque.o(.text)
    ReadUartTxCycQue                         0x080082cb   Thumb Code    90  uartque.o(.text)
    CountUartTxCycQue                        0x08008325   Thumb Code    20  uartque.o(.text)
    Int2Str                                  0x08008351   Thumb Code    84  common.o(.text)
    Str2Int                                  0x080083a5   Thumb Code   260  common.o(.text)
    SerialPutChar                            0x080084a9   Thumb Code    28  common.o(.text)
    Serial_PutString                         0x080084c5   Thumb Code    22  common.o(.text)
    SerialKeyPressed                         0x080084db   Thumb Code    42  common.o(.text)
    GetKey                                   0x08008505   Thumb Code    28  common.o(.text)
    GetInputString                           0x08008521   Thumb Code    90  common.o(.text)
    GetIntegerInput                          0x0800857b   Thumb Code    80  common.o(.text)
    FLASH_PagesMask                          0x080085cb   Thumb Code    24  common.o(.text)
    FLASH_DisableWriteProtectionPages        0x080085e3   Thumb Code   196  common.o(.text)
    Main_Menu                                0x080086a7   Thumb Code   514  common.o(.text)
    IAP_Ram_Code                             0x080088a9   Thumb Code    36  common.o(.text)
    SerialDownload                           0x08008afd   Thumb Code   120  download.o(.text)
    SerialUpload                             0x08008c8d   Thumb Code    56  upload.o(.text)
    Ymodem_Receive                           0x08008e71   Thumb Code   440  ymodem.o(.text)
    Ymodem_CheckResponse                     0x08009029   Thumb Code     6  ymodem.o(.text)
    Ymodem_PrepareIntialPacket               0x0800902f   Thumb Code   114  ymodem.o(.text)
    Ymodem_PreparePacket                     0x080090a1   Thumb Code   140  ymodem.o(.text)
    UpdateCRC16                              0x0800912d   Thumb Code    48  ymodem.o(.text)
    Cal_CRC16                                0x0800915d   Thumb Code    52  ymodem.o(.text)
    CalChecksum                              0x08009191   Thumb Code    24  ymodem.o(.text)
    Ymodem_SendPacket                        0x080091a9   Thumb Code    26  ymodem.o(.text)
    Ymodem_Transmit                          0x080091c3   Thumb Code   624  ymodem.o(.text)
    arm_cmplx_mag_q31                        0x0800943d   Thumb Code   186  arm_cmplx_mag_q31.o(.text)
    arm_cfft_radix2_init_q31                 0x080094f9   Thumb Code   172  arm_cfft_radix2_init_q31.o(.text)
    arm_radix2_butterfly_q31                 0x080095cd   Thumb Code   672  arm_cfft_radix2_q31.o(.text)
    arm_radix2_butterfly_inverse_q31         0x0800986d   Thumb Code   542  arm_cfft_radix2_q31.o(.text)
    arm_cfft_radix2_q31                      0x08009a8b   Thumb Code    46  arm_cfft_radix2_q31.o(.text)
    arm_sqrt_q31                             0x08009ab9   Thumb Code   218  arm_sqrt_q31.o(.text)
    arm_bitreversal_f32                      0x08009b99   Thumb Code   174  arm_bitreversal.o(.text)
    arm_bitreversal_q31                      0x08009c47   Thumb Code   178  arm_bitreversal.o(.text)
    arm_bitreversal_q15                      0x08009cf9   Thumb Code   114  arm_bitreversal.o(.text)
    __aeabi_memcpy                           0x08009d6b   Thumb Code    36  memcpya.o(.text)
    __aeabi_memcpy4                          0x08009d6b   Thumb Code     0  memcpya.o(.text)
    __aeabi_memcpy8                          0x08009d6b   Thumb Code     0  memcpya.o(.text)
    __aeabi_memset                           0x08009d8f   Thumb Code    14  memseta.o(.text)
    __aeabi_memset4                          0x08009d8f   Thumb Code     0  memseta.o(.text)
    __aeabi_memset8                          0x08009d8f   Thumb Code     0  memseta.o(.text)
    __aeabi_memclr                           0x08009d9d   Thumb Code     4  memseta.o(.text)
    __aeabi_memclr4                          0x08009d9d   Thumb Code     0  memseta.o(.text)
    __aeabi_memclr8                          0x08009d9d   Thumb Code     0  memseta.o(.text)
    _memset$wrapper                          0x08009da1   Thumb Code    18  memseta.o(.text)
    __aeabi_fadd                             0x08009db3   Thumb Code   164  fadd.o(.text)
    __aeabi_fsub                             0x08009e57   Thumb Code     6  fadd.o(.text)
    __aeabi_frsub                            0x08009e5d   Thumb Code     6  fadd.o(.text)
    __aeabi_fmul                             0x08009e63   Thumb Code   108  fmul.o(.text)
    __aeabi_fdiv                             0x08009ecf   Thumb Code   128  fdiv.o(.text)
    __ARM_scalbnf                            0x08009f4f   Thumb Code    24  fscalb.o(.text)
    scalbnf                                  0x08009f4f   Thumb Code     0  fscalb.o(.text)
    __aeabi_dadd                             0x08009f67   Thumb Code   322  dadd.o(.text)
    __aeabi_dsub                             0x0800a0a9   Thumb Code     6  dadd.o(.text)
    __aeabi_drsub                            0x0800a0af   Thumb Code     6  dadd.o(.text)
    __aeabi_dmul                             0x0800a0b5   Thumb Code   228  dmul.o(.text)
    __aeabi_ddiv                             0x0800a199   Thumb Code   222  ddiv.o(.text)
    __aeabi_i2f                              0x0800a277   Thumb Code    18  fflti.o(.text)
    __aeabi_ui2f                             0x0800a289   Thumb Code    10  ffltui.o(.text)
    __aeabi_f2iz                             0x0800a293   Thumb Code    50  ffixi.o(.text)
    __aeabi_f2uiz                            0x0800a2c5   Thumb Code    40  ffixui.o(.text)
    __aeabi_d2uiz                            0x0800a2ed   Thumb Code    50  dfixui.o(.text)
    __aeabi_f2d                              0x0800a31f   Thumb Code    38  f2d.o(.text)
    __aeabi_d2f                              0x0800a345   Thumb Code    56  d2f.o(.text)
    __aeabi_cfcmpeq                          0x0800a37d   Thumb Code     0  cfcmple.o(.text)
    __aeabi_cfcmple                          0x0800a37d   Thumb Code    20  cfcmple.o(.text)
    __aeabi_cfrcmple                         0x0800a391   Thumb Code    20  cfrcmple.o(.text)
    __aeabi_uidiv                            0x0800a3a5   Thumb Code     0  uidiv.o(.text)
    __aeabi_uidivmod                         0x0800a3a5   Thumb Code    44  uidiv.o(.text)
    __aeabi_uldivmod                         0x0800a3d1   Thumb Code    98  uldiv.o(.text)
    __aeabi_llsl                             0x0800a433   Thumb Code    30  llshl.o(.text)
    _ll_shift_l                              0x0800a433   Thumb Code     0  llshl.o(.text)
    __aeabi_llsr                             0x0800a451   Thumb Code    32  llushr.o(.text)
    _ll_ushift_r                             0x0800a451   Thumb Code     0  llushr.o(.text)
    __aeabi_lasr                             0x0800a471   Thumb Code    36  llsshr.o(.text)
    _ll_sshift_r                             0x0800a471   Thumb Code     0  llsshr.o(.text)
    __I$use$fp                               0x0800a495   Thumb Code     0  iusefp.o(.text)
    _float_round                             0x0800a495   Thumb Code    18  fepilogue.o(.text)
    _float_epilogue                          0x0800a4a7   Thumb Code    90  fepilogue.o(.text)
    _double_round                            0x0800a501   Thumb Code    26  depilogue.o(.text)
    _double_epilogue                         0x0800a51b   Thumb Code   164  depilogue.o(.text)
    __ARM_scalbn                             0x0800a5bf   Thumb Code    46  dscalb.o(.text)
    scalbn                                   0x0800a5bf   Thumb Code     0  dscalb.o(.text)
    _dsqrt                                   0x0800a5ed   Thumb Code   162  dsqrt.o(.text)
    __aeabi_i2d                              0x0800a68f   Thumb Code    34  dflti.o(.text)
    __aeabi_d2ulz                            0x0800a6b1   Thumb Code    48  dfixul.o(.text)
    __aeabi_cdcmpeq                          0x0800a6e1   Thumb Code     0  cdcmple.o(.text)
    __aeabi_cdcmple                          0x0800a6e1   Thumb Code    38  cdcmple.o(.text)
    __aeabi_cdrcmple                         0x0800a709   Thumb Code    38  cdrcmple.o(.text)
    __scatterload                            0x0800a731   Thumb Code    28  init.o(.text)
    __scatterload_rt2                        0x0800a731   Thumb Code     0  init.o(.text)
    __decompress                             0x0800a755   Thumb Code     0  __dczerorl2.o(.text)
    __decompress1                            0x0800a755   Thumb Code    92  __dczerorl2.o(.text)
    __0printf                                0x0800a7b1   Thumb Code    22  printfa.o(i.__0printf)
    __1printf                                0x0800a7b1   Thumb Code     0  printfa.o(i.__0printf)
    __2printf                                0x0800a7b1   Thumb Code     0  printfa.o(i.__0printf)
    __c89printf                              0x0800a7b1   Thumb Code     0  printfa.o(i.__0printf)
    printf                                   0x0800a7b1   Thumb Code     0  printfa.o(i.__0printf)
    __ARM_fpclassify                         0x0800a7d1   Thumb Code    40  fpclassify.o(i.__ARM_fpclassify)
    __kernel_poly                            0x0800a7f9   Thumb Code   170  poly.o(i.__kernel_poly)
    __mathlib_dbl_underflow                  0x0800a8a5   Thumb Code    10  dunder.o(i.__mathlib_dbl_underflow)
    __scatterload_copy                       0x0800a8b5   Thumb Code    14  handlers.o(i.__scatterload_copy)
    __scatterload_null                       0x0800a8c3   Thumb Code     2  handlers.o(i.__scatterload_null)
    __scatterload_zeroinit                   0x0800a8c5   Thumb Code    14  handlers.o(i.__scatterload_zeroinit)
    __set_errno                              0x0800a8d5   Thumb Code     6  errno.o(i.__set_errno)
    log                                      0x0800b185   Thumb Code   822  log.o(i.log)
    log10                                    0x0800b4f5   Thumb Code   212  log10.o(i.log10)
    malloc                                   0x0800b5e9   Thumb Code    92  malloc.o(i.malloc)
    pow                                      0x0800b655   Thumb Code  2510  pow.o(i.pow)
    sqrt                                     0x0800c035   Thumb Code    78  sqrt.o(i.sqrt)
    memtblsize                               0x0800c084   Data           4  malloc.o(.constdata)
    memblksize                               0x0800c088   Data           4  malloc.o(.constdata)
    memsize                                  0x0800c08c   Data           4  malloc.o(.constdata)
    armBitRevTable                           0x0800c470   Data        2048  arm_common_tables.o(.constdata)
    twiddleCoefQ31                           0x0800cc70   Data       24576  arm_common_tables.o(.constdata)
    __mathlib_zero                           0x08012d30   Data           8  qnan.o(.constdata)
    Region$$Table$$Base                      0x08012dc0   Number         0  anon$$obj.o(Region$$Table)
    Region$$Table$$Limit                     0x08012de0   Number         0  anon$$obj.o(Region$$Table)
    iapmain                                  0x20000000   Data           4  main.o(.data)
    SystemCoreClock                          0x20000008   Data           4  system_stm32f10x.o(.data)
    AHBPrescTable                            0x2000000c   Data          16  system_stm32f10x.o(.data)
    itime                                    0x2000001c   Data           4  timer.o(.data)
    ADCBuffer                                0x20000020   Data           2  adc.o(.data)
    USART_RX_STA                             0x20000024   Data           2  usart.o(.data)
    __stdout                                 0x20000028   Data           4  usart.o(.data)
    sys_cmd_tab                              0x20000040   Data          28  usmart.o(.data)
    usmart_nametab                           0x2000005c   Data          32  usmart_config.o(.data)
    usmart_dev                               0x2000007c   Data         244  usmart_config.o(.data)
    mallco_dev                               0x20000170   Data          20  malloc.o(.data)
    fft_ibuf                                 0x20000184   Data           4  fricker.o(.data)
    fft_obuf                                 0x20000188   Data           4  fricker.o(.data)
    sampling_count                           0x2000018c   Data           4  fricker.o(.data)
    G_i2c11__nop_count                       0x20000190   Data           1  i2c1_bitbang.o(.data)
    LM36923_Val                              0x20000197   Data           1  lm36923.o(.data)
    INA226_I2C_7BIT_ADDRESS                  0x20000198   Data           1  ina226.o(.data)
    inaAddress                               0x20000199   Data           1  ina226.o(.data)
    currentLSB                               0x200001a0   Data           8  ina226.o(.data)
    powerLSB                                 0x200001a8   Data           8  ina226.o(.data)
    vShuntMax                                0x200001b0   Data           4  ina226.o(.data)
    vBusMax                                  0x200001b4   Data           4  ina226.o(.data)
    rShunt                                   0x200001b8   Data           4  ina226.o(.data)
    lcm_para                                 0x200001bc   Data         320  parm.o(.data)
    ReadPoint                                0x200002fc   Data           4  uart.o(.data)
    Jump_To_Application                      0x20000310   Data           4  common.o(.data)
    IAP_W25QXX_Init                          0x20000314   Data           4  common.o(.data)
    BlockNbr                                 0x20000318   Data           4  common.o(.data)
    UserMemoryMask                           0x2000031c   Data           4  common.o(.data)
    FlashProtection                          0x20000320   Data           4  common.o(.data)
    JumpAddress                              0x20000324   Data           4  common.o(.data)
    FlashDestination                         0x20000328   Data           4  ymodem.o(.data)
    PageSize                                 0x2000032c   Data           2  ymodem.o(.data)
    EraseCounter                             0x20000330   Data           4  ymodem.o(.data)
    NbrOfPage                                0x20000334   Data           4  ymodem.o(.data)
    FLASHStatus                              0x20000338   Data           1  ymodem.o(.data)
    RamSource                                0x2000033c   Data           4  ymodem.o(.data)
    __microlib_freelist                      0x20000340   Data           4  mvars.o(.data)
    __microlib_freelist_initialised          0x20000344   Data           4  mvars.o(.data)
    bufer                                    0x2000034c   Data         512  main.o(.bss)
    USART_RX_BUF                             0x2000054c   Data         256  usart.o(.bss)
    mem1base                                 0x2000064c   Data       24576  malloc.o(.bss)
    mem1mapbase                              0x2000664c   Data        1536  malloc.o(.bss)
    tab_1024                                 0x20007784   Data        1024  download.o(.bss)
    file_name                                0x20007b84   Data         256  ymodem.o(.bss)
    __heap_base                              0x20007c88   Data           0  startup_stm32f10x_hd.o(HEAP)
    __heap_limit                             0x20007e88   Data           0  startup_stm32f10x_hd.o(HEAP)
    __initial_sp                             0x20008688   Data           0  startup_stm32f10x_hd.o(STACK)
    IAP_Code_Addr                            0x2000c000   Data       12288  common.o(.ARM.__AT_0x2000C000)
    IIRAM                                    0x2000f000   Data        3584  common.o(.ARM.__AT_0x2000F000)
    IRAM                                     0x2000fe00   Data         512  common.o(.ARM.__AT_0x2000FE00)



==============================================================================

Memory Map of the image

  Image Entry point : 0x08000131

  Load Region LR_IROM1 (Base: 0x08000000, Size: 0x0001312c, Max: 0x00080000, ABSOLUTE, COMPRESSED[0x00012ef8])

    Execution Region ER_IROM1 (Base: 0x08000000, Size: 0x00012de0, Max: 0x00080000, ABSOLUTE)

    Base Addr    Size         Type   Attr      Idx    E Section Name        Object

    0x08000000   0x00000130   Data   RO          347    RESET               startup_stm32f10x_hd.o
    0x08000130   0x00000000   Code   RO         1152  * .ARM.Collect$$$$00000000  mc_w.l(entry.o)
    0x08000130   0x00000004   Code   RO         1499    .ARM.Collect$$$$00000001  mc_w.l(entry2.o)
    0x08000134   0x00000004   Code   RO         1502    .ARM.Collect$$$$00000004  mc_w.l(entry5.o)
    0x08000138   0x00000000   Code   RO         1504    .ARM.Collect$$$$00000008  mc_w.l(entry7b.o)
    0x08000138   0x00000000   Code   RO         1506    .ARM.Collect$$$$0000000A  mc_w.l(entry8b.o)
    0x08000138   0x00000008   Code   RO         1507    .ARM.Collect$$$$0000000B  mc_w.l(entry9a.o)
    0x08000140   0x00000000   Code   RO         1509    .ARM.Collect$$$$0000000D  mc_w.l(entry10a.o)
    0x08000140   0x00000000   Code   RO         1511    .ARM.Collect$$$$0000000F  mc_w.l(entry11a.o)
    0x08000140   0x00000004   Code   RO         1500    .ARM.Collect$$$$00002712  mc_w.l(entry2.o)
    0x08000144   0x0000035c   Code   RO            1    .text               main.o
    0x080004a0   0x00000018   Code   RO          189    .text               stm32f10x_it.o
    0x080004b8   0x000001dc   Code   RO          221    .text               system_stm32f10x.o
    0x08000694   0x000000e8   Code   RO          239    .text               timer.o
    0x0800077c   0x0000048c   Code   RO          264    .text               adc.o
    0x08000c08   0x000000f4   Code   RO          285    .text               delay.o
    0x08000cfc   0x0000000c   Code   RO          299    .text               sys.o
    0x08000d08   0x00000164   Code   RO          311    .text               usart.o
    0x08000e6c   0x00000024   Code   RO          348    .text               startup_stm32f10x_hd.o
    0x08000e90   0x00000358   Code   RO          352    .text               stm32f10x_gpio.o
    0x080011e8   0x000003a4   Code   RO          364    .text               stm32f10x_rcc.o
    0x0800158c   0x00000408   Code   RO          378    .text               stm32f10x_usart.o
    0x08001994   0x000000dc   Code   RO          390    .text               misc.o
    0x08001a70   0x00000e1a   Code   RO          402    .text               stm32f10x_tim.o
    0x0800288a   0x00000002   PAD
    0x0800288c   0x0000044e   Code   RO          414    .text               stm32f10x_adc.o
    0x08002cda   0x00000002   PAD
    0x08002cdc   0x00000250   Code   RO          471    .text               stm32f10x_dma.o
    0x08002f2c   0x000005bc   Code   RO          483    .text               stm32f10x_flash.o
    0x080034e8   0x00000b58   Code   RO          495    .text               usmart.o
    0x08004040   0x00000528   Code   RO          524    .text               usmart_str.o
    0x08004568   0x00000230   Code   RO          536    .text               malloc.o
    0x08004798   0x0000035c   Code   RO          601    .text               fricker.o
    0x08004af4   0x000005b4   Code   RO          624    .text               myiic.o
    0x080050a8   0x000002fc   Code   RO          639    .text               i2c1_bitbang.o
    0x080053a4   0x00000350   Code   RO          654    .text               lt35825.o
    0x080056f4   0x00000c46   Code   RO          680    .text               act8846.o
    0x0800633a   0x00000002   PAD
    0x0800633c   0x00000308   Code   RO          695    .text               gpio_config.o
    0x08006644   0x00000318   Code   RO          707    .text               tps22993.o
    0x0800695c   0x00000340   Code   RO          721    .text               lm36923.o
    0x08006c9c   0x00000318   Code   RO          736    .text               tps65132.o
    0x08006fb4   0x00000064   Code   RO          763    .text               ad715.o
    0x08007018   0x00000774   Code   RO          775    .text               ina226.o
    0x0800778c   0x00000100   Code   RO          790    .text               voltcurrentproc.o
    0x0800788c   0x00000040   Code   RO          812    .text               parm.o
    0x080078cc   0x0000085c   Code   RO          828    .text               uart.o
    0x08008128   0x00000228   Code   RO          858    .text               uartque.o
    0x08008350   0x000007ac   Code   RO          873    .text               common.o
    0x08008afc   0x00000190   Code   RO          900    .text               download.o
    0x08008c8c   0x000000f8   Code   RO          917    .text               upload.o
    0x08008d84   0x000006b8   Code   RO          929    .text               ymodem.o
    0x0800943c   0x000000ba   Code   RO          948    .text               arm_cortexM3l_math.lib(arm_cmplx_mag_q31.o)
    0x080094f6   0x00000002   PAD
    0x080094f8   0x000000d4   Code   RO          990    .text               arm_cortexM3l_math.lib(arm_cfft_radix2_init_q31.o)
    0x080095cc   0x000004ec   Code   RO         1014    .text               arm_cortexM3l_math.lib(arm_cfft_radix2_q31.o)
    0x08009ab8   0x000000e0   Code   RO         1034    .text               arm_cortexM3l_math.lib(arm_sqrt_q31.o)
    0x08009b98   0x000001d2   Code   RO         1054    .text               arm_cortexM3l_math.lib(arm_bitreversal.o)
    0x08009d6a   0x00000024   Code   RO         1155    .text               mc_w.l(memcpya.o)
    0x08009d8e   0x00000024   Code   RO         1157    .text               mc_w.l(memseta.o)
    0x08009db2   0x000000b0   Code   RO         1450    .text               mf_w.l(fadd.o)
    0x08009e62   0x0000006c   Code   RO         1452    .text               mf_w.l(fmul.o)
    0x08009ece   0x00000080   Code   RO         1454    .text               mf_w.l(fdiv.o)
    0x08009f4e   0x00000018   Code   RO         1456    .text               mf_w.l(fscalb.o)
    0x08009f66   0x0000014e   Code   RO         1458    .text               mf_w.l(dadd.o)
    0x0800a0b4   0x000000e4   Code   RO         1460    .text               mf_w.l(dmul.o)
    0x0800a198   0x000000de   Code   RO         1462    .text               mf_w.l(ddiv.o)
    0x0800a276   0x00000012   Code   RO         1464    .text               mf_w.l(fflti.o)
    0x0800a288   0x0000000a   Code   RO         1466    .text               mf_w.l(ffltui.o)
    0x0800a292   0x00000032   Code   RO         1468    .text               mf_w.l(ffixi.o)
    0x0800a2c4   0x00000028   Code   RO         1470    .text               mf_w.l(ffixui.o)
    0x0800a2ec   0x00000032   Code   RO         1472    .text               mf_w.l(dfixui.o)
    0x0800a31e   0x00000026   Code   RO         1474    .text               mf_w.l(f2d.o)
    0x0800a344   0x00000038   Code   RO         1476    .text               mf_w.l(d2f.o)
    0x0800a37c   0x00000014   Code   RO         1478    .text               mf_w.l(cfcmple.o)
    0x0800a390   0x00000014   Code   RO         1480    .text               mf_w.l(cfrcmple.o)
    0x0800a3a4   0x0000002c   Code   RO         1513    .text               mc_w.l(uidiv.o)
    0x0800a3d0   0x00000062   Code   RO         1515    .text               mc_w.l(uldiv.o)
    0x0800a432   0x0000001e   Code   RO         1517    .text               mc_w.l(llshl.o)
    0x0800a450   0x00000020   Code   RO         1519    .text               mc_w.l(llushr.o)
    0x0800a470   0x00000024   Code   RO         1521    .text               mc_w.l(llsshr.o)
    0x0800a494   0x00000000   Code   RO         1532    .text               mc_w.l(iusefp.o)
    0x0800a494   0x0000006c   Code   RO         1533    .text               mf_w.l(fepilogue.o)
    0x0800a500   0x000000be   Code   RO         1535    .text               mf_w.l(depilogue.o)
    0x0800a5be   0x0000002e   Code   RO         1537    .text               mf_w.l(dscalb.o)
    0x0800a5ec   0x000000a2   Code   RO         1539    .text               mf_w.l(dsqrt.o)
    0x0800a68e   0x00000022   Code   RO         1541    .text               mf_w.l(dflti.o)
    0x0800a6b0   0x00000030   Code   RO         1543    .text               mf_w.l(dfixul.o)
    0x0800a6e0   0x00000028   Code   RO         1545    .text               mf_w.l(cdcmple.o)
    0x0800a708   0x00000028   Code   RO         1547    .text               mf_w.l(cdrcmple.o)
    0x0800a730   0x00000024   Code   RO         1549    .text               mc_w.l(init.o)
    0x0800a754   0x0000005c   Code   RO         1559    .text               mc_w.l(__dczerorl2.o)
    0x0800a7b0   0x00000020   Code   RO         1394    i.__0printf         mc_w.l(printfa.o)
    0x0800a7d0   0x00000028   Code   RO         1484    i.__ARM_fpclassify  m_ws.l(fpclassify.o)
    0x0800a7f8   0x000000aa   Code   RO         1496    i.__kernel_poly     m_ws.l(poly.o)
    0x0800a8a2   0x00000002   PAD
    0x0800a8a4   0x00000010   Code   RO         1482    i.__mathlib_dbl_underflow  m_ws.l(dunder.o)
    0x0800a8b4   0x0000000e   Code   RO         1553    i.__scatterload_copy  mc_w.l(handlers.o)
    0x0800a8c2   0x00000002   Code   RO         1554    i.__scatterload_null  mc_w.l(handlers.o)
    0x0800a8c4   0x0000000e   Code   RO         1555    i.__scatterload_zeroinit  mc_w.l(handlers.o)
    0x0800a8d2   0x00000002   PAD
    0x0800a8d4   0x0000000c   Code   RO         1527    i.__set_errno       mc_w.l(errno.o)
    0x0800a8e0   0x0000015c   Code   RO         1401    i._fp_digits        mc_w.l(printfa.o)
    0x0800aa3c   0x000006f0   Code   RO         1402    i._printf_core      mc_w.l(printfa.o)
    0x0800b12c   0x00000026   Code   RO         1403    i._printf_post_padding  mc_w.l(printfa.o)
    0x0800b152   0x00000030   Code   RO         1404    i._printf_pre_padding  mc_w.l(printfa.o)
    0x0800b182   0x00000002   PAD
    0x0800b184   0x00000370   Code   RO         1487    i.log               m_ws.l(log.o)
    0x0800b4f4   0x000000f4   Code   RO         1127    i.log10             m_ws.l(log10.o)
    0x0800b5e8   0x0000006c   Code   RO         1423    i.malloc            mc_w.l(malloc.o)
    0x0800b654   0x000009e0   Code   RO         1135    i.pow               m_ws.l(pow.o)
    0x0800c034   0x0000004e   Code   RO         1145    i.sqrt              m_ws.l(sqrt.o)
    0x0800c082   0x00000002   PAD
    0x0800c084   0x0000000c   Data   RO          538    .constdata          malloc.o
    0x0800c090   0x0000004b   Data   RO          602    .constdata          fricker.o
    0x0800c0db   0x00000001   PAD
    0x0800c0dc   0x0000027c   Data   RO          681    .constdata          act8846.o
    0x0800c358   0x00000078   Data   RO          830    .constdata          uart.o
    0x0800c3d0   0x0000004a   Data   RO          877    .constdata          common.o
    0x0800c41a   0x00000002   PAD
    0x0800c41c   0x00000053   Data   RO          902    .constdata          download.o
    0x0800c46f   0x00000001   PAD
    0x0800c470   0x00000800   Data   RO         1074    .constdata          arm_cortexM3l_math.lib(arm_common_tables.o)
    0x0800cc70   0x00006000   Data   RO         1084    .constdata          arm_cortexM3l_math.lib(arm_common_tables.o)
    0x08012c70   0x00000088   Data   RO         1136    .constdata          m_ws.l(pow.o)
    0x08012cf8   0x00000038   Data   RO         1488    .constdata          m_ws.l(log.o)
    0x08012d30   0x00000008   Data   RO         1498    .constdata          m_ws.l(qnan.o)
    0x08012d38   0x0000001f   Data   RO          496    .conststring        usmart.o
    0x08012d57   0x0000005b   Data   RO          511    .conststring        usmart_config.o
    0x08012db2   0x0000000c   Data   RO          813    .conststring        parm.o
    0x08012dbe   0x00000002   PAD
    0x08012dc0   0x00000020   Data   RO         1551    Region$$Table       anon$$obj.o


    Execution Region RW_IRAM1 (Base: 0x20000000, Size: 0x00010000, Max: 0x00010000, ABSOLUTE, COMPRESSED[0x00000118])

    Base Addr    Size         Type   Attr      Idx    E Section Name        Object

    0x20000000   0x00000006   Data   RW            3    .data               main.o
    0x20000006   0x00000002   PAD
    0x20000008   0x00000014   Data   RW          222    .data               system_stm32f10x.o
    0x2000001c   0x00000004   Data   RW          240    .data               timer.o
    0x20000020   0x00000002   Data   RW          265    .data               adc.o
    0x20000022   0x00000002   Data   RW          286    .data               delay.o
    0x20000024   0x00000008   Data   RW          313    .data               usart.o
    0x2000002c   0x00000014   Data   RW          365    .data               stm32f10x_rcc.o
    0x20000040   0x0000001c   Data   RW          497    .data               usmart.o
    0x2000005c   0x00000114   Data   RW          512    .data               usmart_config.o
    0x20000170   0x00000014   Data   RW          539    .data               malloc.o
    0x20000184   0x0000000c   Data   RW          603    .data               fricker.o
    0x20000190   0x00000001   Data   RW          640    .data               i2c1_bitbang.o
    0x20000191   0x00000001   Data   RW          682    .data               act8846.o
    0x20000192   0x00000004   Data   RW          708    .data               tps22993.o
    0x20000196   0x00000002   Data   RW          722    .data               lm36923.o
    0x20000198   0x00000024   Data   RW          776    .data               ina226.o
    0x200001bc   0x00000140   Data   RW          814    .data               parm.o
    0x200002fc   0x0000000c   Data   RW          831    .data               uart.o
    0x20000308   0x00000008   Data   RW          860    .data               uartque.o
    0x20000310   0x00000018   Data   RW          878    .data               common.o
    0x20000328   0x00000018   Data   RW          931    .data               ymodem.o
    0x20000340   0x00000004   Data   RW         1523    .data               mc_w.l(mvars.o)
    0x20000344   0x00000004   Data   RW         1524    .data               mc_w.l(mvars.o)
    0x20000348   0x00000004   Data   RW         1528    .data               mc_w.l(errno.o)
    0x2000034c   0x00000200   Zero   RW            2    .bss                main.o
    0x2000054c   0x00000100   Zero   RW          312    .bss                usart.o
    0x2000064c   0x00006600   Zero   RW          537    .bss                malloc.o
    0x20006c4c   0x00000408   Zero   RW          829    .bss                uart.o
    0x20007054   0x00000730   Zero   RW          859    .bss                uartque.o
    0x20007784   0x00000400   Zero   RW          901    .bss                download.o
    0x20007b84   0x00000100   Zero   RW          930    .bss                ymodem.o
    0x20007c84   0x00000004   PAD
    0x20007c88   0x00000200   Zero   RW          346    HEAP                startup_stm32f10x_hd.o
    0x20007e88   0x00000800   Zero   RW          345    STACK               startup_stm32f10x_hd.o
    0x20008688   0x00003978   PAD
    0x2000c000   0x00003000   Zero   RW          874    .ARM.__AT_0x2000C000  common.o
    0x2000f000   0x00000e00   Zero   RW          875    .ARM.__AT_0x2000F000  common.o
    0x2000fe00   0x00000200   Zero   RW          876    .ARM.__AT_0x2000FE00  common.o


==============================================================================

Image component sizes


      Code (inc. data)   RO Data    RW Data    ZI Data      Debug   Object Name

      3142        964        636          1          0      11379   act8846.o
       100          8          0          0          0        803   ad715.o
      1164         44          0          2          0      12402   adc.o
      1964        798         74         24      16384      26962   common.o
         0          0          0          0          0         32   core_cm3.o
       244         18          0          2          0       1461   delay.o
       400        280         83          0       1024       1040   download.o
       860         66         75         12          0       2323   fricker.o
       776         38          0          0          0       2792   gpio_config.o
       764          8          0          1          0       4540   i2c1_bitbang.o
      1908        542          0         36          0       8269   ina226.o
       832        120          0          2          0       3661   lm36923.o
       848        136          0          0          0       2202   lt35825.o
       860        248          0          6        512     297918   main.o
       560         18         12         20      26112       4047   malloc.o
       220         20          0          0          0       1677   misc.o
      1460        184          0          0          0       5530   myiic.o
        64          8         12        320          0       1131   parm.o
        36          8        304          0       2560        728   startup_stm32f10x_hd.o
      1102         26          0          0          0      10713   stm32f10x_adc.o
       592          8          0          0          0       4206   stm32f10x_dma.o
      1468         34          0          0          0       7910   stm32f10x_flash.o
       856         40          0          0          0       5521   stm32f10x_gpio.o
        24          0          0          0          0       1026   stm32f10x_it.o
       932         44          0         20          0       8632   stm32f10x_rcc.o
      3610         88          0          0          0      22008   stm32f10x_tim.o
      1032         22          0          0          0       8248   stm32f10x_usart.o
        12          0          0          0          0        389   sys.o
       476         36          0         20          0       1551   system_stm32f10x.o
       232          8          0          4          0       1351   timer.o
       792         18          0          4          0       2483   tps22993.o
       792        266          0          0          0       2496   tps65132.o
      2140         82        120         12       1032       9008   uart.o
       552         24          0          8       1840       3038   uartque.o
       248        192          0          0          0        463   upload.o
       356         12          0          8        256       3047   usart.o
      2904       1232         31         28          0       3966   usmart.o
         0          0         91        276          0       1448   usmart_config.o
      1320         12          0          0          0       4913   usmart_str.o
       256         44          0          0          0        659   voltcurrentproc.o
      1720         18          0         24        256       6636   ymodem.o

    ----------------------------------------------------------------------
     37624       5714       1476        832      64692     498609   Object Totals
         0          0         32          0          0          0   (incl. Generated)
         6          0          6          2      14716          0   (incl. Padding)

    ----------------------------------------------------------------------

      Code (inc. data)   RO Data    RW Data    ZI Data      Debug   Library Member Name

       466          0          0          0          0       1986   arm_bitreversal.o
       212         40          0          0          0       1103   arm_cfft_radix2_init_q31.o
      1260          0          0          0          0       2536   arm_cfft_radix2_q31.o
       186          0          0          0          0      17888   arm_cmplx_mag_q31.o
         0          0      26624          0          0       2752   arm_common_tables.o
       224          6          0          0          0        799   arm_sqrt_q31.o
        16          6          0          0          0         68   dunder.o
        40          0          0          0          0         68   fpclassify.o
       880         58         56          0          0        276   log.o
       244         32          0          0          0        128   log10.o
       170          0          0          0          0         96   poly.o
      2528        190        136          0          0        316   pow.o
         0          0          8          0          0          0   qnan.o
        78          0          0          0          0         84   sqrt.o
        92          0          0          0          0          0   __dczerorl2.o
         0          0          0          0          0          0   entry.o
         0          0          0          0          0          0   entry10a.o
         0          0          0          0          0          0   entry11a.o
         8          4          0          0          0          0   entry2.o
         4          0          0          0          0          0   entry5.o
         0          0          0          0          0          0   entry7b.o
         0          0          0          0          0          0   entry8b.o
         8          4          0          0          0          0   entry9a.o
        12          6          0          4          0         68   errno.o
        30          0          0          0          0          0   handlers.o
        36          8          0          0          0         68   init.o
         0          0          0          0          0          0   iusefp.o
        30          0          0          0          0         68   llshl.o
        36          0          0          0          0         68   llsshr.o
        32          0          0          0          0         68   llushr.o
       108         16          0          0          0         84   malloc.o
        36          0          0          0          0         68   memcpya.o
        36          0          0          0          0        108   memseta.o
         0          0          0          8          0          0   mvars.o
      2242         90          0          0          0        444   printfa.o
        44          0          0          0          0         80   uidiv.o
        98          0          0          0          0         92   uldiv.o
        40          2          0          0          0         68   cdcmple.o
        40          2          0          0          0         68   cdrcmple.o
        20          0          0          0          0         68   cfcmple.o
        20          0          0          0          0         68   cfrcmple.o
        56          0          0          0          0         88   d2f.o
       334          0          0          0          0        144   dadd.o
       222          0          0          0          0        100   ddiv.o
       190          0          0          0          0        176   depilogue.o
        50          0          0          0          0         76   dfixui.o
        48          0          0          0          0         68   dfixul.o
        34          0          0          0          0         76   dflti.o
       228          0          0          0          0         92   dmul.o
        46          0          0          0          0         80   dscalb.o
       162          0          0          0          0        100   dsqrt.o
        38          0          0          0          0         68   f2d.o
       176          0          0          0          0        140   fadd.o
       128          0          0          0          0         88   fdiv.o
       108          0          0          0          0        168   fepilogue.o
        50          0          0          0          0         68   ffixi.o
        40          0          0          0          0         68   ffixui.o
        18          0          0          0          0         68   fflti.o
        10          0          0          0          0         68   ffltui.o
       108          0          0          0          0         76   fmul.o
        24          0          0          0          0         68   fscalb.o

    ----------------------------------------------------------------------
     11356        464      26824         12          0      31468   Library Totals
        10          0          0          0          0          0   (incl. Padding)

    ----------------------------------------------------------------------

      Code (inc. data)   RO Data    RW Data    ZI Data      Debug   Library Name

      2348         46      26624          0          0      27064   arm_cortexM3l_math.lib
      3956        286        200          0          0       1036   m_ws.l
      2852        128          0         12          0       1216   mc_w.l
      2190          4          0          0          0       2152   mf_w.l

    ----------------------------------------------------------------------
     11356        464      26824         12          0      31468   Library Totals

    ----------------------------------------------------------------------

==============================================================================


      Code (inc. data)   RO Data    RW Data    ZI Data      Debug   

     48980       6178      28300        844      64692     523941   Grand Totals
     48980       6178      28300        280      64692     523941   ELF Image Totals (compressed)
     48980       6178      28300        280          0          0   ROM Totals

==============================================================================

    Total RO  Size (Code + RO Data)                77280 (  75.47kB)
    Total RW  Size (RW Data + ZI Data)             65536 (  64.00kB)
    Total ROM Size (Code + RO Data + RW Data)      77560 (  75.74kB)

==============================================================================

