ARM Linker, 5.03 [Build 24] [MDK-ARM Professional]

==============================================================================

Section Cross References

    main.o(.text) refers to printfa.o(i.__0printf) for __2printf
    main.o(.text) refers to uart.o(.text) for ReadUart
    main.o(.text) refers to common.o(.text) for Main_Menu
    main.o(.text) refers to sys.o(.text) for NVIC_Configuration
    main.o(.text) refers to delay.o(.text) for delay_init
    main.o(.text) refers to gpio_config.o(.text) for System_GPIO_Config
    main.o(.text) refers to malloc.o(.text) for mem_init
    main.o(.text) refers to myiic.o(.text) for IIC_Init
    main.o(.text) refers to fricker.o(.text) for Flicker_init
    main.o(.text) refers to lt35825.o(.text) for TL35825_init
    main.o(.text) refers to act8846.o(.text) for act8846_init
    main.o(.text) refers to tps22993.o(.text) for TPS22993_Init
    main.o(.text) refers to lm36923.o(.text) for LM36923_Init
    main.o(.text) refers to parm.o(.text) for Get_Volt_Val
    main.o(.text) refers to tps65132.o(.text) for Tps65132_Init
    main.o(.text) refers to voltcurrentproc.o(.text) for INA226_Volt
    main.o(.text) refers to main.o(.data) for i
    main.o(.text) refers to usmart_config.o(.data) for usmart_dev
    main.o(.text) refers to main.o(.bss) for bufer
    main.o(.data) refers to myiic.o(.text) for IIC_Start
    system_stm32f10x.o(.text) refers to system_stm32f10x.o(.data) for SystemCoreClock
    timer.o(.text) refers to stm32f10x_rcc.o(.text) for RCC_APB1PeriphClockCmd
    timer.o(.text) refers to stm32f10x_tim.o(.text) for TIM_Cmd
    timer.o(.text) refers to misc.o(.text) for NVIC_PriorityGroupConfig
    timer.o(.text) refers to fricker.o(.text) for collection_data
    timer.o(.text) refers to timer.o(.data) for itime
    adc.o(.text) refers to stm32f10x_rcc.o(.text) for RCC_APB2PeriphClockCmd
    adc.o(.text) refers to stm32f10x_gpio.o(.text) for GPIO_Init
    adc.o(.text) refers to stm32f10x_dma.o(.text) for DMA_DeInit
    adc.o(.text) refers to stm32f10x_adc.o(.text) for ADC_Init
    adc.o(.text) refers to adc.o(.data) for ADCBuffer
    delay.o(.text) refers to uart.o(.text) for USARTx_Timer_Proc
    delay.o(.text) refers to misc.o(.text) for SysTick_CLKSourceConfig
    delay.o(.text) refers to delay.o(.data) for cnt
    delay.o(.text) refers to system_stm32f10x.o(.data) for SystemCoreClock
    sys.o(.text) refers to misc.o(.text) for NVIC_PriorityGroupConfig
    usart.o(.text) refers to stm32f10x_rcc.o(.text) for RCC_APB2PeriphClockCmd
    usart.o(.text) refers to stm32f10x_usart.o(.text) for USART_DeInit
    usart.o(.text) refers to stm32f10x_gpio.o(.text) for GPIO_Init
    usart.o(.text) refers to misc.o(.text) for NVIC_Init
    startup_stm32f10x_hd.o(RESET) refers to startup_stm32f10x_hd.o(STACK) for __initial_sp
    startup_stm32f10x_hd.o(RESET) refers to startup_stm32f10x_hd.o(.text) for Reset_Handler
    startup_stm32f10x_hd.o(RESET) refers to stm32f10x_it.o(.text) for NMI_Handler
    startup_stm32f10x_hd.o(RESET) refers to delay.o(.text) for SysTick_Handler
    startup_stm32f10x_hd.o(RESET) refers to timer.o(.text) for TIM3_IRQHandler
    startup_stm32f10x_hd.o(RESET) refers to usmart.o(.text) for TIM4_IRQHandler
    startup_stm32f10x_hd.o(RESET) refers to uart.o(.text) for USART2_IRQHandler
    startup_stm32f10x_hd.o(.text) refers to system_stm32f10x.o(.text) for SystemInit
    startup_stm32f10x_hd.o(.text) refers to entry.o(.ARM.Collect$$$$00000000) for __main
    stm32f10x_gpio.o(.text) refers to stm32f10x_rcc.o(.text) for RCC_APB2PeriphResetCmd
    stm32f10x_rcc.o(.text) refers to stm32f10x_rcc.o(.data) for APBAHBPrescTable
    stm32f10x_usart.o(.text) refers to stm32f10x_rcc.o(.text) for RCC_APB2PeriphResetCmd
    stm32f10x_tim.o(.text) refers to stm32f10x_rcc.o(.text) for RCC_APB2PeriphResetCmd
    stm32f10x_adc.o(.text) refers to stm32f10x_rcc.o(.text) for RCC_APB2PeriphResetCmd
    stm32f10x_i2c.o(.text) refers to stm32f10x_rcc.o(.text) for RCC_APB1PeriphResetCmd
    stm32f10x_spi.o(.text) refers to stm32f10x_rcc.o(.text) for RCC_APB2PeriphResetCmd
    usmart.o(.text) refers to usmart_str.o(.text) for usmart_get_cmdname
    usmart.o(.text) refers to printfa.o(i.__0printf) for __2printf
    usmart.o(.text) refers to usmart.o(.data) for sys_cmd_tab
    usmart.o(.text) refers to usmart_config.o(.data) for usmart_dev
    usmart.o(.text) refers to stm32f10x_rcc.o(.text) for RCC_APB1PeriphClockCmd
    usmart.o(.text) refers to stm32f10x_tim.o(.text) for TIM_TimeBaseInit
    usmart.o(.text) refers to misc.o(.text) for NVIC_Init
    usmart.o(.text) refers to usart.o(.data) for USART_RX_STA
    usmart.o(.text) refers to usart.o(.bss) for USART_RX_BUF
    usmart.o(.data) refers to usmart.o(.conststring) for .conststring
    usmart_config.o(.data) refers to usmart.o(.text) for read_addr
    usmart_config.o(.data) refers to usmart_config.o(.conststring) for .conststring
    usmart_config.o(.data) refers to main.o(.text) for test
[...]
    BusFault_Handler                         0x08000523   Thumb Code     4  stm32f10x_it.o(.text)
    UsageFault_Handler                       0x08000527   Thumb Code     4  stm32f10x_it.o(.text)
    SVC_Handler                              0x0800052b   Thumb Code     2  stm32f10x_it.o(.text)
    DebugMon_Handler                         0x0800052d   Thumb Code     2  stm32f10x_it.o(.text)
    PendSV_Handler                           0x0800052f   Thumb Code     2  stm32f10x_it.o(.text)
    SystemInit                               0x0800060d   Thumb Code    78  system_stm32f10x.o(.text)
    SystemCoreClockUpdate                    0x0800065b   Thumb Code   142  system_stm32f10x.o(.text)
    start_time3                              0x0800070d   Thumb Code    20  timer.o(.text)
    stop_time3                               0x08000721   Thumb Code    20  timer.o(.text)
    TIM3_Init                                0x080007b5   Thumb Code    20  timer.o(.text)
    TIM3_IRQHandler                          0x080007c9   Thumb Code    36  timer.o(.text)
    ADC1_Mode_Config                         0x08000847   Thumb Code   268  adc.o(.text)
    ADC1_Mode_Configg                        0x08000953   Thumb Code   534  adc.o(.text)
    Fricker_adc_mode                         0x08000b69   Thumb Code   252  adc.o(.text)
    ADC1_Init                                0x08000c65   Thumb Code    12  adc.o(.text)
    get_adc_value                            0x08000c71   Thumb Code     6  adc.o(.text)
    SysTick_Handler                          0x08000c81   Thumb Code    30  delay.o(.text)
    delay_init                               0x08000c9f   Thumb Code    70  delay.o(.text)
    delay_us                                 0x08000ce5   Thumb Code    70  delay.o(.text)
    delay_ms                                 0x08000d2b   Thumb Code    18  delay.o(.text)
    Delay_us                                 0x08000d3d   Thumb Code    26  delay.o(.text)
    Delay_ms                                 0x08000d57   Thumb Code    12  delay.o(.text)
    NVIC_Configuration                       0x08000d75   Thumb Code    12  sys.o(.text)
    _sys_exit                                0x08000d81   Thumb Code     4  usart.o(.text)
    fputc                                    0x08000d85   Thumb Code    22  usart.o(.text)
    uart_init                                0x08000d9b   Thumb Code   158  usart.o(.text)
    uart2_init                               0x08000e39   Thumb Code   160  usart.o(.text)
    Reset_Handler                            0x08000ee5   Thumb Code     8  startup_stm32f10x_hd.o(.text)
    ADC1_2_IRQHandler                        0x08000eff   Thumb Code     0  startup_stm32f10x_hd.o(.text)
    ADC3_IRQHandler                          0x08000eff   Thumb Code     0  startup_stm32f10x_hd.o(.text)
    CAN1_RX1_IRQHandler                      0x08000eff   Thumb Code     0  startup_stm32f10x_hd.o(.text)
    CAN1_SCE_IRQHandler                      0x08000eff   Thumb Code     0  startup_stm32f10x_hd.o(.text)
    DMA1_Channel1_IRQHandler                 0x08000eff   Thumb Code     0  startup_stm32f10x_hd.o(.text)
    DMA1_Channel2_IRQHandler                 0x08000eff   Thumb Code     0  startup_stm32f10x_hd.o(.text)
    DMA1_Channel3_IRQHandler                 0x08000eff   Thumb Code     0  startup_stm32f10x_hd.o(.text)
    DMA1_Channel4_IRQHandler                 0x08000eff   Thumb Code     0  startup_stm32f10x_hd.o(.text)
    DMA1_Channel5_IRQHandler                 0x08000eff   Thumb Code     0  startup_stm32f10x_hd.o(.text)
    DMA1_Channel6_IRQHandler                 0x08000eff   Thumb Code     0  startup_stm32f10x_hd.o(.text)
    DMA1_Channel7_IRQHandler                 0x08000eff   Thumb Code     0  startup_stm32f10x_hd.o(.text)
    DMA2_Channel1_IRQHandler                 0x08000eff   Thumb Code     0  startup_stm32f10x_hd.o(.text)
    DMA2_Channel2_IRQHandler                 0x08000eff   Thumb Code     0  startup_stm32f10x_hd.o(.text)
    DMA2_Channel3_IRQHandler                 0x08000eff   Thumb Code     0  startup_stm32f10x_hd.o(.text)
    DMA2_Channel4_5_IRQHandler               0x08000eff   Thumb Code     0  startup_stm32f10x_hd.o(.text)
    EXTI0_IRQHandler                         0x08000eff   Thumb Code     0  startup_stm32f10x_hd.o(.text)
    EXTI15_10_IRQHandler                     0x08000eff   Thumb Code     0  startup_stm32f10x_hd.o(.text)
    EXTI1_IRQHandler                         0x08000eff   Thumb Code     0  startup_stm32f10x_hd.o(.text)
    EXTI2_IRQHandler                         0x08000eff   Thumb Code     0  startup_stm32f10x_hd.o(.text)
    EXTI3_IRQHandler                         0x08000eff   Thumb Code     0  startup_stm32f10x_hd.o(.text)
    EXTI4_IRQHandler                         0x08000eff   Thumb Code     0  startup_stm32f10x_hd.o(.text)
    EXTI9_5_IRQHandler                       0x08000eff   Thumb Code     0  startup_stm32f10x_hd.o(.text)
    FLASH_IRQHandler                         0x08000eff   Thumb Code     0  startup_stm32f10x_hd.o(.text)
    FSMC_IRQHandler                          0x08000eff   Thumb Code     0  startup_stm32f10x_hd.o(.text)
    I2C1_ER_IRQHandler                       0x08000eff   Thumb Code     0  startup_stm32f10x_hd.o(.text)
    I2C1_EV_IRQHandler                       0x08000eff   Thumb Code     0  startup_stm32f10x_hd.o(.text)
    I2C2_ER_IRQHandler                       0x08000eff   Thumb Code     0  startup_stm32f10x_hd.o(.text)
    I2C2_EV_IRQHandler                       0x08000eff   Thumb Code     0  startup_stm32f10x_hd.o(.text)
    PVD_IRQHandler                           0x08000eff   Thumb Code     0  startup_stm32f10x_hd.o(.text)
    RCC_IRQHandler                           0x08000eff   Thumb Code     0  startup_stm32f10x_hd.o(.text)
    RTCAlarm_IRQHandler                      0x08000eff   Thumb Code     0  startup_stm32f10x_hd.o(.text)
    RTC_IRQHandler                           0x08000eff   Thumb Code     0  startup_stm32f10x_hd.o(.text)
    SDIO_IRQHandler                          0x08000eff   Thumb Code     0  startup_stm32f10x_hd.o(.text)
    SPI1_IRQHandler                          0x08000eff   Thumb Code     0  startup_stm32f10x_hd.o(.text)
    SPI2_IRQHandler                          0x08000eff   Thumb Code     0  startup_stm32f10x_hd.o(.text)
    SPI3_IRQHandler                          0x08000eff   Thumb Code     0  startup_stm32f10x_hd.o(.text)
    TAMPER_IRQHandler                        0x08000eff   Thumb Code     0  startup_stm32f10x_hd.o(.text)
    TIM1_BRK_IRQHandler                      0x08000eff   Thumb Code     0  startup_stm32f10x_hd.o(.text)
    TIM1_CC_IRQHandler                       0x08000eff   Thumb Code     0  startup_stm32f10x_hd.o(.text)
    TIM1_TRG_COM_IRQHandler                  0x08000eff   Thumb Code     0  startup_stm32f10x_hd.o(.text)
    TIM1_UP_IRQHandler                       0x08000eff   Thumb Code     0  startup_stm32f10x_hd.o(.text)
    TIM2_IRQHandler                          0x08000eff   Thumb Code     0  startup_stm32f10x_hd.o(.text)
    TIM5_IRQHandler                          0x08000eff   Thumb Code     0  startup_stm32f10x_hd.o(.text)
    TIM6_IRQHandler                          0x08000eff   Thumb Code     0  startup_stm32f10x_hd.o(.text)
    TIM7_IRQHandler                          0x08000eff   Thumb Code     0  startup_stm32f10x_hd.o(.text)
    TIM8_BRK_IRQHandler                      0x08000eff   Thumb Code     0  startup_stm32f10x_hd.o(.text)
    TIM8_CC_IRQHandler                       0x08000eff   Thumb Code     0  startup_stm32f10x_hd.o(.text)
    TIM8_TRG_COM_IRQHandler                  0x08000eff   Thumb Code     0  startup_stm32f10x_hd.o(.text)
    TIM8_UP_IRQHandler                       0x08000eff   Thumb Code     0  startup_stm32f10x_hd.o(.text)
    UART4_IRQHandler                         0x08000eff   Thumb Code     0  startup_stm32f10x_hd.o(.text)
    UART5_IRQHandler                         0x08000eff   Thumb Code     0  startup_stm32f10x_hd.o(.text)
    USART1_IRQHandler                        0x08000eff   Thumb Code     0  startup_stm32f10x_hd.o(.text)
    USART3_IRQHandler                        0x08000eff   Thumb Code     0  startup_stm32f10x_hd.o(.text)
    USBWakeUp_IRQHandler                     0x08000eff   Thumb Code     0  startup_stm32f10x_hd.o(.text)
    USB_HP_CAN1_TX_IRQHandler                0x08000eff   Thumb Code     0  startup_stm32f10x_hd.o(.text)
    USB_LP_CAN1_RX0_IRQHandler               0x08000eff   Thumb Code     0  startup_stm32f10x_hd.o(.text)
    WWDG_IRQHandler                          0x08000eff   Thumb Code     0  startup_stm32f10x_hd.o(.text)
    GPIO_DeInit                              0x08000f09   Thumb Code   172  stm32f10x_gpio.o(.text)
    GPIO_AFIODeInit                          0x08000fb5   Thumb Code    20  stm32f10x_gpio.o(.text)
    GPIO_Init                                0x08000fc9   Thumb Code   274  stm32f10x_gpio.o(.text)
    GPIO_StructInit                          0x080010db   Thumb Code    16  stm32f10x_gpio.o(.text)
    GPIO_ReadInputDataBit                    0x080010eb   Thumb Code    18  stm32f10x_gpio.o(.text)
    GPIO_ReadInputData                       0x080010fd   Thumb Code     8  stm32f10x_gpio.o(.text)
    GPIO_ReadOutputDataBit                   0x08001105   Thumb Code    18  stm32f10x_gpio.o(.text)
    GPIO_ReadOutputData                      0x08001117   Thumb Code     8  stm32f10x_gpio.o(.text)
    GPIO_SetBits                             0x0800111f   Thumb Code     4  stm32f10x_gpio.o(.text)
    GPIO_ResetBits                           0x08001123   Thumb Code     4  stm32f10x_gpio.o(.text)
    GPIO_WriteBit                            0x08001127   Thumb Code    10  stm32f10x_gpio.o(.text)
    GPIO_Write                               0x08001131   Thumb Code     4  stm32f10x_gpio.o(.text)
    GPIO_PinLockConfig                       0x08001135   Thumb Code    18  stm32f10x_gpio.o(.text)
    GPIO_EventOutputConfig                   0x08001147   Thumb Code    26  stm32f10x_gpio.o(.text)
    GPIO_EventOutputCmd                      0x08001161   Thumb Code     6  stm32f10x_gpio.o(.text)
    GPIO_PinRemapConfig                      0x08001167   Thumb Code   138  stm32f10x_gpio.o(.text)
    GPIO_EXTILineConfig                      0x080011f1   Thumb Code    66  stm32f10x_gpio.o(.text)
    GPIO_ETH_MediaInterfaceConfig            0x08001233   Thumb Code     6  stm32f10x_gpio.o(.text)
    RCC_DeInit                               0x08001261   Thumb Code    64  stm32f10x_rcc.o(.text)
    RCC_HSEConfig                            0x080012a1   Thumb Code    70  stm32f10x_rcc.o(.text)
    RCC_GetFlagStatus                        0x080012e7   Thumb Code    56  stm32f10x_rcc.o(.text)
    RCC_WaitForHSEStartUp                    0x0800131f   Thumb Code    56  stm32f10x_rcc.o(.text)
    RCC_AdjustHSICalibrationValue            0x08001357   Thumb Code    20  stm32f10x_rcc.o(.text)
    RCC_HSICmd                               0x0800136b   Thumb Code     6  stm32f10x_rcc.o(.text)
    RCC_PLLConfig                            0x08001371   Thumb Code    24  stm32f10x_rcc.o(.text)
    RCC_PLLCmd                               0x08001389   Thumb Code     6  stm32f10x_rcc.o(.text)
    RCC_SYSCLKConfig                         0x0800138f   Thumb Code    18  stm32f10x_rcc.o(.text)
    RCC_GetSYSCLKSource                      0x080013a1   Thumb Code    10  stm32f10x_rcc.o(.text)
    RCC_HCLKConfig                           0x080013ab   Thumb Code    18  stm32f10x_rcc.o(.text)
    RCC_PCLK1Config                          0x080013bd   Thumb Code    18  stm32f10x_rcc.o(.text)
    RCC_PCLK2Config                          0x080013cf   Thumb Code    20  stm32f10x_rcc.o(.text)
    RCC_ITConfig                             0x080013e3   Thumb Code    26  stm32f10x_rcc.o(.text)
    RCC_USBCLKConfig                         0x080013fd   Thumb Code     6  stm32f10x_rcc.o(.text)
    RCC_ADCCLKConfig                         0x08001403   Thumb Code    18  stm32f10x_rcc.o(.text)
    RCC_LSEConfig                            0x08001415   Thumb Code    44  stm32f10x_rcc.o(.text)
    RCC_LSICmd                               0x08001441   Thumb Code     6  stm32f10x_rcc.o(.text)
    RCC_RTCCLKConfig                         0x08001447   Thumb Code    12  stm32f10x_rcc.o(.text)
    RCC_RTCCLKCmd                            0x08001453   Thumb Code     8  stm32f10x_rcc.o(.text)
    RCC_GetClocksFreq                        0x0800145b   Thumb Code   192  stm32f10x_rcc.o(.text)
    RCC_AHBPeriphClockCmd                    0x0800151b   Thumb Code    26  stm32f10x_rcc.o(.text)
    RCC_APB2PeriphClockCmd                   0x08001535   Thumb Code    26  stm32f10x_rcc.o(.text)
    RCC_APB1PeriphClockCmd                   0x0800154f   Thumb Code    26  stm32f10x_rcc.o(.text)
    RCC_APB2PeriphResetCmd                   0x08001569   Thumb Code    26  stm32f10x_rcc.o(.text)
    RCC_APB1PeriphResetCmd                   0x08001583   Thumb Code    26  stm32f10x_rcc.o(.text)
    RCC_BackupResetCmd                       0x0800159d   Thumb Code     8  stm32f10x_rcc.o(.text)
    RCC_ClockSecuritySystemCmd               0x080015a5   Thumb Code     6  stm32f10x_rcc.o(.text)
    RCC_MCOConfig                            0x080015ab   Thumb Code     6  stm32f10x_rcc.o(.text)
    RCC_ClearFlag                            0x080015b1   Thumb Code    14  stm32f10x_rcc.o(.text)
    RCC_GetITStatus                          0x080015bf   Thumb Code    20  stm32f10x_rcc.o(.text)
    RCC_ClearITPendingBit                    0x080015d3   Thumb Code     6  stm32f10x_rcc.o(.text)
    USART_DeInit                             0x08001605   Thumb Code   134  stm32f10x_usart.o(.text)
    USART_Init                               0x0800168b   Thumb Code   210  stm32f10x_usart.o(.text)
    USART_StructInit                         0x0800175d   Thumb Code    24  stm32f10x_usart.o(.text)
    USART_ClockInit                          0x08001775   Thumb Code    34  stm32f10x_usart.o(.text)
    USART_ClockStructInit                    0x08001797   Thumb Code    12  stm32f10x_usart.o(.text)
    USART_Cmd                                0x080017a3   Thumb Code    24  stm32f10x_usart.o(.text)
    USART_ITConfig                           0x080017bb   Thumb Code    74  stm32f10x_usart.o(.text)
    USART_DMACmd                             0x08001805   Thumb Code    18  stm32f10x_usart.o(.text)
    USART_SetAddress                         0x08001817   Thumb Code    18  stm32f10x_usart.o(.text)
    USART_WakeUpConfig                       0x08001829   Thumb Code    18  stm32f10x_usart.o(.text)
    USART_ReceiverWakeUpCmd                  0x0800183b   Thumb Code    24  stm32f10x_usart.o(.text)
    USART_LINBreakDetectLengthConfig         0x08001853   Thumb Code    18  stm32f10x_usart.o(.text)
    USART_LINCmd                             0x08001865   Thumb Code    24  stm32f10x_usart.o(.text)
    USART_SendData                           0x0800187d   Thumb Code     8  stm32f10x_usart.o(.text)
    USART_ReceiveData                        0x08001885   Thumb Code    10  stm32f10x_usart.o(.text)
    USART_SendBreak                          0x0800188f   Thumb Code    10  stm32f10x_usart.o(.text)
    USART_SetGuardTime                       0x08001899   Thumb Code    16  stm32f10x_usart.o(.text)
    USART_SetPrescaler                       0x080018a9   Thumb Code    16  stm32f10x_usart.o(.text)
    USART_SmartCardCmd                       0x080018b9   Thumb Code    24  stm32f10x_usart.o(.text)
    USART_SmartCardNACKCmd                   0x080018d1   Thumb Code    24  stm32f10x_usart.o(.text)
    USART_HalfDuplexCmd                      0x080018e9   Thumb Code    24  stm32f10x_usart.o(.text)
    USART_OverSampling8Cmd                   0x08001901   Thumb Code    22  stm32f10x_usart.o(.text)
    USART_OneBitMethodCmd                    0x08001917   Thumb Code    24  stm32f10x_usart.o(.text)
    USART_IrDAConfig                         0x0800192f   Thumb Code    18  stm32f10x_usart.o(.text)
    USART_IrDACmd                            0x08001941   Thumb Code    24  stm32f10x_usart.o(.text)
    USART_GetFlagStatus                      0x08001959   Thumb Code    26  stm32f10x_usart.o(.text)
    USART_ClearFlag                          0x08001973   Thumb Code    18  stm32f10x_usart.o(.text)
    USART_GetITStatus                        0x08001985   Thumb Code    84  stm32f10x_usart.o(.text)
    USART_ClearITPendingBit                  0x080019d9   Thumb Code    52  stm32f10x_usart.o(.text)
    NVIC_PriorityGroupConfig                 0x08001a0d   Thumb Code    10  misc.o(.text)
    NVIC_Init                                0x08001a17   Thumb Code   102  misc.o(.text)
    NVIC_SetVectorTable                      0x08001a7d   Thumb Code    14  misc.o(.text)
    NVIC_SystemLPConfig                      0x08001a8b   Thumb Code    34  misc.o(.text)
    SysTick_CLKSourceConfig                  0x08001aad   Thumb Code    40  misc.o(.text)
    TIM_DeInit                               0x08001ae9   Thumb Code   424  stm32f10x_tim.o(.text)
    TIM_TimeBaseInit                         0x08001c91   Thumb Code   122  stm32f10x_tim.o(.text)
    TIM_OC1Init                              0x08001d0b   Thumb Code   132  stm32f10x_tim.o(.text)
    TIM_OC2Init                              0x08001d8f   Thumb Code   154  stm32f10x_tim.o(.text)
    TIM_OC3Init                              0x08001e29   Thumb Code   150  stm32f10x_tim.o(.text)
    TIM_OC4Init                              0x08001ebf   Thumb Code   182  stm32f10x_tim.o(.text)
    TIM_SetIC4Prescaler                      0x08001f75   Thumb Code    26  stm32f10x_tim.o(.text)
    TIM_SetIC3Prescaler                      0x08002011   Thumb Code    18  stm32f10x_tim.o(.text)
    TIM_SetIC2Prescaler                      0x0800209d   Thumb Code    26  stm32f10x_tim.o(.text)
    TIM_SetIC1Prescaler                      0x08002139   Thumb Code    18  stm32f10x_tim.o(.text)
    TIM_ICInit                               0x080021b7   Thumb Code   150  stm32f10x_tim.o(.text)
    TIM_PWMIConfig                           0x0800224d   Thumb Code   124  stm32f10x_tim.o(.text)
    TIM_BDTRConfig                           0x080022c9   Thumb Code    32  stm32f10x_tim.o(.text)
    TIM_TimeBaseStructInit                   0x080022e9   Thumb Code    18  stm32f10x_tim.o(.text)
    TIM_OCStructInit                         0x080022fb   Thumb Code    20  stm32f10x_tim.o(.text)
    TIM_ICStructInit                         0x0800230f   Thumb Code    18  stm32f10x_tim.o(.text)
    TIM_BDTRStructInit                       0x08002321   Thumb Code    40  stm32f10x_tim.o(.text)
    TIM_Cmd                                  0x08002349   Thumb Code    24  stm32f10x_tim.o(.text)
    TIM_CtrlPWMOutputs                       0x08002361   Thumb Code    30  stm32f10x_tim.o(.text)
    TIM_ITConfig                             0x0800237f   Thumb Code    18  stm32f10x_tim.o(.text)
    TIM_GenerateEvent                        0x08002391   Thumb Code     4  stm32f10x_tim.o(.text)
    TIM_DMAConfig                            0x08002395   Thumb Code    10  stm32f10x_tim.o(.text)
    TIM_DMACmd                               0x0800239f   Thumb Code    18  stm32f10x_tim.o(.text)
    TIM_InternalClockConfig                  0x080023b1   Thumb Code    12  stm32f10x_tim.o(.text)
    TIM_SelectInputTrigger                   0x080023bd   Thumb Code    18  stm32f10x_tim.o(.text)
    TIM_ITRxExternalClockConfig              0x080023cf   Thumb Code    24  stm32f10x_tim.o(.text)
    TIM_TIxExternalClockConfig               0x080023e7   Thumb Code    62  stm32f10x_tim.o(.text)
    TIM_ETRConfig                            0x08002425   Thumb Code    28  stm32f10x_tim.o(.text)
    TIM_ETRClockMode1Config                  0x08002441   Thumb Code    54  stm32f10x_tim.o(.text)
    TIM_ETRClockMode2Config                  0x08002477   Thumb Code    32  stm32f10x_tim.o(.text)
    TIM_PrescalerConfig                      0x08002497   Thumb Code     6  stm32f10x_tim.o(.text)
    TIM_CounterModeConfig                    0x0800249d   Thumb Code    18  stm32f10x_tim.o(.text)
    TIM_EncoderInterfaceConfig               0x080024af   Thumb Code    66  stm32f10x_tim.o(.text)
    TIM_ForcedOC1Config                      0x080024f1   Thumb Code    18  stm32f10x_tim.o(.text)
    TIM_ForcedOC2Config                      0x08002503   Thumb Code    26  stm32f10x_tim.o(.text)
    TIM_ForcedOC3Config                      0x0800251d   Thumb Code    18  stm32f10x_tim.o(.text)
    TIM_ForcedOC4Config                      0x0800252f   Thumb Code    26  stm32f10x_tim.o(.text)
    TIM_ARRPreloadConfig                     0x08002549   Thumb Code    24  stm32f10x_tim.o(.text)
    TIM_SelectCOM                            0x08002561   Thumb Code    24  stm32f10x_tim.o(.text)
    TIM_SelectCCDMA                          0x08002579   Thumb Code    24  stm32f10x_tim.o(.text)
    TIM_CCPreloadControl                     0x08002591   Thumb Code    24  stm32f10x_tim.o(.text)
    TIM_OC1PreloadConfig                     0x080025a9   Thumb Code    18  stm32f10x_tim.o(.text)
    TIM_OC2PreloadConfig                     0x080025bb   Thumb Code    26  stm32f10x_tim.o(.text)
    TIM_OC3PreloadConfig                     0x080025d5   Thumb Code    18  stm32f10x_tim.o(.text)
    TIM_OC4PreloadConfig                     0x080025e7   Thumb Code    26  stm32f10x_tim.o(.text)
    TIM_OC1FastConfig                        0x08002601   Thumb Code    18  stm32f10x_tim.o(.text)
    TIM_OC2FastConfig                        0x08002613   Thumb Code    26  stm32f10x_tim.o(.text)
    TIM_OC3FastConfig                        0x0800262d   Thumb Code    18  stm32f10x_tim.o(.text)
    TIM_OC4FastConfig                        0x0800263f   Thumb Code    26  stm32f10x_tim.o(.text)
    TIM_ClearOC1Ref                          0x08002659   Thumb Code    18  stm32f10x_tim.o(.text)
    TIM_ClearOC2Ref                          0x0800266b   Thumb Code    24  stm32f10x_tim.o(.text)
    TIM_ClearOC3Ref                          0x08002683   Thumb Code    18  stm32f10x_tim.o(.text)
    TIM_ClearOC4Ref                          0x08002695   Thumb Code    24  stm32f10x_tim.o(.text)
    TIM_OC1PolarityConfig                    0x080026ad   Thumb Code    18  stm32f10x_tim.o(.text)
    TIM_OC1NPolarityConfig                   0x080026bf   Thumb Code    18  stm32f10x_tim.o(.text)
    TIM_OC2PolarityConfig                    0x080026d1   Thumb Code    26  stm32f10x_tim.o(.text)
    TIM_OC2NPolarityConfig                   0x080026eb   Thumb Code    26  stm32f10x_tim.o(.text)
    TIM_OC3PolarityConfig                    0x08002705   Thumb Code    26  stm32f10x_tim.o(.text)
    TIM_OC3NPolarityConfig                   0x0800271f   Thumb Code    26  stm32f10x_tim.o(.text)
    TIM_OC4PolarityConfig                    0x08002739   Thumb Code    26  stm32f10x_tim.o(.text)
    TIM_CCxCmd                               0x08002753   Thumb Code    30  stm32f10x_tim.o(.text)
    TIM_CCxNCmd                              0x08002771   Thumb Code    30  stm32f10x_tim.o(.text)
    TIM_SelectOCxM                           0x0800278f   Thumb Code    82  stm32f10x_tim.o(.text)
    TIM_UpdateDisableConfig                  0x080027e1   Thumb Code    24  stm32f10x_tim.o(.text)
    TIM_UpdateRequestConfig                  0x080027f9   Thumb Code    24  stm32f10x_tim.o(.text)
    TIM_SelectHallSensor                     0x08002811   Thumb Code    24  stm32f10x_tim.o(.text)
    TIM_SelectOnePulseMode                   0x08002829   Thumb Code    18  stm32f10x_tim.o(.text)
    TIM_SelectOutputTrigger                  0x0800283b   Thumb Code    18  stm32f10x_tim.o(.text)
    TIM_SelectSlaveMode                      0x0800284d   Thumb Code    18  stm32f10x_tim.o(.text)
    TIM_SelectMasterSlaveMode                0x0800285f   Thumb Code    18  stm32f10x_tim.o(.text)
    TIM_SetCounter                           0x08002871   Thumb Code     4  stm32f10x_tim.o(.text)
    TIM_SetAutoreload                        0x08002875   Thumb Code     4  stm32f10x_tim.o(.text)
    TIM_SetCompare1                          0x08002879   Thumb Code     4  stm32f10x_tim.o(.text)
    TIM_SetCompare2                          0x0800287d   Thumb Code     4  stm32f10x_tim.o(.text)
    TIM_SetCompare3                          0x08002881   Thumb Code     4  stm32f10x_tim.o(.text)
    TIM_SetCompare4                          0x08002885   Thumb Code     6  stm32f10x_tim.o(.text)
    TIM_SetClockDivision                     0x0800288b   Thumb Code    18  stm32f10x_tim.o(.text)
    TIM_GetCapture1                          0x0800289d   Thumb Code     6  stm32f10x_tim.o(.text)
    TIM_GetCapture2                          0x080028a3   Thumb Code     6  stm32f10x_tim.o(.text)
    TIM_GetCapture3                          0x080028a9   Thumb Code     6  stm32f10x_tim.o(.text)
    TIM_GetCapture4                          0x080028af   Thumb Code     8  stm32f10x_tim.o(.text)
    TIM_GetCounter                           0x080028b7   Thumb Code     6  stm32f10x_tim.o(.text)
    TIM_GetPrescaler                         0x080028bd   Thumb Code     6  stm32f10x_tim.o(.text)
    TIM_GetFlagStatus                        0x080028c3   Thumb Code    18  stm32f10x_tim.o(.text)
    TIM_ClearFlag                            0x080028d5   Thumb Code     6  stm32f10x_tim.o(.text)
    TIM_GetITStatus                          0x080028db   Thumb Code    34  stm32f10x_tim.o(.text)
    TIM_ClearITPendingBit                    0x080028fd   Thumb Code     6  stm32f10x_tim.o(.text)
    ADC_DeInit                               0x08002905   Thumb Code    78  stm32f10x_adc.o(.text)
    ADC_Init                                 0x08002953   Thumb Code    70  stm32f10x_adc.o(.text)
    ADC_StructInit                           0x08002999   Thumb Code    18  stm32f10x_adc.o(.text)
    ADC_Cmd                                  0x080029ab   Thumb Code    22  stm32f10x_adc.o(.text)
    ADC_DMACmd                               0x080029c1   Thumb Code    22  stm32f10x_adc.o(.text)
    ADC_ITConfig                             0x080029d7   Thumb Code    24  stm32f10x_adc.o(.text)
    ADC_ResetCalibration                     0x080029ef   Thumb Code    10  stm32f10x_adc.o(.text)
    ADC_GetResetCalibrationStatus            0x080029f9   Thumb Code    20  stm32f10x_adc.o(.text)
    ADC_StartCalibration                     0x08002a0d   Thumb Code    10  stm32f10x_adc.o(.text)
    ADC_GetCalibrationStatus                 0x08002a17   Thumb Code    20  stm32f10x_adc.o(.text)
    ADC_SoftwareStartConvCmd                 0x08002a2b   Thumb Code    22  stm32f10x_adc.o(.text)
    ADC_GetSoftwareStartConvStatus           0x08002a41   Thumb Code    20  stm32f10x_adc.o(.text)
    ADC_DiscModeChannelCountConfig           0x08002a55   Thumb Code    24  stm32f10x_adc.o(.text)
    ADC_DiscModeCmd                          0x08002a6d   Thumb Code    22  stm32f10x_adc.o(.text)
    ADC_RegularChannelConfig                 0x08002a83   Thumb Code   184  stm32f10x_adc.o(.text)
    ADC_ExternalTrigConvCmd                  0x08002b3b   Thumb Code    22  stm32f10x_adc.o(.text)
    ADC_GetConversionValue                   0x08002b51   Thumb Code     8  stm32f10x_adc.o(.text)
    ADC_GetDualModeConversionValue           0x08002b59   Thumb Code     8  stm32f10x_adc.o(.text)
    ADC_AutoInjectedConvCmd                  0x08002b61   Thumb Code    22  stm32f10x_adc.o(.text)
    ADC_InjectedDiscModeCmd                  0x08002b77   Thumb Code    22  stm32f10x_adc.o(.text)
    ADC_ExternalTrigInjectedConvConfig       0x08002b8d   Thumb Code    16  stm32f10x_adc.o(.text)
    ADC_ExternalTrigInjectedConvCmd          0x08002b9d   Thumb Code    22  stm32f10x_adc.o(.text)
    ADC_SoftwareStartInjectedConvCmd         0x08002bb3   Thumb Code    22  stm32f10x_adc.o(.text)
    ADC_GetSoftwareStartInjectedConvCmdStatus 0x08002bc9   Thumb Code    20  stm32f10x_adc.o(.text)
    ADC_InjectedChannelConfig                0x08002bdd   Thumb Code   130  stm32f10x_adc.o(.text)
    ADC_InjectedSequencerLengthConfig        0x08002c5f   Thumb Code    24  stm32f10x_adc.o(.text)
    ADC_SetInjectedOffset                    0x08002c77   Thumb Code    20  stm32f10x_adc.o(.text)
    ADC_GetInjectedConversionValue           0x08002c8b   Thumb Code    28  stm32f10x_adc.o(.text)
    ADC_AnalogWatchdogCmd                    0x08002ca7   Thumb Code    16  stm32f10x_adc.o(.text)
    ADC_AnalogWatchdogThresholdsConfig       0x08002cb7   Thumb Code     6  stm32f10x_adc.o(.text)
    ADC_AnalogWatchdogSingleChannelConfig    0x08002cbd   Thumb Code    16  stm32f10x_adc.o(.text)
    ADC_TempSensorVrefintCmd                 0x08002ccd   Thumb Code    64  stm32f10x_adc.o(.text)
    ADC_GetFlagStatus                        0x08002d0d   Thumb Code    18  stm32f10x_adc.o(.text)
    ADC_ClearFlag                            0x08002d1f   Thumb Code     6  stm32f10x_adc.o(.text)
    ADC_GetITStatus                          0x08002d25   Thumb Code    36  stm32f10x_adc.o(.text)
    ADC_ClearITPendingBit                    0x08002d49   Thumb Code    10  stm32f10x_adc.o(.text)
    DMA_DeInit                               0x08002d55   Thumb Code   324  stm32f10x_dma.o(.text)
    DMA_Init                                 0x08002e99   Thumb Code    60  stm32f10x_dma.o(.text)
    DMA_StructInit                           0x08002ed5   Thumb Code    26  stm32f10x_dma.o(.text)
    DMA_Cmd                                  0x08002eef   Thumb Code    24  stm32f10x_dma.o(.text)
    DMA_ITConfig                             0x08002f07   Thumb Code    18  stm32f10x_dma.o(.text)
    DMA_SetCurrDataCounter                   0x08002f19   Thumb Code     4  stm32f10x_dma.o(.text)
    DMA_GetCurrDataCounter                   0x08002f1d   Thumb Code     8  stm32f10x_dma.o(.text)
    DMA_GetFlagStatus                        0x08002f25   Thumb Code    38  stm32f10x_dma.o(.text)
    DMA_ClearFlag                            0x08002f4b   Thumb Code    22  stm32f10x_dma.o(.text)
    DMA_GetITStatus                          0x08002f61   Thumb Code    38  stm32f10x_dma.o(.text)
    DMA_ClearITPendingBit                    0x08002f87   Thumb Code    22  stm32f10x_dma.o(.text)
    FLASH_SetLatency                         0x08002fa5   Thumb Code    18  stm32f10x_flash.o(.text)
    FLASH_HalfCycleAccessCmd                 0x08002fb7   Thumb Code    22  stm32f10x_flash.o(.text)
    FLASH_PrefetchBufferCmd                  0x08002fcd   Thumb Code    22  stm32f10x_flash.o(.text)
    FLASH_Unlock                             0x08002fe3   Thumb Code    12  stm32f10x_flash.o(.text)
    FLASH_UnlockBank1                        0x08002fef   Thumb Code    12  stm32f10x_flash.o(.text)
    FLASH_Lock                               0x08002ffb   Thumb Code    14  stm32f10x_flash.o(.text)
    FLASH_LockBank1                          0x08003009   Thumb Code    14  stm32f10x_flash.o(.text)
    FLASH_GetBank1Status                     0x08003017   Thumb Code    48  stm32f10x_flash.o(.text)
    FLASH_WaitForLastOperation               0x08003047   Thumb Code    38  stm32f10x_flash.o(.text)
    FLASH_ErasePage                          0x0800306d   Thumb Code    72  stm32f10x_flash.o(.text)
    FLASH_EraseAllPages                      0x080030b5   Thumb Code    68  stm32f10x_flash.o(.text)
    FLASH_WaitForLastBank1Operation          0x080030f9   Thumb Code    38  stm32f10x_flash.o(.text)
    FLASH_EraseAllBank1Pages                 0x0800311f   Thumb Code    68  stm32f10x_flash.o(.text)
    FLASH_GetReadOutProtectionStatus         0x08003163   Thumb Code    20  stm32f10x_flash.o(.text)
    FLASH_EraseOptionBytes                   0x08003177   Thumb Code   150  stm32f10x_flash.o(.text)
    FLASH_ProgramWord                        0x0800320d   Thumb Code   102  stm32f10x_flash.o(.text)
    FLASH_ProgramHalfWord                    0x08003273   Thumb Code    60  stm32f10x_flash.o(.text)
    FLASH_ProgramOptionByteData              0x080032af   Thumb Code    72  stm32f10x_flash.o(.text)
    FLASH_EnableWriteProtection              0x080032f7   Thumb Code   200  stm32f10x_flash.o(.text)
    FLASH_ReadOutProtection                  0x080033bf   Thumb Code   156  stm32f10x_flash.o(.text)
    FLASH_UserOptionByteConfig               0x0800345b   Thumb Code    88  stm32f10x_flash.o(.text)
    FLASH_GetUserOptionByte                  0x080034b3   Thumb Code     8  stm32f10x_flash.o(.text)
    FLASH_GetWriteProtectionOptionByte       0x080034bb   Thumb Code     6  stm32f10x_flash.o(.text)
    FLASH_GetPrefetchBufferStatus            0x080034c1   Thumb Code    20  stm32f10x_flash.o(.text)
    FLASH_ITConfig                           0x080034d5   Thumb Code    26  stm32f10x_flash.o(.text)
    FLASH_GetFlagStatus                      0x080034ef   Thumb Code    42  stm32f10x_flash.o(.text)
    FLASH_ClearFlag                          0x08003519   Thumb Code     6  stm32f10x_flash.o(.text)
    FLASH_GetStatus                          0x0800351f   Thumb Code    48  stm32f10x_flash.o(.text)
    usmart_sys_cmd_exe                       0x08003561   Thumb Code  1554  usmart.o(.text)
    usmart_reset_runtime                     0x08003b73   Thumb Code    38  usmart.o(.text)
    usmart_get_runtime                       0x08003b99   Thumb Code    56  usmart.o(.text)
    TIM4_IRQHandler                          0x08003bd1   Thumb Code    50  usmart.o(.text)
    Timer4_Init                              0x08003c03   Thumb Code    94  usmart.o(.text)
    usmart_init                              0x08003c61   Thumb Code    36  usmart.o(.text)
    usmart_cmd_rec                           0x08003c85   Thumb Code   170  usmart.o(.text)
    usmart_exe                               0x08003d2f   Thumb Code   674  usmart.o(.text)
    usmart_scan                              0x08003fd1   Thumb Code   120  usmart.o(.text)
    read_addr                                0x08004049   Thumb Code     6  usmart.o(.text)
    write_addr                               0x0800404f   Thumb Code     4  usmart.o(.text)
    usmart_strcmp                            0x080040b9   Thumb Code    34  usmart_str.o(.text)
    usmart_strcopy                           0x080040db   Thumb Code    22  usmart_str.o(.text)
    usmart_strlen                            0x080040f1   Thumb Code    24  usmart_str.o(.text)
    usmart_pow                               0x08004109   Thumb Code    22  usmart_str.o(.text)
    usmart_str2num                           0x0800411f   Thumb Code   202  usmart_str.o(.text)
    usmart_get_cmdname                       0x080041e9   Thumb Code    54  usmart_str.o(.text)
    usmart_search_nextc                      0x0800421f   Thumb Code    22  usmart_str.o(.text)
    usmart_get_fname                         0x08004235   Thumb Code   440  usmart_str.o(.text)
    usmart_get_aparm                         0x080043ed   Thumb Code   200  usmart_str.o(.text)
    usmart_get_parmpos                       0x080044b5   Thumb Code    26  usmart_str.o(.text)
    usmart_get_fparam                        0x080044cf   Thumb Code   262  usmart_str.o(.text)
    mymemcpy                                 0x080045e1   Thumb Code    26  malloc.o(.text)
    mymemset                                 0x080045fb   Thumb Code    20  malloc.o(.text)
    mem_init                                 0x0800460f   Thumb Code    54  malloc.o(.text)
    mem_perused                              0x08004645   Thumb Code    54  malloc.o(.text)
    mem_malloc                               0x0800467b   Thumb Code   162  malloc.o(.text)
    mem_free                                 0x0800471d   Thumb Code    94  malloc.o(.text)
    myfree                                   0x0800477b   Thumb Code    32  malloc.o(.text)
    mymalloc                                 0x0800479b   Thumb Code    34  malloc.o(.text)
    myrealloc                                0x080047bd   Thumb Code    66  malloc.o(.text)
    collection_data                          0x08004851   Thumb Code    60  fricker.o(.text)
    Flicker_init                             0x0800488d   Thumb Code    22  fricker.o(.text)
    RMS_percent                              0x080048a3   Thumb Code   238  fricker.o(.text)
    get_jeita_db                             0x08004991   Thumb Code   366  fricker.o(.text)
    clear_samplingdata                       0x08004aff   Thumb Code     8  fricker.o(.text)
    FlickerMeter                             0x08004b07   Thumb Code    36  fricker.o(.text)
    SDA_OUT                                  0x08004b6d   Thumb Code    24  myiic.o(.text)
    IIC_Buscheck                             0x08004b85   Thumb Code   112  myiic.o(.text)
    IIC_Stop                                 0x08004bf5   Thumb Code    62  myiic.o(.text)
    IIC_Send_Byte                            0x08004c33   Thumb Code    80  myiic.o(.text)
    IIC_Init                                 0x08004c83   Thumb Code    62  myiic.o(.text)
    SDA_IN                                   0x08004cc1   Thumb Code    24  myiic.o(.text)
    IIC_Start                                0x08004cd9   Thumb Code    54  myiic.o(.text)
    IIC_Scl                                  0x08004d0f   Thumb Code    30  myiic.o(.text)
    IIC_Wait_Ack                             0x08004d2d   Thumb Code    68  myiic.o(.text)
    IIC_Sda                                  0x08004d71   Thumb Code    32  myiic.o(.text)
    i2c1_write_u8                            0x08004d91   Thumb Code    84  myiic.o(.text)
    i2c1_start                               0x08004de5   Thumb Code    26  myiic.o(.text)
    IIC_NAck                                 0x08004dff   Thumb Code    40  myiic.o(.text)
    IIC_Ack                                  0x08004e27   Thumb Code    50  myiic.o(.text)
    i2c1_init                                0x08004e59   Thumb Code     8  myiic.o(.text)
    IIC_Read_Byte                            0x08004e61   Thumb Code    74  myiic.o(.text)
    IIC_Read_Byte_no_ack                     0x08004eab   Thumb Code    84  myiic.o(.text)
    i2c1_stop                                0x08004eff   Thumb Code    52  myiic.o(.text)
    i2c1_start_repeat                        0x08004f33   Thumb Code    12  myiic.o(.text)
    iic_read_byte                            0x08004f3f   Thumb Code   196  myiic.o(.text)
    i2c1_read_u8                             0x08005003   Thumb Code   112  myiic.o(.text)
    i2c1_read_data                           0x08005073   Thumb Code    58  myiic.o(.text)
    i2c1_Detect                              0x080050ad   Thumb Code    58  myiic.o(.text)
    i2c_tx_bit                               0x0800515d   Thumb Code    76  i2c1_bitbang.o(.text)
    i2c_rx_bit                               0x080051a9   Thumb Code    50  i2c1_bitbang.o(.text)
    i2c11__anti_death                        0x080051db   Thumb Code    46  i2c1_bitbang.o(.text)
    i2c11__init                              0x08005209   Thumb Code    72  i2c1_bitbang.o(.text)
    i2c11__start                             0x08005251   Thumb Code    70  i2c1_bitbang.o(.text)
    i2c11__send_start                        0x08005297   Thumb Code    64  i2c1_bitbang.o(.text)
    i2c11__start_repeat                      0x080052d7   Thumb Code    34  i2c1_bitbang.o(.text)
    i2c11__stop                              0x080052f9   Thumb Code    64  i2c1_bitbang.o(.text)
    i2c11__write_u8                          0x08005339   Thumb Code    70  i2c1_bitbang.o(.text)
    i2c11__read_u8                           0x0800537f   Thumb Code    58  i2c1_bitbang.o(.text)
    i2c11__write_data                        0x080053b9   Thumb Code    34  i2c1_bitbang.o(.text)
    i2c11__read_data                         0x080053db   Thumb Code    58  i2c1_bitbang.o(.text)
    TL35825_Write                            0x0800541d   Thumb Code    58  lt35825.o(.text)
    TL35825_Read                             0x08005457   Thumb Code    58  lt35825.o(.text)
    Set_Voutp                                0x08005491   Thumb Code   218  lt35825.o(.text)
    Set_Voutn                                0x0800556b   Thumb Code   170  lt35825.o(.text)
    Voutp_Upfirst                            0x08005615   Thumb Code    56  lt35825.o(.text)
    Voutn_Upfirst                            0x0800564d   Thumb Code    40  lt35825.o(.text)
    TL35825_reset                            0x08005675   Thumb Code    12  lt35825.o(.text)
    TL35825_init                             0x08005681   Thumb Code    22  lt35825.o(.text)
    Voutn_UpBoth                             0x08005697   Thumb Code    40  lt35825.o(.text)
    Vout_Off                                 0x080056bf   Thumb Code    38  lt35825.o(.text)
    act8846_i2c_write                        0x0800576d   Thumb Code    80  act8846.o(.text)
    act8846_i2c_read                         0x080057bd   Thumb Code   100  act8846.o(.text)
    act8846_set_bits                         0x08005821   Thumb Code    60  act8846.o(.text)
    act8846_ldo_set_voltage                  0x0800585d   Thumb Code   100  act8846.o(.text)
    act8846_dcdc_set_voltage                 0x080058c1   Thumb Code   128  act8846.o(.text)
    act8846_ldo_disable                      0x08005941   Thumb Code    22  act8846.o(.text)
    act8846_dcdc_disable                     0x08005957   Thumb Code    22  act8846.o(.text)
    act8846_init                             0x0800596d   Thumb Code  1434  act8846.o(.text)
    act8846_ldo_enable                       0x08005f07   Thumb Code    22  act8846.o(.text)
    act8846_dcdc_enable                      0x08005f1d   Thumb Code    22  act8846.o(.text)
    act8846_on                               0x08005f33   Thumb Code    84  act8846.o(.text)
    act8846_off                              0x08005f87   Thumb Code    84  act8846.o(.text)
    act8846_Read                             0x08005fdb   Thumb Code    58  act8846.o(.text)
    act8846_Write                            0x08006015   Thumb Code    58  act8846.o(.text)
    act8846_ldo_is_enabled                   0x0800604f   Thumb Code    54  act8846.o(.text)
    act8846_ldo_get_voltage                  0x08006085   Thumb Code    64  act8846.o(.text)
    act8846_ldo_get_mode                     0x080060c5   Thumb Code    62  act8846.o(.text)
    act8846_ldo_set_mode                     0x08006103   Thumb Code    62  act8846.o(.text)
    act8846_dcdc_is_enabled                  0x08006141   Thumb Code    64  act8846.o(.text)
    act8846_dcdc_get_voltage                 0x08006181   Thumb Code    64  act8846.o(.text)
    act8846_dcdc_set_sleep_voltage           0x080061c1   Thumb Code   112  act8846.o(.text)
    act8846_dcdc_get_mode                    0x08006231   Thumb Code    62  act8846.o(.text)
    act8846_dcdc_set_mode                    0x0800626f   Thumb Code    64  act8846.o(.text)
    act8846_device_shutdown                  0x080062af   Thumb Code   254  act8846.o(.text)
    poweron                                  0x080063ad   Thumb Code     2  act8846.o(.text)
    updateVled                               0x080063af   Thumb Code     2  act8846.o(.text)
    poweroff                                 0x080063b1   Thumb Code     2  act8846.o(.text)
    PMU_GPIO_Config                          0x080063b5   Thumb Code   132  gpio_config.o(.text)
    VSP_VSN_GPIO_Config                      0x08006439   Thumb Code    92  gpio_config.o(.text)
    OTP_GPIO_Config                          0x08006495   Thumb Code    50  gpio_config.o(.text)
    BL_GPIO_Config                           0x080064c7   Thumb Code   156  gpio_config.o(.text)
    VA_Err_GPIO_Config                       0x08006563   Thumb Code    46  gpio_config.o(.text)
    Usr_Led_GPIO_Config                      0x08006591   Thumb Code    46  gpio_config.o(.text)
    TPS22993_GPIO_Config                     0x080065bf   Thumb Code    58  gpio_config.o(.text)
    RELAY_UA_GPIO_Config                     0x080065f9   Thumb Code    46  gpio_config.o(.text)
    System_GPIO_Config                       0x08006627   Thumb Code    52  gpio_config.o(.text)
    Set_PMU_RST_IO                           0x0800665b   Thumb Code     6  gpio_config.o(.text)
    Set_PMU_PWREN_IO                         0x08006661   Thumb Code     6  gpio_config.o(.text)
    ACT8846_DCDC_Switch                      0x08006667   Thumb Code    24  gpio_config.o(.text)
    ACT8846_LDO_Switch                       0x0800667f   Thumb Code    24  gpio_config.o(.text)
    TPS22993_Sel_Dev                         0x08006713   Thumb Code    18  tps22993.o(.text)
    TPS22993_Set_Mode                        0x08006725   Thumb Code    72  tps22993.o(.text)
    TPS22993_On                              0x0800676d   Thumb Code   106  tps22993.o(.text)
    TPS22993_Off                             0x080067d7   Thumb Code   106  tps22993.o(.text)
    TPS22993_Set_Fun                         0x08006841   Thumb Code    42  tps22993.o(.text)
    TPS22993_Init                            0x0800686b   Thumb Code   190  tps22993.o(.text)
    TPS22993_Set_All_Mode                    0x08006929   Thumb Code   154  tps22993.o(.text)
    LM36923_I2c_write                        0x080069d5   Thumb Code    86  lm36923.o(.text)
    TL36923_Read                             0x08006a9f   Thumb Code    74  lm36923.o(.text)
    LM36923_Set_Mode                         0x08006ae9   Thumb Code    28  lm36923.o(.text)
    LM36923_Reset                            0x08006b05   Thumb Code    38  lm36923.o(.text)
    Setbit1                                  0x08006b2b   Thumb Code    14  lm36923.o(.text)
    Clearbit1                                0x08006b39   Thumb Code    16  lm36923.o(.text)
    LM36923_On                               0x08006b49   Thumb Code    34  lm36923.o(.text)
    LM36923_Off                              0x08006b6b   Thumb Code    46  lm36923.o(.text)
    LM36923_AllOn                            0x08006b99   Thumb Code    12  lm36923.o(.text)
    LM36923_AllOff                           0x08006ba5   Thumb Code    12  lm36923.o(.text)
    LM36923_Set_Current                      0x08006bb1   Thumb Code    26  lm36923.o(.text)
    LM36923_Init                             0x08006bcb   Thumb Code   210  lm36923.o(.text)
    tps65132_i2c_write                       0x08006d15   Thumb Code   120  tps65132.o(.text)
    tps65132_i2c_read                        0x08006d8d   Thumb Code   180  tps65132.o(.text)
    tps65132_set_voltage                     0x08006e41   Thumb Code   130  tps65132.o(.text)
    tps65132_set_mode                        0x08006ec3   Thumb Code    60  tps65132.o(.text)
    Tps65132_Init                            0x08006eff   Thumb Code    36  tps65132.o(.text)
    ad715_i2c_write                          0x0800702d   Thumb Code    60  ad715.o(.text)
    Tps65651_test                            0x08007069   Thumb Code    22  ad715.o(.text)
    ad715_Init                               0x0800707f   Thumb Code    10  ad715.o(.text)
    INA226_selectDevice                      0x08007091   Thumb Code    34  ina226.o(.text)
    INA226_writeRegister16                   0x080070b3   Thumb Code   142  ina226.o(.text)
    INA226_readRegister16                    0x08007141   Thumb Code   186  ina226.o(.text)
    INA226_configure                         0x080071fb   Thumb Code    64  ina226.o(.text)
    INA226_calibrate                         0x0800723b   Thumb Code   114  ina226.o(.text)
    INA226_getMaxPossibleCurrent             0x080072ad   Thumb Code    16  ina226.o(.text)
    INA226_getMaxCurrent                     0x080072bd   Thumb Code    52  ina226.o(.text)
    INA226_getMaxShuntVoltage                0x080072f1   Thumb Code    42  ina226.o(.text)
    INA226_getMaxPower                       0x0800731b   Thumb Code    20  ina226.o(.text)
    INA226_readBusPower                      0x0800732f   Thumb Code    60  ina226.o(.text)
    INA226_readShuntCurrent                  0x0800736b   Thumb Code    60  ina226.o(.text)
    INA226_readShuntVoltage                  0x080073a7   Thumb Code    60  ina226.o(.text)
    INA226_readBusVoltage                    0x080073e3   Thumb Code    60  ina226.o(.text)
    INA226_getAverages                       0x0800741f   Thumb Code    36  ina226.o(.text)
    INA226_getBusConversionTime              0x08007443   Thumb Code    36  ina226.o(.text)
    INA226_getShuntConversionTime            0x08007467   Thumb Code   562  ina226.o(.text)
    INA226_getMode                           0x08007699   Thumb Code    28  ina226.o(.text)
    INA226_setMaskEnable                     0x080076b5   Thumb Code    14  ina226.o(.text)
    INA226_getMaskEnable                     0x080076c3   Thumb Code    18  ina226.o(.text)
    INA226_enableShuntOverLimitAlert         0x080076d5   Thumb Code    14  ina226.o(.text)
    INA226_enableShuntUnderLimitAlert        0x080076e3   Thumb Code    14  ina226.o(.text)
    INA226_enableBusOvertLimitAlert          0x080076f1   Thumb Code    14  ina226.o(.text)
    INA226_enableBusUnderLimitAlert          0x080076ff   Thumb Code    14  ina226.o(.text)
    INA226_enableOverPowerLimitAlert         0x0800770d   Thumb Code    14  ina226.o(.text)
    INA226_enableConversionReadyAlert        0x0800771b   Thumb Code    14  ina226.o(.text)
    INA226_setBusVoltageLimit                0x08007729   Thumb Code    44  ina226.o(.text)
    INA226_setShuntVoltageLimit              0x08007755   Thumb Code    30  ina226.o(.text)
    INA226_setPowerLimit                     0x08007773   Thumb Code    46  ina226.o(.text)
    INA226_setAlertInvertedPolarity          0x080077a1   Thumb Code    30  ina226.o(.text)
    INA226_setAlertLatch                     0x080077bf   Thumb Code    30  ina226.o(.text)
    INA226_isMathOverflow                    0x080077dd   Thumb Code    12  ina226.o(.text)
    INA226_isAlert                           0x080077e9   Thumb Code    12  ina226.o(.text)
    INA226_Volt                              0x08007805   Thumb Code    88  voltcurrentproc.o(.text)
    Current_Volt                             0x0800785d   Thumb Code   124  voltcurrentproc.o(.text)
    LED_Init                                 0x08007905   Thumb Code    46  parm.o(.text)
    Get_Volt_Val                             0x08007933   Thumb Code    10  parm.o(.text)
    USARTxPinConfiguration                   0x08007945   Thumb Code    96  uart.o(.text)
    USARTx_DMA_Rx_init                       0x080079a5   Thumb Code   138  uart.o(.text)
    USARTx_DMA_Tx_init                       0x08007a2f   Thumb Code   124  uart.o(.text)
    USARTx_Rx_Init_FIFO                      0x08007aab   Thumb Code   116  uart.o(.text)
    USARTx_Rx_Get_FIFO_Status                0x08007b1f   Thumb Code    74  uart.o(.text)
    USARTx_Rx_GetFIFO_Status                 0x08007b69   Thumb Code    78  uart.o(.text)
    USARTx_Rx_Read_FIFO                      0x08007bb7   Thumb Code   128  uart.o(.text)
    USARTx_Rx_Read_NOTFIFO                   0x08007c37   Thumb Code   138  uart.o(.text)
    USARTx_Configuration                     0x08007cc1   Thumb Code   326  uart.o(.text)
    Get_Usartx_Config_Sts                    0x08007e07   Thumb Code    16  uart.o(.text)
    Read_Uart                                0x08007e17   Thumb Code   102  uart.o(.text)
    USART2_IRQHandler                        0x08007e7d   Thumb Code   110  uart.o(.text)
    WriteUart                                0x08007eeb   Thumb Code   166  uart.o(.text)
    fifo_datanum                             0x08007f91   Thumb Code    20  uart.o(.text)
    ReadUart                                 0x08007fa5   Thumb Code   102  uart.o(.text)
    USARTxSendUpdata                         0x0800800b   Thumb Code   190  uart.o(.text)
    InitUart                                 0x080080c9   Thumb Code    50  uart.o(.text)
    USARTx_Timer_Proc                        0x080080fb   Thumb Code    58  uart.o(.text)
    USARTx_Test                              0x08008135   Thumb Code    38  uart.o(.text)
    InitUartRxCycQue                         0x080081a1   Thumb Code    26  uartque.o(.text)
    ClearUartRxCycQue                        0x080081bb   Thumb Code    30  uartque.o(.text)
    WriteUartRxCycQue                        0x080081d9   Thumb Code    98  uartque.o(.text)
    ReadUartRxCycQue                         0x0800823b   Thumb Code    90  uartque.o(.text)
    CountUartRxCycQue                        0x08008295   Thumb Code    20  uartque.o(.text)
    InitUartTxCycQue                         0x080082a9   Thumb Code    26  uartque.o(.text)
    ClearUartTxCycQue                        0x080082c3   Thumb Code    30  uartque.o(.text)
    WriteUartTxCycQue                        0x080082e1   Thumb Code    98  uartque.o(.text)
    ReadUartTxCycQue                         0x08008343   Thumb Code    90  uartque.o(.text)
    CountUartTxCycQue                        0x0800839d   Thumb Code    20  uartque.o(.text)
    Int2Str                                  0x080083c9   Thumb Code    84  common.o(.text)
    Str2Int                                  0x0800841d   Thumb Code   260  common.o(.text)
    SerialPutChar                            0x08008521   Thumb Code    28  common.o(.text)
    Serial_PutString                         0x0800853d   Thumb Code    22  common.o(.text)
    SerialKeyPressed                         0x08008553   Thumb Code    42  common.o(.text)
    GetKey                                   0x0800857d   Thumb Code    28  common.o(.text)
    GetInputString                           0x08008599   Thumb Code    90  common.o(.text)
    GetIntegerInput                          0x080085f3   Thumb Code    80  common.o(.text)
    FLASH_PagesMask                          0x08008643   Thumb Code    24  common.o(.text)
    FLASH_DisableWriteProtectionPages        0x0800865b   Thumb Code   196  common.o(.text)
    Main_Menu                                0x0800871f   Thumb Code   538  common.o(.text)
    IAP_Ram_Code                             0x08008939   Thumb Code    36  common.o(.text)
    SerialDownload                           0x08008ba5   Thumb Code   120  download.o(.text)
    SerialUpload                             0x08008d35   Thumb Code    56  upload.o(.text)
    Ymodem_Receive                           0x08008f19   Thumb Code   440  ymodem.o(.text)
    Ymodem_CheckResponse                     0x080090d1   Thumb Code     6  ymodem.o(.text)
    Ymodem_PrepareIntialPacket               0x080090d7   Thumb Code   114  ymodem.o(.text)
    Ymodem_PreparePacket                     0x08009149   Thumb Code   140  ymodem.o(.text)
    UpdateCRC16                              0x080091d5   Thumb Code    48  ymodem.o(.text)
    Cal_CRC16                                0x08009205   Thumb Code    52  ymodem.o(.text)
    CalChecksum                              0x08009239   Thumb Code    24  ymodem.o(.text)
    Ymodem_SendPacket                        0x08009251   Thumb Code    26  ymodem.o(.text)
    Ymodem_Transmit                          0x0800926b   Thumb Code   624  ymodem.o(.text)
    arm_cmplx_mag_q31                        0x080094e5   Thumb Code   186  arm_cmplx_mag_q31.o(.text)
    arm_cfft_radix2_init_q31                 0x080095a1   Thumb Code   172  arm_cfft_radix2_init_q31.o(.text)
    arm_radix2_butterfly_q31                 0x08009675   Thumb Code   672  arm_cfft_radix2_q31.o(.text)
    arm_radix2_butterfly_inverse_q31         0x08009915   Thumb Code   542  arm_cfft_radix2_q31.o(.text)
    arm_cfft_radix2_q31                      0x08009b33   Thumb Code    46  arm_cfft_radix2_q31.o(.text)
    arm_sqrt_q31                             0x08009b61   Thumb Code   218  arm_sqrt_q31.o(.text)
    arm_bitreversal_f32                      0x08009c41   Thumb Code   174  arm_bitreversal.o(.text)
    arm_bitreversal_q31                      0x08009cef   Thumb Code   178  arm_bitreversal.o(.text)
    arm_bitreversal_q15                      0x08009da1   Thumb Code   114  arm_bitreversal.o(.text)
    __aeabi_memcpy                           0x08009e13   Thumb Code    36  memcpya.o(.text)
    __aeabi_memcpy4                          0x08009e13   Thumb Code     0  memcpya.o(.text)
    __aeabi_memcpy8                          0x08009e13   Thumb Code     0  memcpya.o(.text)
    __aeabi_memset                           0x08009e37   Thumb Code    14  memseta.o(.text)
    __aeabi_memset4                          0x08009e37   Thumb Code     0  memseta.o(.text)
    __aeabi_memset8                          0x08009e37   Thumb Code     0  memseta.o(.text)
    __aeabi_memclr                           0x08009e45   Thumb Code     4  memseta.o(.text)
    __aeabi_memclr4                          0x08009e45   Thumb Code     0  memseta.o(.text)
    __aeabi_memclr8                          0x08009e45   Thumb Code     0  memseta.o(.text)
    _memset$wrapper                          0x08009e49   Thumb Code    18  memseta.o(.text)
    __aeabi_fadd                             0x08009e5b   Thumb Code   164  fadd.o(.text)
    __aeabi_fsub                             0x08009eff   Thumb Code     6  fadd.o(.text)
    __aeabi_frsub                            0x08009f05   Thumb Code     6  fadd.o(.text)
    __aeabi_fmul                             0x08009f0b   Thumb Code   108  fmul.o(.text)
    __aeabi_fdiv                             0x08009f77   Thumb Code   128  fdiv.o(.text)
    __ARM_scalbnf                            0x08009ff7   Thumb Code    24  fscalb.o(.text)
    scalbnf                                  0x08009ff7   Thumb Code     0  fscalb.o(.text)
    __aeabi_dadd                             0x0800a00f   Thumb Code   322  dadd.o(.text)
    __aeabi_dsub                             0x0800a151   Thumb Code     6  dadd.o(.text)
    __aeabi_drsub                            0x0800a157   Thumb Code     6  dadd.o(.text)
    __aeabi_dmul                             0x0800a15d   Thumb Code   228  dmul.o(.text)
    __aeabi_ddiv                             0x0800a241   Thumb Code   222  ddiv.o(.text)
    __aeabi_i2f                              0x0800a31f   Thumb Code    18  fflti.o(.text)
    __aeabi_ui2f                             0x0800a331   Thumb Code    10  ffltui.o(.text)
    __aeabi_f2iz                             0x0800a33b   Thumb Code    50  ffixi.o(.text)
    __aeabi_f2uiz                            0x0800a36d   Thumb Code    40  ffixui.o(.text)
    __aeabi_d2uiz                            0x0800a395   Thumb Code    50  dfixui.o(.text)
    __aeabi_f2d                              0x0800a3c7   Thumb Code    38  f2d.o(.text)
    __aeabi_d2f                              0x0800a3ed   Thumb Code    56  d2f.o(.text)
    __aeabi_cfcmpeq                          0x0800a425   Thumb Code     0  cfcmple.o(.text)
    __aeabi_cfcmple                          0x0800a425   Thumb Code    20  cfcmple.o(.text)
    __aeabi_cfrcmple                         0x0800a439   Thumb Code    20  cfrcmple.o(.text)
    __aeabi_uidiv                            0x0800a44d   Thumb Code     0  uidiv.o(.text)
    __aeabi_uidivmod                         0x0800a44d   Thumb Code    44  uidiv.o(.text)
    __aeabi_uldivmod                         0x0800a479   Thumb Code    98  uldiv.o(.text)
    __aeabi_llsl                             0x0800a4db   Thumb Code    30  llshl.o(.text)
    _ll_shift_l                              0x0800a4db   Thumb Code     0  llshl.o(.text)
    __aeabi_llsr                             0x0800a4f9   Thumb Code    32  llushr.o(.text)
    _ll_ushift_r                             0x0800a4f9   Thumb Code     0  llushr.o(.text)
    __aeabi_lasr                             0x0800a519   Thumb Code    36  llsshr.o(.text)
    _ll_sshift_r                             0x0800a519   Thumb Code     0  llsshr.o(.text)
    __I$use$fp                               0x0800a53d   Thumb Code     0  iusefp.o(.text)
    _float_round                             0x0800a53d   Thumb Code    18  fepilogue.o(.text)
    _float_epilogue                          0x0800a54f   Thumb Code    90  fepilogue.o(.text)
    _double_round                            0x0800a5a9   Thumb Code    26  depilogue.o(.text)
    _double_epilogue                         0x0800a5c3   Thumb Code   164  depilogue.o(.text)
    __ARM_scalbn                             0x0800a667   Thumb Code    46  dscalb.o(.text)
    scalbn                                   0x0800a667   Thumb Code     0  dscalb.o(.text)
    _dsqrt                                   0x0800a695   Thumb Code   162  dsqrt.o(.text)
    __aeabi_i2d                              0x0800a737   Thumb Code    34  dflti.o(.text)
    __aeabi_d2ulz                            0x0800a759   Thumb Code    48  dfixul.o(.text)
    __aeabi_cdcmpeq                          0x0800a789   Thumb Code     0  cdcmple.o(.text)
    __aeabi_cdcmple                          0x0800a789   Thumb Code    38  cdcmple.o(.text)
    __aeabi_cdrcmple                         0x0800a7b1   Thumb Code    38  cdrcmple.o(.text)
    __scatterload                            0x0800a7d9   Thumb Code    28  init.o(.text)
    __scatterload_rt2                        0x0800a7d9   Thumb Code     0  init.o(.text)
    __decompress                             0x0800a7fd   Thumb Code     0  __dczerorl2.o(.text)
    __decompress1                            0x0800a7fd   Thumb Code    92  __dczerorl2.o(.text)
    __0printf                                0x0800a859   Thumb Code    22  printfa.o(i.__0printf)
    __1printf                                0x0800a859   Thumb Code     0  printfa.o(i.__0printf)
    __2printf                                0x0800a859   Thumb Code     0  printfa.o(i.__0printf)
    __c89printf                              0x0800a859   Thumb Code     0  printfa.o(i.__0printf)
    printf                                   0x0800a859   Thumb Code     0  printfa.o(i.__0printf)
    __ARM_fpclassify                         0x0800a879   Thumb Code    40  fpclassify.o(i.__ARM_fpclassify)
    __kernel_poly                            0x0800a8a1   Thumb Code   170  poly.o(i.__kernel_poly)
    __mathlib_dbl_underflow                  0x0800a94d   Thumb Code    10  dunder.o(i.__mathlib_dbl_underflow)
    __scatterload_copy                       0x0800a95d   Thumb Code    14  handlers.o(i.__scatterload_copy)
    __scatterload_null                       0x0800a96b   Thumb Code     2  handlers.o(i.__scatterload_null)
    __scatterload_zeroinit                   0x0800a96d   Thumb Code    14  handlers.o(i.__scatterload_zeroinit)
    __set_errno                              0x0800a97d   Thumb Code     6  errno.o(i.__set_errno)
    log                                      0x0800b22d   Thumb Code   822  log.o(i.log)
    log10                                    0x0800b59d   Thumb Code   212  log10.o(i.log10)
    malloc                                   0x0800b691   Thumb Code    92  malloc.o(i.malloc)
    pow                                      0x0800b6fd   Thumb Code  2510  pow.o(i.pow)
    sqrt                                     0x0800c0dd   Thumb Code    78  sqrt.o(i.sqrt)
    memtblsize                               0x0800c12c   Data           4  malloc.o(.constdata)
    memblksize                               0x0800c130   Data           4  malloc.o(.constdata)
    memsize                                  0x0800c134   Data           4  malloc.o(.constdata)
    lcm_para                                 0x0800c400   Data         320  parm.o(.constdata)
    armBitRevTable                           0x0800c658   Data        2048  arm_common_tables.o(.constdata)
    twiddleCoefQ31                           0x0800ce58   Data       24576  arm_common_tables.o(.constdata)
    __mathlib_zero                           0x08012f18   Data           8  qnan.o(.constdata)
    Region$$Table$$Base                      0x08012fa8   Number         0  anon$$obj.o(Region$$Table)
    Region$$Table$$Limit                     0x08012fc8   Number         0  anon$$obj.o(Region$$Table)
    iapmain                                  0x20000000   Data           4  main.o(.data)
    IAP_W25QXX_Init                          0x20000004   Data           4  main.o(.data)
    p                                        0x2000000c   Data           4  main.o(.data)
    SystemCoreClock                          0x20000010   Data           4  system_stm32f10x.o(.data)
    AHBPrescTable                            0x20000014   Data          16  system_stm32f10x.o(.data)
    itime                                    0x20000024   Data           4  timer.o(.data)
    ADCBuffer                                0x20000028   Data           2  adc.o(.data)
    USART_RX_STA                             0x2000002c   Data           2  usart.o(.data)
    __stdout                                 0x20000030   Data           4  usart.o(.data)
    sys_cmd_tab                              0x20000048   Data          28  usmart.o(.data)
    usmart_nametab                           0x20000064   Data          32  usmart_config.o(.data)
    usmart_dev                               0x20000084   Data         244  usmart_config.o(.data)
    mallco_dev                               0x20000178   Data          20  malloc.o(.data)
    fft_ibuf                                 0x2000018c   Data           4  fricker.o(.data)
    fft_obuf                                 0x20000190   Data           4  fricker.o(.data)
    sampling_count                           0x20000194   Data           4  fricker.o(.data)
    G_i2c11__nop_count                       0x20000198   Data           1  i2c1_bitbang.o(.data)
    LM36923_Val                              0x2000019f   Data           1  lm36923.o(.data)
    INA226_I2C_7BIT_ADDRESS                  0x200001a0   Data           1  ina226.o(.data)
    inaAddress                               0x200001a1   Data           1  ina226.o(.data)
    currentLSB                               0x200001a8   Data           8  ina226.o(.data)
    powerLSB                                 0x200001b0   Data           8  ina226.o(.data)
    vShuntMax                                0x200001b8   Data           4  ina226.o(.data)
    vBusMax                                  0x200001bc   Data           4  ina226.o(.data)
    rShunt                                   0x200001c0   Data           4  ina226.o(.data)
    ReadPoint                                0x200001c4   Data           4  uart.o(.data)
    Jump_To_Application                      0x200001d8   Data           4  common.o(.data)
    BlockNbr                                 0x200001dc   Data           4  common.o(.data)
    UserMemoryMask                           0x200001e0   Data           4  common.o(.data)
    FlashProtection                          0x200001e4   Data           4  common.o(.data)
    JumpAddress                              0x200001e8   Data           4  common.o(.data)
    FlashDestination                         0x200001ec   Data           4  ymodem.o(.data)
    PageSize                                 0x200001f0   Data           2  ymodem.o(.data)
    EraseCounter                             0x200001f4   Data           4  ymodem.o(.data)
    NbrOfPage                                0x200001f8   Data           4  ymodem.o(.data)
    FLASHStatus                              0x200001fc   Data           1  ymodem.o(.data)
    RamSource                                0x20000200   Data           4  ymodem.o(.data)
    __microlib_freelist                      0x20000204   Data           4  mvars.o(.data)
    __microlib_freelist_initialised          0x20000208   Data           4  mvars.o(.data)
    bufer                                    0x20000210   Data         512  main.o(.bss)
    USART_RX_BUF                             0x20000410   Data         256  usart.o(.bss)
    Interface_addr                           0x20000550   Data           4  appinterface.o(.ARM.__AT_0x20000550)
    mem1base                                 0x20000554   Data       24576  malloc.o(.bss)
    mem1mapbase                              0x20006554   Data        1536  malloc.o(.bss)
    tab_1024                                 0x2000768c   Data        1024  download.o(.bss)
    file_name                                0x20007a8c   Data         256  ymodem.o(.bss)
    __heap_base                              0x20007b90   Data           0  startup_stm32f10x_hd.o(HEAP)
    __heap_limit                             0x20007f90   Data           0  startup_stm32f10x_hd.o(HEAP)
    __initial_sp                             0x20008790   Data           0  startup_stm32f10x_hd.o(STACK)
    IAP_Code_Addr                            0x2000c000   Data       12288  common.o(.ARM.__AT_0x2000C000)
    IIRAM                                    0x2000f000   Data        3584  common.o(.ARM.__AT_0x2000F000)
    IRAM                                     0x2000fe00   Data         512  common.o(.ARM.__AT_0x2000FE00)



==============================================================================

Memory Map of the image

  Image Entry point : 0x08000131

  Load Region LR_IROM1 (Base: 0x08000000, Size: 0x000131d8, Max: 0x00080000, ABSOLUTE, COMPRESSED[0x00013050])

    Execution Region ER_IROM1 (Base: 0x08000000, Size: 0x00012fc8, Max: 0x00080000, ABSOLUTE)

    Base Addr    Size         Type   Attr      Idx    E Section Name        Object

    0x08000000   0x00000130   Data   RO          348    RESET               startup_stm32f10x_hd.o
    0x08000130   0x00000000   Code   RO         1167  * .ARM.Collect$$$$00000000  mc_w.l(entry.o)
    0x08000130   0x00000004   Code   RO         1514    .ARM.Collect$$$$00000001  mc_w.l(entry2.o)
    0x08000134   0x00000004   Code   RO         1517    .ARM.Collect$$$$00000004  mc_w.l(entry5.o)
    0x08000138   0x00000000   Code   RO         1519    .ARM.Collect$$$$00000008  mc_w.l(entry7b.o)
    0x08000138   0x00000000   Code   RO         1521    .ARM.Collect$$$$0000000A  mc_w.l(entry8b.o)
    0x08000138   0x00000008   Code   RO         1522    .ARM.Collect$$$$0000000B  mc_w.l(entry9a.o)
    0x08000140   0x00000000   Code   RO         1524    .ARM.Collect$$$$0000000D  mc_w.l(entry10a.o)
    0x08000140   0x00000000   Code   RO         1526    .ARM.Collect$$$$0000000F  mc_w.l(entry11a.o)
    0x08000140   0x00000004   Code   RO         1515    .ARM.Collect$$$$00002712  mc_w.l(entry2.o)
    0x08000144   0x000003d4   Code   RO            1    .text               main.o
    0x08000518   0x00000018   Code   RO          190    .text               stm32f10x_it.o
    0x08000530   0x000001dc   Code   RO          222    .text               system_stm32f10x.o
    0x0800070c   0x000000e8   Code   RO          240    .text               timer.o
    0x080007f4   0x0000048c   Code   RO          265    .text               adc.o
    0x08000c80   0x000000f4   Code   RO          286    .text               delay.o
    0x08000d74   0x0000000c   Code   RO          300    .text               sys.o
    0x08000d80   0x00000164   Code   RO          312    .text               usart.o
    0x08000ee4   0x00000024   Code   RO          349    .text               startup_stm32f10x_hd.o
    0x08000f08   0x00000358   Code   RO          353    .text               stm32f10x_gpio.o
    0x08001260   0x000003a4   Code   RO          365    .text               stm32f10x_rcc.o
    0x08001604   0x00000408   Code   RO          379    .text               stm32f10x_usart.o
    0x08001a0c   0x000000dc   Code   RO          391    .text               misc.o
    0x08001ae8   0x00000e1a   Code   RO          403    .text               stm32f10x_tim.o
    0x08002902   0x00000002   PAD
    0x08002904   0x0000044e   Code   RO          415    .text               stm32f10x_adc.o
    0x08002d52   0x00000002   PAD
    0x08002d54   0x00000250   Code   RO          472    .text               stm32f10x_dma.o
    0x08002fa4   0x000005bc   Code   RO          484    .text               stm32f10x_flash.o
    0x08003560   0x00000b58   Code   RO          496    .text               usmart.o
    0x080040b8   0x00000528   Code   RO          525    .text               usmart_str.o
    0x080045e0   0x00000230   Code   RO          537    .text               malloc.o
    0x08004810   0x0000035c   Code   RO          602    .text               fricker.o
    0x08004b6c   0x000005b4   Code   RO          625    .text               myiic.o
    0x08005120   0x000002fc   Code   RO          640    .text               i2c1_bitbang.o
    0x0800541c   0x00000350   Code   RO          655    .text               lt35825.o
    0x0800576c   0x00000c46   Code   RO          681    .text               act8846.o
    0x080063b2   0x00000002   PAD
    0x080063b4   0x00000308   Code   RO          696    .text               gpio_config.o
    0x080066bc   0x00000318   Code   RO          708    .text               tps22993.o
    0x080069d4   0x00000340   Code   RO          722    .text               lm36923.o
    0x08006d14   0x00000318   Code   RO          737    .text               tps65132.o
    0x0800702c   0x00000064   Code   RO          764    .text               ad715.o
    0x08007090   0x00000774   Code   RO          776    .text               ina226.o
    0x08007804   0x00000100   Code   RO          791    .text               voltcurrentproc.o
    0x08007904   0x00000040   Code   RO          813    .text               parm.o
    0x08007944   0x0000085c   Code   RO          832    .text               uart.o
    0x080081a0   0x00000228   Code   RO          862    .text               uartque.o
    0x080083c8   0x000007dc   Code   RO          877    .text               common.o
    0x08008ba4   0x00000190   Code   RO          904    .text               download.o
    0x08008d34   0x000000f8   Code   RO          921    .text               upload.o
    0x08008e2c   0x000006b8   Code   RO          933    .text               ymodem.o
    0x080094e4   0x000000ba   Code   RO          963    .text               arm_cortexM3l_math.lib(arm_cmplx_mag_q31.o)
    0x0800959e   0x00000002   PAD
    0x080095a0   0x000000d4   Code   RO         1005    .text               arm_cortexM3l_math.lib(arm_cfft_radix2_init_q31.o)
    0x08009674   0x000004ec   Code   RO         1029    .text               arm_cortexM3l_math.lib(arm_cfft_radix2_q31.o)
    0x08009b60   0x000000e0   Code   RO         1049    .text               arm_cortexM3l_math.lib(arm_sqrt_q31.o)
    0x08009c40   0x000001d2   Code   RO         1069    .text               arm_cortexM3l_math.lib(arm_bitreversal.o)
    0x08009e12   0x00000024   Code   RO         1170    .text               mc_w.l(memcpya.o)
    0x08009e36   0x00000024   Code   RO         1172    .text               mc_w.l(memseta.o)
    0x08009e5a   0x000000b0   Code   RO         1465    .text               mf_w.l(fadd.o)
    0x08009f0a   0x0000006c   Code   RO         1467    .text               mf_w.l(fmul.o)
    0x08009f76   0x00000080   Code   RO         1469    .text               mf_w.l(fdiv.o)
    0x08009ff6   0x00000018   Code   RO         1471    .text               mf_w.l(fscalb.o)
    0x0800a00e   0x0000014e   Code   RO         1473    .text               mf_w.l(dadd.o)
    0x0800a15c   0x000000e4   Code   RO         1475    .text               mf_w.l(dmul.o)
    0x0800a240   0x000000de   Code   RO         1477    .text               mf_w.l(ddiv.o)
    0x0800a31e   0x00000012   Code   RO         1479    .text               mf_w.l(fflti.o)
    0x0800a330   0x0000000a   Code   RO         1481    .text               mf_w.l(ffltui.o)
    0x0800a33a   0x00000032   Code   RO         1483    .text               mf_w.l(ffixi.o)
    0x0800a36c   0x00000028   Code   RO         1485    .text               mf_w.l(ffixui.o)
    0x0800a394   0x00000032   Code   RO         1487    .text               mf_w.l(dfixui.o)
    0x0800a3c6   0x00000026   Code   RO         1489    .text               mf_w.l(f2d.o)
    0x0800a3ec   0x00000038   Code   RO         1491    .text               mf_w.l(d2f.o)
    0x0800a424   0x00000014   Code   RO         1493    .text               mf_w.l(cfcmple.o)
    0x0800a438   0x00000014   Code   RO         1495    .text               mf_w.l(cfrcmple.o)
    0x0800a44c   0x0000002c   Code   RO         1528    .text               mc_w.l(uidiv.o)
    0x0800a478   0x00000062   Code   RO         1530    .text               mc_w.l(uldiv.o)
    0x0800a4da   0x0000001e   Code   RO         1532    .text               mc_w.l(llshl.o)
    0x0800a4f8   0x00000020   Code   RO         1534    .text               mc_w.l(llushr.o)
    0x0800a518   0x00000024   Code   RO         1536    .text               mc_w.l(llsshr.o)
    0x0800a53c   0x00000000   Code   RO         1547    .text               mc_w.l(iusefp.o)
    0x0800a53c   0x0000006c   Code   RO         1548    .text               mf_w.l(fepilogue.o)
    0x0800a5a8   0x000000be   Code   RO         1550    .text               mf_w.l(depilogue.o)
    0x0800a666   0x0000002e   Code   RO         1552    .text               mf_w.l(dscalb.o)
    0x0800a694   0x000000a2   Code   RO         1554    .text               mf_w.l(dsqrt.o)
    0x0800a736   0x00000022   Code   RO         1556    .text               mf_w.l(dflti.o)
    0x0800a758   0x00000030   Code   RO         1558    .text               mf_w.l(dfixul.o)
    0x0800a788   0x00000028   Code   RO         1560    .text               mf_w.l(cdcmple.o)
    0x0800a7b0   0x00000028   Code   RO         1562    .text               mf_w.l(cdrcmple.o)
    0x0800a7d8   0x00000024   Code   RO         1564    .text               mc_w.l(init.o)
    0x0800a7fc   0x0000005c   Code   RO         1574    .text               mc_w.l(__dczerorl2.o)
    0x0800a858   0x00000020   Code   RO         1409    i.__0printf         mc_w.l(printfa.o)
    0x0800a878   0x00000028   Code   RO         1499    i.__ARM_fpclassify  m_ws.l(fpclassify.o)
    0x0800a8a0   0x000000aa   Code   RO         1511    i.__kernel_poly     m_ws.l(poly.o)
    0x0800a94a   0x00000002   PAD
    0x0800a94c   0x00000010   Code   RO         1497    i.__mathlib_dbl_underflow  m_ws.l(dunder.o)
    0x0800a95c   0x0000000e   Code   RO         1568    i.__scatterload_copy  mc_w.l(handlers.o)
    0x0800a96a   0x00000002   Code   RO         1569    i.__scatterload_null  mc_w.l(handlers.o)
    0x0800a96c   0x0000000e   Code   RO         1570    i.__scatterload_zeroinit  mc_w.l(handlers.o)
    0x0800a97a   0x00000002   PAD
    0x0800a97c   0x0000000c   Code   RO         1542    i.__set_errno       mc_w.l(errno.o)
    0x0800a988   0x0000015c   Code   RO         1416    i._fp_digits        mc_w.l(printfa.o)
    0x0800aae4   0x000006f0   Code   RO         1417    i._printf_core      mc_w.l(printfa.o)
    0x0800b1d4   0x00000026   Code   RO         1418    i._printf_post_padding  mc_w.l(printfa.o)
    0x0800b1fa   0x00000030   Code   RO         1419    i._printf_pre_padding  mc_w.l(printfa.o)
    0x0800b22a   0x00000002   PAD
    0x0800b22c   0x00000370   Code   RO         1502    i.log               m_ws.l(log.o)
    0x0800b59c   0x000000f4   Code   RO         1142    i.log10             m_ws.l(log10.o)
    0x0800b690   0x0000006c   Code   RO         1438    i.malloc            mc_w.l(malloc.o)
    0x0800b6fc   0x000009e0   Code   RO         1150    i.pow               m_ws.l(pow.o)
    0x0800c0dc   0x0000004e   Code   RO         1160    i.sqrt              m_ws.l(sqrt.o)
    0x0800c12a   0x00000002   PAD
    0x0800c12c   0x0000000c   Data   RO          539    .constdata          malloc.o
    0x0800c138   0x0000004b   Data   RO          603    .constdata          fricker.o
    0x0800c183   0x00000001   PAD
    0x0800c184   0x0000027c   Data   RO          682    .constdata          act8846.o
    0x0800c400   0x00000140   Data   RO          814    .constdata          parm.o
    0x0800c540   0x00000078   Data   RO          834    .constdata          uart.o
    0x0800c5b8   0x0000004a   Data   RO          881    .constdata          common.o
    0x0800c602   0x00000002   PAD
    0x0800c604   0x00000053   Data   RO          906    .constdata          download.o
    0x0800c657   0x00000001   PAD
    0x0800c658   0x00000800   Data   RO         1089    .constdata          arm_cortexM3l_math.lib(arm_common_tables.o)
    0x0800ce58   0x00006000   Data   RO         1099    .constdata          arm_cortexM3l_math.lib(arm_common_tables.o)
    0x08012e58   0x00000088   Data   RO         1151    .constdata          m_ws.l(pow.o)
    0x08012ee0   0x00000038   Data   RO         1503    .constdata          m_ws.l(log.o)
    0x08012f18   0x00000008   Data   RO         1513    .constdata          m_ws.l(qnan.o)
    0x08012f20   0x0000001f   Data   RO          497    .conststring        usmart.o
    0x08012f3f   0x0000005b   Data   RO          512    .conststring        usmart_config.o
    0x08012f9a   0x0000000c   Data   RO          815    .conststring        parm.o
    0x08012fa6   0x00000002   PAD
    0x08012fa8   0x00000020   Data   RO         1566    Region$$Table       anon$$obj.o


    Execution Region RW_IRAM1 (Base: 0x20000000, Size: 0x00010000, Max: 0x00010000, ABSOLUTE, COMPRESSED[0x00000088])

    Base Addr    Size         Type   Attr      Idx    E Section Name        Object

    0x20000000   0x00000010   Data   RW            3    .data               main.o
    0x20000010   0x00000014   Data   RW          223    .data               system_stm32f10x.o
    0x20000024   0x00000004   Data   RW          241    .data               timer.o
    0x20000028   0x00000002   Data   RW          266    .data               adc.o
    0x2000002a   0x00000002   Data   RW          287    .data               delay.o
    0x2000002c   0x00000008   Data   RW          314    .data               usart.o
    0x20000034   0x00000014   Data   RW          366    .data               stm32f10x_rcc.o
    0x20000048   0x0000001c   Data   RW          498    .data               usmart.o
    0x20000064   0x00000114   Data   RW          513    .data               usmart_config.o
    0x20000178   0x00000014   Data   RW          540    .data               malloc.o
    0x2000018c   0x0000000c   Data   RW          604    .data               fricker.o
    0x20000198   0x00000001   Data   RW          641    .data               i2c1_bitbang.o
    0x20000199   0x00000001   Data   RW          683    .data               act8846.o
    0x2000019a   0x00000004   Data   RW          709    .data               tps22993.o
    0x2000019e   0x00000002   Data   RW          723    .data               lm36923.o
    0x200001a0   0x00000024   Data   RW          777    .data               ina226.o
    0x200001c4   0x0000000c   Data   RW          835    .data               uart.o
    0x200001d0   0x00000008   Data   RW          864    .data               uartque.o
    0x200001d8   0x00000014   Data   RW          882    .data               common.o
    0x200001ec   0x00000018   Data   RW          935    .data               ymodem.o
    0x20000204   0x00000004   Data   RW         1538    .data               mc_w.l(mvars.o)
    0x20000208   0x00000004   Data   RW         1539    .data               mc_w.l(mvars.o)
    0x2000020c   0x00000004   Data   RW         1543    .data               mc_w.l(errno.o)
    0x20000210   0x00000200   Zero   RW            2    .bss                main.o
    0x20000410   0x00000100   Zero   RW          313    .bss                usart.o
    0x20000510   0x00000040   PAD
    0x20000550   0x00000004   Zero   RW          950    .ARM.__AT_0x20000550  appinterface.o
    0x20000554   0x00006600   Zero   RW          538    .bss                malloc.o
    0x20006b54   0x00000408   Zero   RW          833    .bss                uart.o
    0x20006f5c   0x00000730   Zero   RW          863    .bss                uartque.o
    0x2000768c   0x00000400   Zero   RW          905    .bss                download.o
    0x20007a8c   0x00000100   Zero   RW          934    .bss                ymodem.o
    0x20007b8c   0x00000004   PAD
    0x20007b90   0x00000400   Zero   RW          347    HEAP                startup_stm32f10x_hd.o
    0x20007f90   0x00000800   Zero   RW          346    STACK               startup_stm32f10x_hd.o
    0x20008790   0x00003870   PAD
    0x2000c000   0x00003000   Zero   RW          878    .ARM.__AT_0x2000C000  common.o
    0x2000f000   0x00000e00   Zero   RW          879    .ARM.__AT_0x2000F000  common.o
    0x2000fe00   0x00000200   Zero   RW          880    .ARM.__AT_0x2000FE00  common.o


==============================================================================

Image component sizes


      Code (inc. data)   RO Data    RW Data    ZI Data      Debug   Object Name

      3142        964        636          1          0      11379   act8846.o
       100          8          0          0          0        803   ad715.o
      1164         44          0          2          0      12402   adc.o
         0          0          0          0          4       1162   appinterface.o
      2012        822         74         20      16384      26914   common.o
         0          0          0          0          0         32   core_cm3.o
       244         18          0          2          0       1461   delay.o
       400        280         83          0       1024       1040   download.o
       860         66         75         12          0       2323   fricker.o
       776         38          0          0          0       2792   gpio_config.o
       764          8          0          1          0       4540   i2c1_bitbang.o
      1908        542          0         36          0       8269   ina226.o
       832        120          0          2          0       3661   lm36923.o
       848        136          0          0          0       2202   lt35825.o
       980        254          0         16        512     298593   main.o
       560         18         12         20      26112       4047   malloc.o
       220         20          0          0          0       1677   misc.o
      1460        184          0          0          0       5530   myiic.o
        64          8        332          0          0       6083   parm.o
        36          8        304          0       3072        728   startup_stm32f10x_hd.o
      1102         26          0          0          0      10713   stm32f10x_adc.o
       592          8          0          0          0       4206   stm32f10x_dma.o
      1468         34          0          0          0       7910   stm32f10x_flash.o
       856         40          0          0          0       5521   stm32f10x_gpio.o
        24          0          0          0          0       1026   stm32f10x_it.o
       932         44          0         20          0       8632   stm32f10x_rcc.o
      3610         88          0          0          0      22008   stm32f10x_tim.o
      1032         22          0          0          0       8248   stm32f10x_usart.o
        12          0          0          0          0        389   sys.o
       476         36          0         20          0       1551   system_stm32f10x.o
       232          8          0          4          0       1351   timer.o
       792         18          0          4          0       2483   tps22993.o
       792        266          0          0          0       2496   tps65132.o
      2140         82        120         12       1032       9008   uart.o
       552         24          0          8       1840       3038   uartque.o
       248        192          0          0          0        463   upload.o
       356         12          0          8        256       3047   usart.o
      2904       1232         31         28          0       3966   usmart.o
         0          0         91        276          0       1448   usmart_config.o
      1320         12          0          0          0       4913   usmart_str.o
       256         44          0          0          0        659   voltcurrentproc.o
      1720         18          0         24        256       6636   ymodem.o

    ----------------------------------------------------------------------
     37792       5744       1796        516      65008     505350   Object Totals
         0          0         32          0          0          0   (incl. Generated)
         6          0          6          0      14516          0   (incl. Padding)

    ----------------------------------------------------------------------

      Code (inc. data)   RO Data    RW Data    ZI Data      Debug   Library Member Name

       466          0          0          0          0       1986   arm_bitreversal.o
       212         40          0          0          0       1103   arm_cfft_radix2_init_q31.o
      1260          0          0          0          0       2536   arm_cfft_radix2_q31.o
       186          0          0          0          0      17888   arm_cmplx_mag_q31.o
         0          0      26624          0          0       2752   arm_common_tables.o
       224          6          0          0          0        799   arm_sqrt_q31.o
        16          6          0          0          0         68   dunder.o
        40          0          0          0          0         68   fpclassify.o
       880         58         56          0          0        276   log.o
       244         32          0          0          0        128   log10.o
       170          0          0          0          0         96   poly.o
      2528        190        136          0          0        316   pow.o
         0          0          8          0          0          0   qnan.o
        78          0          0          0          0         84   sqrt.o
        92          0          0          0          0          0   __dczerorl2.o
         0          0          0          0          0          0   entry.o
         0          0          0          0          0          0   entry10a.o
         0          0          0          0          0          0   entry11a.o
         8          4          0          0          0          0   entry2.o
         4          0          0          0          0          0   entry5.o
         0          0          0          0          0          0   entry7b.o
         0          0          0          0          0          0   entry8b.o
         8          4          0          0          0          0   entry9a.o
        12          6          0          4          0         68   errno.o
        30          0          0          0          0          0   handlers.o
        36          8          0          0          0         68   init.o
         0          0          0          0          0          0   iusefp.o
        30          0          0          0          0         68   llshl.o
        36          0          0          0          0         68   llsshr.o
        32          0          0          0          0         68   llushr.o
       108         16          0          0          0         84   malloc.o
        36          0          0          0          0         68   memcpya.o
        36          0          0          0          0        108   memseta.o
         0          0          0          8          0          0   mvars.o
      2242         90          0          0          0        444   printfa.o
        44          0          0          0          0         80   uidiv.o
        98          0          0          0          0         92   uldiv.o
        40          2          0          0          0         68   cdcmple.o
        40          2          0          0          0         68   cdrcmple.o
        20          0          0          0          0         68   cfcmple.o
        20          0          0          0          0         68   cfrcmple.o
        56          0          0          0          0         88   d2f.o
       334          0          0          0          0        144   dadd.o
       222          0          0          0          0        100   ddiv.o
       190          0          0          0          0        176   depilogue.o
        50          0          0          0          0         76   dfixui.o
        48          0          0          0          0         68   dfixul.o
        34          0          0          0          0         76   dflti.o
       228          0          0          0          0         92   dmul.o
        46          0          0          0          0         80   dscalb.o
       162          0          0          0          0        100   dsqrt.o
        38          0          0          0          0         68   f2d.o
       176          0          0          0          0        140   fadd.o
       128          0          0          0          0         88   fdiv.o
       108          0          0          0          0        168   fepilogue.o
        50          0          0          0          0         68   ffixi.o
        40          0          0          0          0         68   ffixui.o
        18          0          0          0          0         68   fflti.o
        10          0          0          0          0         68   ffltui.o
       108          0          0          0          0         76   fmul.o
        24          0          0          0          0         68   fscalb.o

    ----------------------------------------------------------------------
     11356        464      26824         12          0      31468   Library Totals
        10          0          0          0          0          0   (incl. Padding)

    ----------------------------------------------------------------------

      Code (inc. data)   RO Data    RW Data    ZI Data      Debug   Library Name

      2348         46      26624          0          0      27064   arm_cortexM3l_math.lib
      3956        286        200          0          0       1036   m_ws.l
      2852        128          0         12          0       1216   mc_w.l
      2190          4          0          0          0       2152   mf_w.l

    ----------------------------------------------------------------------
     11356        464      26824         12          0      31468   Library Totals

    ----------------------------------------------------------------------

==============================================================================


      Code (inc. data)   RO Data    RW Data    ZI Data      Debug   

     49148       6208      28620        528      65008     530682   Grand Totals
     49148       6208      28620        136      65008     530682   ELF Image Totals (compressed)
     49148       6208      28620        136          0          0   ROM Totals

==============================================================================

    Total RO  Size (Code + RO Data)                77768 (  75.95kB)
    Total RW  Size (RW Data + ZI Data)             65536 (  64.00kB)
    Total ROM Size (Code + RO Data + RW Data)      77904 (  76.08kB)

==============================================================================

