ARM Linker, 5.03 [Build 24] [MDK-ARM Professional]

==============================================================================

Section Cross References

    main.o(.text) refers to sys.o(.text) for NVIC_Configuration
    main.o(.text) refers to delay.o(.text) for delay_init
    main.o(.text) refers to gpio_config.o(.text) for System_GPIO_Config
    main.o(.text) refers to usart.o(.text) for uart2_init
    main.o(.text) refers to malloc.o(.text) for mem_init
    main.o(.text) refers to myiic.o(.text) for IIC_Init
    main.o(.text) refers to fricker.o(.text) for Flicker_init
    main.o(.text) refers to noretval__2printf.o(.text) for __2printf
    main.o(.text) refers to lt35825.o(.text) for TL35825_init
    main.o(.text) refers to act8846.o(.text) for act8846_init
    main.o(.text) refers to usmart_config.o(.data) for usmart_dev
    system_stm32f10x.o(.text) refers to system_stm32f10x.o(.data) for SystemCoreClock
    timer.o(.text) refers to stm32f10x_rcc.o(.text) for RCC_APB1PeriphClockCmd
    timer.o(.text) refers to stm32f10x_tim.o(.text) for TIM_Cmd
    timer.o(.text) refers to misc.o(.text) for NVIC_PriorityGroupConfig
    timer.o(.text) refers to fricker.o(.text) for collection_data
    timer.o(.text) refers to timer.o(.data) for itime
    adc.o(.text) refers to stm32f10x_rcc.o(.text) for RCC_APB2PeriphClockCmd
    adc.o(.text) refers to stm32f10x_gpio.o(.text) for GPIO_Init
    adc.o(.text) refers to stm32f10x_dma.o(.text) for DMA_DeInit
    adc.o(.text) refers to stm32f10x_adc.o(.text) for ADC_Init
    adc.o(.text) refers to adc.o(.data) for ADCBuffer
    delay.o(.text) refers to misc.o(.text) for SysTick_CLKSourceConfig
    delay.o(.text) refers to system_stm32f10x.o(.data) for SystemCoreClock
    delay.o(.text) refers to delay.o(.data) for fac_us
    sys.o(.text) refers to misc.o(.text) for NVIC_PriorityGroupConfig
    usart.o(.text) refers (Special) to use_no_semi_2.o(.text) for __use_no_semihosting
    usart.o(.text) refers to stm32f10x_rcc.o(.text) for RCC_APB2PeriphClockCmd
    usart.o(.text) refers to stm32f10x_usart.o(.text) for USART_DeInit
    usart.o(.text) refers to stm32f10x_gpio.o(.text) for GPIO_Init
    usart.o(.text) refers to misc.o(.text) for NVIC_Init
    usart.o(.text) refers to noretval__2printf.o(.text) for __2printf
    usart.o(.text) refers to usart.o(.data) for USART_RX_STA
    usart.o(.text) refers to usart.o(.bss) for USART_RX_BUF
    usart.o(.bss) refers (Special) to use_no_semi_2.o(.text) for __use_no_semihosting
    usart.o(.data) refers (Special) to use_no_semi_2.o(.text) for __use_no_semihosting
    startup_stm32f10x_hd.o(STACK) refers (Special) to heapauxi.o(.text) for __use_two_region_memory
    startup_stm32f10x_hd.o(HEAP) refers (Special) to heapauxi.o(.text) for __use_two_region_memory
    startup_stm32f10x_hd.o(RESET) refers (Special) to heapauxi.o(.text) for __use_two_region_memory
    startup_stm32f10x_hd.o(RESET) refers to startup_stm32f10x_hd.o(STACK) for __initial_sp
    startup_stm32f10x_hd.o(RESET) refers to startup_stm32f10x_hd.o(.text) for Reset_Handler
    startup_stm32f10x_hd.o(RESET) refers to stm32f10x_it.o(.text) for NMI_Handler
    startup_stm32f10x_hd.o(RESET) refers to timer.o(.text) for TIM3_IRQHandler
    startup_stm32f10x_hd.o(RESET) refers to usmart.o(.text) for TIM4_IRQHandler
    startup_stm32f10x_hd.o(RESET) refers to usart.o(.text) for USART2_IRQHandler
    startup_stm32f10x_hd.o(.text) refers (Special) to heapauxi.o(.text) for __use_two_region_memory
    startup_stm32f10x_hd.o(.text) refers to system_stm32f10x.o(.text) for SystemInit
    startup_stm32f10x_hd.o(.text) refers to __main.o(!!!main) for __main
    startup_stm32f10x_hd.o(.text) refers to startup_stm32f10x_hd.o(HEAP) for Heap_Mem
    startup_stm32f10x_hd.o(.text) refers to startup_stm32f10x_hd.o(STACK) for Stack_Mem
    stm32f10x_gpio.o(.text) refers to stm32f10x_rcc.o(.text) for RCC_APB2PeriphResetCmd
    stm32f10x_rcc.o(.text) refers to stm32f10x_rcc.o(.data) for APBAHBPrescTable
    stm32f10x_usart.o(.text) refers to stm32f10x_rcc.o(.text) for RCC_APB2PeriphResetCmd
    stm32f10x_tim.o(.text) refers to stm32f10x_rcc.o(.text) for RCC_APB2PeriphResetCmd
    stm32f10x_adc.o(.text) refers to stm32f10x_rcc.o(.text) for RCC_APB2PeriphResetCmd
    stm32f10x_i2c.o(.text) refers to stm32f10x_rcc.o(.text) for RCC_APB1PeriphResetCmd
    stm32f10x_spi.o(.text) refers to stm32f10x_rcc.o(.text) for RCC_APB2PeriphResetCmd
    usmart.o(.text) refers to _printf_percent.o(.ARM.Collect$$_printf_percent$$00000000) for _printf_percent
    usmart.o(.text) refers to _printf_s.o(.ARM.Collect$$_printf_percent$$00000014) for _printf_s
    usmart.o(.text) refers to _printf_str.o(.text) for _printf_str
    usmart.o(.text) refers to _printf_pad.o(.text) for _printf_pre_padding
    usmart.o(.text) refers to _printf_x.o(.ARM.Collect$$_printf_percent$$0000000C) for _printf_x
    usmart.o(.text) refers to _printf_hex_int.o(.text) for _printf_longlong_hex
[...]
    __scatterload_null                       0x08000147   Thumb Code     0  __scatter.o(!!!scatter)
    __decompress                             0x0800016d   Thumb Code    90  __dczerorl2.o(!!dczerorl2)
    __decompress1                            0x0800016d   Thumb Code     0  __dczerorl2.o(!!dczerorl2)
    __scatterload_zeroinit                   0x080001c9   Thumb Code    28  __scatter_zi.o(!!handler_zi)
    _printf_f                                0x080001e5   Thumb Code     0  _printf_f.o(.ARM.Collect$$_printf_percent$$00000003)
    _printf_percent                          0x080001e5   Thumb Code     0  _printf_percent.o(.ARM.Collect$$_printf_percent$$00000000)
    _printf_d                                0x080001eb   Thumb Code     0  _printf_d.o(.ARM.Collect$$_printf_percent$$00000009)
    _printf_u                                0x080001f1   Thumb Code     0  _printf_u.o(.ARM.Collect$$_printf_percent$$0000000A)
    _printf_x                                0x080001f7   Thumb Code     0  _printf_x.o(.ARM.Collect$$_printf_percent$$0000000C)
    _printf_s                                0x080001fd   Thumb Code     0  _printf_s.o(.ARM.Collect$$_printf_percent$$00000014)
    _printf_percent_end                      0x08000203   Thumb Code     0  _printf_percent_end.o(.ARM.Collect$$_printf_percent$$00000017)
    __rt_lib_init                            0x08000207   Thumb Code     0  libinit.o(.ARM.Collect$$libinit$$00000000)
    __rt_lib_init_fp_1                       0x08000209   Thumb Code     0  libinit2.o(.ARM.Collect$$libinit$$00000002)
    __rt_lib_init_heap_1                     0x08000209   Thumb Code     0  libinit2.o(.ARM.Collect$$libinit$$00000008)
    __rt_lib_init_lc_common                  0x08000209   Thumb Code     0  libinit2.o(.ARM.Collect$$libinit$$0000000D)
    __rt_lib_init_rand_1                     0x08000209   Thumb Code     0  libinit2.o(.ARM.Collect$$libinit$$0000000C)
    __rt_lib_init_user_alloc_1               0x08000209   Thumb Code     0  libinit2.o(.ARM.Collect$$libinit$$0000000A)
    __rt_lib_init_lc_collate_1               0x0800020f   Thumb Code     0  libinit2.o(.ARM.Collect$$libinit$$0000000F)
    __rt_lib_init_lc_ctype_1                 0x0800020f   Thumb Code     0  libinit2.o(.ARM.Collect$$libinit$$00000011)
    __rt_lib_init_lc_monetary_1              0x0800020f   Thumb Code     0  libinit2.o(.ARM.Collect$$libinit$$00000013)
    __rt_lib_init_lc_numeric_2               0x0800020f   Thumb Code     0  libinit2.o(.ARM.Collect$$libinit$$00000014)
    __rt_lib_init_alloca_1                   0x08000219   Thumb Code     0  libinit2.o(.ARM.Collect$$libinit$$0000002C)
    __rt_lib_init_argv_1                     0x08000219   Thumb Code     0  libinit2.o(.ARM.Collect$$libinit$$0000002A)
    __rt_lib_init_atexit_1                   0x08000219   Thumb Code     0  libinit2.o(.ARM.Collect$$libinit$$00000019)
    __rt_lib_init_clock_1                    0x08000219   Thumb Code     0  libinit2.o(.ARM.Collect$$libinit$$0000001F)
    __rt_lib_init_cpp_1                      0x08000219   Thumb Code     0  libinit2.o(.ARM.Collect$$libinit$$00000030)
    __rt_lib_init_exceptions_1               0x08000219   Thumb Code     0  libinit2.o(.ARM.Collect$$libinit$$0000002E)
    __rt_lib_init_fp_trap_1                  0x08000219   Thumb Code     0  libinit2.o(.ARM.Collect$$libinit$$0000001D)
    __rt_lib_init_getenv_1                   0x08000219   Thumb Code     0  libinit2.o(.ARM.Collect$$libinit$$00000021)
    __rt_lib_init_lc_numeric_1               0x08000219   Thumb Code     0  libinit2.o(.ARM.Collect$$libinit$$00000015)
    __rt_lib_init_lc_time_1                  0x08000219   Thumb Code     0  libinit2.o(.ARM.Collect$$libinit$$00000017)
    __rt_lib_init_return                     0x08000219   Thumb Code     0  libinit2.o(.ARM.Collect$$libinit$$00000031)
    __rt_lib_init_signal_1                   0x08000219   Thumb Code     0  libinit2.o(.ARM.Collect$$libinit$$0000001B)
    __rt_lib_init_stdio_1                    0x08000219   Thumb Code     0  libinit2.o(.ARM.Collect$$libinit$$00000023)
    __rt_lib_shutdown                        0x0800021b   Thumb Code     0  libshutdown.o(.ARM.Collect$$libshutdown$$00000000)
    __rt_lib_shutdown_fp_trap_1              0x0800021d   Thumb Code     0  libshutdown2.o(.ARM.Collect$$libshutdown$$00000006)
    __rt_lib_shutdown_heap_1                 0x0800021d   Thumb Code     0  libshutdown2.o(.ARM.Collect$$libshutdown$$0000000E)
    __rt_lib_shutdown_return                 0x0800021d   Thumb Code     0  libshutdown2.o(.ARM.Collect$$libshutdown$$0000000F)
    __rt_lib_shutdown_signal_1               0x0800021d   Thumb Code     0  libshutdown2.o(.ARM.Collect$$libshutdown$$00000009)
    __rt_lib_shutdown_stdio_1                0x0800021d   Thumb Code     0  libshutdown2.o(.ARM.Collect$$libshutdown$$00000003)
    __rt_lib_shutdown_user_alloc_1           0x0800021d   Thumb Code     0  libshutdown2.o(.ARM.Collect$$libshutdown$$0000000B)
    __rt_entry                               0x0800021f   Thumb Code     0  rtentry.o(.ARM.Collect$$rtentry$$00000000)
    __rt_entry_presh_1                       0x0800021f   Thumb Code     0  rtentry2.o(.ARM.Collect$$rtentry$$00000002)
    __rt_entry_sh                            0x0800021f   Thumb Code     0  rtentry4.o(.ARM.Collect$$rtentry$$00000004)
    __rt_entry_li                            0x08000225   Thumb Code     0  rtentry2.o(.ARM.Collect$$rtentry$$0000000A)
    __rt_entry_postsh_1                      0x08000225   Thumb Code     0  rtentry2.o(.ARM.Collect$$rtentry$$00000009)
    __rt_entry_main                          0x08000229   Thumb Code     0  rtentry2.o(.ARM.Collect$$rtentry$$0000000D)
    __rt_entry_postli_1                      0x08000229   Thumb Code     0  rtentry2.o(.ARM.Collect$$rtentry$$0000000C)
    __rt_exit                                0x08000231   Thumb Code     0  rtexit.o(.ARM.Collect$$rtexit$$00000000)
    __rt_exit_ls                             0x08000233   Thumb Code     0  rtexit2.o(.ARM.Collect$$rtexit$$00000003)
    __rt_exit_prels_1                        0x08000233   Thumb Code     0  rtexit2.o(.ARM.Collect$$rtexit$$00000002)
    __rt_exit_exit                           0x08000237   Thumb Code     0  rtexit2.o(.ARM.Collect$$rtexit$$00000004)
    main                                     0x0800023d   Thumb Code   198  main.o(.text)
    NMI_Handler                              0x08000351   Thumb Code     2  stm32f10x_it.o(.text)
    HardFault_Handler                        0x08000353   Thumb Code     4  stm32f10x_it.o(.text)
    MemManage_Handler                        0x08000357   Thumb Code     4  stm32f10x_it.o(.text)
    BusFault_Handler                         0x0800035b   Thumb Code     4  stm32f10x_it.o(.text)
    UsageFault_Handler                       0x0800035f   Thumb Code     4  stm32f10x_it.o(.text)
    SVC_Handler                              0x08000363   Thumb Code     2  stm32f10x_it.o(.text)
    DebugMon_Handler                         0x08000365   Thumb Code     2  stm32f10x_it.o(.text)
    PendSV_Handler                           0x08000367   Thumb Code     2  stm32f10x_it.o(.text)
    SysTick_Handler                          0x08000369   Thumb Code     2  stm32f10x_it.o(.text)
    SystemInit                               0x08000449   Thumb Code    78  system_stm32f10x.o(.text)
    SystemCoreClockUpdate                    0x08000497   Thumb Code   142  system_stm32f10x.o(.text)
    start_time3                              0x08000549   Thumb Code    20  timer.o(.text)
    stop_time3                               0x0800055d   Thumb Code    20  timer.o(.text)
    TIM3_Init                                0x080005f1   Thumb Code    20  timer.o(.text)
    TIM3_IRQHandler                          0x08000605   Thumb Code    36  timer.o(.text)
    ADC1_Mode_Config                         0x08000683   Thumb Code   268  adc.o(.text)
    ADC1_Mode_Configg                        0x0800078f   Thumb Code   534  adc.o(.text)
    Fricker_adc_mode                         0x080009a5   Thumb Code   252  adc.o(.text)
    ADC1_Init                                0x08000aa1   Thumb Code    12  adc.o(.text)
    get_adc_value                            0x08000aad   Thumb Code     6  adc.o(.text)
    delay_init                               0x08000abd   Thumb Code    50  delay.o(.text)
    delay_us                                 0x08000aef   Thumb Code    70  delay.o(.text)
    delay_ms                                 0x08000b35   Thumb Code    70  delay.o(.text)
    Delay_ms                                 0x08000b7b   Thumb Code    12  delay.o(.text)
    NVIC_Configuration                       0x08000b99   Thumb Code    12  sys.o(.text)
    _sys_exit                                0x08000ba5   Thumb Code     4  usart.o(.text)
    fputc                                    0x08000ba9   Thumb Code    22  usart.o(.text)
    uart_init                                0x08000bbf   Thumb Code   158  usart.o(.text)
    uart2_init                               0x08000c5d   Thumb Code   160  usart.o(.text)
    USART2_IRQHandler                        0x08000cfd   Thumb Code   150  usart.o(.text)
    Reset_Handler                            0x08000dad   Thumb Code     8  startup_stm32f10x_hd.o(.text)
    ADC1_2_IRQHandler                        0x08000dc7   Thumb Code     0  startup_stm32f10x_hd.o(.text)
    ADC3_IRQHandler                          0x08000dc7   Thumb Code     0  startup_stm32f10x_hd.o(.text)
    CAN1_RX1_IRQHandler                      0x08000dc7   Thumb Code     0  startup_stm32f10x_hd.o(.text)
    CAN1_SCE_IRQHandler                      0x08000dc7   Thumb Code     0  startup_stm32f10x_hd.o(.text)
    DMA1_Channel1_IRQHandler                 0x08000dc7   Thumb Code     0  startup_stm32f10x_hd.o(.text)
    DMA1_Channel2_IRQHandler                 0x08000dc7   Thumb Code     0  startup_stm32f10x_hd.o(.text)
    DMA1_Channel3_IRQHandler                 0x08000dc7   Thumb Code     0  startup_stm32f10x_hd.o(.text)
    DMA1_Channel4_IRQHandler                 0x08000dc7   Thumb Code     0  startup_stm32f10x_hd.o(.text)
    DMA1_Channel5_IRQHandler                 0x08000dc7   Thumb Code     0  startup_stm32f10x_hd.o(.text)
    DMA1_Channel6_IRQHandler                 0x08000dc7   Thumb Code     0  startup_stm32f10x_hd.o(.text)
    DMA1_Channel7_IRQHandler                 0x08000dc7   Thumb Code     0  startup_stm32f10x_hd.o(.text)
    DMA2_Channel1_IRQHandler                 0x08000dc7   Thumb Code     0  startup_stm32f10x_hd.o(.text)
    DMA2_Channel2_IRQHandler                 0x08000dc7   Thumb Code     0  startup_stm32f10x_hd.o(.text)
    DMA2_Channel3_IRQHandler                 0x08000dc7   Thumb Code     0  startup_stm32f10x_hd.o(.text)
    DMA2_Channel4_5_IRQHandler               0x08000dc7   Thumb Code     0  startup_stm32f10x_hd.o(.text)
    EXTI0_IRQHandler                         0x08000dc7   Thumb Code     0  startup_stm32f10x_hd.o(.text)
    EXTI15_10_IRQHandler                     0x08000dc7   Thumb Code     0  startup_stm32f10x_hd.o(.text)
    EXTI1_IRQHandler                         0x08000dc7   Thumb Code     0  startup_stm32f10x_hd.o(.text)
    EXTI2_IRQHandler                         0x08000dc7   Thumb Code     0  startup_stm32f10x_hd.o(.text)
    EXTI3_IRQHandler                         0x08000dc7   Thumb Code     0  startup_stm32f10x_hd.o(.text)
    EXTI4_IRQHandler                         0x08000dc7   Thumb Code     0  startup_stm32f10x_hd.o(.text)
    EXTI9_5_IRQHandler                       0x08000dc7   Thumb Code     0  startup_stm32f10x_hd.o(.text)
    FLASH_IRQHandler                         0x08000dc7   Thumb Code     0  startup_stm32f10x_hd.o(.text)
    FSMC_IRQHandler                          0x08000dc7   Thumb Code     0  startup_stm32f10x_hd.o(.text)
    I2C1_ER_IRQHandler                       0x08000dc7   Thumb Code     0  startup_stm32f10x_hd.o(.text)
    I2C1_EV_IRQHandler                       0x08000dc7   Thumb Code     0  startup_stm32f10x_hd.o(.text)
    I2C2_ER_IRQHandler                       0x08000dc7   Thumb Code     0  startup_stm32f10x_hd.o(.text)
    I2C2_EV_IRQHandler                       0x08000dc7   Thumb Code     0  startup_stm32f10x_hd.o(.text)
    PVD_IRQHandler                           0x08000dc7   Thumb Code     0  startup_stm32f10x_hd.o(.text)
    RCC_IRQHandler                           0x08000dc7   Thumb Code     0  startup_stm32f10x_hd.o(.text)
    RTCAlarm_IRQHandler                      0x08000dc7   Thumb Code     0  startup_stm32f10x_hd.o(.text)
    RTC_IRQHandler                           0x08000dc7   Thumb Code     0  startup_stm32f10x_hd.o(.text)
    SDIO_IRQHandler                          0x08000dc7   Thumb Code     0  startup_stm32f10x_hd.o(.text)
    SPI1_IRQHandler                          0x08000dc7   Thumb Code     0  startup_stm32f10x_hd.o(.text)
    SPI2_IRQHandler                          0x08000dc7   Thumb Code     0  startup_stm32f10x_hd.o(.text)
    SPI3_IRQHandler                          0x08000dc7   Thumb Code     0  startup_stm32f10x_hd.o(.text)
    TAMPER_IRQHandler                        0x08000dc7   Thumb Code     0  startup_stm32f10x_hd.o(.text)
    TIM1_BRK_IRQHandler                      0x08000dc7   Thumb Code     0  startup_stm32f10x_hd.o(.text)
    TIM1_CC_IRQHandler                       0x08000dc7   Thumb Code     0  startup_stm32f10x_hd.o(.text)
    TIM1_TRG_COM_IRQHandler                  0x08000dc7   Thumb Code     0  startup_stm32f10x_hd.o(.text)
    TIM1_UP_IRQHandler                       0x08000dc7   Thumb Code     0  startup_stm32f10x_hd.o(.text)
    TIM2_IRQHandler                          0x08000dc7   Thumb Code     0  startup_stm32f10x_hd.o(.text)
    TIM5_IRQHandler                          0x08000dc7   Thumb Code     0  startup_stm32f10x_hd.o(.text)
    TIM6_IRQHandler                          0x08000dc7   Thumb Code     0  startup_stm32f10x_hd.o(.text)
    TIM7_IRQHandler                          0x08000dc7   Thumb Code     0  startup_stm32f10x_hd.o(.text)
    TIM8_BRK_IRQHandler                      0x08000dc7   Thumb Code     0  startup_stm32f10x_hd.o(.text)
    TIM8_CC_IRQHandler                       0x08000dc7   Thumb Code     0  startup_stm32f10x_hd.o(.text)
    TIM8_TRG_COM_IRQHandler                  0x08000dc7   Thumb Code     0  startup_stm32f10x_hd.o(.text)
    TIM8_UP_IRQHandler                       0x08000dc7   Thumb Code     0  startup_stm32f10x_hd.o(.text)
    UART4_IRQHandler                         0x08000dc7   Thumb Code     0  startup_stm32f10x_hd.o(.text)
    UART5_IRQHandler                         0x08000dc7   Thumb Code     0  startup_stm32f10x_hd.o(.text)
    USART1_IRQHandler                        0x08000dc7   Thumb Code     0  startup_stm32f10x_hd.o(.text)
    USART3_IRQHandler                        0x08000dc7   Thumb Code     0  startup_stm32f10x_hd.o(.text)
    USBWakeUp_IRQHandler                     0x08000dc7   Thumb Code     0  startup_stm32f10x_hd.o(.text)
    USB_HP_CAN1_TX_IRQHandler                0x08000dc7   Thumb Code     0  startup_stm32f10x_hd.o(.text)
    USB_LP_CAN1_RX0_IRQHandler               0x08000dc7   Thumb Code     0  startup_stm32f10x_hd.o(.text)
    WWDG_IRQHandler                          0x08000dc7   Thumb Code     0  startup_stm32f10x_hd.o(.text)
    __user_initial_stackheap                 0x08000dc9   Thumb Code     0  startup_stm32f10x_hd.o(.text)
    GPIO_DeInit                              0x08000ded   Thumb Code   172  stm32f10x_gpio.o(.text)
    GPIO_AFIODeInit                          0x08000e99   Thumb Code    20  stm32f10x_gpio.o(.text)
    GPIO_Init                                0x08000ead   Thumb Code   274  stm32f10x_gpio.o(.text)
    GPIO_StructInit                          0x08000fbf   Thumb Code    16  stm32f10x_gpio.o(.text)
    GPIO_ReadInputDataBit                    0x08000fcf   Thumb Code    18  stm32f10x_gpio.o(.text)
    GPIO_ReadInputData                       0x08000fe1   Thumb Code     8  stm32f10x_gpio.o(.text)
    GPIO_ReadOutputDataBit                   0x08000fe9   Thumb Code    18  stm32f10x_gpio.o(.text)
    GPIO_ReadOutputData                      0x08000ffb   Thumb Code     8  stm32f10x_gpio.o(.text)
    GPIO_SetBits                             0x08001003   Thumb Code     4  stm32f10x_gpio.o(.text)
    GPIO_ResetBits                           0x08001007   Thumb Code     4  stm32f10x_gpio.o(.text)
    GPIO_WriteBit                            0x0800100b   Thumb Code    10  stm32f10x_gpio.o(.text)
    GPIO_Write                               0x08001015   Thumb Code     4  stm32f10x_gpio.o(.text)
    GPIO_PinLockConfig                       0x08001019   Thumb Code    18  stm32f10x_gpio.o(.text)
    GPIO_EventOutputConfig                   0x0800102b   Thumb Code    26  stm32f10x_gpio.o(.text)
    GPIO_EventOutputCmd                      0x08001045   Thumb Code     6  stm32f10x_gpio.o(.text)
    GPIO_PinRemapConfig                      0x0800104b   Thumb Code   138  stm32f10x_gpio.o(.text)
    GPIO_EXTILineConfig                      0x080010d5   Thumb Code    66  stm32f10x_gpio.o(.text)
    GPIO_ETH_MediaInterfaceConfig            0x08001117   Thumb Code     6  stm32f10x_gpio.o(.text)
    RCC_DeInit                               0x08001145   Thumb Code    64  stm32f10x_rcc.o(.text)
    RCC_HSEConfig                            0x08001185   Thumb Code    70  stm32f10x_rcc.o(.text)
    RCC_GetFlagStatus                        0x080011cb   Thumb Code    56  stm32f10x_rcc.o(.text)
    RCC_WaitForHSEStartUp                    0x08001203   Thumb Code    56  stm32f10x_rcc.o(.text)
    RCC_AdjustHSICalibrationValue            0x0800123b   Thumb Code    20  stm32f10x_rcc.o(.text)
    RCC_HSICmd                               0x0800124f   Thumb Code     6  stm32f10x_rcc.o(.text)
    RCC_PLLConfig                            0x08001255   Thumb Code    24  stm32f10x_rcc.o(.text)
    RCC_PLLCmd                               0x0800126d   Thumb Code     6  stm32f10x_rcc.o(.text)
    RCC_SYSCLKConfig                         0x08001273   Thumb Code    18  stm32f10x_rcc.o(.text)
    RCC_GetSYSCLKSource                      0x08001285   Thumb Code    10  stm32f10x_rcc.o(.text)
    RCC_HCLKConfig                           0x0800128f   Thumb Code    18  stm32f10x_rcc.o(.text)
    RCC_PCLK1Config                          0x080012a1   Thumb Code    18  stm32f10x_rcc.o(.text)
    RCC_PCLK2Config                          0x080012b3   Thumb Code    20  stm32f10x_rcc.o(.text)
    RCC_ITConfig                             0x080012c7   Thumb Code    26  stm32f10x_rcc.o(.text)
    RCC_USBCLKConfig                         0x080012e1   Thumb Code     6  stm32f10x_rcc.o(.text)
    RCC_ADCCLKConfig                         0x080012e7   Thumb Code    18  stm32f10x_rcc.o(.text)
    RCC_LSEConfig                            0x080012f9   Thumb Code    44  stm32f10x_rcc.o(.text)
    RCC_LSICmd                               0x08001325   Thumb Code     6  stm32f10x_rcc.o(.text)
    RCC_RTCCLKConfig                         0x0800132b   Thumb Code    12  stm32f10x_rcc.o(.text)
    RCC_RTCCLKCmd                            0x08001337   Thumb Code     8  stm32f10x_rcc.o(.text)
    RCC_GetClocksFreq                        0x0800133f   Thumb Code   192  stm32f10x_rcc.o(.text)
    RCC_AHBPeriphClockCmd                    0x080013ff   Thumb Code    26  stm32f10x_rcc.o(.text)
    RCC_APB2PeriphClockCmd                   0x08001419   Thumb Code    26  stm32f10x_rcc.o(.text)
    RCC_APB1PeriphClockCmd                   0x08001433   Thumb Code    26  stm32f10x_rcc.o(.text)
    RCC_APB2PeriphResetCmd                   0x0800144d   Thumb Code    26  stm32f10x_rcc.o(.text)
    RCC_APB1PeriphResetCmd                   0x08001467   Thumb Code    26  stm32f10x_rcc.o(.text)
    RCC_BackupResetCmd                       0x08001481   Thumb Code     8  stm32f10x_rcc.o(.text)
    RCC_ClockSecuritySystemCmd               0x08001489   Thumb Code     6  stm32f10x_rcc.o(.text)
    RCC_MCOConfig                            0x0800148f   Thumb Code     6  stm32f10x_rcc.o(.text)
    RCC_ClearFlag                            0x08001495   Thumb Code    14  stm32f10x_rcc.o(.text)
    RCC_GetITStatus                          0x080014a3   Thumb Code    20  stm32f10x_rcc.o(.text)
    RCC_ClearITPendingBit                    0x080014b7   Thumb Code     6  stm32f10x_rcc.o(.text)
    USART_DeInit                             0x080014e9   Thumb Code   134  stm32f10x_usart.o(.text)
    USART_Init                               0x0800156f   Thumb Code   210  stm32f10x_usart.o(.text)
    USART_StructInit                         0x08001641   Thumb Code    24  stm32f10x_usart.o(.text)
    USART_ClockInit                          0x08001659   Thumb Code    34  stm32f10x_usart.o(.text)
    USART_ClockStructInit                    0x0800167b   Thumb Code    12  stm32f10x_usart.o(.text)
    USART_Cmd                                0x08001687   Thumb Code    24  stm32f10x_usart.o(.text)
    USART_ITConfig                           0x0800169f   Thumb Code    74  stm32f10x_usart.o(.text)
    USART_DMACmd                             0x080016e9   Thumb Code    18  stm32f10x_usart.o(.text)
    USART_SetAddress                         0x080016fb   Thumb Code    18  stm32f10x_usart.o(.text)
    USART_WakeUpConfig                       0x0800170d   Thumb Code    18  stm32f10x_usart.o(.text)
    USART_ReceiverWakeUpCmd                  0x0800171f   Thumb Code    24  stm32f10x_usart.o(.text)
    USART_LINBreakDetectLengthConfig         0x08001737   Thumb Code    18  stm32f10x_usart.o(.text)
    USART_LINCmd                             0x08001749   Thumb Code    24  stm32f10x_usart.o(.text)
    USART_SendData                           0x08001761   Thumb Code     8  stm32f10x_usart.o(.text)
    USART_ReceiveData                        0x08001769   Thumb Code    10  stm32f10x_usart.o(.text)
    USART_SendBreak                          0x08001773   Thumb Code    10  stm32f10x_usart.o(.text)
    USART_SetGuardTime                       0x0800177d   Thumb Code    16  stm32f10x_usart.o(.text)
    USART_SetPrescaler                       0x0800178d   Thumb Code    16  stm32f10x_usart.o(.text)
    USART_SmartCardCmd                       0x0800179d   Thumb Code    24  stm32f10x_usart.o(.text)
    USART_SmartCardNACKCmd                   0x080017b5   Thumb Code    24  stm32f10x_usart.o(.text)
    USART_HalfDuplexCmd                      0x080017cd   Thumb Code    24  stm32f10x_usart.o(.text)
    USART_OverSampling8Cmd                   0x080017e5   Thumb Code    22  stm32f10x_usart.o(.text)
    USART_OneBitMethodCmd                    0x080017fb   Thumb Code    24  stm32f10x_usart.o(.text)
    USART_IrDAConfig                         0x08001813   Thumb Code    18  stm32f10x_usart.o(.text)
    USART_IrDACmd                            0x08001825   Thumb Code    24  stm32f10x_usart.o(.text)
    USART_GetFlagStatus                      0x0800183d   Thumb Code    26  stm32f10x_usart.o(.text)
    USART_ClearFlag                          0x08001857   Thumb Code    18  stm32f10x_usart.o(.text)
    USART_GetITStatus                        0x08001869   Thumb Code    84  stm32f10x_usart.o(.text)
    USART_ClearITPendingBit                  0x080018bd   Thumb Code    52  stm32f10x_usart.o(.text)
    NVIC_PriorityGroupConfig                 0x080018f1   Thumb Code    10  misc.o(.text)
    NVIC_Init                                0x080018fb   Thumb Code   102  misc.o(.text)
    NVIC_SetVectorTable                      0x08001961   Thumb Code    14  misc.o(.text)
    NVIC_SystemLPConfig                      0x0800196f   Thumb Code    34  misc.o(.text)
    SysTick_CLKSourceConfig                  0x08001991   Thumb Code    40  misc.o(.text)
    TIM_DeInit                               0x080019cd   Thumb Code   424  stm32f10x_tim.o(.text)
    TIM_TimeBaseInit                         0x08001b75   Thumb Code   122  stm32f10x_tim.o(.text)
    TIM_OC1Init                              0x08001bef   Thumb Code   132  stm32f10x_tim.o(.text)
    TIM_OC2Init                              0x08001c73   Thumb Code   154  stm32f10x_tim.o(.text)
    TIM_OC3Init                              0x08001d0d   Thumb Code   150  stm32f10x_tim.o(.text)
    TIM_OC4Init                              0x08001da3   Thumb Code   182  stm32f10x_tim.o(.text)
    TIM_SetIC4Prescaler                      0x08001e59   Thumb Code    26  stm32f10x_tim.o(.text)
    TIM_SetIC3Prescaler                      0x08001ef5   Thumb Code    18  stm32f10x_tim.o(.text)
    TIM_SetIC2Prescaler                      0x08001f81   Thumb Code    26  stm32f10x_tim.o(.text)
    TIM_SetIC1Prescaler                      0x0800201d   Thumb Code    18  stm32f10x_tim.o(.text)
    TIM_ICInit                               0x0800209b   Thumb Code   150  stm32f10x_tim.o(.text)
    TIM_PWMIConfig                           0x08002131   Thumb Code   124  stm32f10x_tim.o(.text)
    TIM_BDTRConfig                           0x080021ad   Thumb Code    32  stm32f10x_tim.o(.text)
    TIM_TimeBaseStructInit                   0x080021cd   Thumb Code    18  stm32f10x_tim.o(.text)
    TIM_OCStructInit                         0x080021df   Thumb Code    20  stm32f10x_tim.o(.text)
    TIM_ICStructInit                         0x080021f3   Thumb Code    18  stm32f10x_tim.o(.text)
    TIM_BDTRStructInit                       0x08002205   Thumb Code    40  stm32f10x_tim.o(.text)
    TIM_Cmd                                  0x0800222d   Thumb Code    24  stm32f10x_tim.o(.text)
    TIM_CtrlPWMOutputs                       0x08002245   Thumb Code    30  stm32f10x_tim.o(.text)
    TIM_ITConfig                             0x08002263   Thumb Code    18  stm32f10x_tim.o(.text)
    TIM_GenerateEvent                        0x08002275   Thumb Code     4  stm32f10x_tim.o(.text)
    TIM_DMAConfig                            0x08002279   Thumb Code    10  stm32f10x_tim.o(.text)
    TIM_DMACmd                               0x08002283   Thumb Code    18  stm32f10x_tim.o(.text)
    TIM_InternalClockConfig                  0x08002295   Thumb Code    12  stm32f10x_tim.o(.text)
    TIM_SelectInputTrigger                   0x080022a1   Thumb Code    18  stm32f10x_tim.o(.text)
    TIM_ITRxExternalClockConfig              0x080022b3   Thumb Code    24  stm32f10x_tim.o(.text)
    TIM_TIxExternalClockConfig               0x080022cb   Thumb Code    62  stm32f10x_tim.o(.text)
    TIM_ETRConfig                            0x08002309   Thumb Code    28  stm32f10x_tim.o(.text)
    TIM_ETRClockMode1Config                  0x08002325   Thumb Code    54  stm32f10x_tim.o(.text)
    TIM_ETRClockMode2Config                  0x0800235b   Thumb Code    32  stm32f10x_tim.o(.text)
    TIM_PrescalerConfig                      0x0800237b   Thumb Code     6  stm32f10x_tim.o(.text)
    TIM_CounterModeConfig                    0x08002381   Thumb Code    18  stm32f10x_tim.o(.text)
    TIM_EncoderInterfaceConfig               0x08002393   Thumb Code    66  stm32f10x_tim.o(.text)
    TIM_ForcedOC1Config                      0x080023d5   Thumb Code    18  stm32f10x_tim.o(.text)
    TIM_ForcedOC2Config                      0x080023e7   Thumb Code    26  stm32f10x_tim.o(.text)
    TIM_ForcedOC3Config                      0x08002401   Thumb Code    18  stm32f10x_tim.o(.text)
    TIM_ForcedOC4Config                      0x08002413   Thumb Code    26  stm32f10x_tim.o(.text)
    TIM_ARRPreloadConfig                     0x0800242d   Thumb Code    24  stm32f10x_tim.o(.text)
    TIM_SelectCOM                            0x08002445   Thumb Code    24  stm32f10x_tim.o(.text)
    TIM_SelectCCDMA                          0x0800245d   Thumb Code    24  stm32f10x_tim.o(.text)
    TIM_CCPreloadControl                     0x08002475   Thumb Code    24  stm32f10x_tim.o(.text)
    TIM_OC1PreloadConfig                     0x0800248d   Thumb Code    18  stm32f10x_tim.o(.text)
    TIM_OC2PreloadConfig                     0x0800249f   Thumb Code    26  stm32f10x_tim.o(.text)
    TIM_OC3PreloadConfig                     0x080024b9   Thumb Code    18  stm32f10x_tim.o(.text)
    TIM_OC4PreloadConfig                     0x080024cb   Thumb Code    26  stm32f10x_tim.o(.text)
    TIM_OC1FastConfig                        0x080024e5   Thumb Code    18  stm32f10x_tim.o(.text)
    TIM_OC2FastConfig                        0x080024f7   Thumb Code    26  stm32f10x_tim.o(.text)
    TIM_OC3FastConfig                        0x08002511   Thumb Code    18  stm32f10x_tim.o(.text)
    TIM_OC4FastConfig                        0x08002523   Thumb Code    26  stm32f10x_tim.o(.text)
    TIM_ClearOC1Ref                          0x0800253d   Thumb Code    18  stm32f10x_tim.o(.text)
    TIM_ClearOC2Ref                          0x0800254f   Thumb Code    24  stm32f10x_tim.o(.text)
    TIM_ClearOC3Ref                          0x08002567   Thumb Code    18  stm32f10x_tim.o(.text)
    TIM_ClearOC4Ref                          0x08002579   Thumb Code    24  stm32f10x_tim.o(.text)
    TIM_OC1PolarityConfig                    0x08002591   Thumb Code    18  stm32f10x_tim.o(.text)
    TIM_OC1NPolarityConfig                   0x080025a3   Thumb Code    18  stm32f10x_tim.o(.text)
    TIM_OC2PolarityConfig                    0x080025b5   Thumb Code    26  stm32f10x_tim.o(.text)
    TIM_OC2NPolarityConfig                   0x080025cf   Thumb Code    26  stm32f10x_tim.o(.text)
    TIM_OC3PolarityConfig                    0x080025e9   Thumb Code    26  stm32f10x_tim.o(.text)
    TIM_OC3NPolarityConfig                   0x08002603   Thumb Code    26  stm32f10x_tim.o(.text)
    TIM_OC4PolarityConfig                    0x0800261d   Thumb Code    26  stm32f10x_tim.o(.text)
    TIM_CCxCmd                               0x08002637   Thumb Code    30  stm32f10x_tim.o(.text)
    TIM_CCxNCmd                              0x08002655   Thumb Code    30  stm32f10x_tim.o(.text)
    TIM_SelectOCxM                           0x08002673   Thumb Code    82  stm32f10x_tim.o(.text)
    TIM_UpdateDisableConfig                  0x080026c5   Thumb Code    24  stm32f10x_tim.o(.text)
    TIM_UpdateRequestConfig                  0x080026dd   Thumb Code    24  stm32f10x_tim.o(.text)
    TIM_SelectHallSensor                     0x080026f5   Thumb Code    24  stm32f10x_tim.o(.text)
    TIM_SelectOnePulseMode                   0x0800270d   Thumb Code    18  stm32f10x_tim.o(.text)
    TIM_SelectOutputTrigger                  0x0800271f   Thumb Code    18  stm32f10x_tim.o(.text)
    TIM_SelectSlaveMode                      0x08002731   Thumb Code    18  stm32f10x_tim.o(.text)
    TIM_SelectMasterSlaveMode                0x08002743   Thumb Code    18  stm32f10x_tim.o(.text)
    TIM_SetCounter                           0x08002755   Thumb Code     4  stm32f10x_tim.o(.text)
    TIM_SetAutoreload                        0x08002759   Thumb Code     4  stm32f10x_tim.o(.text)
    TIM_SetCompare1                          0x0800275d   Thumb Code     4  stm32f10x_tim.o(.text)
    TIM_SetCompare2                          0x08002761   Thumb Code     4  stm32f10x_tim.o(.text)
    TIM_SetCompare3                          0x08002765   Thumb Code     4  stm32f10x_tim.o(.text)
    TIM_SetCompare4                          0x08002769   Thumb Code     6  stm32f10x_tim.o(.text)
    TIM_SetClockDivision                     0x0800276f   Thumb Code    18  stm32f10x_tim.o(.text)
    TIM_GetCapture1                          0x08002781   Thumb Code     6  stm32f10x_tim.o(.text)
    TIM_GetCapture2                          0x08002787   Thumb Code     6  stm32f10x_tim.o(.text)
    TIM_GetCapture3                          0x0800278d   Thumb Code     6  stm32f10x_tim.o(.text)
    TIM_GetCapture4                          0x08002793   Thumb Code     8  stm32f10x_tim.o(.text)
    TIM_GetCounter                           0x0800279b   Thumb Code     6  stm32f10x_tim.o(.text)
    TIM_GetPrescaler                         0x080027a1   Thumb Code     6  stm32f10x_tim.o(.text)
    TIM_GetFlagStatus                        0x080027a7   Thumb Code    18  stm32f10x_tim.o(.text)
    TIM_ClearFlag                            0x080027b9   Thumb Code     6  stm32f10x_tim.o(.text)
    TIM_GetITStatus                          0x080027bf   Thumb Code    34  stm32f10x_tim.o(.text)
    TIM_ClearITPendingBit                    0x080027e1   Thumb Code     6  stm32f10x_tim.o(.text)
    ADC_DeInit                               0x080027e9   Thumb Code    78  stm32f10x_adc.o(.text)
    ADC_Init                                 0x08002837   Thumb Code    70  stm32f10x_adc.o(.text)
    ADC_StructInit                           0x0800287d   Thumb Code    18  stm32f10x_adc.o(.text)
    ADC_Cmd                                  0x0800288f   Thumb Code    22  stm32f10x_adc.o(.text)
    ADC_DMACmd                               0x080028a5   Thumb Code    22  stm32f10x_adc.o(.text)
    ADC_ITConfig                             0x080028bb   Thumb Code    24  stm32f10x_adc.o(.text)
    ADC_ResetCalibration                     0x080028d3   Thumb Code    10  stm32f10x_adc.o(.text)
    ADC_GetResetCalibrationStatus            0x080028dd   Thumb Code    20  stm32f10x_adc.o(.text)
    ADC_StartCalibration                     0x080028f1   Thumb Code    10  stm32f10x_adc.o(.text)
    ADC_GetCalibrationStatus                 0x080028fb   Thumb Code    20  stm32f10x_adc.o(.text)
    ADC_SoftwareStartConvCmd                 0x0800290f   Thumb Code    22  stm32f10x_adc.o(.text)
    ADC_GetSoftwareStartConvStatus           0x08002925   Thumb Code    20  stm32f10x_adc.o(.text)
    ADC_DiscModeChannelCountConfig           0x08002939   Thumb Code    24  stm32f10x_adc.o(.text)
    ADC_DiscModeCmd                          0x08002951   Thumb Code    22  stm32f10x_adc.o(.text)
    ADC_RegularChannelConfig                 0x08002967   Thumb Code   184  stm32f10x_adc.o(.text)
    ADC_ExternalTrigConvCmd                  0x08002a1f   Thumb Code    22  stm32f10x_adc.o(.text)
    ADC_GetConversionValue                   0x08002a35   Thumb Code     8  stm32f10x_adc.o(.text)
    ADC_GetDualModeConversionValue           0x08002a3d   Thumb Code     8  stm32f10x_adc.o(.text)
    ADC_AutoInjectedConvCmd                  0x08002a45   Thumb Code    22  stm32f10x_adc.o(.text)
    ADC_InjectedDiscModeCmd                  0x08002a5b   Thumb Code    22  stm32f10x_adc.o(.text)
    ADC_ExternalTrigInjectedConvConfig       0x08002a71   Thumb Code    16  stm32f10x_adc.o(.text)
    ADC_ExternalTrigInjectedConvCmd          0x08002a81   Thumb Code    22  stm32f10x_adc.o(.text)
    ADC_SoftwareStartInjectedConvCmd         0x08002a97   Thumb Code    22  stm32f10x_adc.o(.text)
    ADC_GetSoftwareStartInjectedConvCmdStatus 0x08002aad   Thumb Code    20  stm32f10x_adc.o(.text)
    ADC_InjectedChannelConfig                0x08002ac1   Thumb Code   130  stm32f10x_adc.o(.text)
    ADC_InjectedSequencerLengthConfig        0x08002b43   Thumb Code    24  stm32f10x_adc.o(.text)
    ADC_SetInjectedOffset                    0x08002b5b   Thumb Code    20  stm32f10x_adc.o(.text)
    ADC_GetInjectedConversionValue           0x08002b6f   Thumb Code    28  stm32f10x_adc.o(.text)
    ADC_AnalogWatchdogCmd                    0x08002b8b   Thumb Code    16  stm32f10x_adc.o(.text)
    ADC_AnalogWatchdogThresholdsConfig       0x08002b9b   Thumb Code     6  stm32f10x_adc.o(.text)
    ADC_AnalogWatchdogSingleChannelConfig    0x08002ba1   Thumb Code    16  stm32f10x_adc.o(.text)
    ADC_TempSensorVrefintCmd                 0x08002bb1   Thumb Code    64  stm32f10x_adc.o(.text)
    ADC_GetFlagStatus                        0x08002bf1   Thumb Code    18  stm32f10x_adc.o(.text)
    ADC_ClearFlag                            0x08002c03   Thumb Code     6  stm32f10x_adc.o(.text)
    ADC_GetITStatus                          0x08002c09   Thumb Code    36  stm32f10x_adc.o(.text)
    ADC_ClearITPendingBit                    0x08002c2d   Thumb Code    10  stm32f10x_adc.o(.text)
    DMA_DeInit                               0x08002c39   Thumb Code   324  stm32f10x_dma.o(.text)
    DMA_Init                                 0x08002d7d   Thumb Code    60  stm32f10x_dma.o(.text)
    DMA_StructInit                           0x08002db9   Thumb Code    26  stm32f10x_dma.o(.text)
    DMA_Cmd                                  0x08002dd3   Thumb Code    24  stm32f10x_dma.o(.text)
    DMA_ITConfig                             0x08002deb   Thumb Code    18  stm32f10x_dma.o(.text)
    DMA_SetCurrDataCounter                   0x08002dfd   Thumb Code     4  stm32f10x_dma.o(.text)
    DMA_GetCurrDataCounter                   0x08002e01   Thumb Code     8  stm32f10x_dma.o(.text)
    DMA_GetFlagStatus                        0x08002e09   Thumb Code    38  stm32f10x_dma.o(.text)
    DMA_ClearFlag                            0x08002e2f   Thumb Code    22  stm32f10x_dma.o(.text)
    DMA_GetITStatus                          0x08002e45   Thumb Code    38  stm32f10x_dma.o(.text)
    DMA_ClearITPendingBit                    0x08002e6b   Thumb Code    22  stm32f10x_dma.o(.text)
    usmart_sys_cmd_exe                       0x08002e89   Thumb Code  1554  usmart.o(.text)
    usmart_reset_runtime                     0x0800349b   Thumb Code    38  usmart.o(.text)
    usmart_get_runtime                       0x080034c1   Thumb Code    56  usmart.o(.text)
    TIM4_IRQHandler                          0x080034f9   Thumb Code    50  usmart.o(.text)
    Timer4_Init                              0x0800352b   Thumb Code    94  usmart.o(.text)
    usmart_init                              0x08003589   Thumb Code    36  usmart.o(.text)
    usmart_cmd_rec                           0x080035ad   Thumb Code   170  usmart.o(.text)
    usmart_exe                               0x08003657   Thumb Code   674  usmart.o(.text)
    usmart_scan                              0x080038f9   Thumb Code   120  usmart.o(.text)
    read_addr                                0x08003971   Thumb Code     6  usmart.o(.text)
    write_addr                               0x08003977   Thumb Code     4  usmart.o(.text)
    usmart_strcmp                            0x080039e1   Thumb Code    34  usmart_str.o(.text)
    usmart_strcopy                           0x08003a03   Thumb Code    22  usmart_str.o(.text)
    usmart_strlen                            0x08003a19   Thumb Code    24  usmart_str.o(.text)
    usmart_pow                               0x08003a31   Thumb Code    22  usmart_str.o(.text)
    usmart_str2num                           0x08003a47   Thumb Code   202  usmart_str.o(.text)
    usmart_get_cmdname                       0x08003b11   Thumb Code    54  usmart_str.o(.text)
    usmart_search_nextc                      0x08003b47   Thumb Code    22  usmart_str.o(.text)
    usmart_get_fname                         0x08003b5d   Thumb Code   440  usmart_str.o(.text)
    usmart_get_aparm                         0x08003d15   Thumb Code   200  usmart_str.o(.text)
    usmart_get_parmpos                       0x08003ddd   Thumb Code    26  usmart_str.o(.text)
    usmart_get_fparam                        0x08003df7   Thumb Code   262  usmart_str.o(.text)
    mymemcpy                                 0x08003f09   Thumb Code    26  malloc.o(.text)
    mymemset                                 0x08003f23   Thumb Code    20  malloc.o(.text)
    mem_init                                 0x08003f37   Thumb Code    54  malloc.o(.text)
    mem_perused                              0x08003f6d   Thumb Code    54  malloc.o(.text)
    mem_malloc                               0x08003fa3   Thumb Code   162  malloc.o(.text)
    mem_free                                 0x08004045   Thumb Code    94  malloc.o(.text)
    myfree                                   0x080040a3   Thumb Code    32  malloc.o(.text)
    mymalloc                                 0x080040c3   Thumb Code    34  malloc.o(.text)
    myrealloc                                0x080040e5   Thumb Code    66  malloc.o(.text)
    collection_data                          0x08004179   Thumb Code    60  fricker.o(.text)
    Flicker_init                             0x080041b5   Thumb Code    22  fricker.o(.text)
    RMS_percent                              0x080041cb   Thumb Code   238  fricker.o(.text)
    get_jeita_db                             0x080042b9   Thumb Code   366  fricker.o(.text)
    clear_samplingdata                       0x08004427   Thumb Code     8  fricker.o(.text)
    FlickerMeter                             0x0800442f   Thumb Code    36  fricker.o(.text)
    SDA_OUT                                  0x08004495   Thumb Code    24  myiic.o(.text)
    IIC_Buscheck                             0x080044ad   Thumb Code   112  myiic.o(.text)
    IIC_Stop                                 0x0800451d   Thumb Code    62  myiic.o(.text)
    IIC_Send_Byte                            0x0800455b   Thumb Code    80  myiic.o(.text)
    IIC_Init                                 0x080045ab   Thumb Code    62  myiic.o(.text)
    SDA_IN                                   0x080045e9   Thumb Code    24  myiic.o(.text)
    IIC_Start                                0x08004601   Thumb Code    54  myiic.o(.text)
    IIC_Wait_Ack                             0x08004637   Thumb Code    78  myiic.o(.text)
    i2c1_write_u8                            0x08004685   Thumb Code    18  myiic.o(.text)
    i2c1_start                               0x08004697   Thumb Code    26  myiic.o(.text)
    IIC_Ack                                  0x080046b1   Thumb Code    50  myiic.o(.text)
    IIC_NAck                                 0x080046e3   Thumb Code    50  myiic.o(.text)
    IIC_Scl                                  0x08004715   Thumb Code     6  myiic.o(.text)
    IIC_Sda                                  0x0800471b   Thumb Code     6  myiic.o(.text)
    i2c1_init                                0x08004721   Thumb Code     8  myiic.o(.text)
    IIC_Read_Byte                            0x08004729   Thumb Code    70  myiic.o(.text)
    IIC_Read_Byte_no_ack                     0x0800476f   Thumb Code    80  myiic.o(.text)
    i2c1_stop                                0x080047bf   Thumb Code    52  myiic.o(.text)
    i2c1_start_repeat                        0x080047f3   Thumb Code    34  myiic.o(.text)
    iic_read_byte                            0x08004815   Thumb Code    66  myiic.o(.text)
    i2c1_read_u8                             0x08004857   Thumb Code   182  myiic.o(.text)
    TL35825_Write                            0x08004911   Thumb Code    58  lt35825.o(.text)
    TL35825_Read                             0x0800494b   Thumb Code    58  lt35825.o(.text)
    Set_Voutp                                0x08004985   Thumb Code   218  lt35825.o(.text)
    Set_Voutn                                0x08004a5f   Thumb Code   170  lt35825.o(.text)
    Voutp_Upfirst                            0x08004b09   Thumb Code    56  lt35825.o(.text)
    Voutn_Upfirst                            0x08004b41   Thumb Code    40  lt35825.o(.text)
    TL35825_reset                            0x08004b69   Thumb Code    12  lt35825.o(.text)
    TL35825_init                             0x08004b75   Thumb Code    22  lt35825.o(.text)
    Voutn_UpBoth                             0x08004b8b   Thumb Code    40  lt35825.o(.text)
    Vout_Off                                 0x08004bb3   Thumb Code    38  lt35825.o(.text)
    act8846_i2c_write                        0x08004c61   Thumb Code    80  act8846.o(.text)
    act8846_i2c_read                         0x08004cb1   Thumb Code   100  act8846.o(.text)
    act8846_set_bits                         0x08004d15   Thumb Code    60  act8846.o(.text)
    act8846_ldo_set_voltage                  0x08004d51   Thumb Code   100  act8846.o(.text)
    act8846_dcdc_set_voltage                 0x08004db5   Thumb Code   128  act8846.o(.text)
    act8846_ldo_disable                      0x08004e35   Thumb Code    22  act8846.o(.text)
    act8846_dcdc_disable                     0x08004e4b   Thumb Code    22  act8846.o(.text)
    act8846_init                             0x08004e61   Thumb Code   688  act8846.o(.text)
    act8846_ldo_enable                       0x08005111   Thumb Code    22  act8846.o(.text)
    act8846_dcdc_enable                      0x08005127   Thumb Code   806  act8846.o(.text)
    act8846_on                               0x0800544d   Thumb Code    84  act8846.o(.text)
    act8846_off                              0x080054a1   Thumb Code    84  act8846.o(.text)
    act8846_Read                             0x080054f5   Thumb Code    58  act8846.o(.text)
    act8846_Write                            0x0800552f   Thumb Code    58  act8846.o(.text)
    act8846_ldo_is_enabled                   0x08005569   Thumb Code    54  act8846.o(.text)
    act8846_ldo_get_voltage                  0x0800559f   Thumb Code    64  act8846.o(.text)
    act8846_ldo_get_mode                     0x080055df   Thumb Code    62  act8846.o(.text)
    act8846_ldo_set_mode                     0x0800561d   Thumb Code    62  act8846.o(.text)
    act8846_dcdc_is_enabled                  0x0800565b   Thumb Code    64  act8846.o(.text)
    act8846_dcdc_get_voltage                 0x0800569b   Thumb Code    64  act8846.o(.text)
    act8846_dcdc_set_sleep_voltage           0x080056db   Thumb Code   112  act8846.o(.text)
    act8846_dcdc_get_mode                    0x0800574b   Thumb Code    62  act8846.o(.text)
    act8846_dcdc_set_mode                    0x08005789   Thumb Code    64  act8846.o(.text)
    act8846_device_shutdown                  0x080057c9   Thumb Code    26  act8846.o(.text)
    poweron                                  0x080057e3   Thumb Code     2  act8846.o(.text)
    updateVled                               0x080057e5   Thumb Code     2  act8846.o(.text)
    poweroff                                 0x080057e7   Thumb Code     2  act8846.o(.text)
    PMU_GPIO_Config                          0x0800589d   Thumb Code   132  gpio_config.o(.text)
    VSP_VSN_GPIO_Config                      0x08005921   Thumb Code    92  gpio_config.o(.text)
    OTP_GPIO_Config                          0x0800597d   Thumb Code    50  gpio_config.o(.text)
    BL_GPIO_Config                           0x080059af   Thumb Code   156  gpio_config.o(.text)
    VA_Err_GPIO_Config                       0x08005a4b   Thumb Code    46  gpio_config.o(.text)
    Usr_Led_GPIO_Config                      0x08005a79   Thumb Code    46  gpio_config.o(.text)
    TPS22993_GPIO_Config                     0x08005aa7   Thumb Code    58  gpio_config.o(.text)
    RELAY_UA_GPIO_Config                     0x08005ae1   Thumb Code    46  gpio_config.o(.text)
    System_GPIO_Config                       0x08005b0f   Thumb Code    52  gpio_config.o(.text)
    Set_PMU_RST_IO                           0x08005b43   Thumb Code    30  gpio_config.o(.text)
    Set_PMU_PWREN_IO                         0x08005b61   Thumb Code    26  gpio_config.o(.text)
    ACT8846_DCDC_Switch                      0x08005b7b   Thumb Code    24  gpio_config.o(.text)
    ACT8846_LDO_Switch                       0x08005b93   Thumb Code    24  gpio_config.o(.text)
    LED_Init                                 0x08005bc9   Thumb Code    46  parm.o(.text)
    Get_Volt_Val                             0x08005bf7   Thumb Code    10  parm.o(.text)
    arm_cmplx_mag_q31                        0x08005c09   Thumb Code   186  arm_cmplx_mag_q31.o(.text)
    arm_cfft_radix2_init_q31                 0x08005cc5   Thumb Code   172  arm_cfft_radix2_init_q31.o(.text)
    arm_radix2_butterfly_q31                 0x08005d99   Thumb Code   672  arm_cfft_radix2_q31.o(.text)
    arm_radix2_butterfly_inverse_q31         0x08006039   Thumb Code   542  arm_cfft_radix2_q31.o(.text)
    arm_cfft_radix2_q31                      0x08006257   Thumb Code    46  arm_cfft_radix2_q31.o(.text)
    arm_sqrt_q31                             0x08006285   Thumb Code   218  arm_sqrt_q31.o(.text)
    arm_bitreversal_f32                      0x08006365   Thumb Code   174  arm_bitreversal.o(.text)
    arm_bitreversal_q31                      0x08006413   Thumb Code   178  arm_bitreversal.o(.text)
    arm_bitreversal_q15                      0x080064c5   Thumb Code   114  arm_bitreversal.o(.text)
    __use_no_semihosting                     0x08006537   Thumb Code     2  use_no_semi_2.o(.text)
    __2printf                                0x08006539   Thumb Code    20  noretval__2printf.o(.text)
    _printf_pre_padding                      0x08006551   Thumb Code    46  _printf_pad.o(.text)
    _printf_post_padding                     0x0800657f   Thumb Code    36  _printf_pad.o(.text)
    _printf_str                              0x080065a3   Thumb Code    82  _printf_str.o(.text)
    _printf_int_dec                          0x080065f5   Thumb Code   102  _printf_dec.o(.text)
    _printf_int_hex                          0x0800666d   Thumb Code    88  _printf_hex_int.o(.text)
    _printf_longlong_hex                     0x0800666d   Thumb Code     0  _printf_hex_int.o(.text)
    __printf                                 0x080066c9   Thumb Code   390  __printf_flags_ss_wp.o(.text)
    __use_two_region_memory                  0x08006855   Thumb Code     2  heapauxi.o(.text)
    __rt_heap_escrow$2region                 0x08006857   Thumb Code     2  heapauxi.o(.text)
    __rt_heap_expand$2region                 0x08006859   Thumb Code     2  heapauxi.o(.text)
    __I$use$semihosting                      0x0800685b   Thumb Code     0  use_no_semi.o(.text)
    __use_no_semihosting_swi                 0x0800685b   Thumb Code     2  use_no_semi.o(.text)
    __read_errno                             0x0800685d   Thumb Code    10  _rserrno.o(.text)
    __set_errno                              0x08006867   Thumb Code    12  _rserrno.o(.text)
    _printf_int_common                       0x08006873   Thumb Code   184  _printf_intcommon.o(.text)
    __lib_sel_fp_printf                      0x0800692b   Thumb Code     2  _printf_fp_dec.o(.text)
    _printf_fp_dec_real                      0x08006ad7   Thumb Code   628  _printf_fp_dec.o(.text)
    _printf_cs_common                        0x08006d4b   Thumb Code    20  _printf_char.o(.text)
    _printf_char                             0x08006d5f   Thumb Code    16  _printf_char.o(.text)
    _printf_string                           0x08006d6f   Thumb Code     8  _printf_char.o(.text)
    _printf_char_file                        0x08006d79   Thumb Code    32  _printf_char_file.o(.text)
    __rt_locale                              0x08006d9d   Thumb Code     8  rt_locale_intlibspace.o(.text)
    __aeabi_errno_addr                       0x08006da5   Thumb Code     8  rt_errno_addr_intlibspace.o(.text)
    __errno$intlibspace                      0x08006da5   Thumb Code     0  rt_errno_addr_intlibspace.o(.text)
    __rt_errno_addr$intlibspace              0x08006da5   Thumb Code     0  rt_errno_addr_intlibspace.o(.text)
    _ll_udiv10                               0x08006dad   Thumb Code   138  lludiv10.o(.text)
    _printf_char_common                      0x08006e43   Thumb Code    32  _printf_char_common.o(.text)
    _printf_fp_infnan                        0x08006e69   Thumb Code   112  _printf_fp_infnan.o(.text)
    _btod_etento                             0x08006ee9   Thumb Code   222  bigflt0.o(.text)
    ferror                                   0x08006fcd   Thumb Code     8  ferror.o(.text)
    __user_libspace                          0x08006fd5   Thumb Code     8  libspace.o(.text)
    __user_perproc_libspace                  0x08006fd5   Thumb Code     0  libspace.o(.text)
    __user_perthread_libspace                0x08006fd5   Thumb Code     0  libspace.o(.text)
    __user_setup_stackheap                   0x08006fdd   Thumb Code    74  sys_stackheap_outer.o(.text)
    exit                                     0x08007027   Thumb Code    12  exit.o(.text)
    strcmp                                   0x08007035   Thumb Code   128  strcmpv7m.o(.text)
    _btod_d2e                                0x080070b5   Thumb Code    62  btod.o(CL$$btod_d2e)
    _d2e_denorm_low                          0x080070f3   Thumb Code    70  btod.o(CL$$btod_d2e_denorm_low)
    _d2e_norm_op1                            0x08007139   Thumb Code    96  btod.o(CL$$btod_d2e_norm_op1)
    __btod_div_common                        0x08007199   Thumb Code   696  btod.o(CL$$btod_div_common)
    _e2e                                     0x080074d1   Thumb Code   198  btod.o(CL$$btod_e2e)
    _btod_ediv                               0x08007597   Thumb Code    40  btod.o(CL$$btod_ediv)
    _btod_emul                               0x080075bf   Thumb Code    40  btod.o(CL$$btod_emul)
    __btod_mult_common                       0x080075e7   Thumb Code   580  btod.o(CL$$btod_mult_common)
    __ARM_fpclassify                         0x0800782b   Thumb Code    40  fpclassify.o(i.__ARM_fpclassify)
    __kernel_poly                            0x08007853   Thumb Code   170  poly.o(i.__kernel_poly)
    __mathlib_dbl_underflow                  0x080078fd   Thumb Code    10  dunder.o(i.__mathlib_dbl_underflow)
    _is_digit                                0x0800790d   Thumb Code    14  __printf_wp.o(i._is_digit)
    log                                      0x0800791d   Thumb Code   822  log.o(i.log)
    log10                                    0x08007c8d   Thumb Code   212  log10.o(i.log10)
    pow                                      0x08007d81   Thumb Code  2510  pow.o(i.pow)
    sqrt                                     0x08008761   Thumb Code    78  sqrt.o(i.sqrt)
    _get_lc_numeric                          0x080087b1   Thumb Code    44  lc_numeric_c.o(locale$$code)
    __aeabi_d2f                              0x080087dd   Thumb Code     0  d2f.o(x$fpl$d2f)
    _d2f                                     0x080087dd   Thumb Code    98  d2f.o(x$fpl$d2f)
    __aeabi_dadd                             0x08008841   Thumb Code     0  daddsub_clz.o(x$fpl$dadd)
    _dadd                                    0x08008841   Thumb Code   332  daddsub_clz.o(x$fpl$dadd)
    __fpl_dcheck_NaN1                        0x08008991   Thumb Code    10  dcheck1.o(x$fpl$dcheck1)
    __fpl_dcmp_Inf                           0x080089a1   Thumb Code    24  dcmpi.o(x$fpl$dcmpinf)
    __aeabi_ddiv                             0x080089b9   Thumb Code     0  ddiv.o(x$fpl$ddiv)
    _ddiv                                    0x080089b9   Thumb Code   552  ddiv.o(x$fpl$ddiv)
    __aeabi_cdcmpeq                          0x08008c69   Thumb Code     0  deqf.o(x$fpl$deqf)
    _dcmpeq                                  0x08008c69   Thumb Code   120  deqf.o(x$fpl$deqf)
    __aeabi_d2uiz                            0x08008ce1   Thumb Code     0  dfixu.o(x$fpl$dfixu)
    _dfixu                                   0x08008ce1   Thumb Code    90  dfixu.o(x$fpl$dfixu)
    __aeabi_i2d                              0x08008d3b   Thumb Code     0  dflt_clz.o(x$fpl$dflt)
    _dflt                                    0x08008d3b   Thumb Code    46  dflt_clz.o(x$fpl$dflt)
    __aeabi_cdcmple                          0x08008d69   Thumb Code     0  dleqf.o(x$fpl$dleqf)
    _dcmple                                  0x08008d69   Thumb Code   120  dleqf.o(x$fpl$dleqf)
    __fpl_dcmple_InfNaN                      0x08008dcb   Thumb Code     0  dleqf.o(x$fpl$dleqf)
    __aeabi_dmul                             0x08008de1   Thumb Code     0  dmul.o(x$fpl$dmul)
    _dmul                                    0x08008de1   Thumb Code   332  dmul.o(x$fpl$dmul)
    __fpl_dnaninf                            0x08008f35   Thumb Code   156  dnaninf.o(x$fpl$dnaninf)
    __fpl_dretinf                            0x08008fd1   Thumb Code    12  dretinf.o(x$fpl$dretinf)
    __aeabi_cdrcmple                         0x08008fdd   Thumb Code     0  drleqf.o(x$fpl$drleqf)
    _drcmple                                 0x08008fdd   Thumb Code   108  drleqf.o(x$fpl$drleqf)
    __aeabi_drsub                            0x08009049   Thumb Code     0  daddsub_clz.o(x$fpl$drsb)
    _drsb                                    0x08009049   Thumb Code    22  daddsub_clz.o(x$fpl$drsb)
    _dsqrt                                   0x08009061   Thumb Code   456  dsqrt_noumaal.o(x$fpl$dsqrt)
    __aeabi_dsub                             0x0800922d   Thumb Code     0  daddsub_clz.o(x$fpl$dsub)
    _dsub                                    0x0800922d   Thumb Code   464  daddsub_clz.o(x$fpl$dsub)
    __aeabi_f2d                              0x08009401   Thumb Code     0  f2d.o(x$fpl$f2d)
    _f2d                                     0x08009401   Thumb Code    86  f2d.o(x$fpl$f2d)
    __aeabi_fadd                             0x08009459   Thumb Code     0  faddsub_clz.o(x$fpl$fadd)
    _fadd                                    0x08009459   Thumb Code   196  faddsub_clz.o(x$fpl$fadd)
    __fpl_fcheck_NaN1                        0x0800951d   Thumb Code     6  fcheck1.o(x$fpl$fcheck1)
    __fpl_fcmp_Inf                           0x08009529   Thumb Code    24  fcmpi.o(x$fpl$fcmpinf)
    __aeabi_fdiv                             0x08009541   Thumb Code     0  fdiv.o(x$fpl$fdiv)
    _fdiv                                    0x08009541   Thumb Code   384  fdiv.o(x$fpl$fdiv)
    __aeabi_f2iz                             0x080096c5   Thumb Code     0  ffix.o(x$fpl$ffix)
    _ffix                                    0x080096c5   Thumb Code    54  ffix.o(x$fpl$ffix)
    __aeabi_i2f                              0x080096fd   Thumb Code     0  fflt_clz.o(x$fpl$fflt)
    _fflt                                    0x080096fd   Thumb Code    48  fflt_clz.o(x$fpl$fflt)
    __aeabi_ui2f                             0x0800972d   Thumb Code     0  fflt_clz.o(x$fpl$ffltu)
    _ffltu                                   0x0800972d   Thumb Code    38  fflt_clz.o(x$fpl$ffltu)
    __aeabi_cfcmple                          0x08009755   Thumb Code     0  fleqf.o(x$fpl$fleqf)
    _fcmple                                  0x08009755   Thumb Code   104  fleqf.o(x$fpl$fleqf)
    __fpl_fcmple_InfNaN                      0x080097a7   Thumb Code     0  fleqf.o(x$fpl$fleqf)
    __aeabi_fmul                             0x080097bd   Thumb Code     0  fmul.o(x$fpl$fmul)
    _fmul                                    0x080097bd   Thumb Code   258  fmul.o(x$fpl$fmul)
    __fpl_fnaninf                            0x080098bf   Thumb Code   140  fnaninf.o(x$fpl$fnaninf)
    __fpl_fretinf                            0x0800994b   Thumb Code    10  fretinf.o(x$fpl$fretinf)
    __aeabi_cfrcmple                         0x08009955   Thumb Code     0  frleqf.o(x$fpl$frleqf)
    _frcmple                                 0x08009955   Thumb Code    98  frleqf.o(x$fpl$frleqf)
    __aeabi_frsub                            0x080099b7   Thumb Code     0  faddsub_clz.o(x$fpl$frsb)
    _frsb                                    0x080099b7   Thumb Code    20  faddsub_clz.o(x$fpl$frsb)
    __aeabi_fsub                             0x080099cd   Thumb Code     0  faddsub_clz.o(x$fpl$fsub)
    _fsub                                    0x080099cd   Thumb Code   234  faddsub_clz.o(x$fpl$fsub)
    _printf_fp_dec                           0x08009ab7   Thumb Code     4  printf1.o(x$fpl$printf1)
    __fpl_return_NaN                         0x08009abb   Thumb Code   100  retnan.o(x$fpl$retnan)
    __ARM_scalbn                             0x08009b1f   Thumb Code    92  scalbn.o(x$fpl$scalbn)
    __ARM_scalbnf                            0x08009b7b   Thumb Code    76  scalbnf.o(x$fpl$scalbnf)
    __fpl_cmpreturn                          0x08009bc7   Thumb Code    48  trapv.o(x$fpl$trapveneer)
    __I$use$fp                               0x08009bf6   Number         0  usenofp.o(x$fpl$usenofp)
    memtblsize                               0x08009bf8   Data           4  malloc.o(.constdata)
    memblksize                               0x08009bfc   Data           4  malloc.o(.constdata)
    memsize                                  0x08009c00   Data           4  malloc.o(.constdata)
    armBitRevTable                           0x08009ecc   Data        2048  arm_common_tables.o(.constdata)
    twiddleCoefQ31                           0x0800a6cc   Data       24576  arm_common_tables.o(.constdata)
    __mathlib_zero                           0x080107c8   Data           8  qnan.o(.constdata)
    Region$$Table$$Base                      0x080108cc   Number         0  anon$$obj.o(Region$$Table)
    Region$$Table$$Limit                     0x080108ec   Number         0  anon$$obj.o(Region$$Table)
    SystemCoreClock                          0x20000000   Data           4  system_stm32f10x.o(.data)
    AHBPrescTable                            0x20000004   Data          16  system_stm32f10x.o(.data)
    itime                                    0x20000014   Data           4  timer.o(.data)
    ADCBuffer                                0x20000018   Data           2  adc.o(.data)
    USART_RX_STA                             0x20000020   Data           2  usart.o(.data)
    __stdout                                 0x20000024   Data           4  usart.o(.data)
    sys_cmd_tab                              0x2000003c   Data          28  usmart.o(.data)
    usmart_nametab                           0x20000058   Data          16  usmart_config.o(.data)
    usmart_dev                               0x20000068   Data         244  usmart_config.o(.data)
    mallco_dev                               0x2000015c   Data          20  malloc.o(.data)
    fft_ibuf                                 0x20000170   Data           4  fricker.o(.data)
    fft_obuf                                 0x20000174   Data           4  fricker.o(.data)
    sampling_count                           0x20000178   Data           4  fricker.o(.data)
    lcm_para                                 0x20000180   Data         320  parm.o(.data)
    USART_RX_BUF                             0x200002c0   Data         256  usart.o(.bss)
    mem1base                                 0x200003c0   Data       55296  malloc.o(.bss)
    mem1mapbase                              0x2000dbc0   Data        3456  malloc.o(.bss)
    __libspace_start                         0x2000e940   Data          96  libspace.o(.bss)
    __temporary_stack_top$libspace           0x2000e9a0   Data           0  libspace.o(.bss)



==============================================================================

Memory Map of the image

  Image Entry point : 0x08000131

  Load Region LR_IROM1 (Base: 0x08000000, Size: 0x00010bc8, Max: 0x00080000, ABSOLUTE, COMPRESSED[0x00010a00])

    Execution Region ER_IROM1 (Base: 0x08000000, Size: 0x00010908, Max: 0x00080000, ABSOLUTE)

    Base Addr    Size         Type   Attr      Idx    E Section Name        Object

    0x08000000   0x00000130   Data   RO          310    RESET               startup_stm32f10x_hd.o
    0x08000130   0x00000008   Code   RO          907  * !!!main             c_w.l(__main.o)
    0x08000138   0x00000034   Code   RO         1260    !!!scatter          c_w.l(__scatter.o)
    0x0800016c   0x0000005a   Code   RO         1258    !!dczerorl2         c_w.l(__dczerorl2.o)
    0x080001c6   0x00000002   PAD
    0x080001c8   0x0000001c   Code   RO         1262    !!handler_zi        c_w.l(__scatter_zi.o)
    0x080001e4   0x00000000   Code   RO          904    .ARM.Collect$$_printf_percent$$00000000  c_w.l(_printf_percent.o)
    0x080001e4   0x00000006   Code   RO          903    .ARM.Collect$$_printf_percent$$00000003  c_w.l(_printf_f.o)
    0x080001ea   0x00000006   Code   RO          901    .ARM.Collect$$_printf_percent$$00000009  c_w.l(_printf_d.o)
    0x080001f0   0x00000006   Code   RO          902    .ARM.Collect$$_printf_percent$$0000000A  c_w.l(_printf_u.o)
    0x080001f6   0x00000006   Code   RO          900    .ARM.Collect$$_printf_percent$$0000000C  c_w.l(_printf_x.o)
    0x080001fc   0x00000006   Code   RO          899    .ARM.Collect$$_printf_percent$$00000014  c_w.l(_printf_s.o)
    0x08000202   0x00000004   Code   RO         1002    .ARM.Collect$$_printf_percent$$00000017  c_w.l(_printf_percent_end.o)
    0x08000206   0x00000002   Code   RO         1136    .ARM.Collect$$libinit$$00000000  c_w.l(libinit.o)
    0x08000208   0x00000000   Code   RO         1138    .ARM.Collect$$libinit$$00000002  c_w.l(libinit2.o)
    0x08000208   0x00000000   Code   RO         1141    .ARM.Collect$$libinit$$00000008  c_w.l(libinit2.o)
    0x08000208   0x00000000   Code   RO         1143    .ARM.Collect$$libinit$$0000000A  c_w.l(libinit2.o)
    0x08000208   0x00000000   Code   RO         1145    .ARM.Collect$$libinit$$0000000C  c_w.l(libinit2.o)
    0x08000208   0x00000006   Code   RO         1146    .ARM.Collect$$libinit$$0000000D  c_w.l(libinit2.o)
    0x0800020e   0x00000000   Code   RO         1148    .ARM.Collect$$libinit$$0000000F  c_w.l(libinit2.o)
    0x0800020e   0x00000000   Code   RO         1150    .ARM.Collect$$libinit$$00000011  c_w.l(libinit2.o)
    0x0800020e   0x00000000   Code   RO         1152    .ARM.Collect$$libinit$$00000013  c_w.l(libinit2.o)
    0x0800020e   0x0000000a   Code   RO         1153    .ARM.Collect$$libinit$$00000014  c_w.l(libinit2.o)
    0x08000218   0x00000000   Code   RO         1154    .ARM.Collect$$libinit$$00000015  c_w.l(libinit2.o)
    0x08000218   0x00000000   Code   RO         1156    .ARM.Collect$$libinit$$00000017  c_w.l(libinit2.o)
    0x08000218   0x00000000   Code   RO         1158    .ARM.Collect$$libinit$$00000019  c_w.l(libinit2.o)
    0x08000218   0x00000000   Code   RO         1160    .ARM.Collect$$libinit$$0000001B  c_w.l(libinit2.o)
    0x08000218   0x00000000   Code   RO         1162    .ARM.Collect$$libinit$$0000001D  c_w.l(libinit2.o)
    0x08000218   0x00000000   Code   RO         1164    .ARM.Collect$$libinit$$0000001F  c_w.l(libinit2.o)
    0x08000218   0x00000000   Code   RO         1166    .ARM.Collect$$libinit$$00000021  c_w.l(libinit2.o)
    0x08000218   0x00000000   Code   RO         1168    .ARM.Collect$$libinit$$00000023  c_w.l(libinit2.o)
    0x08000218   0x00000000   Code   RO         1172    .ARM.Collect$$libinit$$0000002A  c_w.l(libinit2.o)
    0x08000218   0x00000000   Code   RO         1174    .ARM.Collect$$libinit$$0000002C  c_w.l(libinit2.o)
    0x08000218   0x00000000   Code   RO         1176    .ARM.Collect$$libinit$$0000002E  c_w.l(libinit2.o)
    0x08000218   0x00000000   Code   RO         1178    .ARM.Collect$$libinit$$00000030  c_w.l(libinit2.o)
    0x08000218   0x00000002   Code   RO         1179    .ARM.Collect$$libinit$$00000031  c_w.l(libinit2.o)
    0x0800021a   0x00000002   Code   RO         1209    .ARM.Collect$$libshutdown$$00000000  c_w.l(libshutdown.o)
    0x0800021c   0x00000000   Code   RO         1219    .ARM.Collect$$libshutdown$$00000003  c_w.l(libshutdown2.o)
    0x0800021c   0x00000000   Code   RO         1222    .ARM.Collect$$libshutdown$$00000006  c_w.l(libshutdown2.o)
    0x0800021c   0x00000000   Code   RO         1225    .ARM.Collect$$libshutdown$$00000009  c_w.l(libshutdown2.o)
    0x0800021c   0x00000000   Code   RO         1227    .ARM.Collect$$libshutdown$$0000000B  c_w.l(libshutdown2.o)
    0x0800021c   0x00000000   Code   RO         1230    .ARM.Collect$$libshutdown$$0000000E  c_w.l(libshutdown2.o)
    0x0800021c   0x00000002   Code   RO         1231    .ARM.Collect$$libshutdown$$0000000F  c_w.l(libshutdown2.o)
    0x0800021e   0x00000000   Code   RO          991    .ARM.Collect$$rtentry$$00000000  c_w.l(rtentry.o)
    0x0800021e   0x00000000   Code   RO         1048    .ARM.Collect$$rtentry$$00000002  c_w.l(rtentry2.o)
    0x0800021e   0x00000006   Code   RO         1060    .ARM.Collect$$rtentry$$00000004  c_w.l(rtentry4.o)
    0x08000224   0x00000000   Code   RO         1050    .ARM.Collect$$rtentry$$00000009  c_w.l(rtentry2.o)
    0x08000224   0x00000004   Code   RO         1051    .ARM.Collect$$rtentry$$0000000A  c_w.l(rtentry2.o)
    0x08000228   0x00000000   Code   RO         1053    .ARM.Collect$$rtentry$$0000000C  c_w.l(rtentry2.o)
    0x08000228   0x00000008   Code   RO         1054    .ARM.Collect$$rtentry$$0000000D  c_w.l(rtentry2.o)
    0x08000230   0x00000002   Code   RO         1182    .ARM.Collect$$rtexit$$00000000  c_w.l(rtexit.o)
    0x08000232   0x00000000   Code   RO         1189    .ARM.Collect$$rtexit$$00000002  c_w.l(rtexit2.o)
    0x08000232   0x00000004   Code   RO         1190    .ARM.Collect$$rtexit$$00000003  c_w.l(rtexit2.o)
    0x08000236   0x00000006   Code   RO         1191    .ARM.Collect$$rtexit$$00000004  c_w.l(rtexit2.o)
    0x0800023c   0x00000114   Code   RO            1    .text               main.o
    0x08000350   0x0000001a   Code   RO          152    .text               stm32f10x_it.o
    0x0800036a   0x00000002   PAD
    0x0800036c   0x000001dc   Code   RO          184    .text               system_stm32f10x.o
    0x08000548   0x000000e8   Code   RO          202    .text               timer.o
    0x08000630   0x0000048c   Code   RO          227    .text               adc.o
    0x08000abc   0x000000dc   Code   RO          248    .text               delay.o
    0x08000b98   0x0000000c   Code   RO          262    .text               sys.o
    0x08000ba4   0x00000208   Code   RO          274    .text               usart.o
    0x08000dac   0x00000040   Code   RO          311    .text               startup_stm32f10x_hd.o
    0x08000dec   0x00000358   Code   RO          315    .text               stm32f10x_gpio.o
    0x08001144   0x000003a4   Code   RO          327    .text               stm32f10x_rcc.o
    0x080014e8   0x00000408   Code   RO          341    .text               stm32f10x_usart.o
    0x080018f0   0x000000dc   Code   RO          353    .text               misc.o
    0x080019cc   0x00000e1a   Code   RO          365    .text               stm32f10x_tim.o
    0x080027e6   0x00000002   PAD
    0x080027e8   0x0000044e   Code   RO          377    .text               stm32f10x_adc.o
    0x08002c36   0x00000002   PAD
    0x08002c38   0x00000250   Code   RO          434    .text               stm32f10x_dma.o
    0x08002e88   0x00000b58   Code   RO          446    .text               usmart.o
    0x080039e0   0x00000528   Code   RO          475    .text               usmart_str.o
    0x08003f08   0x00000230   Code   RO          487    .text               malloc.o
    0x08004138   0x0000035c   Code   RO          552    .text               fricker.o
    0x08004494   0x0000047c   Code   RO          575    .text               myiic.o
    0x08004910   0x00000350   Code   RO          587    .text               lt35825.o
    0x08004c60   0x00000c3c   Code   RO          613    .text               act8846.o
    0x0800589c   0x0000032c   Code   RO          631    .text               gpio_config.o
    0x08005bc8   0x00000040   Code   RO          646    .text               parm.o
    0x08005c08   0x000000ba   Code   RO          664    .text               arm_cortexM3l_math.lib(arm_cmplx_mag_q31.o)
    0x08005cc2   0x00000002   PAD
    0x08005cc4   0x000000d4   Code   RO          706    .text               arm_cortexM3l_math.lib(arm_cfft_radix2_init_q31.o)
    0x08005d98   0x000004ec   Code   RO          730    .text               arm_cortexM3l_math.lib(arm_cfft_radix2_q31.o)
    0x08006284   0x000000e0   Code   RO          750    .text               arm_cortexM3l_math.lib(arm_sqrt_q31.o)
    0x08006364   0x000001d2   Code   RO          770    .text               arm_cortexM3l_math.lib(arm_bitreversal.o)
    0x08006536   0x00000002   Code   RO          844    .text               c_w.l(use_no_semi_2.o)
    0x08006538   0x00000018   Code   RO          848    .text               c_w.l(noretval__2printf.o)
    0x08006550   0x00000052   Code   RO          852    .text               c_w.l(_printf_pad.o)
    0x080065a2   0x00000052   Code   RO          854    .text               c_w.l(_printf_str.o)
    0x080065f4   0x00000078   Code   RO          856    .text               c_w.l(_printf_dec.o)
    0x0800666c   0x0000005c   Code   RO          861    .text               c_w.l(_printf_hex_int.o)
    0x080066c8   0x0000018c   Code   RO          896    .text               c_w.l(__printf_flags_ss_wp.o)
    0x08006854   0x00000006   Code   RO          905    .text               c_w.l(heapauxi.o)
    0x0800685a   0x00000002   Code   RO          989    .text               c_w.l(use_no_semi.o)
    0x0800685c   0x00000016   Code   RO          992    .text               c_w.l(_rserrno.o)
    0x08006872   0x000000b8   Code   RO          994    .text               c_w.l(_printf_intcommon.o)
    0x0800692a   0x00000420   Code   RO          996    .text               c_w.l(_printf_fp_dec.o)
    0x08006d4a   0x0000002c   Code   RO          998    .text               c_w.l(_printf_char.o)
    0x08006d76   0x00000002   PAD
    0x08006d78   0x00000024   Code   RO         1000    .text               c_w.l(_printf_char_file.o)
    0x08006d9c   0x00000008   Code   RO         1065    .text               c_w.l(rt_locale_intlibspace.o)
    0x08006da4   0x00000008   Code   RO         1070    .text               c_w.l(rt_errno_addr_intlibspace.o)
    0x08006dac   0x0000008a   Code   RO         1072    .text               c_w.l(lludiv10.o)
    0x08006e36   0x00000002   PAD
    0x08006e38   0x00000030   Code   RO         1074    .text               c_w.l(_printf_char_common.o)
    0x08006e68   0x00000080   Code   RO         1076    .text               c_w.l(_printf_fp_infnan.o)
    0x08006ee8   0x000000e4   Code   RO         1078    .text               c_w.l(bigflt0.o)
    0x08006fcc   0x00000008   Code   RO         1103    .text               c_w.l(ferror.o)
    0x08006fd4   0x00000008   Code   RO         1120    .text               c_w.l(libspace.o)
    0x08006fdc   0x0000004a   Code   RO         1123    .text               c_w.l(sys_stackheap_outer.o)
    0x08007026   0x0000000c   Code   RO         1127    .text               c_w.l(exit.o)
    0x08007032   0x00000002   PAD
    0x08007034   0x00000080   Code   RO         1129    .text               c_w.l(strcmpv7m.o)
    0x080070b4   0x0000003e   Code   RO         1081    CL$$btod_d2e        c_w.l(btod.o)
    0x080070f2   0x00000046   Code   RO         1083    CL$$btod_d2e_denorm_low  c_w.l(btod.o)
    0x08007138   0x00000060   Code   RO         1082    CL$$btod_d2e_norm_op1  c_w.l(btod.o)
    0x08007198   0x00000338   Code   RO         1091    CL$$btod_div_common  c_w.l(btod.o)
    0x080074d0   0x000000c6   Code   RO         1088    CL$$btod_e2e        c_w.l(btod.o)
    0x08007596   0x00000028   Code   RO         1085    CL$$btod_ediv       c_w.l(btod.o)
    0x080075be   0x00000028   Code   RO         1084    CL$$btod_emul       c_w.l(btod.o)
    0x080075e6   0x00000244   Code   RO         1090    CL$$btod_mult_common  c_w.l(btod.o)
    0x0800782a   0x00000028   Code   RO         1032    i.__ARM_fpclassify  m_ws.l(fpclassify.o)
    0x08007852   0x000000aa   Code   RO         1044    i.__kernel_poly     m_ws.l(poly.o)
    0x080078fc   0x00000010   Code   RO         1030    i.__mathlib_dbl_underflow  m_ws.l(dunder.o)
    0x0800790c   0x0000000e   Code   RO          889    i._is_digit         c_w.l(__printf_wp.o)
    0x0800791a   0x00000002   PAD
    0x0800791c   0x00000370   Code   RO         1035    i.log               m_ws.l(log.o)
    0x08007c8c   0x000000f4   Code   RO          964    i.log10             m_ws.l(log10.o)
    0x08007d80   0x000009e0   Code   RO          972    i.pow               m_ws.l(pow.o)
    0x08008760   0x0000004e   Code   RO          982    i.sqrt              m_ws.l(sqrt.o)
    0x080087ae   0x00000002   PAD
    0x080087b0   0x0000002c   Code   RO         1108    locale$$code        c_w.l(lc_numeric_c.o)
    0x080087dc   0x00000062   Code   RO          909    x$fpl$d2f           fz_ws.l(d2f.o)
    0x0800883e   0x00000002   PAD
    0x08008840   0x00000150   Code   RO          911    x$fpl$dadd          fz_ws.l(daddsub_clz.o)
    0x08008990   0x00000010   Code   RO         1110    x$fpl$dcheck1       fz_ws.l(dcheck1.o)
    0x080089a0   0x00000018   Code   RO         1112    x$fpl$dcmpinf       fz_ws.l(dcmpi.o)
    0x080089b8   0x000002b0   Code   RO          918    x$fpl$ddiv          fz_ws.l(ddiv.o)
    0x08008c68   0x00000078   Code   RO         1114    x$fpl$deqf          fz_ws.l(deqf.o)
    0x08008ce0   0x0000005a   Code   RO          921    x$fpl$dfixu         fz_ws.l(dfixu.o)
    0x08008d3a   0x0000002e   Code   RO         1004    x$fpl$dflt          fz_ws.l(dflt_clz.o)
    0x08008d68   0x00000078   Code   RO         1009    x$fpl$dleqf         fz_ws.l(dleqf.o)
    0x08008de0   0x00000154   Code   RO          925    x$fpl$dmul          fz_ws.l(dmul.o)
    0x08008f34   0x0000009c   Code   RO         1011    x$fpl$dnaninf       fz_ws.l(dnaninf.o)
    0x08008fd0   0x0000000c   Code   RO         1013    x$fpl$dretinf       fz_ws.l(dretinf.o)
    0x08008fdc   0x0000006c   Code   RO         1015    x$fpl$drleqf        fz_ws.l(drleqf.o)
    0x08009048   0x00000016   Code   RO          912    x$fpl$drsb          fz_ws.l(daddsub_clz.o)
    0x0800905e   0x00000002   PAD
    0x08009060   0x000001cc   Code   RO         1017    x$fpl$dsqrt         fz_ws.l(dsqrt_noumaal.o)
    0x0800922c   0x000001d4   Code   RO          913    x$fpl$dsub          fz_ws.l(daddsub_clz.o)
    0x08009400   0x00000056   Code   RO          927    x$fpl$f2d           fz_ws.l(f2d.o)
    0x08009456   0x00000002   PAD
    0x08009458   0x000000c4   Code   RO          929    x$fpl$fadd          fz_ws.l(faddsub_clz.o)
    0x0800951c   0x0000000c   Code   RO         1019    x$fpl$fcheck1       fz_ws.l(fcheck1.o)
    0x08009528   0x00000018   Code   RO         1021    x$fpl$fcmpinf       fz_ws.l(fcmpi.o)
    0x08009540   0x00000184   Code   RO          936    x$fpl$fdiv          fz_ws.l(fdiv.o)
    0x080096c4   0x00000036   Code   RO          939    x$fpl$ffix          fz_ws.l(ffix.o)
    0x080096fa   0x00000002   PAD
    0x080096fc   0x00000030   Code   RO          948    x$fpl$fflt          fz_ws.l(fflt_clz.o)
    0x0800972c   0x00000026   Code   RO          947    x$fpl$ffltu         fz_ws.l(fflt_clz.o)
    0x08009752   0x00000002   PAD
    0x08009754   0x00000068   Code   RO          953    x$fpl$fleqf         fz_ws.l(fleqf.o)
    0x080097bc   0x00000102   Code   RO          955    x$fpl$fmul          fz_ws.l(fmul.o)
    0x080098be   0x0000008c   Code   RO         1023    x$fpl$fnaninf       fz_ws.l(fnaninf.o)
    0x0800994a   0x0000000a   Code   RO         1025    x$fpl$fretinf       fz_ws.l(fretinf.o)
    0x08009954   0x00000062   Code   RO          957    x$fpl$frleqf        fz_ws.l(frleqf.o)
    0x080099b6   0x00000014   Code   RO          930    x$fpl$frsb          fz_ws.l(faddsub_clz.o)
    0x080099ca   0x00000002   PAD
    0x080099cc   0x000000ea   Code   RO          931    x$fpl$fsub          fz_ws.l(faddsub_clz.o)
    0x08009ab6   0x00000004   Code   RO          959    x$fpl$printf1       fz_ws.l(printf1.o)
    0x08009aba   0x00000064   Code   RO         1118    x$fpl$retnan        fz_ws.l(retnan.o)
    0x08009b1e   0x0000005c   Code   RO         1027    x$fpl$scalbn        fz_ws.l(scalbn.o)
    0x08009b7a   0x0000004c   Code   RO          961    x$fpl$scalbnf       fz_ws.l(scalbnf.o)
    0x08009bc6   0x00000030   Code   RO         1180    x$fpl$trapveneer    fz_ws.l(trapv.o)
    0x08009bf6   0x00000000   Code   RO         1029    x$fpl$usenofp       fz_ws.l(usenofp.o)
    0x08009bf6   0x00000002   PAD
    0x08009bf8   0x0000000c   Data   RO          489    .constdata          malloc.o
    0x08009c04   0x0000004b   Data   RO          553    .constdata          fricker.o
    0x08009c4f   0x00000001   PAD
    0x08009c50   0x0000027c   Data   RO          614    .constdata          act8846.o
    0x08009ecc   0x00000800   Data   RO          790    .constdata          arm_cortexM3l_math.lib(arm_common_tables.o)
    0x0800a6cc   0x00006000   Data   RO          800    .constdata          arm_cortexM3l_math.lib(arm_common_tables.o)
    0x080106cc   0x00000028   Data   RO          862    .constdata          c_w.l(_printf_hex_int.o)
    0x080106f4   0x00000011   Data   RO          897    .constdata          c_w.l(__printf_flags_ss_wp.o)
    0x08010705   0x00000003   PAD
    0x08010708   0x00000088   Data   RO          973    .constdata          m_ws.l(pow.o)
    0x08010790   0x00000038   Data   RO         1036    .constdata          m_ws.l(log.o)
    0x080107c8   0x00000008   Data   RO         1046    .constdata          m_ws.l(qnan.o)
    0x080107d0   0x00000094   Data   RO         1079    .constdata          c_w.l(bigflt0.o)
    0x08010864   0x0000001f   Data   RO          447    .conststring        usmart.o
    0x08010883   0x0000003a   Data   RO          462    .conststring        usmart_config.o
    0x080108bd   0x0000000c   Data   RO          647    .conststring        parm.o
    0x080108c9   0x00000003   PAD
    0x080108cc   0x00000020   Data   RO         1256    Region$$Table       anon$$obj.o
    0x080108ec   0x0000001c   Data   RO         1107    locale$$data        c_w.l(lc_numeric_c.o)


    Execution Region RW_IRAM1 (Base: 0x20000000, Size: 0x0000efa0, Max: 0x00010000, ABSOLUTE, COMPRESSED[0x000000f8])

    Base Addr    Size         Type   Attr      Idx    E Section Name        Object

    0x20000000   0x00000014   Data   RW          185    .data               system_stm32f10x.o
    0x20000014   0x00000004   Data   RW          203    .data               timer.o
    0x20000018   0x00000002   Data   RW          228    .data               adc.o
    0x2000001a   0x00000004   Data   RW          249    .data               delay.o
    0x2000001e   0x00000002   PAD
    0x20000020   0x00000008   Data   RW          276    .data               usart.o
    0x20000028   0x00000014   Data   RW          328    .data               stm32f10x_rcc.o
    0x2000003c   0x0000001c   Data   RW          448    .data               usmart.o
    0x20000058   0x00000104   Data   RW          463    .data               usmart_config.o
    0x2000015c   0x00000014   Data   RW          490    .data               malloc.o
    0x20000170   0x0000000c   Data   RW          554    .data               fricker.o
    0x2000017c   0x00000001   Data   RW          615    .data               act8846.o
    0x2000017d   0x00000003   PAD
    0x20000180   0x00000140   Data   RW          648    .data               parm.o
    0x200002c0   0x00000100   Zero   RW          275    .bss                usart.o
    0x200003c0   0x0000e580   Zero   RW          488    .bss                malloc.o
    0x2000e940   0x00000060   Zero   RW         1121    .bss                c_w.l(libspace.o)
    0x2000e9a0   0x00000200   Zero   RW          309    HEAP                startup_stm32f10x_hd.o
    0x2000eba0   0x00000400   Zero   RW          308    STACK               startup_stm32f10x_hd.o


==============================================================================

Image component sizes


      Code (inc. data)   RO Data    RW Data    ZI Data      Debug   Object Name

      3132        964        636          1          0      16291   act8846.o
      1164         44          0          2          0      12402   adc.o
         0          0          0          0          0         32   core_cm3.o
       220         18          0          4          0       1044   delay.o
       860         66         75         12          0       2323   fricker.o
       812         30          0          0          0       2800   gpio_config.o
       848        136          0          0          0       2202   lt35825.o
       276         78          0          0          0     279563   main.o
       560         18         12         20      58752       4047   malloc.o
       220         20          0          0          0       1677   misc.o
      1148         92          0          0          0       4755   myiic.o
        64          8         12        320          0       1131   parm.o
        64         26        304          0       1536        736   startup_stm32f10x_hd.o
      1102         26          0          0          0      10713   stm32f10x_adc.o
       592          8          0          0          0       4206   stm32f10x_dma.o
       856         40          0          0          0       5521   stm32f10x_gpio.o
        26          0          0          0          0       1118   stm32f10x_it.o
       932         44          0         20          0       8632   stm32f10x_rcc.o
      3610         88          0          0          0      22008   stm32f10x_tim.o
      1032         22          0          0          0       8248   stm32f10x_usart.o
        12          0          0          0          0        389   sys.o
       476         36          0         20          0       1551   system_stm32f10x.o
       232          8          0          4          0       1351   timer.o
       520         26          0          8        256       3309   usart.o
      2904       1232         31         28          0       3966   usmart.o
         0          0         58        260          0       1448   usmart_config.o
      1320         12          0          0          0       4913   usmart_str.o

    ----------------------------------------------------------------------
     22988       3042       1164        704      60544     406376   Object Totals
         0          0         32          0          0          0   (incl. Generated)
         6          0          4          5          0          0   (incl. Padding)

    ----------------------------------------------------------------------

      Code (inc. data)   RO Data    RW Data    ZI Data      Debug   Library Member Name

       466          0          0          0          0       1986   arm_bitreversal.o
       212         40          0          0          0       1103   arm_cfft_radix2_init_q31.o
      1260          0          0          0          0       2536   arm_cfft_radix2_q31.o
       186          0          0          0          0      17888   arm_cmplx_mag_q31.o
         0          0      26624          0          0       2752   arm_common_tables.o
       224          6          0          0          0        799   arm_sqrt_q31.o
        90          0          0          0          0          0   __dczerorl2.o
         8          0          0          0          0         68   __main.o
       396          6         17          0          0         92   __printf_flags_ss_wp.o
        14          0          0          0          0         68   __printf_wp.o
        52          8          0          0          0          0   __scatter.o
        28          0          0          0          0          0   __scatter_zi.o
        44          0          0          0          0        108   _printf_char.o
        48          6          0          0          0         96   _printf_char_common.o
        36          4          0          0          0         80   _printf_char_file.o
         6          0          0          0          0          0   _printf_d.o
       120         18          0          0          0         92   _printf_dec.o
         6          0          0          0          0          0   _printf_f.o
      1056          0          0          0          0        212   _printf_fp_dec.o
       128         16          0          0          0         84   _printf_fp_infnan.o
        92          4         40          0          0         88   _printf_hex_int.o
       184          0          0          0          0         88   _printf_intcommon.o
        82          0          0          0          0        108   _printf_pad.o
         0          0          0          0          0          0   _printf_percent.o
         4          0          0          0          0          0   _printf_percent_end.o
         6          0          0          0          0          0   _printf_s.o
        82          0          0          0          0         80   _printf_str.o
         6          0          0          0          0          0   _printf_u.o
         6          0          0          0          0          0   _printf_x.o
        22          0          0          0          0        100   _rserrno.o
       228          6        148          0          0         96   bigflt0.o
      1910        128          0          0          0        672   btod.o
        12          0          0          0          0         72   exit.o
         8          0          0          0          0         68   ferror.o
         6          0          0          0          0        152   heapauxi.o
        44         10         28          0          0         76   lc_numeric_c.o
         2          0          0          0          0          0   libinit.o
        18          0          0          0          0          0   libinit2.o
         2          0          0          0          0          0   libshutdown.o
         2          0          0          0          0          0   libshutdown2.o
         8          4          0          0         96         68   libspace.o
       138          0          0          0          0         80   lludiv10.o
        24          4          0          0          0         84   noretval__2printf.o
         8          4          0          0          0         68   rt_errno_addr_intlibspace.o
         8          4          0          0          0         68   rt_locale_intlibspace.o
         0          0          0          0          0          0   rtentry.o
        12          0          0          0          0          0   rtentry2.o
         6          0          0          0          0          0   rtentry4.o
         2          0          0          0          0          0   rtexit.o
        10          0          0          0          0          0   rtexit2.o
       128          0          0          0          0         68   strcmpv7m.o
        74          0          0          0          0         80   sys_stackheap_outer.o
         2          0          0          0          0         68   use_no_semi.o
         2          0          0          0          0         68   use_no_semi_2.o
        98          4          0          0          0         92   d2f.o
       826         16          0          0          0        356   daddsub_clz.o
        16          4          0          0          0         68   dcheck1.o
        24          0          0          0          0         68   dcmpi.o
       688        140          0          0          0        212   ddiv.o
       120          4          0          0          0         92   deqf.o
        90          4          0          0          0         92   dfixu.o
        46          0          0          0          0         68   dflt_clz.o
       120          4          0          0          0         92   dleqf.o
       340         12          0          0          0        104   dmul.o
       156          4          0          0          0         92   dnaninf.o
        12          0          0          0          0         68   dretinf.o
       108          0          0          0          0         80   drleqf.o
       460         56          0          0          0        120   dsqrt_noumaal.o
        86          4          0          0          0         84   f2d.o
       450          8          0          0          0        236   faddsub_clz.o
        12          4          0          0          0         68   fcheck1.o
        24          0          0          0          0         68   fcmpi.o
       388         76          0          0          0         96   fdiv.o
        54          4          0          0          0         84   ffix.o
        86          0          0          0          0        136   fflt_clz.o
       104          4          0          0          0         84   fleqf.o
       258          4          0          0          0         84   fmul.o
       140          4          0          0          0         84   fnaninf.o
        10          0          0          0          0         68   fretinf.o
        98          0          0          0          0         68   frleqf.o
         4          0          0          0          0         68   printf1.o
       100          0          0          0          0         68   retnan.o
        92          0          0          0          0         68   scalbn.o
        76          0          0          0          0         68   scalbnf.o
        48          0          0          0          0         68   trapv.o
         0          0          0          0          0          0   usenofp.o
        16          6          0          0          0         68   dunder.o
        40          0          0          0          0         68   fpclassify.o
       880         58         56          0          0        276   log.o
       244         32          0          0          0        128   log10.o
       170          0          0          0          0         96   poly.o
      2528        190        136          0          0        316   pow.o
         0          0          8          0          0          0   qnan.o
        78          0          0          0          0         84   sqrt.o

    ----------------------------------------------------------------------
     16636        910      27060          0         96      34356   Library Totals
        28          0          3          0          0          0   (incl. Padding)

    ----------------------------------------------------------------------

      Code (inc. data)   RO Data    RW Data    ZI Data      Debug   Library Name

      2348         46      26624          0          0      27064   arm_cortexM3l_math.lib
      5170        222        233          0         96       3152   c_w.l
      5134        356          0          0          0       3104   fz_ws.l
      3956        286        200          0          0       1036   m_ws.l

    ----------------------------------------------------------------------
     16636        910      27060          0         96      34356   Library Totals

    ----------------------------------------------------------------------

==============================================================================


      Code (inc. data)   RO Data    RW Data    ZI Data      Debug   

     39624       3952      28224        704      60640     434024   Grand Totals
     39624       3952      28224        248      60640     434024   ELF Image Totals (compressed)
     39624       3952      28224        248          0          0   ROM Totals

==============================================================================

    Total RO  Size (Code + RO Data)                67848 (  66.26kB)
    Total RW  Size (RW Data + ZI Data)             61344 (  59.91kB)
    Total ROM Size (Code + RO Data + RW Data)      68096 (  66.50kB)

==============================================================================

