ARM Linker, 5.03 [Build 24] [MDK-ARM Professional]

==============================================================================

Section Cross References

    main.o(.text) refers to sys.o(.text) for NVIC_Configuration
    main.o(.text) refers to delay.o(.text) for delay_init
    main.o(.text) refers to gpio_config.o(.text) for System_GPIO_Config
    main.o(.text) refers to uart.o(.text) for InitUart
    main.o(.text) refers to malloc.o(.text) for mem_init
    main.o(.text) refers to myiic.o(.text) for IIC_Init
    main.o(.text) refers to fricker.o(.text) for Flicker_init
    main.o(.text) refers to printfa.o(i.__0printf) for __2printf
    main.o(.text) refers to lt35825.o(.text) for TL35825_init
    main.o(.text) refers to act8846.o(.text) for act8846_init
    main.o(.text) refers to tps22993.o(.text) for TPS22993_Init
    main.o(.text) refers to lm36923.o(.text) for LM36923_Init
    main.o(.text) refers to parm.o(.text) for Get_Volt_Val
    main.o(.text) refers to tps65132.o(.text) for Tps65132_Init
    main.o(.text) refers to voltcurrentproc.o(.text) for INA226_Volt
    main.o(.text) refers to usmart_config.o(.data) for usmart_dev
    main.o(.text) refers to main.o(.bss) for bufer
    system_stm32f10x.o(.text) refers to system_stm32f10x.o(.data) for SystemCoreClock
    timer.o(.text) refers to stm32f10x_rcc.o(.text) for RCC_APB1PeriphClockCmd
    timer.o(.text) refers to stm32f10x_tim.o(.text) for TIM_Cmd
    timer.o(.text) refers to misc.o(.text) for NVIC_PriorityGroupConfig
    timer.o(.text) refers to fricker.o(.text) for collection_data
    timer.o(.text) refers to timer.o(.data) for itime
    adc.o(.text) refers to stm32f10x_rcc.o(.text) for RCC_APB2PeriphClockCmd
    adc.o(.text) refers to stm32f10x_gpio.o(.text) for GPIO_Init
    adc.o(.text) refers to stm32f10x_dma.o(.text) for DMA_DeInit
    adc.o(.text) refers to stm32f10x_adc.o(.text) for ADC_Init
    adc.o(.text) refers to adc.o(.data) for ADCBuffer
    delay.o(.text) refers to uart.o(.text) for USARTx_Timer_Proc
    delay.o(.text) refers to misc.o(.text) for SysTick_CLKSourceConfig
    delay.o(.text) refers to delay.o(.data) for cnt
    delay.o(.text) refers to system_stm32f10x.o(.data) for SystemCoreClock
    sys.o(.text) refers to misc.o(.text) for NVIC_PriorityGroupConfig
    usart.o(.text) refers to stm32f10x_rcc.o(.text) for RCC_APB2PeriphClockCmd
    usart.o(.text) refers to stm32f10x_usart.o(.text) for USART_DeInit
    usart.o(.text) refers to stm32f10x_gpio.o(.text) for GPIO_Init
    usart.o(.text) refers to misc.o(.text) for NVIC_Init
    usart.o(.text) refers to printfa.o(i.__0printf) for __2printf
    usart.o(.text) refers to usart.o(.data) for USART_RX_STA
    usart.o(.text) refers to usart.o(.bss) for USART_RX_BUF
    startup_stm32f10x_hd.o(RESET) refers to startup_stm32f10x_hd.o(STACK) for __initial_sp
    startup_stm32f10x_hd.o(RESET) refers to startup_stm32f10x_hd.o(.text) for Reset_Handler
    startup_stm32f10x_hd.o(RESET) refers to stm32f10x_it.o(.text) for NMI_Handler
    startup_stm32f10x_hd.o(RESET) refers to delay.o(.text) for SysTick_Handler
    startup_stm32f10x_hd.o(RESET) refers to timer.o(.text) for TIM3_IRQHandler
    startup_stm32f10x_hd.o(RESET) refers to usmart.o(.text) for TIM4_IRQHandler
    startup_stm32f10x_hd.o(RESET) refers to usart.o(.text) for USART2_IRQHandler
    startup_stm32f10x_hd.o(.text) refers to system_stm32f10x.o(.text) for SystemInit
    startup_stm32f10x_hd.o(.text) refers to entry.o(.ARM.Collect$$$$00000000) for __main
    stm32f10x_gpio.o(.text) refers to stm32f10x_rcc.o(.text) for RCC_APB2PeriphResetCmd
    stm32f10x_rcc.o(.text) refers to stm32f10x_rcc.o(.data) for APBAHBPrescTable
    stm32f10x_usart.o(.text) refers to stm32f10x_rcc.o(.text) for RCC_APB2PeriphResetCmd
    stm32f10x_tim.o(.text) refers to stm32f10x_rcc.o(.text) for RCC_APB2PeriphResetCmd
    stm32f10x_adc.o(.text) refers to stm32f10x_rcc.o(.text) for RCC_APB2PeriphResetCmd
    stm32f10x_i2c.o(.text) refers to stm32f10x_rcc.o(.text) for RCC_APB1PeriphResetCmd
    stm32f10x_spi.o(.text) refers to stm32f10x_rcc.o(.text) for RCC_APB2PeriphResetCmd
    usmart.o(.text) refers to usmart_str.o(.text) for usmart_get_cmdname
    usmart.o(.text) refers to printfa.o(i.__0printf) for __2printf
    usmart.o(.text) refers to usmart.o(.data) for sys_cmd_tab
    usmart.o(.text) refers to usmart_config.o(.data) for usmart_dev
    usmart.o(.text) refers to stm32f10x_rcc.o(.text) for RCC_APB1PeriphClockCmd
    usmart.o(.text) refers to stm32f10x_tim.o(.text) for TIM_TimeBaseInit
    usmart.o(.text) refers to misc.o(.text) for NVIC_Init
    usmart.o(.text) refers to usart.o(.data) for USART_RX_STA
    usmart.o(.text) refers to usart.o(.bss) for USART_RX_BUF
    usmart.o(.data) refers to usmart.o(.conststring) for .conststring
    usmart_config.o(.data) refers to usmart.o(.text) for read_addr
    usmart_config.o(.data) refers to usmart_config.o(.conststring) for .conststring
[...]
    TPS22993_Swtich1                         0x2000017d   Data           1  tps22993.o(.data)
    .data                                    0x2000017e   Section        2  lm36923.o(.data)
    LM36923_Address                          0x2000017e   Data           1  lm36923.o(.data)
    .data                                    0x20000180   Section       36  ina226.o(.data)
    .data                                    0x200001a4   Section      320  parm.o(.data)
    .data                                    0x200002e4   Section        8  uart.o(.data)
    sUart5_Send_Flag                         0x200002e4   Data           1  uart.o(.data)
    sUsartx_Config_Nums                      0x200002e5   Data           1  uart.o(.data)
    cnt                                      0x200002e6   Data           1  uart.o(.data)
    sUsartx_Config_Flag                      0x200002e7   Data           5  uart.o(.data)
    .data                                    0x200002ec   Section        8  uartque.o(.data)
    sUartRxQuePtr                            0x200002ec   Data           4  uartque.o(.data)
    sUartRxQueCount                          0x200002f0   Data           4  uartque.o(.data)
    .data                                    0x200002f4   Section        4  mvars.o(.data)
    .data                                    0x200002f8   Section        4  mvars.o(.data)
    .data                                    0x200002fc   Section        4  errno.o(.data)
    _errno                                   0x200002fc   Data           4  errno.o(.data)
    .bss                                     0x20000300   Section      512  main.o(.bss)
    .bss                                     0x20000500   Section      256  usart.o(.bss)
    .bss                                     0x20000600   Section    58752  malloc.o(.bss)
    .bss                                     0x2000eb80   Section     1032  uart.o(.bss)
    sFifo_Comx                               0x2000eb80   Data          16  uart.o(.bss)
    sUsartxSendManage                        0x2000eb90   Data        1016  uart.o(.bss)
    .bss                                     0x2000ef88   Section     1840  uartque.o(.bss)
    sUartRxQueElem                           0x2000ef88   Data         300  uartque.o(.bss)
    sUartTxQueElem                           0x2000f0b4   Data        1500  uartque.o(.bss)
    sUartTxQuePtr                            0x2000f690   Data          20  uartque.o(.bss)
    sUartTxQueCount                          0x2000f6a4   Data          20  uartque.o(.bss)
    HEAP                                     0x2000f6b8   Section      512  startup_stm32f10x_hd.o(HEAP)
    STACK                                    0x2000f8b8   Section     1024  startup_stm32f10x_hd.o(STACK)

    Global Symbols

    Symbol Name                              Value     Ov Type        Size  Object(Section)

    BuildAttributes$$THM_ISAv4$P$D$K$B$S$PE$A:L22UL41UL21$X:L11$S22US41US21$IEEE1$IW$USESV6$~STKCKD$USESV7$~SHL$OTIME$ROPI$IEEEX$EBA8$MICROLIB$REQ8$PRES8$EABIv2 0x00000000   Number         0  anon$$obj.o ABSOLUTE
    __ARM_use_no_argv                        0x00000000   Number         0  main.o ABSOLUTE
    __use_no_errno                           0x00000000   Number         0  useno.o ABSOLUTE
    __use_no_exception_handling              0x00000000   Number         0  useno.o ABSOLUTE
    __use_no_fp                              0x00000000   Number         0  useno.o ABSOLUTE
    __use_no_heap                            0x00000000   Number         0  useno.o ABSOLUTE
    __use_no_heap_region                     0x00000000   Number         0  useno.o ABSOLUTE
    __use_no_semihosting                     0x00000000   Number         0  useno.o ABSOLUTE
    __use_no_semihosting_swi                 0x00000000   Number         0  useno.o ABSOLUTE
    __use_no_signal_handling                 0x00000000   Number         0  useno.o ABSOLUTE
    _printf_a                                0x00000000   Number         0  stubs.o ABSOLUTE
    _printf_c                                0x00000000   Number         0  stubs.o ABSOLUTE
    _printf_charcount                        0x00000000   Number         0  stubs.o ABSOLUTE
    _printf_d                                0x00000000   Number         0  stubs.o ABSOLUTE
    _printf_e                                0x00000000   Number         0  stubs.o ABSOLUTE
    _printf_f                                0x00000000   Number         0  stubs.o ABSOLUTE
    _printf_flags                            0x00000000   Number         0  stubs.o ABSOLUTE
    _printf_fp_dec                           0x00000000   Number         0  stubs.o ABSOLUTE
    _printf_fp_hex                           0x00000000   Number         0  stubs.o ABSOLUTE
    _printf_g                                0x00000000   Number         0  stubs.o ABSOLUTE
    _printf_i                                0x00000000   Number         0  stubs.o ABSOLUTE
    _printf_int_dec                          0x00000000   Number         0  stubs.o ABSOLUTE
    _printf_l                                0x00000000   Number         0  stubs.o ABSOLUTE
    _printf_lc                               0x00000000   Number         0  stubs.o ABSOLUTE
    _printf_ll                               0x00000000   Number         0  stubs.o ABSOLUTE
    _printf_lld                              0x00000000   Number         0  stubs.o ABSOLUTE
    _printf_lli                              0x00000000   Number         0  stubs.o ABSOLUTE
    _printf_llo                              0x00000000   Number         0  stubs.o ABSOLUTE
    _printf_llu                              0x00000000   Number         0  stubs.o ABSOLUTE
    _printf_llx                              0x00000000   Number         0  stubs.o ABSOLUTE
    _printf_longlong_dec                     0x00000000   Number         0  stubs.o ABSOLUTE
    _printf_longlong_hex                     0x00000000   Number         0  stubs.o ABSOLUTE
    _printf_longlong_oct                     0x00000000   Number         0  stubs.o ABSOLUTE
    _printf_ls                               0x00000000   Number         0  stubs.o ABSOLUTE
    _printf_mbtowc                           0x00000000   Number         0  stubs.o ABSOLUTE
    _printf_n                                0x00000000   Number         0  stubs.o ABSOLUTE
    _printf_o                                0x00000000   Number         0  stubs.o ABSOLUTE
    _printf_p                                0x00000000   Number         0  stubs.o ABSOLUTE
    _printf_percent                          0x00000000   Number         0  stubs.o ABSOLUTE
    _printf_pre_padding                      0x00000000   Number         0  stubs.o ABSOLUTE
    _printf_return_value                     0x00000000   Number         0  stubs.o ABSOLUTE
    _printf_s                                0x00000000   Number         0  stubs.o ABSOLUTE
    _printf_sizespec                         0x00000000   Number         0  stubs.o ABSOLUTE
    _printf_str                              0x00000000   Number         0  stubs.o ABSOLUTE
    _printf_truncate_signed                  0x00000000   Number         0  stubs.o ABSOLUTE
    _printf_truncate_unsigned                0x00000000   Number         0  stubs.o ABSOLUTE
    _printf_u                                0x00000000   Number         0  stubs.o ABSOLUTE
    _printf_wc                               0x00000000   Number         0  stubs.o ABSOLUTE
    _printf_wctomb                           0x00000000   Number         0  stubs.o ABSOLUTE
    _printf_widthprec                        0x00000000   Number         0  stubs.o ABSOLUTE
    _printf_x                                0x00000000   Number         0  stubs.o ABSOLUTE
    __cpp_initialize__aeabi_                  - Undefined Weak Reference
    __cxa_finalize                            - Undefined Weak Reference
    _clock_init                               - Undefined Weak Reference
    _microlib_exit                            - Undefined Weak Reference
    __Vectors_Size                           0x00000130   Number         0  startup_stm32f10x_hd.o ABSOLUTE
    __Vectors                                0x08000000   Data           4  startup_stm32f10x_hd.o(RESET)
    __Vectors_End                            0x08000130   Data           0  startup_stm32f10x_hd.o(RESET)
    __main                                   0x08000131   Thumb Code     0  entry.o(.ARM.Collect$$$$00000000)
    _main_stk                                0x08000131   Thumb Code     0  entry2.o(.ARM.Collect$$$$00000001)
    _main_scatterload                        0x08000135   Thumb Code     0  entry5.o(.ARM.Collect$$$$00000004)
    __main_after_scatterload                 0x08000139   Thumb Code     0  entry5.o(.ARM.Collect$$$$00000004)
    _main_clock                              0x08000139   Thumb Code     0  entry7b.o(.ARM.Collect$$$$00000008)
    _main_cpp_init                           0x08000139   Thumb Code     0  entry8b.o(.ARM.Collect$$$$0000000A)
    _main_init                               0x08000139   Thumb Code     0  entry9a.o(.ARM.Collect$$$$0000000B)
    __rt_final_cpp                           0x08000141   Thumb Code     0  entry10a.o(.ARM.Collect$$$$0000000D)
    __rt_final_exit                          0x08000141   Thumb Code     0  entry11a.o(.ARM.Collect$$$$0000000F)
    main                                     0x08000145   Thumb Code   416  main.o(.text)
    NMI_Handler                              0x080003dd   Thumb Code     2  stm32f10x_it.o(.text)
    HardFault_Handler                        0x080003df   Thumb Code     4  stm32f10x_it.o(.text)
    MemManage_Handler                        0x080003e3   Thumb Code     4  stm32f10x_it.o(.text)
    BusFault_Handler                         0x080003e7   Thumb Code     4  stm32f10x_it.o(.text)
    UsageFault_Handler                       0x080003eb   Thumb Code     4  stm32f10x_it.o(.text)
    SVC_Handler                              0x080003ef   Thumb Code     2  stm32f10x_it.o(.text)
    DebugMon_Handler                         0x080003f1   Thumb Code     2  stm32f10x_it.o(.text)
    PendSV_Handler                           0x080003f3   Thumb Code     2  stm32f10x_it.o(.text)
    SystemInit                               0x080004d1   Thumb Code    78  system_stm32f10x.o(.text)
    SystemCoreClockUpdate                    0x0800051f   Thumb Code   142  system_stm32f10x.o(.text)
    start_time3                              0x080005d1   Thumb Code    20  timer.o(.text)
    stop_time3                               0x080005e5   Thumb Code    20  timer.o(.text)
    TIM3_Init                                0x08000679   Thumb Code    20  timer.o(.text)
    TIM3_IRQHandler                          0x0800068d   Thumb Code    36  timer.o(.text)
    ADC1_Mode_Config                         0x0800070b   Thumb Code   268  adc.o(.text)
    ADC1_Mode_Configg                        0x08000817   Thumb Code   534  adc.o(.text)
    Fricker_adc_mode                         0x08000a2d   Thumb Code   252  adc.o(.text)
    ADC1_Init                                0x08000b29   Thumb Code    12  adc.o(.text)
    get_adc_value                            0x08000b35   Thumb Code     6  adc.o(.text)
    SysTick_Handler                          0x08000b45   Thumb Code    30  delay.o(.text)
    delay_init                               0x08000b63   Thumb Code    70  delay.o(.text)
    delay_us                                 0x08000ba9   Thumb Code    70  delay.o(.text)
    delay_ms                                 0x08000bef   Thumb Code    18  delay.o(.text)
    Delay_us                                 0x08000c01   Thumb Code    26  delay.o(.text)
    Delay_ms                                 0x08000c1b   Thumb Code    12  delay.o(.text)
    NVIC_Configuration                       0x08000c39   Thumb Code    12  sys.o(.text)
    _sys_exit                                0x08000c45   Thumb Code     4  usart.o(.text)
    fputc                                    0x08000c49   Thumb Code    22  usart.o(.text)
    uart_init                                0x08000c5f   Thumb Code   158  usart.o(.text)
    uart2_init                               0x08000cfd   Thumb Code   160  usart.o(.text)
    USART2_IRQHandler                        0x08000d9d   Thumb Code   150  usart.o(.text)
    Reset_Handler                            0x08000e4d   Thumb Code     8  startup_stm32f10x_hd.o(.text)
    ADC1_2_IRQHandler                        0x08000e67   Thumb Code     0  startup_stm32f10x_hd.o(.text)
    ADC3_IRQHandler                          0x08000e67   Thumb Code     0  startup_stm32f10x_hd.o(.text)
    CAN1_RX1_IRQHandler                      0x08000e67   Thumb Code     0  startup_stm32f10x_hd.o(.text)
    CAN1_SCE_IRQHandler                      0x08000e67   Thumb Code     0  startup_stm32f10x_hd.o(.text)
    DMA1_Channel1_IRQHandler                 0x08000e67   Thumb Code     0  startup_stm32f10x_hd.o(.text)
    DMA1_Channel2_IRQHandler                 0x08000e67   Thumb Code     0  startup_stm32f10x_hd.o(.text)
    DMA1_Channel3_IRQHandler                 0x08000e67   Thumb Code     0  startup_stm32f10x_hd.o(.text)
    DMA1_Channel4_IRQHandler                 0x08000e67   Thumb Code     0  startup_stm32f10x_hd.o(.text)
    DMA1_Channel5_IRQHandler                 0x08000e67   Thumb Code     0  startup_stm32f10x_hd.o(.text)
    DMA1_Channel6_IRQHandler                 0x08000e67   Thumb Code     0  startup_stm32f10x_hd.o(.text)
    DMA1_Channel7_IRQHandler                 0x08000e67   Thumb Code     0  startup_stm32f10x_hd.o(.text)
    DMA2_Channel1_IRQHandler                 0x08000e67   Thumb Code     0  startup_stm32f10x_hd.o(.text)
    DMA2_Channel2_IRQHandler                 0x08000e67   Thumb Code     0  startup_stm32f10x_hd.o(.text)
    DMA2_Channel3_IRQHandler                 0x08000e67   Thumb Code     0  startup_stm32f10x_hd.o(.text)
    DMA2_Channel4_5_IRQHandler               0x08000e67   Thumb Code     0  startup_stm32f10x_hd.o(.text)
    EXTI0_IRQHandler                         0x08000e67   Thumb Code     0  startup_stm32f10x_hd.o(.text)
    EXTI15_10_IRQHandler                     0x08000e67   Thumb Code     0  startup_stm32f10x_hd.o(.text)
    EXTI1_IRQHandler                         0x08000e67   Thumb Code     0  startup_stm32f10x_hd.o(.text)
    EXTI2_IRQHandler                         0x08000e67   Thumb Code     0  startup_stm32f10x_hd.o(.text)
    EXTI3_IRQHandler                         0x08000e67   Thumb Code     0  startup_stm32f10x_hd.o(.text)
    EXTI4_IRQHandler                         0x08000e67   Thumb Code     0  startup_stm32f10x_hd.o(.text)
    EXTI9_5_IRQHandler                       0x08000e67   Thumb Code     0  startup_stm32f10x_hd.o(.text)
    FLASH_IRQHandler                         0x08000e67   Thumb Code     0  startup_stm32f10x_hd.o(.text)
    FSMC_IRQHandler                          0x08000e67   Thumb Code     0  startup_stm32f10x_hd.o(.text)
    I2C1_ER_IRQHandler                       0x08000e67   Thumb Code     0  startup_stm32f10x_hd.o(.text)
    I2C1_EV_IRQHandler                       0x08000e67   Thumb Code     0  startup_stm32f10x_hd.o(.text)
    I2C2_ER_IRQHandler                       0x08000e67   Thumb Code     0  startup_stm32f10x_hd.o(.text)
    I2C2_EV_IRQHandler                       0x08000e67   Thumb Code     0  startup_stm32f10x_hd.o(.text)
    PVD_IRQHandler                           0x08000e67   Thumb Code     0  startup_stm32f10x_hd.o(.text)
    RCC_IRQHandler                           0x08000e67   Thumb Code     0  startup_stm32f10x_hd.o(.text)
    RTCAlarm_IRQHandler                      0x08000e67   Thumb Code     0  startup_stm32f10x_hd.o(.text)
    RTC_IRQHandler                           0x08000e67   Thumb Code     0  startup_stm32f10x_hd.o(.text)
    SDIO_IRQHandler                          0x08000e67   Thumb Code     0  startup_stm32f10x_hd.o(.text)
    SPI1_IRQHandler                          0x08000e67   Thumb Code     0  startup_stm32f10x_hd.o(.text)
    SPI2_IRQHandler                          0x08000e67   Thumb Code     0  startup_stm32f10x_hd.o(.text)
    SPI3_IRQHandler                          0x08000e67   Thumb Code     0  startup_stm32f10x_hd.o(.text)
    TAMPER_IRQHandler                        0x08000e67   Thumb Code     0  startup_stm32f10x_hd.o(.text)
    TIM1_BRK_IRQHandler                      0x08000e67   Thumb Code     0  startup_stm32f10x_hd.o(.text)
    TIM1_CC_IRQHandler                       0x08000e67   Thumb Code     0  startup_stm32f10x_hd.o(.text)
    TIM1_TRG_COM_IRQHandler                  0x08000e67   Thumb Code     0  startup_stm32f10x_hd.o(.text)
    TIM1_UP_IRQHandler                       0x08000e67   Thumb Code     0  startup_stm32f10x_hd.o(.text)
    TIM2_IRQHandler                          0x08000e67   Thumb Code     0  startup_stm32f10x_hd.o(.text)
    TIM5_IRQHandler                          0x08000e67   Thumb Code     0  startup_stm32f10x_hd.o(.text)
    TIM6_IRQHandler                          0x08000e67   Thumb Code     0  startup_stm32f10x_hd.o(.text)
    TIM7_IRQHandler                          0x08000e67   Thumb Code     0  startup_stm32f10x_hd.o(.text)
    TIM8_BRK_IRQHandler                      0x08000e67   Thumb Code     0  startup_stm32f10x_hd.o(.text)
    TIM8_CC_IRQHandler                       0x08000e67   Thumb Code     0  startup_stm32f10x_hd.o(.text)
    TIM8_TRG_COM_IRQHandler                  0x08000e67   Thumb Code     0  startup_stm32f10x_hd.o(.text)
    TIM8_UP_IRQHandler                       0x08000e67   Thumb Code     0  startup_stm32f10x_hd.o(.text)
    UART4_IRQHandler                         0x08000e67   Thumb Code     0  startup_stm32f10x_hd.o(.text)
    UART5_IRQHandler                         0x08000e67   Thumb Code     0  startup_stm32f10x_hd.o(.text)
    USART1_IRQHandler                        0x08000e67   Thumb Code     0  startup_stm32f10x_hd.o(.text)
    USART3_IRQHandler                        0x08000e67   Thumb Code     0  startup_stm32f10x_hd.o(.text)
    USBWakeUp_IRQHandler                     0x08000e67   Thumb Code     0  startup_stm32f10x_hd.o(.text)
    USB_HP_CAN1_TX_IRQHandler                0x08000e67   Thumb Code     0  startup_stm32f10x_hd.o(.text)
    USB_LP_CAN1_RX0_IRQHandler               0x08000e67   Thumb Code     0  startup_stm32f10x_hd.o(.text)
    WWDG_IRQHandler                          0x08000e67   Thumb Code     0  startup_stm32f10x_hd.o(.text)
    GPIO_DeInit                              0x08000e71   Thumb Code   172  stm32f10x_gpio.o(.text)
    GPIO_AFIODeInit                          0x08000f1d   Thumb Code    20  stm32f10x_gpio.o(.text)
    GPIO_Init                                0x08000f31   Thumb Code   274  stm32f10x_gpio.o(.text)
    GPIO_StructInit                          0x08001043   Thumb Code    16  stm32f10x_gpio.o(.text)
    GPIO_ReadInputDataBit                    0x08001053   Thumb Code    18  stm32f10x_gpio.o(.text)
    GPIO_ReadInputData                       0x08001065   Thumb Code     8  stm32f10x_gpio.o(.text)
    GPIO_ReadOutputDataBit                   0x0800106d   Thumb Code    18  stm32f10x_gpio.o(.text)
    GPIO_ReadOutputData                      0x0800107f   Thumb Code     8  stm32f10x_gpio.o(.text)
    GPIO_SetBits                             0x08001087   Thumb Code     4  stm32f10x_gpio.o(.text)
    GPIO_ResetBits                           0x0800108b   Thumb Code     4  stm32f10x_gpio.o(.text)
    GPIO_WriteBit                            0x0800108f   Thumb Code    10  stm32f10x_gpio.o(.text)
    GPIO_Write                               0x08001099   Thumb Code     4  stm32f10x_gpio.o(.text)
    GPIO_PinLockConfig                       0x0800109d   Thumb Code    18  stm32f10x_gpio.o(.text)
    GPIO_EventOutputConfig                   0x080010af   Thumb Code    26  stm32f10x_gpio.o(.text)
    GPIO_EventOutputCmd                      0x080010c9   Thumb Code     6  stm32f10x_gpio.o(.text)
    GPIO_PinRemapConfig                      0x080010cf   Thumb Code   138  stm32f10x_gpio.o(.text)
    GPIO_EXTILineConfig                      0x08001159   Thumb Code    66  stm32f10x_gpio.o(.text)
    GPIO_ETH_MediaInterfaceConfig            0x0800119b   Thumb Code     6  stm32f10x_gpio.o(.text)
    RCC_DeInit                               0x080011c9   Thumb Code    64  stm32f10x_rcc.o(.text)
    RCC_HSEConfig                            0x08001209   Thumb Code    70  stm32f10x_rcc.o(.text)
    RCC_GetFlagStatus                        0x0800124f   Thumb Code    56  stm32f10x_rcc.o(.text)
    RCC_WaitForHSEStartUp                    0x08001287   Thumb Code    56  stm32f10x_rcc.o(.text)
    RCC_AdjustHSICalibrationValue            0x080012bf   Thumb Code    20  stm32f10x_rcc.o(.text)
    RCC_HSICmd                               0x080012d3   Thumb Code     6  stm32f10x_rcc.o(.text)
    RCC_PLLConfig                            0x080012d9   Thumb Code    24  stm32f10x_rcc.o(.text)
    RCC_PLLCmd                               0x080012f1   Thumb Code     6  stm32f10x_rcc.o(.text)
    RCC_SYSCLKConfig                         0x080012f7   Thumb Code    18  stm32f10x_rcc.o(.text)
    RCC_GetSYSCLKSource                      0x08001309   Thumb Code    10  stm32f10x_rcc.o(.text)
    RCC_HCLKConfig                           0x08001313   Thumb Code    18  stm32f10x_rcc.o(.text)
    RCC_PCLK1Config                          0x08001325   Thumb Code    18  stm32f10x_rcc.o(.text)
    RCC_PCLK2Config                          0x08001337   Thumb Code    20  stm32f10x_rcc.o(.text)
    RCC_ITConfig                             0x0800134b   Thumb Code    26  stm32f10x_rcc.o(.text)
    RCC_USBCLKConfig                         0x08001365   Thumb Code     6  stm32f10x_rcc.o(.text)
    RCC_ADCCLKConfig                         0x0800136b   Thumb Code    18  stm32f10x_rcc.o(.text)
    RCC_LSEConfig                            0x0800137d   Thumb Code    44  stm32f10x_rcc.o(.text)
    RCC_LSICmd                               0x080013a9   Thumb Code     6  stm32f10x_rcc.o(.text)
    RCC_RTCCLKConfig                         0x080013af   Thumb Code    12  stm32f10x_rcc.o(.text)
    RCC_RTCCLKCmd                            0x080013bb   Thumb Code     8  stm32f10x_rcc.o(.text)
    RCC_GetClocksFreq                        0x080013c3   Thumb Code   192  stm32f10x_rcc.o(.text)
    RCC_AHBPeriphClockCmd                    0x08001483   Thumb Code    26  stm32f10x_rcc.o(.text)
    RCC_APB2PeriphClockCmd                   0x0800149d   Thumb Code    26  stm32f10x_rcc.o(.text)
    RCC_APB1PeriphClockCmd                   0x080014b7   Thumb Code    26  stm32f10x_rcc.o(.text)
    RCC_APB2PeriphResetCmd                   0x080014d1   Thumb Code    26  stm32f10x_rcc.o(.text)
    RCC_APB1PeriphResetCmd                   0x080014eb   Thumb Code    26  stm32f10x_rcc.o(.text)
    RCC_BackupResetCmd                       0x08001505   Thumb Code     8  stm32f10x_rcc.o(.text)
    RCC_ClockSecuritySystemCmd               0x0800150d   Thumb Code     6  stm32f10x_rcc.o(.text)
    RCC_MCOConfig                            0x08001513   Thumb Code     6  stm32f10x_rcc.o(.text)
    RCC_ClearFlag                            0x08001519   Thumb Code    14  stm32f10x_rcc.o(.text)
    RCC_GetITStatus                          0x08001527   Thumb Code    20  stm32f10x_rcc.o(.text)
    RCC_ClearITPendingBit                    0x0800153b   Thumb Code     6  stm32f10x_rcc.o(.text)
    USART_DeInit                             0x0800156d   Thumb Code   134  stm32f10x_usart.o(.text)
    USART_Init                               0x080015f3   Thumb Code   210  stm32f10x_usart.o(.text)
    USART_StructInit                         0x080016c5   Thumb Code    24  stm32f10x_usart.o(.text)
    USART_ClockInit                          0x080016dd   Thumb Code    34  stm32f10x_usart.o(.text)
    USART_ClockStructInit                    0x080016ff   Thumb Code    12  stm32f10x_usart.o(.text)
    USART_Cmd                                0x0800170b   Thumb Code    24  stm32f10x_usart.o(.text)
    USART_ITConfig                           0x08001723   Thumb Code    74  stm32f10x_usart.o(.text)
    USART_DMACmd                             0x0800176d   Thumb Code    18  stm32f10x_usart.o(.text)
    USART_SetAddress                         0x0800177f   Thumb Code    18  stm32f10x_usart.o(.text)
    USART_WakeUpConfig                       0x08001791   Thumb Code    18  stm32f10x_usart.o(.text)
    USART_ReceiverWakeUpCmd                  0x080017a3   Thumb Code    24  stm32f10x_usart.o(.text)
    USART_LINBreakDetectLengthConfig         0x080017bb   Thumb Code    18  stm32f10x_usart.o(.text)
    USART_LINCmd                             0x080017cd   Thumb Code    24  stm32f10x_usart.o(.text)
    USART_SendData                           0x080017e5   Thumb Code     8  stm32f10x_usart.o(.text)
    USART_ReceiveData                        0x080017ed   Thumb Code    10  stm32f10x_usart.o(.text)
    USART_SendBreak                          0x080017f7   Thumb Code    10  stm32f10x_usart.o(.text)
    USART_SetGuardTime                       0x08001801   Thumb Code    16  stm32f10x_usart.o(.text)
    USART_SetPrescaler                       0x08001811   Thumb Code    16  stm32f10x_usart.o(.text)
    USART_SmartCardCmd                       0x08001821   Thumb Code    24  stm32f10x_usart.o(.text)
    USART_SmartCardNACKCmd                   0x08001839   Thumb Code    24  stm32f10x_usart.o(.text)
    USART_HalfDuplexCmd                      0x08001851   Thumb Code    24  stm32f10x_usart.o(.text)
    USART_OverSampling8Cmd                   0x08001869   Thumb Code    22  stm32f10x_usart.o(.text)
    USART_OneBitMethodCmd                    0x0800187f   Thumb Code    24  stm32f10x_usart.o(.text)
    USART_IrDAConfig                         0x08001897   Thumb Code    18  stm32f10x_usart.o(.text)
    USART_IrDACmd                            0x080018a9   Thumb Code    24  stm32f10x_usart.o(.text)
    USART_GetFlagStatus                      0x080018c1   Thumb Code    26  stm32f10x_usart.o(.text)
    USART_ClearFlag                          0x080018db   Thumb Code    18  stm32f10x_usart.o(.text)
    USART_GetITStatus                        0x080018ed   Thumb Code    84  stm32f10x_usart.o(.text)
    USART_ClearITPendingBit                  0x08001941   Thumb Code    52  stm32f10x_usart.o(.text)
    NVIC_PriorityGroupConfig                 0x08001975   Thumb Code    10  misc.o(.text)
    NVIC_Init                                0x0800197f   Thumb Code   102  misc.o(.text)
    NVIC_SetVectorTable                      0x080019e5   Thumb Code    14  misc.o(.text)
    NVIC_SystemLPConfig                      0x080019f3   Thumb Code    34  misc.o(.text)
    SysTick_CLKSourceConfig                  0x08001a15   Thumb Code    40  misc.o(.text)
    TIM_DeInit                               0x08001a51   Thumb Code   424  stm32f10x_tim.o(.text)
    TIM_TimeBaseInit                         0x08001bf9   Thumb Code   122  stm32f10x_tim.o(.text)
    TIM_OC1Init                              0x08001c73   Thumb Code   132  stm32f10x_tim.o(.text)
    TIM_OC2Init                              0x08001cf7   Thumb Code   154  stm32f10x_tim.o(.text)
    TIM_OC3Init                              0x08001d91   Thumb Code   150  stm32f10x_tim.o(.text)
    TIM_OC4Init                              0x08001e27   Thumb Code   182  stm32f10x_tim.o(.text)
    TIM_SetIC4Prescaler                      0x08001edd   Thumb Code    26  stm32f10x_tim.o(.text)
    TIM_SetIC3Prescaler                      0x08001f79   Thumb Code    18  stm32f10x_tim.o(.text)
    TIM_SetIC2Prescaler                      0x08002005   Thumb Code    26  stm32f10x_tim.o(.text)
    TIM_SetIC1Prescaler                      0x080020a1   Thumb Code    18  stm32f10x_tim.o(.text)
    TIM_ICInit                               0x0800211f   Thumb Code   150  stm32f10x_tim.o(.text)
    TIM_PWMIConfig                           0x080021b5   Thumb Code   124  stm32f10x_tim.o(.text)
    TIM_BDTRConfig                           0x08002231   Thumb Code    32  stm32f10x_tim.o(.text)
    TIM_TimeBaseStructInit                   0x08002251   Thumb Code    18  stm32f10x_tim.o(.text)
    TIM_OCStructInit                         0x08002263   Thumb Code    20  stm32f10x_tim.o(.text)
    TIM_ICStructInit                         0x08002277   Thumb Code    18  stm32f10x_tim.o(.text)
    TIM_BDTRStructInit                       0x08002289   Thumb Code    40  stm32f10x_tim.o(.text)
    TIM_Cmd                                  0x080022b1   Thumb Code    24  stm32f10x_tim.o(.text)
    TIM_CtrlPWMOutputs                       0x080022c9   Thumb Code    30  stm32f10x_tim.o(.text)
    TIM_ITConfig                             0x080022e7   Thumb Code    18  stm32f10x_tim.o(.text)
    TIM_GenerateEvent                        0x080022f9   Thumb Code     4  stm32f10x_tim.o(.text)
    TIM_DMAConfig                            0x080022fd   Thumb Code    10  stm32f10x_tim.o(.text)
    TIM_DMACmd                               0x08002307   Thumb Code    18  stm32f10x_tim.o(.text)
    TIM_InternalClockConfig                  0x08002319   Thumb Code    12  stm32f10x_tim.o(.text)
    TIM_SelectInputTrigger                   0x08002325   Thumb Code    18  stm32f10x_tim.o(.text)
    TIM_ITRxExternalClockConfig              0x08002337   Thumb Code    24  stm32f10x_tim.o(.text)
    TIM_TIxExternalClockConfig               0x0800234f   Thumb Code    62  stm32f10x_tim.o(.text)
    TIM_ETRConfig                            0x0800238d   Thumb Code    28  stm32f10x_tim.o(.text)
    TIM_ETRClockMode1Config                  0x080023a9   Thumb Code    54  stm32f10x_tim.o(.text)
    TIM_ETRClockMode2Config                  0x080023df   Thumb Code    32  stm32f10x_tim.o(.text)
    TIM_PrescalerConfig                      0x080023ff   Thumb Code     6  stm32f10x_tim.o(.text)
    TIM_CounterModeConfig                    0x08002405   Thumb Code    18  stm32f10x_tim.o(.text)
    TIM_EncoderInterfaceConfig               0x08002417   Thumb Code    66  stm32f10x_tim.o(.text)
    TIM_ForcedOC1Config                      0x08002459   Thumb Code    18  stm32f10x_tim.o(.text)
    TIM_ForcedOC2Config                      0x0800246b   Thumb Code    26  stm32f10x_tim.o(.text)
    TIM_ForcedOC3Config                      0x08002485   Thumb Code    18  stm32f10x_tim.o(.text)
    TIM_ForcedOC4Config                      0x08002497   Thumb Code    26  stm32f10x_tim.o(.text)
    TIM_ARRPreloadConfig                     0x080024b1   Thumb Code    24  stm32f10x_tim.o(.text)
    TIM_SelectCOM                            0x080024c9   Thumb Code    24  stm32f10x_tim.o(.text)
    TIM_SelectCCDMA                          0x080024e1   Thumb Code    24  stm32f10x_tim.o(.text)
    TIM_CCPreloadControl                     0x080024f9   Thumb Code    24  stm32f10x_tim.o(.text)
    TIM_OC1PreloadConfig                     0x08002511   Thumb Code    18  stm32f10x_tim.o(.text)
    TIM_OC2PreloadConfig                     0x08002523   Thumb Code    26  stm32f10x_tim.o(.text)
    TIM_OC3PreloadConfig                     0x0800253d   Thumb Code    18  stm32f10x_tim.o(.text)
    TIM_OC4PreloadConfig                     0x0800254f   Thumb Code    26  stm32f10x_tim.o(.text)
    TIM_OC1FastConfig                        0x08002569   Thumb Code    18  stm32f10x_tim.o(.text)
    TIM_OC2FastConfig                        0x0800257b   Thumb Code    26  stm32f10x_tim.o(.text)
    TIM_OC3FastConfig                        0x08002595   Thumb Code    18  stm32f10x_tim.o(.text)
    TIM_OC4FastConfig                        0x080025a7   Thumb Code    26  stm32f10x_tim.o(.text)
    TIM_ClearOC1Ref                          0x080025c1   Thumb Code    18  stm32f10x_tim.o(.text)
    TIM_ClearOC2Ref                          0x080025d3   Thumb Code    24  stm32f10x_tim.o(.text)
    TIM_ClearOC3Ref                          0x080025eb   Thumb Code    18  stm32f10x_tim.o(.text)
    TIM_ClearOC4Ref                          0x080025fd   Thumb Code    24  stm32f10x_tim.o(.text)
    TIM_OC1PolarityConfig                    0x08002615   Thumb Code    18  stm32f10x_tim.o(.text)
    TIM_OC1NPolarityConfig                   0x08002627   Thumb Code    18  stm32f10x_tim.o(.text)
    TIM_OC2PolarityConfig                    0x08002639   Thumb Code    26  stm32f10x_tim.o(.text)
    TIM_OC2NPolarityConfig                   0x08002653   Thumb Code    26  stm32f10x_tim.o(.text)
    TIM_OC3PolarityConfig                    0x0800266d   Thumb Code    26  stm32f10x_tim.o(.text)
    TIM_OC3NPolarityConfig                   0x08002687   Thumb Code    26  stm32f10x_tim.o(.text)
    TIM_OC4PolarityConfig                    0x080026a1   Thumb Code    26  stm32f10x_tim.o(.text)
    TIM_CCxCmd                               0x080026bb   Thumb Code    30  stm32f10x_tim.o(.text)
    TIM_CCxNCmd                              0x080026d9   Thumb Code    30  stm32f10x_tim.o(.text)
    TIM_SelectOCxM                           0x080026f7   Thumb Code    82  stm32f10x_tim.o(.text)
    TIM_UpdateDisableConfig                  0x08002749   Thumb Code    24  stm32f10x_tim.o(.text)
    TIM_UpdateRequestConfig                  0x08002761   Thumb Code    24  stm32f10x_tim.o(.text)
    TIM_SelectHallSensor                     0x08002779   Thumb Code    24  stm32f10x_tim.o(.text)
    TIM_SelectOnePulseMode                   0x08002791   Thumb Code    18  stm32f10x_tim.o(.text)
    TIM_SelectOutputTrigger                  0x080027a3   Thumb Code    18  stm32f10x_tim.o(.text)
    TIM_SelectSlaveMode                      0x080027b5   Thumb Code    18  stm32f10x_tim.o(.text)
    TIM_SelectMasterSlaveMode                0x080027c7   Thumb Code    18  stm32f10x_tim.o(.text)
    TIM_SetCounter                           0x080027d9   Thumb Code     4  stm32f10x_tim.o(.text)
    TIM_SetAutoreload                        0x080027dd   Thumb Code     4  stm32f10x_tim.o(.text)
    TIM_SetCompare1                          0x080027e1   Thumb Code     4  stm32f10x_tim.o(.text)
    TIM_SetCompare2                          0x080027e5   Thumb Code     4  stm32f10x_tim.o(.text)
    TIM_SetCompare3                          0x080027e9   Thumb Code     4  stm32f10x_tim.o(.text)
    TIM_SetCompare4                          0x080027ed   Thumb Code     6  stm32f10x_tim.o(.text)
    TIM_SetClockDivision                     0x080027f3   Thumb Code    18  stm32f10x_tim.o(.text)
    TIM_GetCapture1                          0x08002805   Thumb Code     6  stm32f10x_tim.o(.text)
    TIM_GetCapture2                          0x0800280b   Thumb Code     6  stm32f10x_tim.o(.text)
    TIM_GetCapture3                          0x08002811   Thumb Code     6  stm32f10x_tim.o(.text)
    TIM_GetCapture4                          0x08002817   Thumb Code     8  stm32f10x_tim.o(.text)
    TIM_GetCounter                           0x0800281f   Thumb Code     6  stm32f10x_tim.o(.text)
    TIM_GetPrescaler                         0x08002825   Thumb Code     6  stm32f10x_tim.o(.text)
    TIM_GetFlagStatus                        0x0800282b   Thumb Code    18  stm32f10x_tim.o(.text)
    TIM_ClearFlag                            0x0800283d   Thumb Code     6  stm32f10x_tim.o(.text)
    TIM_GetITStatus                          0x08002843   Thumb Code    34  stm32f10x_tim.o(.text)
    TIM_ClearITPendingBit                    0x08002865   Thumb Code     6  stm32f10x_tim.o(.text)
    ADC_DeInit                               0x0800286d   Thumb Code    78  stm32f10x_adc.o(.text)
    ADC_Init                                 0x080028bb   Thumb Code    70  stm32f10x_adc.o(.text)
    ADC_StructInit                           0x08002901   Thumb Code    18  stm32f10x_adc.o(.text)
    ADC_Cmd                                  0x08002913   Thumb Code    22  stm32f10x_adc.o(.text)
    ADC_DMACmd                               0x08002929   Thumb Code    22  stm32f10x_adc.o(.text)
    ADC_ITConfig                             0x0800293f   Thumb Code    24  stm32f10x_adc.o(.text)
    ADC_ResetCalibration                     0x08002957   Thumb Code    10  stm32f10x_adc.o(.text)
    ADC_GetResetCalibrationStatus            0x08002961   Thumb Code    20  stm32f10x_adc.o(.text)
    ADC_StartCalibration                     0x08002975   Thumb Code    10  stm32f10x_adc.o(.text)
    ADC_GetCalibrationStatus                 0x0800297f   Thumb Code    20  stm32f10x_adc.o(.text)
    ADC_SoftwareStartConvCmd                 0x08002993   Thumb Code    22  stm32f10x_adc.o(.text)
    ADC_GetSoftwareStartConvStatus           0x080029a9   Thumb Code    20  stm32f10x_adc.o(.text)
    ADC_DiscModeChannelCountConfig           0x080029bd   Thumb Code    24  stm32f10x_adc.o(.text)
    ADC_DiscModeCmd                          0x080029d5   Thumb Code    22  stm32f10x_adc.o(.text)
    ADC_RegularChannelConfig                 0x080029eb   Thumb Code   184  stm32f10x_adc.o(.text)
    ADC_ExternalTrigConvCmd                  0x08002aa3   Thumb Code    22  stm32f10x_adc.o(.text)
    ADC_GetConversionValue                   0x08002ab9   Thumb Code     8  stm32f10x_adc.o(.text)
    ADC_GetDualModeConversionValue           0x08002ac1   Thumb Code     8  stm32f10x_adc.o(.text)
    ADC_AutoInjectedConvCmd                  0x08002ac9   Thumb Code    22  stm32f10x_adc.o(.text)
    ADC_InjectedDiscModeCmd                  0x08002adf   Thumb Code    22  stm32f10x_adc.o(.text)
    ADC_ExternalTrigInjectedConvConfig       0x08002af5   Thumb Code    16  stm32f10x_adc.o(.text)
    ADC_ExternalTrigInjectedConvCmd          0x08002b05   Thumb Code    22  stm32f10x_adc.o(.text)
    ADC_SoftwareStartInjectedConvCmd         0x08002b1b   Thumb Code    22  stm32f10x_adc.o(.text)
    ADC_GetSoftwareStartInjectedConvCmdStatus 0x08002b31   Thumb Code    20  stm32f10x_adc.o(.text)
    ADC_InjectedChannelConfig                0x08002b45   Thumb Code   130  stm32f10x_adc.o(.text)
    ADC_InjectedSequencerLengthConfig        0x08002bc7   Thumb Code    24  stm32f10x_adc.o(.text)
    ADC_SetInjectedOffset                    0x08002bdf   Thumb Code    20  stm32f10x_adc.o(.text)
    ADC_GetInjectedConversionValue           0x08002bf3   Thumb Code    28  stm32f10x_adc.o(.text)
    ADC_AnalogWatchdogCmd                    0x08002c0f   Thumb Code    16  stm32f10x_adc.o(.text)
    ADC_AnalogWatchdogThresholdsConfig       0x08002c1f   Thumb Code     6  stm32f10x_adc.o(.text)
    ADC_AnalogWatchdogSingleChannelConfig    0x08002c25   Thumb Code    16  stm32f10x_adc.o(.text)
    ADC_TempSensorVrefintCmd                 0x08002c35   Thumb Code    64  stm32f10x_adc.o(.text)
    ADC_GetFlagStatus                        0x08002c75   Thumb Code    18  stm32f10x_adc.o(.text)
    ADC_ClearFlag                            0x08002c87   Thumb Code     6  stm32f10x_adc.o(.text)
    ADC_GetITStatus                          0x08002c8d   Thumb Code    36  stm32f10x_adc.o(.text)
    ADC_ClearITPendingBit                    0x08002cb1   Thumb Code    10  stm32f10x_adc.o(.text)
    DMA_DeInit                               0x08002cbd   Thumb Code   324  stm32f10x_dma.o(.text)
    DMA_Init                                 0x08002e01   Thumb Code    60  stm32f10x_dma.o(.text)
    DMA_StructInit                           0x08002e3d   Thumb Code    26  stm32f10x_dma.o(.text)
    DMA_Cmd                                  0x08002e57   Thumb Code    24  stm32f10x_dma.o(.text)
    DMA_ITConfig                             0x08002e6f   Thumb Code    18  stm32f10x_dma.o(.text)
    DMA_SetCurrDataCounter                   0x08002e81   Thumb Code     4  stm32f10x_dma.o(.text)
    DMA_GetCurrDataCounter                   0x08002e85   Thumb Code     8  stm32f10x_dma.o(.text)
    DMA_GetFlagStatus                        0x08002e8d   Thumb Code    38  stm32f10x_dma.o(.text)
    DMA_ClearFlag                            0x08002eb3   Thumb Code    22  stm32f10x_dma.o(.text)
    DMA_GetITStatus                          0x08002ec9   Thumb Code    38  stm32f10x_dma.o(.text)
    DMA_ClearITPendingBit                    0x08002eef   Thumb Code    22  stm32f10x_dma.o(.text)
    usmart_sys_cmd_exe                       0x08002f0d   Thumb Code  1554  usmart.o(.text)
    usmart_reset_runtime                     0x0800351f   Thumb Code    38  usmart.o(.text)
    usmart_get_runtime                       0x08003545   Thumb Code    56  usmart.o(.text)
    TIM4_IRQHandler                          0x0800357d   Thumb Code    50  usmart.o(.text)
    Timer4_Init                              0x080035af   Thumb Code    94  usmart.o(.text)
    usmart_init                              0x0800360d   Thumb Code    36  usmart.o(.text)
    usmart_cmd_rec                           0x08003631   Thumb Code   170  usmart.o(.text)
    usmart_exe                               0x080036db   Thumb Code   674  usmart.o(.text)
    usmart_scan                              0x0800397d   Thumb Code   120  usmart.o(.text)
    read_addr                                0x080039f5   Thumb Code     6  usmart.o(.text)
    write_addr                               0x080039fb   Thumb Code     4  usmart.o(.text)
    usmart_strcmp                            0x08003a65   Thumb Code    34  usmart_str.o(.text)
    usmart_strcopy                           0x08003a87   Thumb Code    22  usmart_str.o(.text)
    usmart_strlen                            0x08003a9d   Thumb Code    24  usmart_str.o(.text)
    usmart_pow                               0x08003ab5   Thumb Code    22  usmart_str.o(.text)
    usmart_str2num                           0x08003acb   Thumb Code   202  usmart_str.o(.text)
    usmart_get_cmdname                       0x08003b95   Thumb Code    54  usmart_str.o(.text)
    usmart_search_nextc                      0x08003bcb   Thumb Code    22  usmart_str.o(.text)
    usmart_get_fname                         0x08003be1   Thumb Code   440  usmart_str.o(.text)
    usmart_get_aparm                         0x08003d99   Thumb Code   200  usmart_str.o(.text)
    usmart_get_parmpos                       0x08003e61   Thumb Code    26  usmart_str.o(.text)
    usmart_get_fparam                        0x08003e7b   Thumb Code   262  usmart_str.o(.text)
    mymemcpy                                 0x08003f8d   Thumb Code    26  malloc.o(.text)
    mymemset                                 0x08003fa7   Thumb Code    20  malloc.o(.text)
    mem_init                                 0x08003fbb   Thumb Code    54  malloc.o(.text)
    mem_perused                              0x08003ff1   Thumb Code    54  malloc.o(.text)
    mem_malloc                               0x08004027   Thumb Code   162  malloc.o(.text)
    mem_free                                 0x080040c9   Thumb Code    94  malloc.o(.text)
    myfree                                   0x08004127   Thumb Code    32  malloc.o(.text)
    mymalloc                                 0x08004147   Thumb Code    34  malloc.o(.text)
    myrealloc                                0x08004169   Thumb Code    66  malloc.o(.text)
    collection_data                          0x080041fd   Thumb Code    60  fricker.o(.text)
    Flicker_init                             0x08004239   Thumb Code    22  fricker.o(.text)
    RMS_percent                              0x0800424f   Thumb Code   238  fricker.o(.text)
    get_jeita_db                             0x0800433d   Thumb Code   366  fricker.o(.text)
    clear_samplingdata                       0x080044ab   Thumb Code     8  fricker.o(.text)
    FlickerMeter                             0x080044b3   Thumb Code    36  fricker.o(.text)
    SDA_OUT                                  0x08004519   Thumb Code    24  myiic.o(.text)
    IIC_Buscheck                             0x08004531   Thumb Code   112  myiic.o(.text)
    IIC_Stop                                 0x080045a1   Thumb Code    62  myiic.o(.text)
    IIC_Send_Byte                            0x080045df   Thumb Code    80  myiic.o(.text)
    IIC_Init                                 0x0800462f   Thumb Code    62  myiic.o(.text)
    SDA_IN                                   0x0800466d   Thumb Code    24  myiic.o(.text)
    IIC_Start                                0x08004685   Thumb Code    54  myiic.o(.text)
    IIC_Scl                                  0x080046bb   Thumb Code    30  myiic.o(.text)
    IIC_Wait_Ack                             0x080046d9   Thumb Code    68  myiic.o(.text)
    IIC_Sda                                  0x0800471d   Thumb Code    32  myiic.o(.text)
    i2c1_write_u8                            0x0800473d   Thumb Code    84  myiic.o(.text)
    i2c1_start                               0x08004791   Thumb Code    26  myiic.o(.text)
    IIC_NAck                                 0x080047ab   Thumb Code    40  myiic.o(.text)
    IIC_Ack                                  0x080047d3   Thumb Code    50  myiic.o(.text)
    i2c1_init                                0x08004805   Thumb Code     8  myiic.o(.text)
    IIC_Read_Byte                            0x0800480d   Thumb Code    74  myiic.o(.text)
    IIC_Read_Byte_no_ack                     0x08004857   Thumb Code    84  myiic.o(.text)
    i2c1_stop                                0x080048ab   Thumb Code    52  myiic.o(.text)
    i2c1_start_repeat                        0x080048df   Thumb Code    12  myiic.o(.text)
    iic_read_byte                            0x080048eb   Thumb Code   196  myiic.o(.text)
    i2c1_read_u8                             0x080049af   Thumb Code   112  myiic.o(.text)
    i2c1_read_data                           0x08004a1f   Thumb Code    58  myiic.o(.text)
    i2c1_Detect                              0x08004a59   Thumb Code    58  myiic.o(.text)
    i2c_tx_bit                               0x08004b09   Thumb Code    76  i2c1_bitbang.o(.text)
    i2c_rx_bit                               0x08004b55   Thumb Code    50  i2c1_bitbang.o(.text)
    i2c11__anti_death                        0x08004b87   Thumb Code    46  i2c1_bitbang.o(.text)
    i2c11__init                              0x08004bb5   Thumb Code    72  i2c1_bitbang.o(.text)
    i2c11__start                             0x08004bfd   Thumb Code    70  i2c1_bitbang.o(.text)
    i2c11__send_start                        0x08004c43   Thumb Code    64  i2c1_bitbang.o(.text)
    i2c11__start_repeat                      0x08004c83   Thumb Code    34  i2c1_bitbang.o(.text)
    i2c11__stop                              0x08004ca5   Thumb Code    64  i2c1_bitbang.o(.text)
    i2c11__write_u8                          0x08004ce5   Thumb Code    70  i2c1_bitbang.o(.text)
    i2c11__read_u8                           0x08004d2b   Thumb Code    58  i2c1_bitbang.o(.text)
    i2c11__write_data                        0x08004d65   Thumb Code    34  i2c1_bitbang.o(.text)
    i2c11__read_data                         0x08004d87   Thumb Code    58  i2c1_bitbang.o(.text)
    TL35825_Write                            0x08004dc9   Thumb Code    58  lt35825.o(.text)
    TL35825_Read                             0x08004e03   Thumb Code    58  lt35825.o(.text)
    Set_Voutp                                0x08004e3d   Thumb Code   218  lt35825.o(.text)
    Set_Voutn                                0x08004f17   Thumb Code   170  lt35825.o(.text)
    Voutp_Upfirst                            0x08004fc1   Thumb Code    56  lt35825.o(.text)
    Voutn_Upfirst                            0x08004ff9   Thumb Code    40  lt35825.o(.text)
    TL35825_reset                            0x08005021   Thumb Code    12  lt35825.o(.text)
    TL35825_init                             0x0800502d   Thumb Code    22  lt35825.o(.text)
    Voutn_UpBoth                             0x08005043   Thumb Code    40  lt35825.o(.text)
    Vout_Off                                 0x0800506b   Thumb Code    38  lt35825.o(.text)
    act8846_i2c_write                        0x08005119   Thumb Code    80  act8846.o(.text)
    act8846_i2c_read                         0x08005169   Thumb Code   100  act8846.o(.text)
    act8846_set_bits                         0x080051cd   Thumb Code    60  act8846.o(.text)
    act8846_ldo_set_voltage                  0x08005209   Thumb Code   100  act8846.o(.text)
    act8846_dcdc_set_voltage                 0x0800526d   Thumb Code   128  act8846.o(.text)
    act8846_ldo_disable                      0x080052ed   Thumb Code    22  act8846.o(.text)
    act8846_dcdc_disable                     0x08005303   Thumb Code    22  act8846.o(.text)
    act8846_init                             0x08005319   Thumb Code  1434  act8846.o(.text)
    act8846_ldo_enable                       0x080058b3   Thumb Code    22  act8846.o(.text)
    act8846_dcdc_enable                      0x080058c9   Thumb Code    22  act8846.o(.text)
    act8846_on                               0x080058df   Thumb Code    84  act8846.o(.text)
    act8846_off                              0x08005933   Thumb Code    84  act8846.o(.text)
    act8846_Read                             0x08005987   Thumb Code    58  act8846.o(.text)
    act8846_Write                            0x080059c1   Thumb Code    58  act8846.o(.text)
    act8846_ldo_is_enabled                   0x080059fb   Thumb Code    54  act8846.o(.text)
    act8846_ldo_get_voltage                  0x08005a31   Thumb Code    64  act8846.o(.text)
    act8846_ldo_get_mode                     0x08005a71   Thumb Code    62  act8846.o(.text)
    act8846_ldo_set_mode                     0x08005aaf   Thumb Code    62  act8846.o(.text)
    act8846_dcdc_is_enabled                  0x08005aed   Thumb Code    64  act8846.o(.text)
    act8846_dcdc_get_voltage                 0x08005b2d   Thumb Code    64  act8846.o(.text)
    act8846_dcdc_set_sleep_voltage           0x08005b6d   Thumb Code   112  act8846.o(.text)
    act8846_dcdc_get_mode                    0x08005bdd   Thumb Code    62  act8846.o(.text)
    act8846_dcdc_set_mode                    0x08005c1b   Thumb Code    64  act8846.o(.text)
    act8846_device_shutdown                  0x08005c5b   Thumb Code   254  act8846.o(.text)
    poweron                                  0x08005d59   Thumb Code     2  act8846.o(.text)
    updateVled                               0x08005d5b   Thumb Code     2  act8846.o(.text)
    poweroff                                 0x08005d5d   Thumb Code     2  act8846.o(.text)
    PMU_GPIO_Config                          0x08005d61   Thumb Code   132  gpio_config.o(.text)
    VSP_VSN_GPIO_Config                      0x08005de5   Thumb Code    92  gpio_config.o(.text)
    OTP_GPIO_Config                          0x08005e41   Thumb Code    50  gpio_config.o(.text)
    BL_GPIO_Config                           0x08005e73   Thumb Code   156  gpio_config.o(.text)
    VA_Err_GPIO_Config                       0x08005f0f   Thumb Code    46  gpio_config.o(.text)
    Usr_Led_GPIO_Config                      0x08005f3d   Thumb Code    46  gpio_config.o(.text)
    TPS22993_GPIO_Config                     0x08005f6b   Thumb Code    58  gpio_config.o(.text)
    RELAY_UA_GPIO_Config                     0x08005fa5   Thumb Code    46  gpio_config.o(.text)
    System_GPIO_Config                       0x08005fd3   Thumb Code    52  gpio_config.o(.text)
    Set_PMU_RST_IO                           0x08006007   Thumb Code     6  gpio_config.o(.text)
    Set_PMU_PWREN_IO                         0x0800600d   Thumb Code     6  gpio_config.o(.text)
    ACT8846_DCDC_Switch                      0x08006013   Thumb Code    24  gpio_config.o(.text)
    ACT8846_LDO_Switch                       0x0800602b   Thumb Code    24  gpio_config.o(.text)
    TPS22993_Sel_Dev                         0x080060bf   Thumb Code    18  tps22993.o(.text)
    TPS22993_Set_Mode                        0x080060d1   Thumb Code    72  tps22993.o(.text)
    TPS22993_On                              0x08006119   Thumb Code   106  tps22993.o(.text)
    TPS22993_Off                             0x08006183   Thumb Code   106  tps22993.o(.text)
    TPS22993_Set_Fun                         0x080061ed   Thumb Code    42  tps22993.o(.text)
    TPS22993_Init                            0x08006217   Thumb Code   190  tps22993.o(.text)
    TPS22993_Set_All_Mode                    0x080062d5   Thumb Code   154  tps22993.o(.text)
    LM36923_I2c_write                        0x08006381   Thumb Code    86  lm36923.o(.text)
    TL36923_Read                             0x0800644b   Thumb Code    74  lm36923.o(.text)
    LM36923_Set_Mode                         0x08006495   Thumb Code    28  lm36923.o(.text)
    LM36923_Reset                            0x080064b1   Thumb Code    38  lm36923.o(.text)
    Setbit1                                  0x080064d7   Thumb Code    14  lm36923.o(.text)
    Clearbit1                                0x080064e5   Thumb Code    16  lm36923.o(.text)
    LM36923_On                               0x080064f5   Thumb Code    34  lm36923.o(.text)
    LM36923_Off                              0x08006517   Thumb Code    46  lm36923.o(.text)
    LM36923_AllOn                            0x08006545   Thumb Code    12  lm36923.o(.text)
    LM36923_AllOff                           0x08006551   Thumb Code    12  lm36923.o(.text)
    LM36923_Set_Current                      0x0800655d   Thumb Code    26  lm36923.o(.text)
    LM36923_Init                             0x08006577   Thumb Code   210  lm36923.o(.text)
    tps65132_i2c_write                       0x080066c1   Thumb Code   120  tps65132.o(.text)
    tps65132_i2c_read                        0x08006739   Thumb Code   180  tps65132.o(.text)
    tps65132_set_voltage                     0x080067ed   Thumb Code   130  tps65132.o(.text)
    tps65132_set_mode                        0x0800686f   Thumb Code    60  tps65132.o(.text)
    Tps65132_Init                            0x080068ab   Thumb Code    36  tps65132.o(.text)
    ad715_i2c_write                          0x080069d9   Thumb Code    60  ad715.o(.text)
    Tps65651_test                            0x08006a15   Thumb Code    22  ad715.o(.text)
    ad715_Init                               0x08006a2b   Thumb Code    10  ad715.o(.text)
    INA226_selectDevice                      0x08006a3d   Thumb Code    34  ina226.o(.text)
    INA226_writeRegister16                   0x08006a5f   Thumb Code   142  ina226.o(.text)
    INA226_readRegister16                    0x08006aed   Thumb Code   186  ina226.o(.text)
    INA226_configure                         0x08006ba7   Thumb Code    64  ina226.o(.text)
    INA226_calibrate                         0x08006be7   Thumb Code   114  ina226.o(.text)
    INA226_getMaxPossibleCurrent             0x08006c59   Thumb Code    16  ina226.o(.text)
    INA226_getMaxCurrent                     0x08006c69   Thumb Code    52  ina226.o(.text)
    INA226_getMaxShuntVoltage                0x08006c9d   Thumb Code    42  ina226.o(.text)
    INA226_getMaxPower                       0x08006cc7   Thumb Code    20  ina226.o(.text)
    INA226_readBusPower                      0x08006cdb   Thumb Code    60  ina226.o(.text)
    INA226_readShuntCurrent                  0x08006d17   Thumb Code    60  ina226.o(.text)
    INA226_readShuntVoltage                  0x08006d53   Thumb Code    60  ina226.o(.text)
    INA226_readBusVoltage                    0x08006d8f   Thumb Code    60  ina226.o(.text)
    INA226_getAverages                       0x08006dcb   Thumb Code    36  ina226.o(.text)
    INA226_getBusConversionTime              0x08006def   Thumb Code    36  ina226.o(.text)
    INA226_getShuntConversionTime            0x08006e13   Thumb Code   562  ina226.o(.text)
    INA226_getMode                           0x08007045   Thumb Code    28  ina226.o(.text)
    INA226_setMaskEnable                     0x08007061   Thumb Code    14  ina226.o(.text)
    INA226_getMaskEnable                     0x0800706f   Thumb Code    18  ina226.o(.text)
    INA226_enableShuntOverLimitAlert         0x08007081   Thumb Code    14  ina226.o(.text)
    INA226_enableShuntUnderLimitAlert        0x0800708f   Thumb Code    14  ina226.o(.text)
    INA226_enableBusOvertLimitAlert          0x0800709d   Thumb Code    14  ina226.o(.text)
    INA226_enableBusUnderLimitAlert          0x080070ab   Thumb Code    14  ina226.o(.text)
    INA226_enableOverPowerLimitAlert         0x080070b9   Thumb Code    14  ina226.o(.text)
    INA226_enableConversionReadyAlert        0x080070c7   Thumb Code    14  ina226.o(.text)
    INA226_setBusVoltageLimit                0x080070d5   Thumb Code    44  ina226.o(.text)
    INA226_setShuntVoltageLimit              0x08007101   Thumb Code    30  ina226.o(.text)
    INA226_setPowerLimit                     0x0800711f   Thumb Code    46  ina226.o(.text)
    INA226_setAlertInvertedPolarity          0x0800714d   Thumb Code    30  ina226.o(.text)
    INA226_setAlertLatch                     0x0800716b   Thumb Code    30  ina226.o(.text)
    INA226_isMathOverflow                    0x08007189   Thumb Code    12  ina226.o(.text)
    INA226_isAlert                           0x08007195   Thumb Code    12  ina226.o(.text)
    INA226_Volt                              0x080071b1   Thumb Code    88  voltcurrentproc.o(.text)
    Current_Volt                             0x08007209   Thumb Code   124  voltcurrentproc.o(.text)
    LED_Init                                 0x080072b1   Thumb Code    46  parm.o(.text)
    Get_Volt_Val                             0x080072df   Thumb Code    10  parm.o(.text)
    USARTxPinConfiguration                   0x080072f1   Thumb Code    96  uart.o(.text)
    USARTx_DMA_Rx_init                       0x08007351   Thumb Code   138  uart.o(.text)
    USARTx_DMA_Tx_init                       0x080073db   Thumb Code   124  uart.o(.text)
    USARTx_Rx_Init_FIFO                      0x08007457   Thumb Code   108  uart.o(.text)
    USARTx_Rx_Get_FIFO_Status                0x080074c3   Thumb Code    74  uart.o(.text)
    USARTx_Rx_Read_FIFO                      0x0800750d   Thumb Code   128  uart.o(.text)
    USARTx_Configuration                     0x0800758d   Thumb Code   266  uart.o(.text)
    Get_Usartx_Config_Sts                    0x08007697   Thumb Code    16  uart.o(.text)
    WriteUart                                0x080076a7   Thumb Code   192  uart.o(.text)
    ReadUart                                 0x08007767   Thumb Code   102  uart.o(.text)
    USARTxSendUpdata                         0x080077cd   Thumb Code   190  uart.o(.text)
    InitUart                                 0x0800788b   Thumb Code    50  uart.o(.text)
    USARTx_Timer_Proc                        0x080078bd   Thumb Code    58  uart.o(.text)
    USARTx_Test                              0x080078f7   Thumb Code    38  uart.o(.text)
    InitUartRxCycQue                         0x0800793d   Thumb Code    26  uartque.o(.text)
    ClearUartRxCycQue                        0x08007957   Thumb Code    30  uartque.o(.text)
    WriteUartRxCycQue                        0x08007975   Thumb Code    98  uartque.o(.text)
    ReadUartRxCycQue                         0x080079d7   Thumb Code    90  uartque.o(.text)
    CountUartRxCycQue                        0x08007a31   Thumb Code    20  uartque.o(.text)
    InitUartTxCycQue                         0x08007a45   Thumb Code    26  uartque.o(.text)
    ClearUartTxCycQue                        0x08007a5f   Thumb Code    30  uartque.o(.text)
    WriteUartTxCycQue                        0x08007a7d   Thumb Code    98  uartque.o(.text)
    ReadUartTxCycQue                         0x08007adf   Thumb Code    90  uartque.o(.text)
    CountUartTxCycQue                        0x08007b39   Thumb Code    20  uartque.o(.text)
    arm_cmplx_mag_q31                        0x08007b65   Thumb Code   186  arm_cmplx_mag_q31.o(.text)
    arm_cfft_radix2_init_q31                 0x08007c21   Thumb Code   172  arm_cfft_radix2_init_q31.o(.text)
    arm_radix2_butterfly_q31                 0x08007cf5   Thumb Code   672  arm_cfft_radix2_q31.o(.text)
    arm_radix2_butterfly_inverse_q31         0x08007f95   Thumb Code   542  arm_cfft_radix2_q31.o(.text)
    arm_cfft_radix2_q31                      0x080081b3   Thumb Code    46  arm_cfft_radix2_q31.o(.text)
    arm_sqrt_q31                             0x080081e1   Thumb Code   218  arm_sqrt_q31.o(.text)
    arm_bitreversal_f32                      0x080082c1   Thumb Code   174  arm_bitreversal.o(.text)
    arm_bitreversal_q31                      0x0800836f   Thumb Code   178  arm_bitreversal.o(.text)
    arm_bitreversal_q15                      0x08008421   Thumb Code   114  arm_bitreversal.o(.text)
    __aeabi_memset                           0x08008493   Thumb Code    14  memseta.o(.text)
    __aeabi_memset4                          0x08008493   Thumb Code     0  memseta.o(.text)
    __aeabi_memset8                          0x08008493   Thumb Code     0  memseta.o(.text)
    __aeabi_memclr                           0x080084a1   Thumb Code     4  memseta.o(.text)
    __aeabi_memclr4                          0x080084a1   Thumb Code     0  memseta.o(.text)
    __aeabi_memclr8                          0x080084a1   Thumb Code     0  memseta.o(.text)
    _memset$wrapper                          0x080084a5   Thumb Code    18  memseta.o(.text)
    __aeabi_fadd                             0x080084b7   Thumb Code   164  fadd.o(.text)
    __aeabi_fsub                             0x0800855b   Thumb Code     6  fadd.o(.text)
    __aeabi_frsub                            0x08008561   Thumb Code     6  fadd.o(.text)
    __aeabi_fmul                             0x08008567   Thumb Code   108  fmul.o(.text)
    __aeabi_fdiv                             0x080085d3   Thumb Code   128  fdiv.o(.text)
    __ARM_scalbnf                            0x08008653   Thumb Code    24  fscalb.o(.text)
    scalbnf                                  0x08008653   Thumb Code     0  fscalb.o(.text)
    __aeabi_dadd                             0x0800866b   Thumb Code   322  dadd.o(.text)
    __aeabi_dsub                             0x080087ad   Thumb Code     6  dadd.o(.text)
    __aeabi_drsub                            0x080087b3   Thumb Code     6  dadd.o(.text)
    __aeabi_dmul                             0x080087b9   Thumb Code   228  dmul.o(.text)
    __aeabi_ddiv                             0x0800889d   Thumb Code   222  ddiv.o(.text)
    __aeabi_i2f                              0x0800897b   Thumb Code    18  fflti.o(.text)
    __aeabi_ui2f                             0x0800898d   Thumb Code    10  ffltui.o(.text)
    __aeabi_f2iz                             0x08008997   Thumb Code    50  ffixi.o(.text)
    __aeabi_f2uiz                            0x080089c9   Thumb Code    40  ffixui.o(.text)
    __aeabi_d2uiz                            0x080089f1   Thumb Code    50  dfixui.o(.text)
    __aeabi_f2d                              0x08008a23   Thumb Code    38  f2d.o(.text)
    __aeabi_d2f                              0x08008a49   Thumb Code    56  d2f.o(.text)
    __aeabi_cfcmpeq                          0x08008a81   Thumb Code     0  cfcmple.o(.text)
    __aeabi_cfcmple                          0x08008a81   Thumb Code    20  cfcmple.o(.text)
    __aeabi_cfrcmple                         0x08008a95   Thumb Code    20  cfrcmple.o(.text)
    __aeabi_uidiv                            0x08008aa9   Thumb Code     0  uidiv.o(.text)
    __aeabi_uidivmod                         0x08008aa9   Thumb Code    44  uidiv.o(.text)
    __aeabi_uldivmod                         0x08008ad5   Thumb Code    98  uldiv.o(.text)
    __aeabi_llsl                             0x08008b37   Thumb Code    30  llshl.o(.text)
    _ll_shift_l                              0x08008b37   Thumb Code     0  llshl.o(.text)
    __aeabi_llsr                             0x08008b55   Thumb Code    32  llushr.o(.text)
    _ll_ushift_r                             0x08008b55   Thumb Code     0  llushr.o(.text)
    __aeabi_lasr                             0x08008b75   Thumb Code    36  llsshr.o(.text)
    _ll_sshift_r                             0x08008b75   Thumb Code     0  llsshr.o(.text)
    __I$use$fp                               0x08008b99   Thumb Code     0  iusefp.o(.text)
    _float_round                             0x08008b99   Thumb Code    18  fepilogue.o(.text)
    _float_epilogue                          0x08008bab   Thumb Code    90  fepilogue.o(.text)
    _double_round                            0x08008c05   Thumb Code    26  depilogue.o(.text)
    _double_epilogue                         0x08008c1f   Thumb Code   164  depilogue.o(.text)
    __ARM_scalbn                             0x08008cc3   Thumb Code    46  dscalb.o(.text)
    scalbn                                   0x08008cc3   Thumb Code     0  dscalb.o(.text)
    _dsqrt                                   0x08008cf1   Thumb Code   162  dsqrt.o(.text)
    __aeabi_i2d                              0x08008d93   Thumb Code    34  dflti.o(.text)
    __aeabi_d2ulz                            0x08008db5   Thumb Code    48  dfixul.o(.text)
    __aeabi_cdcmpeq                          0x08008de5   Thumb Code     0  cdcmple.o(.text)
    __aeabi_cdcmple                          0x08008de5   Thumb Code    38  cdcmple.o(.text)
    __aeabi_cdrcmple                         0x08008e0d   Thumb Code    38  cdrcmple.o(.text)
    __scatterload                            0x08008e35   Thumb Code    28  init.o(.text)
    __scatterload_rt2                        0x08008e35   Thumb Code     0  init.o(.text)
    __decompress                             0x08008e59   Thumb Code     0  __dczerorl2.o(.text)
    __decompress1                            0x08008e59   Thumb Code    92  __dczerorl2.o(.text)
    __0printf                                0x08008eb5   Thumb Code    22  printfa.o(i.__0printf)
    __1printf                                0x08008eb5   Thumb Code     0  printfa.o(i.__0printf)
    __2printf                                0x08008eb5   Thumb Code     0  printfa.o(i.__0printf)
    __c89printf                              0x08008eb5   Thumb Code     0  printfa.o(i.__0printf)
    printf                                   0x08008eb5   Thumb Code     0  printfa.o(i.__0printf)
    __ARM_fpclassify                         0x08008ed5   Thumb Code    40  fpclassify.o(i.__ARM_fpclassify)
    __kernel_poly                            0x08008efd   Thumb Code   170  poly.o(i.__kernel_poly)
    __mathlib_dbl_underflow                  0x08008fa9   Thumb Code    10  dunder.o(i.__mathlib_dbl_underflow)
    __scatterload_copy                       0x08008fb9   Thumb Code    14  handlers.o(i.__scatterload_copy)
    __scatterload_null                       0x08008fc7   Thumb Code     2  handlers.o(i.__scatterload_null)
    __scatterload_zeroinit                   0x08008fc9   Thumb Code    14  handlers.o(i.__scatterload_zeroinit)
    __set_errno                              0x08008fd9   Thumb Code     6  errno.o(i.__set_errno)
    log                                      0x08009889   Thumb Code   822  log.o(i.log)
    log10                                    0x08009bf9   Thumb Code   212  log10.o(i.log10)
    malloc                                   0x08009ced   Thumb Code    92  malloc.o(i.malloc)
    pow                                      0x08009d59   Thumb Code  2510  pow.o(i.pow)
    sqrt                                     0x0800a739   Thumb Code    78  sqrt.o(i.sqrt)
    memtblsize                               0x0800a788   Data           4  malloc.o(.constdata)
    memblksize                               0x0800a78c   Data           4  malloc.o(.constdata)
    memsize                                  0x0800a790   Data           4  malloc.o(.constdata)
    armBitRevTable                           0x0800aad4   Data        2048  arm_common_tables.o(.constdata)
    twiddleCoefQ31                           0x0800b2d4   Data       24576  arm_common_tables.o(.constdata)
    __mathlib_zero                           0x08011398   Data           8  qnan.o(.constdata)
    Region$$Table$$Base                      0x08011408   Number         0  anon$$obj.o(Region$$Table)
    Region$$Table$$Limit                     0x08011428   Number         0  anon$$obj.o(Region$$Table)
    SystemCoreClock                          0x20000000   Data           4  system_stm32f10x.o(.data)
    AHBPrescTable                            0x20000004   Data          16  system_stm32f10x.o(.data)
    itime                                    0x20000014   Data           4  timer.o(.data)
    ADCBuffer                                0x20000018   Data           2  adc.o(.data)
    USART_RX_STA                             0x2000001c   Data           2  usart.o(.data)
    __stdout                                 0x20000020   Data           4  usart.o(.data)
    sys_cmd_tab                              0x20000038   Data          28  usmart.o(.data)
    usmart_nametab                           0x20000054   Data          16  usmart_config.o(.data)
    usmart_dev                               0x20000064   Data         244  usmart_config.o(.data)
    mallco_dev                               0x20000158   Data          20  malloc.o(.data)
    fft_ibuf                                 0x2000016c   Data           4  fricker.o(.data)
    fft_obuf                                 0x20000170   Data           4  fricker.o(.data)
    sampling_count                           0x20000174   Data           4  fricker.o(.data)
    G_i2c11__nop_count                       0x20000178   Data           1  i2c1_bitbang.o(.data)
    LM36923_Val                              0x2000017f   Data           1  lm36923.o(.data)
    INA226_I2C_7BIT_ADDRESS                  0x20000180   Data           1  ina226.o(.data)
    inaAddress                               0x20000181   Data           1  ina226.o(.data)
    currentLSB                               0x20000188   Data           8  ina226.o(.data)
    powerLSB                                 0x20000190   Data           8  ina226.o(.data)
    vShuntMax                                0x20000198   Data           4  ina226.o(.data)
    vBusMax                                  0x2000019c   Data           4  ina226.o(.data)
    rShunt                                   0x200001a0   Data           4  ina226.o(.data)
    lcm_para                                 0x200001a4   Data         320  parm.o(.data)
    __microlib_freelist                      0x200002f4   Data           4  mvars.o(.data)
    __microlib_freelist_initialised          0x200002f8   Data           4  mvars.o(.data)
    bufer                                    0x20000300   Data         512  main.o(.bss)
    USART_RX_BUF                             0x20000500   Data         256  usart.o(.bss)
    mem1base                                 0x20000600   Data       55296  malloc.o(.bss)
    mem1mapbase                              0x2000de00   Data        3456  malloc.o(.bss)
    __heap_base                              0x2000f6b8   Data           0  startup_stm32f10x_hd.o(HEAP)
    __heap_limit                             0x2000f8b8   Data           0  startup_stm32f10x_hd.o(HEAP)
    __initial_sp                             0x2000fcb8   Data           0  startup_stm32f10x_hd.o(STACK)



==============================================================================

Memory Map of the image

  Image Entry point : 0x08000131

  Load Region LR_IROM1 (Base: 0x08000000, Size: 0x00011728, Max: 0x00080000, ABSOLUTE, COMPRESSED[0x00011528])

    Execution Region ER_IROM1 (Base: 0x08000000, Size: 0x00011428, Max: 0x00080000, ABSOLUTE)

    Base Addr    Size         Type   Attr      Idx    E Section Name        Object

    0x08000000   0x00000130   Data   RO          337    RESET               startup_stm32f10x_hd.o
    0x08000130   0x00000000   Code   RO         1056  * .ARM.Collect$$$$00000000  mc_w.l(entry.o)
    0x08000130   0x00000004   Code   RO         1399    .ARM.Collect$$$$00000001  mc_w.l(entry2.o)
    0x08000134   0x00000004   Code   RO         1402    .ARM.Collect$$$$00000004  mc_w.l(entry5.o)
    0x08000138   0x00000000   Code   RO         1404    .ARM.Collect$$$$00000008  mc_w.l(entry7b.o)
    0x08000138   0x00000000   Code   RO         1406    .ARM.Collect$$$$0000000A  mc_w.l(entry8b.o)
    0x08000138   0x00000008   Code   RO         1407    .ARM.Collect$$$$0000000B  mc_w.l(entry9a.o)
    0x08000140   0x00000000   Code   RO         1409    .ARM.Collect$$$$0000000D  mc_w.l(entry10a.o)
    0x08000140   0x00000000   Code   RO         1411    .ARM.Collect$$$$0000000F  mc_w.l(entry11a.o)
    0x08000140   0x00000004   Code   RO         1400    .ARM.Collect$$$$00002712  mc_w.l(entry2.o)
    0x08000144   0x00000298   Code   RO            1    .text               main.o
    0x080003dc   0x00000018   Code   RO          179    .text               stm32f10x_it.o
    0x080003f4   0x000001dc   Code   RO          211    .text               system_stm32f10x.o
    0x080005d0   0x000000e8   Code   RO          229    .text               timer.o
    0x080006b8   0x0000048c   Code   RO          254    .text               adc.o
    0x08000b44   0x000000f4   Code   RO          275    .text               delay.o
    0x08000c38   0x0000000c   Code   RO          289    .text               sys.o
    0x08000c44   0x00000208   Code   RO          301    .text               usart.o
    0x08000e4c   0x00000024   Code   RO          338    .text               startup_stm32f10x_hd.o
    0x08000e70   0x00000358   Code   RO          342    .text               stm32f10x_gpio.o
    0x080011c8   0x000003a4   Code   RO          354    .text               stm32f10x_rcc.o
    0x0800156c   0x00000408   Code   RO          368    .text               stm32f10x_usart.o
    0x08001974   0x000000dc   Code   RO          380    .text               misc.o
    0x08001a50   0x00000e1a   Code   RO          392    .text               stm32f10x_tim.o
    0x0800286a   0x00000002   PAD
    0x0800286c   0x0000044e   Code   RO          404    .text               stm32f10x_adc.o
    0x08002cba   0x00000002   PAD
    0x08002cbc   0x00000250   Code   RO          461    .text               stm32f10x_dma.o
    0x08002f0c   0x00000b58   Code   RO          473    .text               usmart.o
    0x08003a64   0x00000528   Code   RO          502    .text               usmart_str.o
    0x08003f8c   0x00000230   Code   RO          514    .text               malloc.o
    0x080041bc   0x0000035c   Code   RO          579    .text               fricker.o
    0x08004518   0x000005b4   Code   RO          602    .text               myiic.o
    0x08004acc   0x000002fc   Code   RO          617    .text               i2c1_bitbang.o
    0x08004dc8   0x00000350   Code   RO          632    .text               lt35825.o
    0x08005118   0x00000c46   Code   RO          658    .text               act8846.o
    0x08005d5e   0x00000002   PAD
    0x08005d60   0x00000308   Code   RO          673    .text               gpio_config.o
    0x08006068   0x00000318   Code   RO          685    .text               tps22993.o
    0x08006380   0x00000340   Code   RO          699    .text               lm36923.o
    0x080066c0   0x00000318   Code   RO          714    .text               tps65132.o
    0x080069d8   0x00000064   Code   RO          741    .text               ad715.o
    0x08006a3c   0x00000774   Code   RO          753    .text               ina226.o
    0x080071b0   0x00000100   Code   RO          768    .text               voltcurrentproc.o
    0x080072b0   0x00000040   Code   RO          790    .text               parm.o
    0x080072f0   0x0000064c   Code   RO          806    .text               uart.o
    0x0800793c   0x00000228   Code   RO          835    .text               uartque.o
    0x08007b64   0x000000ba   Code   RO          852    .text               arm_cortexM3l_math.lib(arm_cmplx_mag_q31.o)
    0x08007c1e   0x00000002   PAD
    0x08007c20   0x000000d4   Code   RO          894    .text               arm_cortexM3l_math.lib(arm_cfft_radix2_init_q31.o)
    0x08007cf4   0x000004ec   Code   RO          918    .text               arm_cortexM3l_math.lib(arm_cfft_radix2_q31.o)
    0x080081e0   0x000000e0   Code   RO          938    .text               arm_cortexM3l_math.lib(arm_sqrt_q31.o)
    0x080082c0   0x000001d2   Code   RO          958    .text               arm_cortexM3l_math.lib(arm_bitreversal.o)
    0x08008492   0x00000024   Code   RO         1059    .text               mc_w.l(memseta.o)
    0x080084b6   0x000000b0   Code   RO         1350    .text               mf_w.l(fadd.o)
    0x08008566   0x0000006c   Code   RO         1352    .text               mf_w.l(fmul.o)
    0x080085d2   0x00000080   Code   RO         1354    .text               mf_w.l(fdiv.o)
    0x08008652   0x00000018   Code   RO         1356    .text               mf_w.l(fscalb.o)
    0x0800866a   0x0000014e   Code   RO         1358    .text               mf_w.l(dadd.o)
    0x080087b8   0x000000e4   Code   RO         1360    .text               mf_w.l(dmul.o)
    0x0800889c   0x000000de   Code   RO         1362    .text               mf_w.l(ddiv.o)
    0x0800897a   0x00000012   Code   RO         1364    .text               mf_w.l(fflti.o)
    0x0800898c   0x0000000a   Code   RO         1366    .text               mf_w.l(ffltui.o)
    0x08008996   0x00000032   Code   RO         1368    .text               mf_w.l(ffixi.o)
    0x080089c8   0x00000028   Code   RO         1370    .text               mf_w.l(ffixui.o)
    0x080089f0   0x00000032   Code   RO         1372    .text               mf_w.l(dfixui.o)
    0x08008a22   0x00000026   Code   RO         1374    .text               mf_w.l(f2d.o)
    0x08008a48   0x00000038   Code   RO         1376    .text               mf_w.l(d2f.o)
    0x08008a80   0x00000014   Code   RO         1378    .text               mf_w.l(cfcmple.o)
    0x08008a94   0x00000014   Code   RO         1380    .text               mf_w.l(cfrcmple.o)
    0x08008aa8   0x0000002c   Code   RO         1413    .text               mc_w.l(uidiv.o)
    0x08008ad4   0x00000062   Code   RO         1415    .text               mc_w.l(uldiv.o)
    0x08008b36   0x0000001e   Code   RO         1417    .text               mc_w.l(llshl.o)
    0x08008b54   0x00000020   Code   RO         1419    .text               mc_w.l(llushr.o)
    0x08008b74   0x00000024   Code   RO         1421    .text               mc_w.l(llsshr.o)
    0x08008b98   0x00000000   Code   RO         1436    .text               mc_w.l(iusefp.o)
    0x08008b98   0x0000006c   Code   RO         1437    .text               mf_w.l(fepilogue.o)
    0x08008c04   0x000000be   Code   RO         1439    .text               mf_w.l(depilogue.o)
    0x08008cc2   0x0000002e   Code   RO         1441    .text               mf_w.l(dscalb.o)
    0x08008cf0   0x000000a2   Code   RO         1443    .text               mf_w.l(dsqrt.o)
    0x08008d92   0x00000022   Code   RO         1445    .text               mf_w.l(dflti.o)
    0x08008db4   0x00000030   Code   RO         1447    .text               mf_w.l(dfixul.o)
    0x08008de4   0x00000028   Code   RO         1449    .text               mf_w.l(cdcmple.o)
    0x08008e0c   0x00000028   Code   RO         1451    .text               mf_w.l(cdrcmple.o)
    0x08008e34   0x00000024   Code   RO         1453    .text               mc_w.l(init.o)
    0x08008e58   0x0000005c   Code   RO         1463    .text               mc_w.l(__dczerorl2.o)
    0x08008eb4   0x00000020   Code   RO         1294    i.__0printf         mc_w.l(printfa.o)
    0x08008ed4   0x00000028   Code   RO         1384    i.__ARM_fpclassify  m_ws.l(fpclassify.o)
    0x08008efc   0x000000aa   Code   RO         1396    i.__kernel_poly     m_ws.l(poly.o)
    0x08008fa6   0x00000002   PAD
    0x08008fa8   0x00000010   Code   RO         1382    i.__mathlib_dbl_underflow  m_ws.l(dunder.o)
    0x08008fb8   0x0000000e   Code   RO         1457    i.__scatterload_copy  mc_w.l(handlers.o)
    0x08008fc6   0x00000002   Code   RO         1458    i.__scatterload_null  mc_w.l(handlers.o)
    0x08008fc8   0x0000000e   Code   RO         1459    i.__scatterload_zeroinit  mc_w.l(handlers.o)
    0x08008fd6   0x00000002   PAD
    0x08008fd8   0x0000000c   Code   RO         1431    i.__set_errno       mc_w.l(errno.o)
    0x08008fe4   0x0000015c   Code   RO         1301    i._fp_digits        mc_w.l(printfa.o)
    0x08009140   0x000006f0   Code   RO         1302    i._printf_core      mc_w.l(printfa.o)
    0x08009830   0x00000026   Code   RO         1303    i._printf_post_padding  mc_w.l(printfa.o)
    0x08009856   0x00000030   Code   RO         1304    i._printf_pre_padding  mc_w.l(printfa.o)
    0x08009886   0x00000002   PAD
    0x08009888   0x00000370   Code   RO         1387    i.log               m_ws.l(log.o)
    0x08009bf8   0x000000f4   Code   RO         1031    i.log10             m_ws.l(log10.o)
    0x08009cec   0x0000006c   Code   RO         1323    i.malloc            mc_w.l(malloc.o)
    0x08009d58   0x000009e0   Code   RO         1039    i.pow               m_ws.l(pow.o)
    0x0800a738   0x0000004e   Code   RO         1049    i.sqrt              m_ws.l(sqrt.o)
    0x0800a786   0x00000002   PAD
    0x0800a788   0x0000000c   Data   RO          516    .constdata          malloc.o
    0x0800a794   0x0000004b   Data   RO          580    .constdata          fricker.o
    0x0800a7df   0x00000001   PAD
    0x0800a7e0   0x0000027c   Data   RO          659    .constdata          act8846.o
    0x0800aa5c   0x00000078   Data   RO          808    .constdata          uart.o
    0x0800aad4   0x00000800   Data   RO          978    .constdata          arm_cortexM3l_math.lib(arm_common_tables.o)
    0x0800b2d4   0x00006000   Data   RO          988    .constdata          arm_cortexM3l_math.lib(arm_common_tables.o)
    0x080112d4   0x00000004   PAD
    0x080112d8   0x00000088   Data   RO         1040    .constdata          m_ws.l(pow.o)
    0x08011360   0x00000038   Data   RO         1388    .constdata          m_ws.l(log.o)
    0x08011398   0x00000008   Data   RO         1398    .constdata          m_ws.l(qnan.o)
    0x080113a0   0x0000001f   Data   RO          474    .conststring        usmart.o
    0x080113bf   0x0000003a   Data   RO          489    .conststring        usmart_config.o
    0x080113f9   0x0000000c   Data   RO          791    .conststring        parm.o
    0x08011405   0x00000003   PAD
    0x08011408   0x00000020   Data   RO         1455    Region$$Table       anon$$obj.o


    Execution Region RW_IRAM1 (Base: 0x20000000, Size: 0x0000fcb8, Max: 0x00010000, ABSOLUTE, COMPRESSED[0x00000100])

    Base Addr    Size         Type   Attr      Idx    E Section Name        Object

    0x20000000   0x00000014   Data   RW          212    .data               system_stm32f10x.o
    0x20000014   0x00000004   Data   RW          230    .data               timer.o
    0x20000018   0x00000002   Data   RW          255    .data               adc.o
    0x2000001a   0x00000002   Data   RW          276    .data               delay.o
    0x2000001c   0x00000008   Data   RW          303    .data               usart.o
    0x20000024   0x00000014   Data   RW          355    .data               stm32f10x_rcc.o
    0x20000038   0x0000001c   Data   RW          475    .data               usmart.o
    0x20000054   0x00000104   Data   RW          490    .data               usmart_config.o
    0x20000158   0x00000014   Data   RW          517    .data               malloc.o
    0x2000016c   0x0000000c   Data   RW          581    .data               fricker.o
    0x20000178   0x00000001   Data   RW          618    .data               i2c1_bitbang.o
    0x20000179   0x00000001   Data   RW          660    .data               act8846.o
    0x2000017a   0x00000004   Data   RW          686    .data               tps22993.o
    0x2000017e   0x00000002   Data   RW          700    .data               lm36923.o
    0x20000180   0x00000024   Data   RW          754    .data               ina226.o
    0x200001a4   0x00000140   Data   RW          792    .data               parm.o
    0x200002e4   0x00000008   Data   RW          809    .data               uart.o
    0x200002ec   0x00000008   Data   RW          837    .data               uartque.o
    0x200002f4   0x00000004   Data   RW         1427    .data               mc_w.l(mvars.o)
    0x200002f8   0x00000004   Data   RW         1428    .data               mc_w.l(mvars.o)
    0x200002fc   0x00000004   Data   RW         1432    .data               mc_w.l(errno.o)
    0x20000300   0x00000200   Zero   RW            2    .bss                main.o
    0x20000500   0x00000100   Zero   RW          302    .bss                usart.o
    0x20000600   0x0000e580   Zero   RW          515    .bss                malloc.o
    0x2000eb80   0x00000408   Zero   RW          807    .bss                uart.o
    0x2000ef88   0x00000730   Zero   RW          836    .bss                uartque.o
    0x2000f6b8   0x00000200   Zero   RW          336    HEAP                startup_stm32f10x_hd.o
    0x2000f8b8   0x00000400   Zero   RW          335    STACK               startup_stm32f10x_hd.o


==============================================================================

Image component sizes


      Code (inc. data)   RO Data    RW Data    ZI Data      Debug   Object Name

      3142        964        636          1          0      11379   act8846.o
       100          8          0          0          0        803   ad715.o
      1164         44          0          2          0      12402   adc.o
         0          0          0          0          0         32   core_cm3.o
       244         18          0          2          0       1461   delay.o
       860         66         75         12          0       2323   fricker.o
       776         38          0          0          0       2792   gpio_config.o
       764          8          0          1          0       4540   i2c1_bitbang.o
      1908        542          0         36          0       8269   ina226.o
       832        120          0          2          0       3661   lm36923.o
       848        136          0          0          0       2202   lt35825.o
       664        248          0          0        512     289255   main.o
       560         18         12         20      58752       4047   malloc.o
       220         20          0          0          0       1677   misc.o
      1460        184          0          0          0       5530   myiic.o
        64          8         12        320          0       1131   parm.o
        36          8        304          0       1536        728   startup_stm32f10x_hd.o
      1102         26          0          0          0      10713   stm32f10x_adc.o
       592          8          0          0          0       4206   stm32f10x_dma.o
       856         40          0          0          0       5521   stm32f10x_gpio.o
        24          0          0          0          0       1026   stm32f10x_it.o
       932         44          0         20          0       8632   stm32f10x_rcc.o
      3610         88          0          0          0      22008   stm32f10x_tim.o
      1032         22          0          0          0       8248   stm32f10x_usart.o
        12          0          0          0          0        389   sys.o
       476         36          0         20          0       1551   system_stm32f10x.o
       232          8          0          4          0       1351   timer.o
       792         18          0          4          0       2483   tps22993.o
       792        266          0          0          0       2496   tps65132.o
      1612         58        120          8       1032       7043   uart.o
       552         24          0          8       1840       3038   uartque.o
       520         26          0          8        256       3305   usart.o
      2904       1232         31         28          0       3966   usmart.o
         0          0         58        260          0       1448   usmart_config.o
      1320         12          0          0          0       4913   usmart_str.o
       256         44          0          0          0        659   voltcurrentproc.o

    ----------------------------------------------------------------------
     31264       4382       1284        756      63928     445228   Object Totals
         0          0         32          0          0          0   (incl. Generated)
         6          0          4          0          0          0   (incl. Padding)

    ----------------------------------------------------------------------

      Code (inc. data)   RO Data    RW Data    ZI Data      Debug   Library Member Name

       466          0          0          0          0       1986   arm_bitreversal.o
       212         40          0          0          0       1103   arm_cfft_radix2_init_q31.o
      1260          0          0          0          0       2536   arm_cfft_radix2_q31.o
       186          0          0          0          0      17888   arm_cmplx_mag_q31.o
         0          0      26624          0          0       2752   arm_common_tables.o
       224          6          0          0          0        799   arm_sqrt_q31.o
        16          6          0          0          0         68   dunder.o
        40          0          0          0          0         68   fpclassify.o
       880         58         56          0          0        276   log.o
       244         32          0          0          0        128   log10.o
       170          0          0          0          0         96   poly.o
      2528        190        136          0          0        316   pow.o
         0          0          8          0          0          0   qnan.o
        78          0          0          0          0         84   sqrt.o
        92          0          0          0          0          0   __dczerorl2.o
         0          0          0          0          0          0   entry.o
         0          0          0          0          0          0   entry10a.o
         0          0          0          0          0          0   entry11a.o
         8          4          0          0          0          0   entry2.o
         4          0          0          0          0          0   entry5.o
         0          0          0          0          0          0   entry7b.o
         0          0          0          0          0          0   entry8b.o
         8          4          0          0          0          0   entry9a.o
        12          6          0          4          0         68   errno.o
        30          0          0          0          0          0   handlers.o
        36          8          0          0          0         68   init.o
         0          0          0          0          0          0   iusefp.o
        30          0          0          0          0         68   llshl.o
        36          0          0          0          0         68   llsshr.o
        32          0          0          0          0         68   llushr.o
       108         16          0          0          0         84   malloc.o
        36          0          0          0          0        108   memseta.o
         0          0          0          8          0          0   mvars.o
      2242         90          0          0          0        444   printfa.o
        44          0          0          0          0         80   uidiv.o
        98          0          0          0          0         92   uldiv.o
        40          2          0          0          0         68   cdcmple.o
        40          2          0          0          0         68   cdrcmple.o
        20          0          0          0          0         68   cfcmple.o
        20          0          0          0          0         68   cfrcmple.o
        56          0          0          0          0         88   d2f.o
       334          0          0          0          0        144   dadd.o
       222          0          0          0          0        100   ddiv.o
       190          0          0          0          0        176   depilogue.o
        50          0          0          0          0         76   dfixui.o
        48          0          0          0          0         68   dfixul.o
        34          0          0          0          0         76   dflti.o
       228          0          0          0          0         92   dmul.o
        46          0          0          0          0         80   dscalb.o
       162          0          0          0          0        100   dsqrt.o
        38          0          0          0          0         68   f2d.o
       176          0          0          0          0        140   fadd.o
       128          0          0          0          0         88   fdiv.o
       108          0          0          0          0        168   fepilogue.o
        50          0          0          0          0         68   ffixi.o
        40          0          0          0          0         68   ffixui.o
        18          0          0          0          0         68   fflti.o
        10          0          0          0          0         68   ffltui.o
       108          0          0          0          0         76   fmul.o
        24          0          0          0          0         68   fscalb.o

    ----------------------------------------------------------------------
     11320        464      26828         12          0      31400   Library Totals
        10          0          4          0          0          0   (incl. Padding)

    ----------------------------------------------------------------------

      Code (inc. data)   RO Data    RW Data    ZI Data      Debug   Library Name

      2348         46      26624          0          0      27064   arm_cortexM3l_math.lib
      3956        286        200          0          0       1036   m_ws.l
      2816        128          0         12          0       1148   mc_w.l
      2190          4          0          0          0       2152   mf_w.l

    ----------------------------------------------------------------------
     11320        464      26828         12          0      31400   Library Totals

    ----------------------------------------------------------------------

==============================================================================


      Code (inc. data)   RO Data    RW Data    ZI Data      Debug   

     42584       4846      28112        768      63928     471012   Grand Totals
     42584       4846      28112        256      63928     471012   ELF Image Totals (compressed)
     42584       4846      28112        256          0          0   ROM Totals

==============================================================================

    Total RO  Size (Code + RO Data)                70696 (  69.04kB)
    Total RW  Size (RW Data + ZI Data)             64696 (  63.18kB)
    Total ROM Size (Code + RO Data + RW Data)      70952 (  69.29kB)

==============================================================================

