ARM Linker, 5.03 [Build 24] [MDK-ARM Professional]

==============================================================================

Section Cross References

    main.o(.text) refers to sys.o(.text) for NVIC_Configuration
    main.o(.text) refers to delay.o(.text) for delay_init
    main.o(.text) refers to gpio_config.o(.text) for System_GPIO_Config
    main.o(.text) refers to usart.o(.text) for uart2_init
    main.o(.text) refers to malloc.o(.text) for mem_init
    main.o(.text) refers to myiic.o(.text) for IIC_Init
    main.o(.text) refers to fricker.o(.text) for Flicker_init
    main.o(.text) refers to noretval__2printf.o(.text) for __2printf
    main.o(.text) refers to lt35825.o(.text) for TL35825_init
    main.o(.text) refers to act8846.o(.text) for act8846_init
    main.o(.text) refers to tps22993.o(.text) for TPS22993_Init
    main.o(.text) refers to lm36923.o(.text) for LM36923_Init
    main.o(.text) refers to usmart_config.o(.data) for usmart_dev
    system_stm32f10x.o(.text) refers to system_stm32f10x.o(.data) for SystemCoreClock
    timer.o(.text) refers to stm32f10x_rcc.o(.text) for RCC_APB1PeriphClockCmd
    timer.o(.text) refers to stm32f10x_tim.o(.text) for TIM_Cmd
    timer.o(.text) refers to misc.o(.text) for NVIC_PriorityGroupConfig
    timer.o(.text) refers to fricker.o(.text) for collection_data
    timer.o(.text) refers to timer.o(.data) for itime
    adc.o(.text) refers to stm32f10x_rcc.o(.text) for RCC_APB2PeriphClockCmd
    adc.o(.text) refers to stm32f10x_gpio.o(.text) for GPIO_Init
    adc.o(.text) refers to stm32f10x_dma.o(.text) for DMA_DeInit
    adc.o(.text) refers to stm32f10x_adc.o(.text) for ADC_Init
    adc.o(.text) refers to adc.o(.data) for ADCBuffer
    delay.o(.text) refers to misc.o(.text) for SysTick_CLKSourceConfig
    delay.o(.text) refers to system_stm32f10x.o(.data) for SystemCoreClock
    delay.o(.text) refers to delay.o(.data) for fac_us
    sys.o(.text) refers to misc.o(.text) for NVIC_PriorityGroupConfig
    usart.o(.text) refers (Special) to use_no_semi_2.o(.text) for __use_no_semihosting
    usart.o(.text) refers to stm32f10x_rcc.o(.text) for RCC_APB2PeriphClockCmd
    usart.o(.text) refers to stm32f10x_usart.o(.text) for USART_DeInit
    usart.o(.text) refers to stm32f10x_gpio.o(.text) for GPIO_Init
    usart.o(.text) refers to misc.o(.text) for NVIC_Init
    usart.o(.text) refers to noretval__2printf.o(.text) for __2printf
    usart.o(.text) refers to usart.o(.data) for USART_RX_STA
    usart.o(.text) refers to usart.o(.bss) for USART_RX_BUF
    usart.o(.bss) refers (Special) to use_no_semi_2.o(.text) for __use_no_semihosting
    usart.o(.data) refers (Special) to use_no_semi_2.o(.text) for __use_no_semihosting
    startup_stm32f10x_hd.o(STACK) refers (Special) to heapauxi.o(.text) for __use_two_region_memory
    startup_stm32f10x_hd.o(HEAP) refers (Special) to heapauxi.o(.text) for __use_two_region_memory
    startup_stm32f10x_hd.o(RESET) refers (Special) to heapauxi.o(.text) for __use_two_region_memory
    startup_stm32f10x_hd.o(RESET) refers to startup_stm32f10x_hd.o(STACK) for __initial_sp
    startup_stm32f10x_hd.o(RESET) refers to startup_stm32f10x_hd.o(.text) for Reset_Handler
    startup_stm32f10x_hd.o(RESET) refers to stm32f10x_it.o(.text) for NMI_Handler
    startup_stm32f10x_hd.o(RESET) refers to timer.o(.text) for TIM3_IRQHandler
    startup_stm32f10x_hd.o(RESET) refers to usmart.o(.text) for TIM4_IRQHandler
    startup_stm32f10x_hd.o(RESET) refers to usart.o(.text) for USART2_IRQHandler
    startup_stm32f10x_hd.o(.text) refers (Special) to heapauxi.o(.text) for __use_two_region_memory
    startup_stm32f10x_hd.o(.text) refers to system_stm32f10x.o(.text) for SystemInit
    startup_stm32f10x_hd.o(.text) refers to __main.o(!!!main) for __main
    startup_stm32f10x_hd.o(.text) refers to startup_stm32f10x_hd.o(HEAP) for Heap_Mem
    startup_stm32f10x_hd.o(.text) refers to startup_stm32f10x_hd.o(STACK) for Stack_Mem
    stm32f10x_gpio.o(.text) refers to stm32f10x_rcc.o(.text) for RCC_APB2PeriphResetCmd
    stm32f10x_rcc.o(.text) refers to stm32f10x_rcc.o(.data) for APBAHBPrescTable
    stm32f10x_usart.o(.text) refers to stm32f10x_rcc.o(.text) for RCC_APB2PeriphResetCmd
    stm32f10x_tim.o(.text) refers to stm32f10x_rcc.o(.text) for RCC_APB2PeriphResetCmd
    stm32f10x_adc.o(.text) refers to stm32f10x_rcc.o(.text) for RCC_APB2PeriphResetCmd
    stm32f10x_i2c.o(.text) refers to stm32f10x_rcc.o(.text) for RCC_APB1PeriphResetCmd
    stm32f10x_spi.o(.text) refers to stm32f10x_rcc.o(.text) for RCC_APB2PeriphResetCmd
    usmart.o(.text) refers to _printf_percent.o(.ARM.Collect$$_printf_percent$$00000000) for _printf_percent
    usmart.o(.text) refers to _printf_s.o(.ARM.Collect$$_printf_percent$$00000014) for _printf_s
    usmart.o(.text) refers to _printf_str.o(.text) for _printf_str
    usmart.o(.text) refers to _printf_pad.o(.text) for _printf_pre_padding
    usmart.o(.text) refers to _printf_x.o(.ARM.Collect$$_printf_percent$$0000000C) for _printf_x
[...]
    __rt_lib_init_atexit_1                   0x08000219   Thumb Code     0  libinit2.o(.ARM.Collect$$libinit$$00000019)
    __rt_lib_init_clock_1                    0x08000219   Thumb Code     0  libinit2.o(.ARM.Collect$$libinit$$0000001F)
    __rt_lib_init_cpp_1                      0x08000219   Thumb Code     0  libinit2.o(.ARM.Collect$$libinit$$00000030)
    __rt_lib_init_exceptions_1               0x08000219   Thumb Code     0  libinit2.o(.ARM.Collect$$libinit$$0000002E)
    __rt_lib_init_fp_trap_1                  0x08000219   Thumb Code     0  libinit2.o(.ARM.Collect$$libinit$$0000001D)
    __rt_lib_init_getenv_1                   0x08000219   Thumb Code     0  libinit2.o(.ARM.Collect$$libinit$$00000021)
    __rt_lib_init_lc_numeric_1               0x08000219   Thumb Code     0  libinit2.o(.ARM.Collect$$libinit$$00000015)
    __rt_lib_init_lc_time_1                  0x08000219   Thumb Code     0  libinit2.o(.ARM.Collect$$libinit$$00000017)
    __rt_lib_init_return                     0x08000219   Thumb Code     0  libinit2.o(.ARM.Collect$$libinit$$00000031)
    __rt_lib_init_signal_1                   0x08000219   Thumb Code     0  libinit2.o(.ARM.Collect$$libinit$$0000001B)
    __rt_lib_init_stdio_1                    0x08000219   Thumb Code     0  libinit2.o(.ARM.Collect$$libinit$$00000023)
    __rt_lib_shutdown                        0x0800021b   Thumb Code     0  libshutdown.o(.ARM.Collect$$libshutdown$$00000000)
    __rt_lib_shutdown_fp_trap_1              0x0800021d   Thumb Code     0  libshutdown2.o(.ARM.Collect$$libshutdown$$00000006)
    __rt_lib_shutdown_heap_1                 0x0800021d   Thumb Code     0  libshutdown2.o(.ARM.Collect$$libshutdown$$0000000E)
    __rt_lib_shutdown_return                 0x0800021d   Thumb Code     0  libshutdown2.o(.ARM.Collect$$libshutdown$$0000000F)
    __rt_lib_shutdown_signal_1               0x0800021d   Thumb Code     0  libshutdown2.o(.ARM.Collect$$libshutdown$$00000009)
    __rt_lib_shutdown_stdio_1                0x0800021d   Thumb Code     0  libshutdown2.o(.ARM.Collect$$libshutdown$$00000003)
    __rt_lib_shutdown_user_alloc_1           0x0800021d   Thumb Code     0  libshutdown2.o(.ARM.Collect$$libshutdown$$0000000B)
    __rt_entry                               0x0800021f   Thumb Code     0  rtentry.o(.ARM.Collect$$rtentry$$00000000)
    __rt_entry_presh_1                       0x0800021f   Thumb Code     0  rtentry2.o(.ARM.Collect$$rtentry$$00000002)
    __rt_entry_sh                            0x0800021f   Thumb Code     0  rtentry4.o(.ARM.Collect$$rtentry$$00000004)
    __rt_entry_li                            0x08000225   Thumb Code     0  rtentry2.o(.ARM.Collect$$rtentry$$0000000A)
    __rt_entry_postsh_1                      0x08000225   Thumb Code     0  rtentry2.o(.ARM.Collect$$rtentry$$00000009)
    __rt_entry_main                          0x08000229   Thumb Code     0  rtentry2.o(.ARM.Collect$$rtentry$$0000000D)
    __rt_entry_postli_1                      0x08000229   Thumb Code     0  rtentry2.o(.ARM.Collect$$rtentry$$0000000C)
    __rt_exit                                0x08000231   Thumb Code     0  rtexit.o(.ARM.Collect$$rtexit$$00000000)
    __rt_exit_ls                             0x08000233   Thumb Code     0  rtexit2.o(.ARM.Collect$$rtexit$$00000003)
    __rt_exit_prels_1                        0x08000233   Thumb Code     0  rtexit2.o(.ARM.Collect$$rtexit$$00000002)
    __rt_exit_exit                           0x08000237   Thumb Code     0  rtexit2.o(.ARM.Collect$$rtexit$$00000004)
    main                                     0x0800023d   Thumb Code   314  main.o(.text)
    NMI_Handler                              0x08000409   Thumb Code     2  stm32f10x_it.o(.text)
    HardFault_Handler                        0x0800040b   Thumb Code     4  stm32f10x_it.o(.text)
    MemManage_Handler                        0x0800040f   Thumb Code     4  stm32f10x_it.o(.text)
    BusFault_Handler                         0x08000413   Thumb Code     4  stm32f10x_it.o(.text)
    UsageFault_Handler                       0x08000417   Thumb Code     4  stm32f10x_it.o(.text)
    SVC_Handler                              0x0800041b   Thumb Code     2  stm32f10x_it.o(.text)
    DebugMon_Handler                         0x0800041d   Thumb Code     2  stm32f10x_it.o(.text)
    PendSV_Handler                           0x0800041f   Thumb Code     2  stm32f10x_it.o(.text)
    SysTick_Handler                          0x08000421   Thumb Code     2  stm32f10x_it.o(.text)
    SystemInit                               0x08000501   Thumb Code    78  system_stm32f10x.o(.text)
    SystemCoreClockUpdate                    0x0800054f   Thumb Code   142  system_stm32f10x.o(.text)
    start_time3                              0x08000601   Thumb Code    20  timer.o(.text)
    stop_time3                               0x08000615   Thumb Code    20  timer.o(.text)
    TIM3_Init                                0x080006a9   Thumb Code    20  timer.o(.text)
    TIM3_IRQHandler                          0x080006bd   Thumb Code    36  timer.o(.text)
    ADC1_Mode_Config                         0x0800073b   Thumb Code   268  adc.o(.text)
    ADC1_Mode_Configg                        0x08000847   Thumb Code   534  adc.o(.text)
    Fricker_adc_mode                         0x08000a5d   Thumb Code   252  adc.o(.text)
    ADC1_Init                                0x08000b59   Thumb Code    12  adc.o(.text)
    get_adc_value                            0x08000b65   Thumb Code     6  adc.o(.text)
    delay_init                               0x08000b75   Thumb Code    50  delay.o(.text)
    delay_us                                 0x08000ba7   Thumb Code    70  delay.o(.text)
    delay_ms                                 0x08000bed   Thumb Code    70  delay.o(.text)
    Delay_ms                                 0x08000c33   Thumb Code    12  delay.o(.text)
    NVIC_Configuration                       0x08000c51   Thumb Code    12  sys.o(.text)
    _sys_exit                                0x08000c5d   Thumb Code     4  usart.o(.text)
    fputc                                    0x08000c61   Thumb Code    22  usart.o(.text)
    uart_init                                0x08000c77   Thumb Code   158  usart.o(.text)
    uart2_init                               0x08000d15   Thumb Code   160  usart.o(.text)
    USART2_IRQHandler                        0x08000db5   Thumb Code   150  usart.o(.text)
    Reset_Handler                            0x08000e65   Thumb Code     8  startup_stm32f10x_hd.o(.text)
    ADC1_2_IRQHandler                        0x08000e7f   Thumb Code     0  startup_stm32f10x_hd.o(.text)
    ADC3_IRQHandler                          0x08000e7f   Thumb Code     0  startup_stm32f10x_hd.o(.text)
    CAN1_RX1_IRQHandler                      0x08000e7f   Thumb Code     0  startup_stm32f10x_hd.o(.text)
    CAN1_SCE_IRQHandler                      0x08000e7f   Thumb Code     0  startup_stm32f10x_hd.o(.text)
    DMA1_Channel1_IRQHandler                 0x08000e7f   Thumb Code     0  startup_stm32f10x_hd.o(.text)
    DMA1_Channel2_IRQHandler                 0x08000e7f   Thumb Code     0  startup_stm32f10x_hd.o(.text)
    DMA1_Channel3_IRQHandler                 0x08000e7f   Thumb Code     0  startup_stm32f10x_hd.o(.text)
    DMA1_Channel4_IRQHandler                 0x08000e7f   Thumb Code     0  startup_stm32f10x_hd.o(.text)
    DMA1_Channel5_IRQHandler                 0x08000e7f   Thumb Code     0  startup_stm32f10x_hd.o(.text)
    DMA1_Channel6_IRQHandler                 0x08000e7f   Thumb Code     0  startup_stm32f10x_hd.o(.text)
    DMA1_Channel7_IRQHandler                 0x08000e7f   Thumb Code     0  startup_stm32f10x_hd.o(.text)
    DMA2_Channel1_IRQHandler                 0x08000e7f   Thumb Code     0  startup_stm32f10x_hd.o(.text)
    DMA2_Channel2_IRQHandler                 0x08000e7f   Thumb Code     0  startup_stm32f10x_hd.o(.text)
    DMA2_Channel3_IRQHandler                 0x08000e7f   Thumb Code     0  startup_stm32f10x_hd.o(.text)
    DMA2_Channel4_5_IRQHandler               0x08000e7f   Thumb Code     0  startup_stm32f10x_hd.o(.text)
    EXTI0_IRQHandler                         0x08000e7f   Thumb Code     0  startup_stm32f10x_hd.o(.text)
    EXTI15_10_IRQHandler                     0x08000e7f   Thumb Code     0  startup_stm32f10x_hd.o(.text)
    EXTI1_IRQHandler                         0x08000e7f   Thumb Code     0  startup_stm32f10x_hd.o(.text)
    EXTI2_IRQHandler                         0x08000e7f   Thumb Code     0  startup_stm32f10x_hd.o(.text)
    EXTI3_IRQHandler                         0x08000e7f   Thumb Code     0  startup_stm32f10x_hd.o(.text)
    EXTI4_IRQHandler                         0x08000e7f   Thumb Code     0  startup_stm32f10x_hd.o(.text)
    EXTI9_5_IRQHandler                       0x08000e7f   Thumb Code     0  startup_stm32f10x_hd.o(.text)
    FLASH_IRQHandler                         0x08000e7f   Thumb Code     0  startup_stm32f10x_hd.o(.text)
    FSMC_IRQHandler                          0x08000e7f   Thumb Code     0  startup_stm32f10x_hd.o(.text)
    I2C1_ER_IRQHandler                       0x08000e7f   Thumb Code     0  startup_stm32f10x_hd.o(.text)
    I2C1_EV_IRQHandler                       0x08000e7f   Thumb Code     0  startup_stm32f10x_hd.o(.text)
    I2C2_ER_IRQHandler                       0x08000e7f   Thumb Code     0  startup_stm32f10x_hd.o(.text)
    I2C2_EV_IRQHandler                       0x08000e7f   Thumb Code     0  startup_stm32f10x_hd.o(.text)
    PVD_IRQHandler                           0x08000e7f   Thumb Code     0  startup_stm32f10x_hd.o(.text)
    RCC_IRQHandler                           0x08000e7f   Thumb Code     0  startup_stm32f10x_hd.o(.text)
    RTCAlarm_IRQHandler                      0x08000e7f   Thumb Code     0  startup_stm32f10x_hd.o(.text)
    RTC_IRQHandler                           0x08000e7f   Thumb Code     0  startup_stm32f10x_hd.o(.text)
    SDIO_IRQHandler                          0x08000e7f   Thumb Code     0  startup_stm32f10x_hd.o(.text)
    SPI1_IRQHandler                          0x08000e7f   Thumb Code     0  startup_stm32f10x_hd.o(.text)
    SPI2_IRQHandler                          0x08000e7f   Thumb Code     0  startup_stm32f10x_hd.o(.text)
    SPI3_IRQHandler                          0x08000e7f   Thumb Code     0  startup_stm32f10x_hd.o(.text)
    TAMPER_IRQHandler                        0x08000e7f   Thumb Code     0  startup_stm32f10x_hd.o(.text)
    TIM1_BRK_IRQHandler                      0x08000e7f   Thumb Code     0  startup_stm32f10x_hd.o(.text)
    TIM1_CC_IRQHandler                       0x08000e7f   Thumb Code     0  startup_stm32f10x_hd.o(.text)
    TIM1_TRG_COM_IRQHandler                  0x08000e7f   Thumb Code     0  startup_stm32f10x_hd.o(.text)
    TIM1_UP_IRQHandler                       0x08000e7f   Thumb Code     0  startup_stm32f10x_hd.o(.text)
    TIM2_IRQHandler                          0x08000e7f   Thumb Code     0  startup_stm32f10x_hd.o(.text)
    TIM5_IRQHandler                          0x08000e7f   Thumb Code     0  startup_stm32f10x_hd.o(.text)
    TIM6_IRQHandler                          0x08000e7f   Thumb Code     0  startup_stm32f10x_hd.o(.text)
    TIM7_IRQHandler                          0x08000e7f   Thumb Code     0  startup_stm32f10x_hd.o(.text)
    TIM8_BRK_IRQHandler                      0x08000e7f   Thumb Code     0  startup_stm32f10x_hd.o(.text)
    TIM8_CC_IRQHandler                       0x08000e7f   Thumb Code     0  startup_stm32f10x_hd.o(.text)
    TIM8_TRG_COM_IRQHandler                  0x08000e7f   Thumb Code     0  startup_stm32f10x_hd.o(.text)
    TIM8_UP_IRQHandler                       0x08000e7f   Thumb Code     0  startup_stm32f10x_hd.o(.text)
    UART4_IRQHandler                         0x08000e7f   Thumb Code     0  startup_stm32f10x_hd.o(.text)
    UART5_IRQHandler                         0x08000e7f   Thumb Code     0  startup_stm32f10x_hd.o(.text)
    USART1_IRQHandler                        0x08000e7f   Thumb Code     0  startup_stm32f10x_hd.o(.text)
    USART3_IRQHandler                        0x08000e7f   Thumb Code     0  startup_stm32f10x_hd.o(.text)
    USBWakeUp_IRQHandler                     0x08000e7f   Thumb Code     0  startup_stm32f10x_hd.o(.text)
    USB_HP_CAN1_TX_IRQHandler                0x08000e7f   Thumb Code     0  startup_stm32f10x_hd.o(.text)
    USB_LP_CAN1_RX0_IRQHandler               0x08000e7f   Thumb Code     0  startup_stm32f10x_hd.o(.text)
    WWDG_IRQHandler                          0x08000e7f   Thumb Code     0  startup_stm32f10x_hd.o(.text)
    __user_initial_stackheap                 0x08000e81   Thumb Code     0  startup_stm32f10x_hd.o(.text)
    GPIO_DeInit                              0x08000ea5   Thumb Code   172  stm32f10x_gpio.o(.text)
    GPIO_AFIODeInit                          0x08000f51   Thumb Code    20  stm32f10x_gpio.o(.text)
    GPIO_Init                                0x08000f65   Thumb Code   274  stm32f10x_gpio.o(.text)
    GPIO_StructInit                          0x08001077   Thumb Code    16  stm32f10x_gpio.o(.text)
    GPIO_ReadInputDataBit                    0x08001087   Thumb Code    18  stm32f10x_gpio.o(.text)
    GPIO_ReadInputData                       0x08001099   Thumb Code     8  stm32f10x_gpio.o(.text)
    GPIO_ReadOutputDataBit                   0x080010a1   Thumb Code    18  stm32f10x_gpio.o(.text)
    GPIO_ReadOutputData                      0x080010b3   Thumb Code     8  stm32f10x_gpio.o(.text)
    GPIO_SetBits                             0x080010bb   Thumb Code     4  stm32f10x_gpio.o(.text)
    GPIO_ResetBits                           0x080010bf   Thumb Code     4  stm32f10x_gpio.o(.text)
    GPIO_WriteBit                            0x080010c3   Thumb Code    10  stm32f10x_gpio.o(.text)
    GPIO_Write                               0x080010cd   Thumb Code     4  stm32f10x_gpio.o(.text)
    GPIO_PinLockConfig                       0x080010d1   Thumb Code    18  stm32f10x_gpio.o(.text)
    GPIO_EventOutputConfig                   0x080010e3   Thumb Code    26  stm32f10x_gpio.o(.text)
    GPIO_EventOutputCmd                      0x080010fd   Thumb Code     6  stm32f10x_gpio.o(.text)
    GPIO_PinRemapConfig                      0x08001103   Thumb Code   138  stm32f10x_gpio.o(.text)
    GPIO_EXTILineConfig                      0x0800118d   Thumb Code    66  stm32f10x_gpio.o(.text)
    GPIO_ETH_MediaInterfaceConfig            0x080011cf   Thumb Code     6  stm32f10x_gpio.o(.text)
    RCC_DeInit                               0x080011fd   Thumb Code    64  stm32f10x_rcc.o(.text)
    RCC_HSEConfig                            0x0800123d   Thumb Code    70  stm32f10x_rcc.o(.text)
    RCC_GetFlagStatus                        0x08001283   Thumb Code    56  stm32f10x_rcc.o(.text)
    RCC_WaitForHSEStartUp                    0x080012bb   Thumb Code    56  stm32f10x_rcc.o(.text)
    RCC_AdjustHSICalibrationValue            0x080012f3   Thumb Code    20  stm32f10x_rcc.o(.text)
    RCC_HSICmd                               0x08001307   Thumb Code     6  stm32f10x_rcc.o(.text)
    RCC_PLLConfig                            0x0800130d   Thumb Code    24  stm32f10x_rcc.o(.text)
    RCC_PLLCmd                               0x08001325   Thumb Code     6  stm32f10x_rcc.o(.text)
    RCC_SYSCLKConfig                         0x0800132b   Thumb Code    18  stm32f10x_rcc.o(.text)
    RCC_GetSYSCLKSource                      0x0800133d   Thumb Code    10  stm32f10x_rcc.o(.text)
    RCC_HCLKConfig                           0x08001347   Thumb Code    18  stm32f10x_rcc.o(.text)
    RCC_PCLK1Config                          0x08001359   Thumb Code    18  stm32f10x_rcc.o(.text)
    RCC_PCLK2Config                          0x0800136b   Thumb Code    20  stm32f10x_rcc.o(.text)
    RCC_ITConfig                             0x0800137f   Thumb Code    26  stm32f10x_rcc.o(.text)
    RCC_USBCLKConfig                         0x08001399   Thumb Code     6  stm32f10x_rcc.o(.text)
    RCC_ADCCLKConfig                         0x0800139f   Thumb Code    18  stm32f10x_rcc.o(.text)
    RCC_LSEConfig                            0x080013b1   Thumb Code    44  stm32f10x_rcc.o(.text)
    RCC_LSICmd                               0x080013dd   Thumb Code     6  stm32f10x_rcc.o(.text)
    RCC_RTCCLKConfig                         0x080013e3   Thumb Code    12  stm32f10x_rcc.o(.text)
    RCC_RTCCLKCmd                            0x080013ef   Thumb Code     8  stm32f10x_rcc.o(.text)
    RCC_GetClocksFreq                        0x080013f7   Thumb Code   192  stm32f10x_rcc.o(.text)
    RCC_AHBPeriphClockCmd                    0x080014b7   Thumb Code    26  stm32f10x_rcc.o(.text)
    RCC_APB2PeriphClockCmd                   0x080014d1   Thumb Code    26  stm32f10x_rcc.o(.text)
    RCC_APB1PeriphClockCmd                   0x080014eb   Thumb Code    26  stm32f10x_rcc.o(.text)
    RCC_APB2PeriphResetCmd                   0x08001505   Thumb Code    26  stm32f10x_rcc.o(.text)
    RCC_APB1PeriphResetCmd                   0x0800151f   Thumb Code    26  stm32f10x_rcc.o(.text)
    RCC_BackupResetCmd                       0x08001539   Thumb Code     8  stm32f10x_rcc.o(.text)
    RCC_ClockSecuritySystemCmd               0x08001541   Thumb Code     6  stm32f10x_rcc.o(.text)
    RCC_MCOConfig                            0x08001547   Thumb Code     6  stm32f10x_rcc.o(.text)
    RCC_ClearFlag                            0x0800154d   Thumb Code    14  stm32f10x_rcc.o(.text)
    RCC_GetITStatus                          0x0800155b   Thumb Code    20  stm32f10x_rcc.o(.text)
    RCC_ClearITPendingBit                    0x0800156f   Thumb Code     6  stm32f10x_rcc.o(.text)
    USART_DeInit                             0x080015a1   Thumb Code   134  stm32f10x_usart.o(.text)
    USART_Init                               0x08001627   Thumb Code   210  stm32f10x_usart.o(.text)
    USART_StructInit                         0x080016f9   Thumb Code    24  stm32f10x_usart.o(.text)
    USART_ClockInit                          0x08001711   Thumb Code    34  stm32f10x_usart.o(.text)
    USART_ClockStructInit                    0x08001733   Thumb Code    12  stm32f10x_usart.o(.text)
    USART_Cmd                                0x0800173f   Thumb Code    24  stm32f10x_usart.o(.text)
    USART_ITConfig                           0x08001757   Thumb Code    74  stm32f10x_usart.o(.text)
    USART_DMACmd                             0x080017a1   Thumb Code    18  stm32f10x_usart.o(.text)
    USART_SetAddress                         0x080017b3   Thumb Code    18  stm32f10x_usart.o(.text)
    USART_WakeUpConfig                       0x080017c5   Thumb Code    18  stm32f10x_usart.o(.text)
    USART_ReceiverWakeUpCmd                  0x080017d7   Thumb Code    24  stm32f10x_usart.o(.text)
    USART_LINBreakDetectLengthConfig         0x080017ef   Thumb Code    18  stm32f10x_usart.o(.text)
    USART_LINCmd                             0x08001801   Thumb Code    24  stm32f10x_usart.o(.text)
    USART_SendData                           0x08001819   Thumb Code     8  stm32f10x_usart.o(.text)
    USART_ReceiveData                        0x08001821   Thumb Code    10  stm32f10x_usart.o(.text)
    USART_SendBreak                          0x0800182b   Thumb Code    10  stm32f10x_usart.o(.text)
    USART_SetGuardTime                       0x08001835   Thumb Code    16  stm32f10x_usart.o(.text)
    USART_SetPrescaler                       0x08001845   Thumb Code    16  stm32f10x_usart.o(.text)
    USART_SmartCardCmd                       0x08001855   Thumb Code    24  stm32f10x_usart.o(.text)
    USART_SmartCardNACKCmd                   0x0800186d   Thumb Code    24  stm32f10x_usart.o(.text)
    USART_HalfDuplexCmd                      0x08001885   Thumb Code    24  stm32f10x_usart.o(.text)
    USART_OverSampling8Cmd                   0x0800189d   Thumb Code    22  stm32f10x_usart.o(.text)
    USART_OneBitMethodCmd                    0x080018b3   Thumb Code    24  stm32f10x_usart.o(.text)
    USART_IrDAConfig                         0x080018cb   Thumb Code    18  stm32f10x_usart.o(.text)
    USART_IrDACmd                            0x080018dd   Thumb Code    24  stm32f10x_usart.o(.text)
    USART_GetFlagStatus                      0x080018f5   Thumb Code    26  stm32f10x_usart.o(.text)
    USART_ClearFlag                          0x0800190f   Thumb Code    18  stm32f10x_usart.o(.text)
    USART_GetITStatus                        0x08001921   Thumb Code    84  stm32f10x_usart.o(.text)
    USART_ClearITPendingBit                  0x08001975   Thumb Code    52  stm32f10x_usart.o(.text)
    NVIC_PriorityGroupConfig                 0x080019a9   Thumb Code    10  misc.o(.text)
    NVIC_Init                                0x080019b3   Thumb Code   102  misc.o(.text)
    NVIC_SetVectorTable                      0x08001a19   Thumb Code    14  misc.o(.text)
    NVIC_SystemLPConfig                      0x08001a27   Thumb Code    34  misc.o(.text)
    SysTick_CLKSourceConfig                  0x08001a49   Thumb Code    40  misc.o(.text)
    TIM_DeInit                               0x08001a85   Thumb Code   424  stm32f10x_tim.o(.text)
    TIM_TimeBaseInit                         0x08001c2d   Thumb Code   122  stm32f10x_tim.o(.text)
    TIM_OC1Init                              0x08001ca7   Thumb Code   132  stm32f10x_tim.o(.text)
    TIM_OC2Init                              0x08001d2b   Thumb Code   154  stm32f10x_tim.o(.text)
    TIM_OC3Init                              0x08001dc5   Thumb Code   150  stm32f10x_tim.o(.text)
    TIM_OC4Init                              0x08001e5b   Thumb Code   182  stm32f10x_tim.o(.text)
    TIM_SetIC4Prescaler                      0x08001f11   Thumb Code    26  stm32f10x_tim.o(.text)
    TIM_SetIC3Prescaler                      0x08001fad   Thumb Code    18  stm32f10x_tim.o(.text)
    TIM_SetIC2Prescaler                      0x08002039   Thumb Code    26  stm32f10x_tim.o(.text)
    TIM_SetIC1Prescaler                      0x080020d5   Thumb Code    18  stm32f10x_tim.o(.text)
    TIM_ICInit                               0x08002153   Thumb Code   150  stm32f10x_tim.o(.text)
    TIM_PWMIConfig                           0x080021e9   Thumb Code   124  stm32f10x_tim.o(.text)
    TIM_BDTRConfig                           0x08002265   Thumb Code    32  stm32f10x_tim.o(.text)
    TIM_TimeBaseStructInit                   0x08002285   Thumb Code    18  stm32f10x_tim.o(.text)
    TIM_OCStructInit                         0x08002297   Thumb Code    20  stm32f10x_tim.o(.text)
    TIM_ICStructInit                         0x080022ab   Thumb Code    18  stm32f10x_tim.o(.text)
    TIM_BDTRStructInit                       0x080022bd   Thumb Code    40  stm32f10x_tim.o(.text)
    TIM_Cmd                                  0x080022e5   Thumb Code    24  stm32f10x_tim.o(.text)
    TIM_CtrlPWMOutputs                       0x080022fd   Thumb Code    30  stm32f10x_tim.o(.text)
    TIM_ITConfig                             0x0800231b   Thumb Code    18  stm32f10x_tim.o(.text)
    TIM_GenerateEvent                        0x0800232d   Thumb Code     4  stm32f10x_tim.o(.text)
    TIM_DMAConfig                            0x08002331   Thumb Code    10  stm32f10x_tim.o(.text)
    TIM_DMACmd                               0x0800233b   Thumb Code    18  stm32f10x_tim.o(.text)
    TIM_InternalClockConfig                  0x0800234d   Thumb Code    12  stm32f10x_tim.o(.text)
    TIM_SelectInputTrigger                   0x08002359   Thumb Code    18  stm32f10x_tim.o(.text)
    TIM_ITRxExternalClockConfig              0x0800236b   Thumb Code    24  stm32f10x_tim.o(.text)
    TIM_TIxExternalClockConfig               0x08002383   Thumb Code    62  stm32f10x_tim.o(.text)
    TIM_ETRConfig                            0x080023c1   Thumb Code    28  stm32f10x_tim.o(.text)
    TIM_ETRClockMode1Config                  0x080023dd   Thumb Code    54  stm32f10x_tim.o(.text)
    TIM_ETRClockMode2Config                  0x08002413   Thumb Code    32  stm32f10x_tim.o(.text)
    TIM_PrescalerConfig                      0x08002433   Thumb Code     6  stm32f10x_tim.o(.text)
    TIM_CounterModeConfig                    0x08002439   Thumb Code    18  stm32f10x_tim.o(.text)
    TIM_EncoderInterfaceConfig               0x0800244b   Thumb Code    66  stm32f10x_tim.o(.text)
    TIM_ForcedOC1Config                      0x0800248d   Thumb Code    18  stm32f10x_tim.o(.text)
    TIM_ForcedOC2Config                      0x0800249f   Thumb Code    26  stm32f10x_tim.o(.text)
    TIM_ForcedOC3Config                      0x080024b9   Thumb Code    18  stm32f10x_tim.o(.text)
    TIM_ForcedOC4Config                      0x080024cb   Thumb Code    26  stm32f10x_tim.o(.text)
    TIM_ARRPreloadConfig                     0x080024e5   Thumb Code    24  stm32f10x_tim.o(.text)
    TIM_SelectCOM                            0x080024fd   Thumb Code    24  stm32f10x_tim.o(.text)
    TIM_SelectCCDMA                          0x08002515   Thumb Code    24  stm32f10x_tim.o(.text)
    TIM_CCPreloadControl                     0x0800252d   Thumb Code    24  stm32f10x_tim.o(.text)
    TIM_OC1PreloadConfig                     0x08002545   Thumb Code    18  stm32f10x_tim.o(.text)
    TIM_OC2PreloadConfig                     0x08002557   Thumb Code    26  stm32f10x_tim.o(.text)
    TIM_OC3PreloadConfig                     0x08002571   Thumb Code    18  stm32f10x_tim.o(.text)
    TIM_OC4PreloadConfig                     0x08002583   Thumb Code    26  stm32f10x_tim.o(.text)
    TIM_OC1FastConfig                        0x0800259d   Thumb Code    18  stm32f10x_tim.o(.text)
    TIM_OC2FastConfig                        0x080025af   Thumb Code    26  stm32f10x_tim.o(.text)
    TIM_OC3FastConfig                        0x080025c9   Thumb Code    18  stm32f10x_tim.o(.text)
    TIM_OC4FastConfig                        0x080025db   Thumb Code    26  stm32f10x_tim.o(.text)
    TIM_ClearOC1Ref                          0x080025f5   Thumb Code    18  stm32f10x_tim.o(.text)
    TIM_ClearOC2Ref                          0x08002607   Thumb Code    24  stm32f10x_tim.o(.text)
    TIM_ClearOC3Ref                          0x0800261f   Thumb Code    18  stm32f10x_tim.o(.text)
    TIM_ClearOC4Ref                          0x08002631   Thumb Code    24  stm32f10x_tim.o(.text)
    TIM_OC1PolarityConfig                    0x08002649   Thumb Code    18  stm32f10x_tim.o(.text)
    TIM_OC1NPolarityConfig                   0x0800265b   Thumb Code    18  stm32f10x_tim.o(.text)
    TIM_OC2PolarityConfig                    0x0800266d   Thumb Code    26  stm32f10x_tim.o(.text)
    TIM_OC2NPolarityConfig                   0x08002687   Thumb Code    26  stm32f10x_tim.o(.text)
    TIM_OC3PolarityConfig                    0x080026a1   Thumb Code    26  stm32f10x_tim.o(.text)
    TIM_OC3NPolarityConfig                   0x080026bb   Thumb Code    26  stm32f10x_tim.o(.text)
    TIM_OC4PolarityConfig                    0x080026d5   Thumb Code    26  stm32f10x_tim.o(.text)
    TIM_CCxCmd                               0x080026ef   Thumb Code    30  stm32f10x_tim.o(.text)
    TIM_CCxNCmd                              0x0800270d   Thumb Code    30  stm32f10x_tim.o(.text)
    TIM_SelectOCxM                           0x0800272b   Thumb Code    82  stm32f10x_tim.o(.text)
    TIM_UpdateDisableConfig                  0x0800277d   Thumb Code    24  stm32f10x_tim.o(.text)
    TIM_UpdateRequestConfig                  0x08002795   Thumb Code    24  stm32f10x_tim.o(.text)
    TIM_SelectHallSensor                     0x080027ad   Thumb Code    24  stm32f10x_tim.o(.text)
    TIM_SelectOnePulseMode                   0x080027c5   Thumb Code    18  stm32f10x_tim.o(.text)
    TIM_SelectOutputTrigger                  0x080027d7   Thumb Code    18  stm32f10x_tim.o(.text)
    TIM_SelectSlaveMode                      0x080027e9   Thumb Code    18  stm32f10x_tim.o(.text)
    TIM_SelectMasterSlaveMode                0x080027fb   Thumb Code    18  stm32f10x_tim.o(.text)
    TIM_SetCounter                           0x0800280d   Thumb Code     4  stm32f10x_tim.o(.text)
    TIM_SetAutoreload                        0x08002811   Thumb Code     4  stm32f10x_tim.o(.text)
    TIM_SetCompare1                          0x08002815   Thumb Code     4  stm32f10x_tim.o(.text)
    TIM_SetCompare2                          0x08002819   Thumb Code     4  stm32f10x_tim.o(.text)
    TIM_SetCompare3                          0x0800281d   Thumb Code     4  stm32f10x_tim.o(.text)
    TIM_SetCompare4                          0x08002821   Thumb Code     6  stm32f10x_tim.o(.text)
    TIM_SetClockDivision                     0x08002827   Thumb Code    18  stm32f10x_tim.o(.text)
    TIM_GetCapture1                          0x08002839   Thumb Code     6  stm32f10x_tim.o(.text)
    TIM_GetCapture2                          0x0800283f   Thumb Code     6  stm32f10x_tim.o(.text)
    TIM_GetCapture3                          0x08002845   Thumb Code     6  stm32f10x_tim.o(.text)
    TIM_GetCapture4                          0x0800284b   Thumb Code     8  stm32f10x_tim.o(.text)
    TIM_GetCounter                           0x08002853   Thumb Code     6  stm32f10x_tim.o(.text)
    TIM_GetPrescaler                         0x08002859   Thumb Code     6  stm32f10x_tim.o(.text)
    TIM_GetFlagStatus                        0x0800285f   Thumb Code    18  stm32f10x_tim.o(.text)
    TIM_ClearFlag                            0x08002871   Thumb Code     6  stm32f10x_tim.o(.text)
    TIM_GetITStatus                          0x08002877   Thumb Code    34  stm32f10x_tim.o(.text)
    TIM_ClearITPendingBit                    0x08002899   Thumb Code     6  stm32f10x_tim.o(.text)
    ADC_DeInit                               0x080028a1   Thumb Code    78  stm32f10x_adc.o(.text)
    ADC_Init                                 0x080028ef   Thumb Code    70  stm32f10x_adc.o(.text)
    ADC_StructInit                           0x08002935   Thumb Code    18  stm32f10x_adc.o(.text)
    ADC_Cmd                                  0x08002947   Thumb Code    22  stm32f10x_adc.o(.text)
    ADC_DMACmd                               0x0800295d   Thumb Code    22  stm32f10x_adc.o(.text)
    ADC_ITConfig                             0x08002973   Thumb Code    24  stm32f10x_adc.o(.text)
    ADC_ResetCalibration                     0x0800298b   Thumb Code    10  stm32f10x_adc.o(.text)
    ADC_GetResetCalibrationStatus            0x08002995   Thumb Code    20  stm32f10x_adc.o(.text)
    ADC_StartCalibration                     0x080029a9   Thumb Code    10  stm32f10x_adc.o(.text)
    ADC_GetCalibrationStatus                 0x080029b3   Thumb Code    20  stm32f10x_adc.o(.text)
    ADC_SoftwareStartConvCmd                 0x080029c7   Thumb Code    22  stm32f10x_adc.o(.text)
    ADC_GetSoftwareStartConvStatus           0x080029dd   Thumb Code    20  stm32f10x_adc.o(.text)
    ADC_DiscModeChannelCountConfig           0x080029f1   Thumb Code    24  stm32f10x_adc.o(.text)
    ADC_DiscModeCmd                          0x08002a09   Thumb Code    22  stm32f10x_adc.o(.text)
    ADC_RegularChannelConfig                 0x08002a1f   Thumb Code   184  stm32f10x_adc.o(.text)
    ADC_ExternalTrigConvCmd                  0x08002ad7   Thumb Code    22  stm32f10x_adc.o(.text)
    ADC_GetConversionValue                   0x08002aed   Thumb Code     8  stm32f10x_adc.o(.text)
    ADC_GetDualModeConversionValue           0x08002af5   Thumb Code     8  stm32f10x_adc.o(.text)
    ADC_AutoInjectedConvCmd                  0x08002afd   Thumb Code    22  stm32f10x_adc.o(.text)
    ADC_InjectedDiscModeCmd                  0x08002b13   Thumb Code    22  stm32f10x_adc.o(.text)
    ADC_ExternalTrigInjectedConvConfig       0x08002b29   Thumb Code    16  stm32f10x_adc.o(.text)
    ADC_ExternalTrigInjectedConvCmd          0x08002b39   Thumb Code    22  stm32f10x_adc.o(.text)
    ADC_SoftwareStartInjectedConvCmd         0x08002b4f   Thumb Code    22  stm32f10x_adc.o(.text)
    ADC_GetSoftwareStartInjectedConvCmdStatus 0x08002b65   Thumb Code    20  stm32f10x_adc.o(.text)
    ADC_InjectedChannelConfig                0x08002b79   Thumb Code   130  stm32f10x_adc.o(.text)
    ADC_InjectedSequencerLengthConfig        0x08002bfb   Thumb Code    24  stm32f10x_adc.o(.text)
    ADC_SetInjectedOffset                    0x08002c13   Thumb Code    20  stm32f10x_adc.o(.text)
    ADC_GetInjectedConversionValue           0x08002c27   Thumb Code    28  stm32f10x_adc.o(.text)
    ADC_AnalogWatchdogCmd                    0x08002c43   Thumb Code    16  stm32f10x_adc.o(.text)
    ADC_AnalogWatchdogThresholdsConfig       0x08002c53   Thumb Code     6  stm32f10x_adc.o(.text)
    ADC_AnalogWatchdogSingleChannelConfig    0x08002c59   Thumb Code    16  stm32f10x_adc.o(.text)
    ADC_TempSensorVrefintCmd                 0x08002c69   Thumb Code    64  stm32f10x_adc.o(.text)
    ADC_GetFlagStatus                        0x08002ca9   Thumb Code    18  stm32f10x_adc.o(.text)
    ADC_ClearFlag                            0x08002cbb   Thumb Code     6  stm32f10x_adc.o(.text)
    ADC_GetITStatus                          0x08002cc1   Thumb Code    36  stm32f10x_adc.o(.text)
    ADC_ClearITPendingBit                    0x08002ce5   Thumb Code    10  stm32f10x_adc.o(.text)
    DMA_DeInit                               0x08002cf1   Thumb Code   324  stm32f10x_dma.o(.text)
    DMA_Init                                 0x08002e35   Thumb Code    60  stm32f10x_dma.o(.text)
    DMA_StructInit                           0x08002e71   Thumb Code    26  stm32f10x_dma.o(.text)
    DMA_Cmd                                  0x08002e8b   Thumb Code    24  stm32f10x_dma.o(.text)
    DMA_ITConfig                             0x08002ea3   Thumb Code    18  stm32f10x_dma.o(.text)
    DMA_SetCurrDataCounter                   0x08002eb5   Thumb Code     4  stm32f10x_dma.o(.text)
    DMA_GetCurrDataCounter                   0x08002eb9   Thumb Code     8  stm32f10x_dma.o(.text)
    DMA_GetFlagStatus                        0x08002ec1   Thumb Code    38  stm32f10x_dma.o(.text)
    DMA_ClearFlag                            0x08002ee7   Thumb Code    22  stm32f10x_dma.o(.text)
    DMA_GetITStatus                          0x08002efd   Thumb Code    38  stm32f10x_dma.o(.text)
    DMA_ClearITPendingBit                    0x08002f23   Thumb Code    22  stm32f10x_dma.o(.text)
    usmart_sys_cmd_exe                       0x08002f41   Thumb Code  1554  usmart.o(.text)
    usmart_reset_runtime                     0x08003553   Thumb Code    38  usmart.o(.text)
    usmart_get_runtime                       0x08003579   Thumb Code    56  usmart.o(.text)
    TIM4_IRQHandler                          0x080035b1   Thumb Code    50  usmart.o(.text)
    Timer4_Init                              0x080035e3   Thumb Code    94  usmart.o(.text)
    usmart_init                              0x08003641   Thumb Code    36  usmart.o(.text)
    usmart_cmd_rec                           0x08003665   Thumb Code   170  usmart.o(.text)
    usmart_exe                               0x0800370f   Thumb Code   674  usmart.o(.text)
    usmart_scan                              0x080039b1   Thumb Code   120  usmart.o(.text)
    read_addr                                0x08003a29   Thumb Code     6  usmart.o(.text)
    write_addr                               0x08003a2f   Thumb Code     4  usmart.o(.text)
    usmart_strcmp                            0x08003a99   Thumb Code    34  usmart_str.o(.text)
    usmart_strcopy                           0x08003abb   Thumb Code    22  usmart_str.o(.text)
    usmart_strlen                            0x08003ad1   Thumb Code    24  usmart_str.o(.text)
    usmart_pow                               0x08003ae9   Thumb Code    22  usmart_str.o(.text)
    usmart_str2num                           0x08003aff   Thumb Code   202  usmart_str.o(.text)
    usmart_get_cmdname                       0x08003bc9   Thumb Code    54  usmart_str.o(.text)
    usmart_search_nextc                      0x08003bff   Thumb Code    22  usmart_str.o(.text)
    usmart_get_fname                         0x08003c15   Thumb Code   440  usmart_str.o(.text)
    usmart_get_aparm                         0x08003dcd   Thumb Code   200  usmart_str.o(.text)
    usmart_get_parmpos                       0x08003e95   Thumb Code    26  usmart_str.o(.text)
    usmart_get_fparam                        0x08003eaf   Thumb Code   262  usmart_str.o(.text)
    mymemcpy                                 0x08003fc1   Thumb Code    26  malloc.o(.text)
    mymemset                                 0x08003fdb   Thumb Code    20  malloc.o(.text)
    mem_init                                 0x08003fef   Thumb Code    54  malloc.o(.text)
    mem_perused                              0x08004025   Thumb Code    54  malloc.o(.text)
    mem_malloc                               0x0800405b   Thumb Code   162  malloc.o(.text)
    mem_free                                 0x080040fd   Thumb Code    94  malloc.o(.text)
    myfree                                   0x0800415b   Thumb Code    32  malloc.o(.text)
    mymalloc                                 0x0800417b   Thumb Code    34  malloc.o(.text)
    myrealloc                                0x0800419d   Thumb Code    66  malloc.o(.text)
    collection_data                          0x08004231   Thumb Code    60  fricker.o(.text)
    Flicker_init                             0x0800426d   Thumb Code    22  fricker.o(.text)
    RMS_percent                              0x08004283   Thumb Code   238  fricker.o(.text)
    get_jeita_db                             0x08004371   Thumb Code   366  fricker.o(.text)
    clear_samplingdata                       0x080044df   Thumb Code     8  fricker.o(.text)
    FlickerMeter                             0x080044e7   Thumb Code    36  fricker.o(.text)
    SDA_OUT                                  0x0800454d   Thumb Code    24  myiic.o(.text)
    IIC_Buscheck                             0x08004565   Thumb Code   112  myiic.o(.text)
    IIC_Stop                                 0x080045d5   Thumb Code    62  myiic.o(.text)
    IIC_Send_Byte                            0x08004613   Thumb Code    80  myiic.o(.text)
    IIC_Init                                 0x08004663   Thumb Code    62  myiic.o(.text)
    SDA_IN                                   0x080046a1   Thumb Code    24  myiic.o(.text)
    IIC_Start                                0x080046b9   Thumb Code    54  myiic.o(.text)
    IIC_Wait_Ack                             0x080046ef   Thumb Code    78  myiic.o(.text)
    IIC_Scl                                  0x0800473d   Thumb Code    30  myiic.o(.text)
    IIC_Sda                                  0x0800475b   Thumb Code    30  myiic.o(.text)
    i2c1_write_u8                            0x08004779   Thumb Code    84  myiic.o(.text)
    i2c1_start                               0x080047cd   Thumb Code    26  myiic.o(.text)
    IIC_Ack                                  0x080047e7   Thumb Code    50  myiic.o(.text)
    IIC_NAck                                 0x08004819   Thumb Code    50  myiic.o(.text)
    i2c1_init                                0x0800484b   Thumb Code     8  myiic.o(.text)
    IIC_Read_Byte                            0x08004853   Thumb Code    70  myiic.o(.text)
    IIC_Read_Byte_no_ack                     0x08004899   Thumb Code    80  myiic.o(.text)
    i2c1_stop                                0x080048e9   Thumb Code    52  myiic.o(.text)
    i2c1_start_repeat                        0x0800491d   Thumb Code   132  myiic.o(.text)
    iic_read_byte                            0x080049a1   Thumb Code    66  myiic.o(.text)
    i2c1_read_u8                             0x080049e3   Thumb Code   102  myiic.o(.text)
    TL35825_Write                            0x08004a4d   Thumb Code    58  lt35825.o(.text)
    TL35825_Read                             0x08004a87   Thumb Code    58  lt35825.o(.text)
    Set_Voutp                                0x08004ac1   Thumb Code   218  lt35825.o(.text)
    Set_Voutn                                0x08004b9b   Thumb Code   170  lt35825.o(.text)
    Voutp_Upfirst                            0x08004c45   Thumb Code    56  lt35825.o(.text)
    Voutn_Upfirst                            0x08004c7d   Thumb Code    40  lt35825.o(.text)
    TL35825_reset                            0x08004ca5   Thumb Code    12  lt35825.o(.text)
    TL35825_init                             0x08004cb1   Thumb Code    22  lt35825.o(.text)
    Voutn_UpBoth                             0x08004cc7   Thumb Code    40  lt35825.o(.text)
    Vout_Off                                 0x08004cef   Thumb Code    38  lt35825.o(.text)
    act8846_i2c_write                        0x08004d9d   Thumb Code    80  act8846.o(.text)
    act8846_i2c_read                         0x08004ded   Thumb Code   100  act8846.o(.text)
    act8846_set_bits                         0x08004e51   Thumb Code    60  act8846.o(.text)
    act8846_ldo_set_voltage                  0x08004e8d   Thumb Code   100  act8846.o(.text)
    act8846_dcdc_set_voltage                 0x08004ef1   Thumb Code   128  act8846.o(.text)
    act8846_ldo_disable                      0x08004f71   Thumb Code    22  act8846.o(.text)
    act8846_dcdc_disable                     0x08004f87   Thumb Code    22  act8846.o(.text)
    act8846_init                             0x08004f9d   Thumb Code  1434  act8846.o(.text)
    act8846_ldo_enable                       0x08005537   Thumb Code    22  act8846.o(.text)
    act8846_dcdc_enable                      0x0800554d   Thumb Code    22  act8846.o(.text)
    act8846_on                               0x08005563   Thumb Code    84  act8846.o(.text)
    act8846_off                              0x080055b7   Thumb Code    84  act8846.o(.text)
    act8846_Read                             0x0800560b   Thumb Code    58  act8846.o(.text)
    act8846_Write                            0x08005645   Thumb Code    58  act8846.o(.text)
    act8846_ldo_is_enabled                   0x0800567f   Thumb Code    54  act8846.o(.text)
    act8846_ldo_get_voltage                  0x080056b5   Thumb Code    64  act8846.o(.text)
    act8846_ldo_get_mode                     0x080056f5   Thumb Code    62  act8846.o(.text)
    act8846_ldo_set_mode                     0x08005733   Thumb Code    62  act8846.o(.text)
    act8846_dcdc_is_enabled                  0x08005771   Thumb Code    64  act8846.o(.text)
    act8846_dcdc_get_voltage                 0x080057b1   Thumb Code    64  act8846.o(.text)
    act8846_dcdc_set_sleep_voltage           0x080057f1   Thumb Code   112  act8846.o(.text)
    act8846_dcdc_get_mode                    0x08005861   Thumb Code    62  act8846.o(.text)
    act8846_dcdc_set_mode                    0x0800589f   Thumb Code    64  act8846.o(.text)
    act8846_device_shutdown                  0x080058df   Thumb Code   254  act8846.o(.text)
    poweron                                  0x080059dd   Thumb Code     2  act8846.o(.text)
    updateVled                               0x080059df   Thumb Code     2  act8846.o(.text)
    poweroff                                 0x080059e1   Thumb Code     2  act8846.o(.text)
    PMU_GPIO_Config                          0x080059e5   Thumb Code   132  gpio_config.o(.text)
    VSP_VSN_GPIO_Config                      0x08005a69   Thumb Code    92  gpio_config.o(.text)
    OTP_GPIO_Config                          0x08005ac5   Thumb Code    50  gpio_config.o(.text)
    BL_GPIO_Config                           0x08005af7   Thumb Code   156  gpio_config.o(.text)
    VA_Err_GPIO_Config                       0x08005b93   Thumb Code    46  gpio_config.o(.text)
    Usr_Led_GPIO_Config                      0x08005bc1   Thumb Code    46  gpio_config.o(.text)
    TPS22993_GPIO_Config                     0x08005bef   Thumb Code    58  gpio_config.o(.text)
    RELAY_UA_GPIO_Config                     0x08005c29   Thumb Code    46  gpio_config.o(.text)
    System_GPIO_Config                       0x08005c57   Thumb Code    52  gpio_config.o(.text)
    Set_PMU_RST_IO                           0x08005c8b   Thumb Code     6  gpio_config.o(.text)
    Set_PMU_PWREN_IO                         0x08005c91   Thumb Code     6  gpio_config.o(.text)
    ACT8846_DCDC_Switch                      0x08005c97   Thumb Code    24  gpio_config.o(.text)
    ACT8846_LDO_Switch                       0x08005caf   Thumb Code    24  gpio_config.o(.text)
    TPS22993_Sel_Dev                         0x08005d43   Thumb Code    18  tps22993.o(.text)
    TPS22993_Set_Mode                        0x08005d55   Thumb Code    72  tps22993.o(.text)
    TPS22993_On                              0x08005d9d   Thumb Code   106  tps22993.o(.text)
    TPS22993_Off                             0x08005e07   Thumb Code   106  tps22993.o(.text)
    TPS22993_Set_Fun                         0x08005e71   Thumb Code    42  tps22993.o(.text)
    TPS22993_Init                            0x08005e9b   Thumb Code   190  tps22993.o(.text)
    TPS22993_Set_All_Mode                    0x08005f59   Thumb Code   154  tps22993.o(.text)
    LM36923_I2c_write                        0x08006005   Thumb Code    86  lm36923.o(.text)
    TL36923_Read                             0x080060cf   Thumb Code    74  lm36923.o(.text)
    LM36923_Set_Mode                         0x08006119   Thumb Code    28  lm36923.o(.text)
    LM36923_Reset                            0x08006135   Thumb Code    38  lm36923.o(.text)
    Setbit1                                  0x0800615b   Thumb Code    14  lm36923.o(.text)
    Clearbit1                                0x08006169   Thumb Code    16  lm36923.o(.text)
    LM36923_On                               0x08006179   Thumb Code    34  lm36923.o(.text)
    LM36923_Off                              0x0800619b   Thumb Code    46  lm36923.o(.text)
    LM36923_AllOn                            0x080061c9   Thumb Code    12  lm36923.o(.text)
    LM36923_AllOff                           0x080061d5   Thumb Code    12  lm36923.o(.text)
    LM36923_Set_Current                      0x080061e1   Thumb Code    26  lm36923.o(.text)
    LM36923_Init                             0x080061fb   Thumb Code   210  lm36923.o(.text)
    LED_Init                                 0x08006345   Thumb Code    46  parm.o(.text)
    Get_Volt_Val                             0x08006373   Thumb Code    10  parm.o(.text)
    arm_cmplx_mag_q31                        0x08006385   Thumb Code   186  arm_cmplx_mag_q31.o(.text)
    arm_cfft_radix2_init_q31                 0x08006441   Thumb Code   172  arm_cfft_radix2_init_q31.o(.text)
    arm_radix2_butterfly_q31                 0x08006515   Thumb Code   672  arm_cfft_radix2_q31.o(.text)
    arm_radix2_butterfly_inverse_q31         0x080067b5   Thumb Code   542  arm_cfft_radix2_q31.o(.text)
    arm_cfft_radix2_q31                      0x080069d3   Thumb Code    46  arm_cfft_radix2_q31.o(.text)
    arm_sqrt_q31                             0x08006a01   Thumb Code   218  arm_sqrt_q31.o(.text)
    arm_bitreversal_f32                      0x08006ae1   Thumb Code   174  arm_bitreversal.o(.text)
    arm_bitreversal_q31                      0x08006b8f   Thumb Code   178  arm_bitreversal.o(.text)
    arm_bitreversal_q15                      0x08006c41   Thumb Code   114  arm_bitreversal.o(.text)
    __use_no_semihosting                     0x08006cb3   Thumb Code     2  use_no_semi_2.o(.text)
    __2printf                                0x08006cb5   Thumb Code    20  noretval__2printf.o(.text)
    _printf_pre_padding                      0x08006ccd   Thumb Code    46  _printf_pad.o(.text)
    _printf_post_padding                     0x08006cfb   Thumb Code    36  _printf_pad.o(.text)
    _printf_str                              0x08006d1f   Thumb Code    82  _printf_str.o(.text)
    _printf_int_dec                          0x08006d71   Thumb Code   102  _printf_dec.o(.text)
    _printf_int_hex                          0x08006de9   Thumb Code    88  _printf_hex_int.o(.text)
    _printf_longlong_hex                     0x08006de9   Thumb Code     0  _printf_hex_int.o(.text)
    __printf                                 0x08006e45   Thumb Code   390  __printf_flags_ss_wp.o(.text)
    __use_two_region_memory                  0x08006fd1   Thumb Code     2  heapauxi.o(.text)
    __rt_heap_escrow$2region                 0x08006fd3   Thumb Code     2  heapauxi.o(.text)
    __rt_heap_expand$2region                 0x08006fd5   Thumb Code     2  heapauxi.o(.text)
    __I$use$semihosting                      0x08006fd7   Thumb Code     0  use_no_semi.o(.text)
    __use_no_semihosting_swi                 0x08006fd7   Thumb Code     2  use_no_semi.o(.text)
    __read_errno                             0x08006fd9   Thumb Code    10  _rserrno.o(.text)
    __set_errno                              0x08006fe3   Thumb Code    12  _rserrno.o(.text)
    _printf_int_common                       0x08006fef   Thumb Code   184  _printf_intcommon.o(.text)
    __lib_sel_fp_printf                      0x080070a7   Thumb Code     2  _printf_fp_dec.o(.text)
    _printf_fp_dec_real                      0x08007253   Thumb Code   628  _printf_fp_dec.o(.text)
    _printf_cs_common                        0x080074c7   Thumb Code    20  _printf_char.o(.text)
    _printf_char                             0x080074db   Thumb Code    16  _printf_char.o(.text)
    _printf_string                           0x080074eb   Thumb Code     8  _printf_char.o(.text)
    _printf_char_file                        0x080074f5   Thumb Code    32  _printf_char_file.o(.text)
    __rt_locale                              0x08007519   Thumb Code     8  rt_locale_intlibspace.o(.text)
    __aeabi_errno_addr                       0x08007521   Thumb Code     8  rt_errno_addr_intlibspace.o(.text)
    __errno$intlibspace                      0x08007521   Thumb Code     0  rt_errno_addr_intlibspace.o(.text)
    __rt_errno_addr$intlibspace              0x08007521   Thumb Code     0  rt_errno_addr_intlibspace.o(.text)
    _ll_udiv10                               0x08007529   Thumb Code   138  lludiv10.o(.text)
    _printf_char_common                      0x080075bf   Thumb Code    32  _printf_char_common.o(.text)
    _printf_fp_infnan                        0x080075e5   Thumb Code   112  _printf_fp_infnan.o(.text)
    _btod_etento                             0x08007665   Thumb Code   222  bigflt0.o(.text)
    ferror                                   0x08007749   Thumb Code     8  ferror.o(.text)
    __user_libspace                          0x08007751   Thumb Code     8  libspace.o(.text)
    __user_perproc_libspace                  0x08007751   Thumb Code     0  libspace.o(.text)
    __user_perthread_libspace                0x08007751   Thumb Code     0  libspace.o(.text)
    __user_setup_stackheap                   0x08007759   Thumb Code    74  sys_stackheap_outer.o(.text)
    exit                                     0x080077a3   Thumb Code    12  exit.o(.text)
    strcmp                                   0x080077b1   Thumb Code   128  strcmpv7m.o(.text)
    _btod_d2e                                0x08007831   Thumb Code    62  btod.o(CL$$btod_d2e)
    _d2e_denorm_low                          0x0800786f   Thumb Code    70  btod.o(CL$$btod_d2e_denorm_low)
    _d2e_norm_op1                            0x080078b5   Thumb Code    96  btod.o(CL$$btod_d2e_norm_op1)
    __btod_div_common                        0x08007915   Thumb Code   696  btod.o(CL$$btod_div_common)
    _e2e                                     0x08007c4d   Thumb Code   198  btod.o(CL$$btod_e2e)
    _btod_ediv                               0x08007d13   Thumb Code    40  btod.o(CL$$btod_ediv)
    _btod_emul                               0x08007d3b   Thumb Code    40  btod.o(CL$$btod_emul)
    __btod_mult_common                       0x08007d63   Thumb Code   580  btod.o(CL$$btod_mult_common)
    __ARM_fpclassify                         0x08007fa7   Thumb Code    40  fpclassify.o(i.__ARM_fpclassify)
    __kernel_poly                            0x08007fcf   Thumb Code   170  poly.o(i.__kernel_poly)
    __mathlib_dbl_underflow                  0x08008079   Thumb Code    10  dunder.o(i.__mathlib_dbl_underflow)
    _is_digit                                0x08008089   Thumb Code    14  __printf_wp.o(i._is_digit)
    log                                      0x08008099   Thumb Code   822  log.o(i.log)
    log10                                    0x08008409   Thumb Code   212  log10.o(i.log10)
    pow                                      0x080084fd   Thumb Code  2510  pow.o(i.pow)
    sqrt                                     0x08008edd   Thumb Code    78  sqrt.o(i.sqrt)
    _get_lc_numeric                          0x08008f2d   Thumb Code    44  lc_numeric_c.o(locale$$code)
    __aeabi_d2f                              0x08008f59   Thumb Code     0  d2f.o(x$fpl$d2f)
    _d2f                                     0x08008f59   Thumb Code    98  d2f.o(x$fpl$d2f)
    __aeabi_dadd                             0x08008fbd   Thumb Code     0  daddsub_clz.o(x$fpl$dadd)
    _dadd                                    0x08008fbd   Thumb Code   332  daddsub_clz.o(x$fpl$dadd)
    __fpl_dcheck_NaN1                        0x0800910d   Thumb Code    10  dcheck1.o(x$fpl$dcheck1)
    __fpl_dcmp_Inf                           0x0800911d   Thumb Code    24  dcmpi.o(x$fpl$dcmpinf)
    __aeabi_ddiv                             0x08009135   Thumb Code     0  ddiv.o(x$fpl$ddiv)
    _ddiv                                    0x08009135   Thumb Code   552  ddiv.o(x$fpl$ddiv)
    __aeabi_cdcmpeq                          0x080093e5   Thumb Code     0  deqf.o(x$fpl$deqf)
    _dcmpeq                                  0x080093e5   Thumb Code   120  deqf.o(x$fpl$deqf)
    __aeabi_d2uiz                            0x0800945d   Thumb Code     0  dfixu.o(x$fpl$dfixu)
    _dfixu                                   0x0800945d   Thumb Code    90  dfixu.o(x$fpl$dfixu)
    __aeabi_i2d                              0x080094b7   Thumb Code     0  dflt_clz.o(x$fpl$dflt)
    _dflt                                    0x080094b7   Thumb Code    46  dflt_clz.o(x$fpl$dflt)
    __aeabi_cdcmple                          0x080094e5   Thumb Code     0  dleqf.o(x$fpl$dleqf)
    _dcmple                                  0x080094e5   Thumb Code   120  dleqf.o(x$fpl$dleqf)
    __fpl_dcmple_InfNaN                      0x08009547   Thumb Code     0  dleqf.o(x$fpl$dleqf)
    __aeabi_dmul                             0x0800955d   Thumb Code     0  dmul.o(x$fpl$dmul)
    _dmul                                    0x0800955d   Thumb Code   332  dmul.o(x$fpl$dmul)
    __fpl_dnaninf                            0x080096b1   Thumb Code   156  dnaninf.o(x$fpl$dnaninf)
    __fpl_dretinf                            0x0800974d   Thumb Code    12  dretinf.o(x$fpl$dretinf)
    __aeabi_cdrcmple                         0x08009759   Thumb Code     0  drleqf.o(x$fpl$drleqf)
    _drcmple                                 0x08009759   Thumb Code   108  drleqf.o(x$fpl$drleqf)
    __aeabi_drsub                            0x080097c5   Thumb Code     0  daddsub_clz.o(x$fpl$drsb)
    _drsb                                    0x080097c5   Thumb Code    22  daddsub_clz.o(x$fpl$drsb)
    _dsqrt                                   0x080097dd   Thumb Code   456  dsqrt_noumaal.o(x$fpl$dsqrt)
    __aeabi_dsub                             0x080099a9   Thumb Code     0  daddsub_clz.o(x$fpl$dsub)
    _dsub                                    0x080099a9   Thumb Code   464  daddsub_clz.o(x$fpl$dsub)
    __aeabi_f2d                              0x08009b7d   Thumb Code     0  f2d.o(x$fpl$f2d)
    _f2d                                     0x08009b7d   Thumb Code    86  f2d.o(x$fpl$f2d)
    __aeabi_fadd                             0x08009bd5   Thumb Code     0  faddsub_clz.o(x$fpl$fadd)
    _fadd                                    0x08009bd5   Thumb Code   196  faddsub_clz.o(x$fpl$fadd)
    __fpl_fcheck_NaN1                        0x08009c99   Thumb Code     6  fcheck1.o(x$fpl$fcheck1)
    __fpl_fcmp_Inf                           0x08009ca5   Thumb Code    24  fcmpi.o(x$fpl$fcmpinf)
    __aeabi_fdiv                             0x08009cbd   Thumb Code     0  fdiv.o(x$fpl$fdiv)
    _fdiv                                    0x08009cbd   Thumb Code   384  fdiv.o(x$fpl$fdiv)
    __aeabi_f2iz                             0x08009e41   Thumb Code     0  ffix.o(x$fpl$ffix)
    _ffix                                    0x08009e41   Thumb Code    54  ffix.o(x$fpl$ffix)
    __aeabi_f2uiz                            0x08009e79   Thumb Code     0  ffixu.o(x$fpl$ffixu)
    _ffixu                                   0x08009e79   Thumb Code    62  ffixu.o(x$fpl$ffixu)
    __aeabi_i2f                              0x08009eb9   Thumb Code     0  fflt_clz.o(x$fpl$fflt)
    _fflt                                    0x08009eb9   Thumb Code    48  fflt_clz.o(x$fpl$fflt)
    __aeabi_ui2f                             0x08009ee9   Thumb Code     0  fflt_clz.o(x$fpl$ffltu)
    _ffltu                                   0x08009ee9   Thumb Code    38  fflt_clz.o(x$fpl$ffltu)
    __aeabi_cfcmple                          0x08009f11   Thumb Code     0  fleqf.o(x$fpl$fleqf)
    _fcmple                                  0x08009f11   Thumb Code   104  fleqf.o(x$fpl$fleqf)
    __fpl_fcmple_InfNaN                      0x08009f63   Thumb Code     0  fleqf.o(x$fpl$fleqf)
    __aeabi_fmul                             0x08009f79   Thumb Code     0  fmul.o(x$fpl$fmul)
    _fmul                                    0x08009f79   Thumb Code   258  fmul.o(x$fpl$fmul)
    __fpl_fnaninf                            0x0800a07b   Thumb Code   140  fnaninf.o(x$fpl$fnaninf)
    __fpl_fretinf                            0x0800a107   Thumb Code    10  fretinf.o(x$fpl$fretinf)
    __aeabi_cfrcmple                         0x0800a111   Thumb Code     0  frleqf.o(x$fpl$frleqf)
    _frcmple                                 0x0800a111   Thumb Code    98  frleqf.o(x$fpl$frleqf)
    __aeabi_frsub                            0x0800a173   Thumb Code     0  faddsub_clz.o(x$fpl$frsb)
    _frsb                                    0x0800a173   Thumb Code    20  faddsub_clz.o(x$fpl$frsb)
    __aeabi_fsub                             0x0800a189   Thumb Code     0  faddsub_clz.o(x$fpl$fsub)
    _fsub                                    0x0800a189   Thumb Code   234  faddsub_clz.o(x$fpl$fsub)
    _printf_fp_dec                           0x0800a273   Thumb Code     4  printf1.o(x$fpl$printf1)
    __fpl_return_NaN                         0x0800a277   Thumb Code   100  retnan.o(x$fpl$retnan)
    __ARM_scalbn                             0x0800a2db   Thumb Code    92  scalbn.o(x$fpl$scalbn)
    __ARM_scalbnf                            0x0800a337   Thumb Code    76  scalbnf.o(x$fpl$scalbnf)
    __fpl_cmpreturn                          0x0800a383   Thumb Code    48  trapv.o(x$fpl$trapveneer)
    __I$use$fp                               0x0800a3b2   Number         0  usenofp.o(x$fpl$usenofp)
    memtblsize                               0x0800a3b4   Data           4  malloc.o(.constdata)
    memblksize                               0x0800a3b8   Data           4  malloc.o(.constdata)
    memsize                                  0x0800a3bc   Data           4  malloc.o(.constdata)
    armBitRevTable                           0x0800a688   Data        2048  arm_common_tables.o(.constdata)
    twiddleCoefQ31                           0x0800ae88   Data       24576  arm_common_tables.o(.constdata)
    __mathlib_zero                           0x08010f88   Data           8  qnan.o(.constdata)
    Region$$Table$$Base                      0x0801108c   Number         0  anon$$obj.o(Region$$Table)
    Region$$Table$$Limit                     0x080110ac   Number         0  anon$$obj.o(Region$$Table)
    SystemCoreClock                          0x20000000   Data           4  system_stm32f10x.o(.data)
    AHBPrescTable                            0x20000004   Data          16  system_stm32f10x.o(.data)
    itime                                    0x20000014   Data           4  timer.o(.data)
    ADCBuffer                                0x20000018   Data           2  adc.o(.data)
    USART_RX_STA                             0x20000020   Data           2  usart.o(.data)
    __stdout                                 0x20000024   Data           4  usart.o(.data)
    sys_cmd_tab                              0x2000003c   Data          28  usmart.o(.data)
    usmart_nametab                           0x20000058   Data          16  usmart_config.o(.data)
    usmart_dev                               0x20000068   Data         244  usmart_config.o(.data)
    mallco_dev                               0x2000015c   Data          20  malloc.o(.data)
    fft_ibuf                                 0x20000170   Data           4  fricker.o(.data)
    fft_obuf                                 0x20000174   Data           4  fricker.o(.data)
    sampling_count                           0x20000178   Data           4  fricker.o(.data)
    LM36923_Val                              0x20000182   Data           1  lm36923.o(.data)
    lcm_para                                 0x20000184   Data         320  parm.o(.data)
    USART_RX_BUF                             0x200002c4   Data         256  usart.o(.bss)
    mem1base                                 0x200003c4   Data       55296  malloc.o(.bss)
    mem1mapbase                              0x2000dbc4   Data        3456  malloc.o(.bss)
    __libspace_start                         0x2000e944   Data          96  libspace.o(.bss)
    __temporary_stack_top$libspace           0x2000e9a4   Data           0  libspace.o(.bss)



==============================================================================

Memory Map of the image

  Image Entry point : 0x08000131

  Load Region LR_IROM1 (Base: 0x08000000, Size: 0x0001138c, Max: 0x00080000, ABSOLUTE, COMPRESSED[0x000111c4])

    Execution Region ER_IROM1 (Base: 0x08000000, Size: 0x000110c8, Max: 0x00080000, ABSOLUTE)

    Base Addr    Size         Type   Attr      Idx    E Section Name        Object

    0x08000000   0x00000130   Data   RO          316    RESET               startup_stm32f10x_hd.o
    0x08000130   0x00000008   Code   RO          942  * !!!main             c_w.l(__main.o)
    0x08000138   0x00000034   Code   RO         1295    !!!scatter          c_w.l(__scatter.o)
    0x0800016c   0x0000005a   Code   RO         1293    !!dczerorl2         c_w.l(__dczerorl2.o)
    0x080001c6   0x00000002   PAD
    0x080001c8   0x0000001c   Code   RO         1297    !!handler_zi        c_w.l(__scatter_zi.o)
    0x080001e4   0x00000000   Code   RO          939    .ARM.Collect$$_printf_percent$$00000000  c_w.l(_printf_percent.o)
    0x080001e4   0x00000006   Code   RO          938    .ARM.Collect$$_printf_percent$$00000003  c_w.l(_printf_f.o)
    0x080001ea   0x00000006   Code   RO          936    .ARM.Collect$$_printf_percent$$00000009  c_w.l(_printf_d.o)
    0x080001f0   0x00000006   Code   RO          937    .ARM.Collect$$_printf_percent$$0000000A  c_w.l(_printf_u.o)
    0x080001f6   0x00000006   Code   RO          935    .ARM.Collect$$_printf_percent$$0000000C  c_w.l(_printf_x.o)
    0x080001fc   0x00000006   Code   RO          934    .ARM.Collect$$_printf_percent$$00000014  c_w.l(_printf_s.o)
    0x08000202   0x00000004   Code   RO         1037    .ARM.Collect$$_printf_percent$$00000017  c_w.l(_printf_percent_end.o)
    0x08000206   0x00000002   Code   RO         1171    .ARM.Collect$$libinit$$00000000  c_w.l(libinit.o)
    0x08000208   0x00000000   Code   RO         1173    .ARM.Collect$$libinit$$00000002  c_w.l(libinit2.o)
    0x08000208   0x00000000   Code   RO         1176    .ARM.Collect$$libinit$$00000008  c_w.l(libinit2.o)
    0x08000208   0x00000000   Code   RO         1178    .ARM.Collect$$libinit$$0000000A  c_w.l(libinit2.o)
    0x08000208   0x00000000   Code   RO         1180    .ARM.Collect$$libinit$$0000000C  c_w.l(libinit2.o)
    0x08000208   0x00000006   Code   RO         1181    .ARM.Collect$$libinit$$0000000D  c_w.l(libinit2.o)
    0x0800020e   0x00000000   Code   RO         1183    .ARM.Collect$$libinit$$0000000F  c_w.l(libinit2.o)
    0x0800020e   0x00000000   Code   RO         1185    .ARM.Collect$$libinit$$00000011  c_w.l(libinit2.o)
    0x0800020e   0x00000000   Code   RO         1187    .ARM.Collect$$libinit$$00000013  c_w.l(libinit2.o)
    0x0800020e   0x0000000a   Code   RO         1188    .ARM.Collect$$libinit$$00000014  c_w.l(libinit2.o)
    0x08000218   0x00000000   Code   RO         1189    .ARM.Collect$$libinit$$00000015  c_w.l(libinit2.o)
    0x08000218   0x00000000   Code   RO         1191    .ARM.Collect$$libinit$$00000017  c_w.l(libinit2.o)
    0x08000218   0x00000000   Code   RO         1193    .ARM.Collect$$libinit$$00000019  c_w.l(libinit2.o)
    0x08000218   0x00000000   Code   RO         1195    .ARM.Collect$$libinit$$0000001B  c_w.l(libinit2.o)
    0x08000218   0x00000000   Code   RO         1197    .ARM.Collect$$libinit$$0000001D  c_w.l(libinit2.o)
    0x08000218   0x00000000   Code   RO         1199    .ARM.Collect$$libinit$$0000001F  c_w.l(libinit2.o)
    0x08000218   0x00000000   Code   RO         1201    .ARM.Collect$$libinit$$00000021  c_w.l(libinit2.o)
    0x08000218   0x00000000   Code   RO         1203    .ARM.Collect$$libinit$$00000023  c_w.l(libinit2.o)
    0x08000218   0x00000000   Code   RO         1207    .ARM.Collect$$libinit$$0000002A  c_w.l(libinit2.o)
    0x08000218   0x00000000   Code   RO         1209    .ARM.Collect$$libinit$$0000002C  c_w.l(libinit2.o)
    0x08000218   0x00000000   Code   RO         1211    .ARM.Collect$$libinit$$0000002E  c_w.l(libinit2.o)
    0x08000218   0x00000000   Code   RO         1213    .ARM.Collect$$libinit$$00000030  c_w.l(libinit2.o)
    0x08000218   0x00000002   Code   RO         1214    .ARM.Collect$$libinit$$00000031  c_w.l(libinit2.o)
    0x0800021a   0x00000002   Code   RO         1244    .ARM.Collect$$libshutdown$$00000000  c_w.l(libshutdown.o)
    0x0800021c   0x00000000   Code   RO         1254    .ARM.Collect$$libshutdown$$00000003  c_w.l(libshutdown2.o)
    0x0800021c   0x00000000   Code   RO         1257    .ARM.Collect$$libshutdown$$00000006  c_w.l(libshutdown2.o)
    0x0800021c   0x00000000   Code   RO         1260    .ARM.Collect$$libshutdown$$00000009  c_w.l(libshutdown2.o)
    0x0800021c   0x00000000   Code   RO         1262    .ARM.Collect$$libshutdown$$0000000B  c_w.l(libshutdown2.o)
    0x0800021c   0x00000000   Code   RO         1265    .ARM.Collect$$libshutdown$$0000000E  c_w.l(libshutdown2.o)
    0x0800021c   0x00000002   Code   RO         1266    .ARM.Collect$$libshutdown$$0000000F  c_w.l(libshutdown2.o)
    0x0800021e   0x00000000   Code   RO         1026    .ARM.Collect$$rtentry$$00000000  c_w.l(rtentry.o)
    0x0800021e   0x00000000   Code   RO         1083    .ARM.Collect$$rtentry$$00000002  c_w.l(rtentry2.o)
    0x0800021e   0x00000006   Code   RO         1095    .ARM.Collect$$rtentry$$00000004  c_w.l(rtentry4.o)
    0x08000224   0x00000000   Code   RO         1085    .ARM.Collect$$rtentry$$00000009  c_w.l(rtentry2.o)
    0x08000224   0x00000004   Code   RO         1086    .ARM.Collect$$rtentry$$0000000A  c_w.l(rtentry2.o)
    0x08000228   0x00000000   Code   RO         1088    .ARM.Collect$$rtentry$$0000000C  c_w.l(rtentry2.o)
    0x08000228   0x00000008   Code   RO         1089    .ARM.Collect$$rtentry$$0000000D  c_w.l(rtentry2.o)
    0x08000230   0x00000002   Code   RO         1217    .ARM.Collect$$rtexit$$00000000  c_w.l(rtexit.o)
    0x08000232   0x00000000   Code   RO         1224    .ARM.Collect$$rtexit$$00000002  c_w.l(rtexit2.o)
    0x08000232   0x00000004   Code   RO         1225    .ARM.Collect$$rtexit$$00000003  c_w.l(rtexit2.o)
    0x08000236   0x00000006   Code   RO         1226    .ARM.Collect$$rtexit$$00000004  c_w.l(rtexit2.o)
    0x0800023c   0x000001cc   Code   RO            1    .text               main.o
    0x08000408   0x0000001a   Code   RO          158    .text               stm32f10x_it.o
    0x08000422   0x00000002   PAD
    0x08000424   0x000001dc   Code   RO          190    .text               system_stm32f10x.o
    0x08000600   0x000000e8   Code   RO          208    .text               timer.o
    0x080006e8   0x0000048c   Code   RO          233    .text               adc.o
    0x08000b74   0x000000dc   Code   RO          254    .text               delay.o
    0x08000c50   0x0000000c   Code   RO          268    .text               sys.o
    0x08000c5c   0x00000208   Code   RO          280    .text               usart.o
    0x08000e64   0x00000040   Code   RO          317    .text               startup_stm32f10x_hd.o
    0x08000ea4   0x00000358   Code   RO          321    .text               stm32f10x_gpio.o
    0x080011fc   0x000003a4   Code   RO          333    .text               stm32f10x_rcc.o
    0x080015a0   0x00000408   Code   RO          347    .text               stm32f10x_usart.o
    0x080019a8   0x000000dc   Code   RO          359    .text               misc.o
    0x08001a84   0x00000e1a   Code   RO          371    .text               stm32f10x_tim.o
    0x0800289e   0x00000002   PAD
    0x080028a0   0x0000044e   Code   RO          383    .text               stm32f10x_adc.o
    0x08002cee   0x00000002   PAD
    0x08002cf0   0x00000250   Code   RO          440    .text               stm32f10x_dma.o
    0x08002f40   0x00000b58   Code   RO          452    .text               usmart.o
    0x08003a98   0x00000528   Code   RO          481    .text               usmart_str.o
    0x08003fc0   0x00000230   Code   RO          493    .text               malloc.o
    0x080041f0   0x0000035c   Code   RO          558    .text               fricker.o
    0x0800454c   0x00000500   Code   RO          581    .text               myiic.o
    0x08004a4c   0x00000350   Code   RO          593    .text               lt35825.o
    0x08004d9c   0x00000c46   Code   RO          619    .text               act8846.o
    0x080059e2   0x00000002   PAD
    0x080059e4   0x00000308   Code   RO          637    .text               gpio_config.o
    0x08005cec   0x00000318   Code   RO          652    .text               tps22993.o
    0x08006004   0x00000340   Code   RO          666    .text               lm36923.o
    0x08006344   0x00000040   Code   RO          681    .text               parm.o
    0x08006384   0x000000ba   Code   RO          699    .text               arm_cortexM3l_math.lib(arm_cmplx_mag_q31.o)
    0x0800643e   0x00000002   PAD
    0x08006440   0x000000d4   Code   RO          741    .text               arm_cortexM3l_math.lib(arm_cfft_radix2_init_q31.o)
    0x08006514   0x000004ec   Code   RO          765    .text               arm_cortexM3l_math.lib(arm_cfft_radix2_q31.o)
    0x08006a00   0x000000e0   Code   RO          785    .text               arm_cortexM3l_math.lib(arm_sqrt_q31.o)
    0x08006ae0   0x000001d2   Code   RO          805    .text               arm_cortexM3l_math.lib(arm_bitreversal.o)
    0x08006cb2   0x00000002   Code   RO          879    .text               c_w.l(use_no_semi_2.o)
    0x08006cb4   0x00000018   Code   RO          883    .text               c_w.l(noretval__2printf.o)
    0x08006ccc   0x00000052   Code   RO          887    .text               c_w.l(_printf_pad.o)
    0x08006d1e   0x00000052   Code   RO          889    .text               c_w.l(_printf_str.o)
    0x08006d70   0x00000078   Code   RO          891    .text               c_w.l(_printf_dec.o)
    0x08006de8   0x0000005c   Code   RO          896    .text               c_w.l(_printf_hex_int.o)
    0x08006e44   0x0000018c   Code   RO          931    .text               c_w.l(__printf_flags_ss_wp.o)
    0x08006fd0   0x00000006   Code   RO          940    .text               c_w.l(heapauxi.o)
    0x08006fd6   0x00000002   Code   RO         1024    .text               c_w.l(use_no_semi.o)
    0x08006fd8   0x00000016   Code   RO         1027    .text               c_w.l(_rserrno.o)
    0x08006fee   0x000000b8   Code   RO         1029    .text               c_w.l(_printf_intcommon.o)
    0x080070a6   0x00000420   Code   RO         1031    .text               c_w.l(_printf_fp_dec.o)
    0x080074c6   0x0000002c   Code   RO         1033    .text               c_w.l(_printf_char.o)
    0x080074f2   0x00000002   PAD
    0x080074f4   0x00000024   Code   RO         1035    .text               c_w.l(_printf_char_file.o)
    0x08007518   0x00000008   Code   RO         1100    .text               c_w.l(rt_locale_intlibspace.o)
    0x08007520   0x00000008   Code   RO         1105    .text               c_w.l(rt_errno_addr_intlibspace.o)
    0x08007528   0x0000008a   Code   RO         1107    .text               c_w.l(lludiv10.o)
    0x080075b2   0x00000002   PAD
    0x080075b4   0x00000030   Code   RO         1109    .text               c_w.l(_printf_char_common.o)
    0x080075e4   0x00000080   Code   RO         1111    .text               c_w.l(_printf_fp_infnan.o)
    0x08007664   0x000000e4   Code   RO         1113    .text               c_w.l(bigflt0.o)
    0x08007748   0x00000008   Code   RO         1138    .text               c_w.l(ferror.o)
    0x08007750   0x00000008   Code   RO         1155    .text               c_w.l(libspace.o)
    0x08007758   0x0000004a   Code   RO         1158    .text               c_w.l(sys_stackheap_outer.o)
    0x080077a2   0x0000000c   Code   RO         1162    .text               c_w.l(exit.o)
    0x080077ae   0x00000002   PAD
    0x080077b0   0x00000080   Code   RO         1164    .text               c_w.l(strcmpv7m.o)
    0x08007830   0x0000003e   Code   RO         1116    CL$$btod_d2e        c_w.l(btod.o)
    0x0800786e   0x00000046   Code   RO         1118    CL$$btod_d2e_denorm_low  c_w.l(btod.o)
    0x080078b4   0x00000060   Code   RO         1117    CL$$btod_d2e_norm_op1  c_w.l(btod.o)
    0x08007914   0x00000338   Code   RO         1126    CL$$btod_div_common  c_w.l(btod.o)
    0x08007c4c   0x000000c6   Code   RO         1123    CL$$btod_e2e        c_w.l(btod.o)
    0x08007d12   0x00000028   Code   RO         1120    CL$$btod_ediv       c_w.l(btod.o)
    0x08007d3a   0x00000028   Code   RO         1119    CL$$btod_emul       c_w.l(btod.o)
    0x08007d62   0x00000244   Code   RO         1125    CL$$btod_mult_common  c_w.l(btod.o)
    0x08007fa6   0x00000028   Code   RO         1067    i.__ARM_fpclassify  m_ws.l(fpclassify.o)
    0x08007fce   0x000000aa   Code   RO         1079    i.__kernel_poly     m_ws.l(poly.o)
    0x08008078   0x00000010   Code   RO         1065    i.__mathlib_dbl_underflow  m_ws.l(dunder.o)
    0x08008088   0x0000000e   Code   RO          924    i._is_digit         c_w.l(__printf_wp.o)
    0x08008096   0x00000002   PAD
    0x08008098   0x00000370   Code   RO         1070    i.log               m_ws.l(log.o)
    0x08008408   0x000000f4   Code   RO          999    i.log10             m_ws.l(log10.o)
    0x080084fc   0x000009e0   Code   RO         1007    i.pow               m_ws.l(pow.o)
    0x08008edc   0x0000004e   Code   RO         1017    i.sqrt              m_ws.l(sqrt.o)
    0x08008f2a   0x00000002   PAD
    0x08008f2c   0x0000002c   Code   RO         1143    locale$$code        c_w.l(lc_numeric_c.o)
    0x08008f58   0x00000062   Code   RO          944    x$fpl$d2f           fz_ws.l(d2f.o)
    0x08008fba   0x00000002   PAD
    0x08008fbc   0x00000150   Code   RO          946    x$fpl$dadd          fz_ws.l(daddsub_clz.o)
    0x0800910c   0x00000010   Code   RO         1145    x$fpl$dcheck1       fz_ws.l(dcheck1.o)
    0x0800911c   0x00000018   Code   RO         1147    x$fpl$dcmpinf       fz_ws.l(dcmpi.o)
    0x08009134   0x000002b0   Code   RO          953    x$fpl$ddiv          fz_ws.l(ddiv.o)
    0x080093e4   0x00000078   Code   RO         1149    x$fpl$deqf          fz_ws.l(deqf.o)
    0x0800945c   0x0000005a   Code   RO          956    x$fpl$dfixu         fz_ws.l(dfixu.o)
    0x080094b6   0x0000002e   Code   RO         1039    x$fpl$dflt          fz_ws.l(dflt_clz.o)
    0x080094e4   0x00000078   Code   RO         1044    x$fpl$dleqf         fz_ws.l(dleqf.o)
    0x0800955c   0x00000154   Code   RO          960    x$fpl$dmul          fz_ws.l(dmul.o)
    0x080096b0   0x0000009c   Code   RO         1046    x$fpl$dnaninf       fz_ws.l(dnaninf.o)
    0x0800974c   0x0000000c   Code   RO         1048    x$fpl$dretinf       fz_ws.l(dretinf.o)
    0x08009758   0x0000006c   Code   RO         1050    x$fpl$drleqf        fz_ws.l(drleqf.o)
    0x080097c4   0x00000016   Code   RO          947    x$fpl$drsb          fz_ws.l(daddsub_clz.o)
    0x080097da   0x00000002   PAD
    0x080097dc   0x000001cc   Code   RO         1052    x$fpl$dsqrt         fz_ws.l(dsqrt_noumaal.o)
    0x080099a8   0x000001d4   Code   RO          948    x$fpl$dsub          fz_ws.l(daddsub_clz.o)
    0x08009b7c   0x00000056   Code   RO          962    x$fpl$f2d           fz_ws.l(f2d.o)
    0x08009bd2   0x00000002   PAD
    0x08009bd4   0x000000c4   Code   RO          964    x$fpl$fadd          fz_ws.l(faddsub_clz.o)
    0x08009c98   0x0000000c   Code   RO         1054    x$fpl$fcheck1       fz_ws.l(fcheck1.o)
    0x08009ca4   0x00000018   Code   RO         1056    x$fpl$fcmpinf       fz_ws.l(fcmpi.o)
    0x08009cbc   0x00000184   Code   RO          971    x$fpl$fdiv          fz_ws.l(fdiv.o)
    0x08009e40   0x00000036   Code   RO          974    x$fpl$ffix          fz_ws.l(ffix.o)
    0x08009e76   0x00000002   PAD
    0x08009e78   0x0000003e   Code   RO          978    x$fpl$ffixu         fz_ws.l(ffixu.o)
    0x08009eb6   0x00000002   PAD
    0x08009eb8   0x00000030   Code   RO          983    x$fpl$fflt          fz_ws.l(fflt_clz.o)
    0x08009ee8   0x00000026   Code   RO          982    x$fpl$ffltu         fz_ws.l(fflt_clz.o)
    0x08009f0e   0x00000002   PAD
    0x08009f10   0x00000068   Code   RO          988    x$fpl$fleqf         fz_ws.l(fleqf.o)
    0x08009f78   0x00000102   Code   RO          990    x$fpl$fmul          fz_ws.l(fmul.o)
    0x0800a07a   0x0000008c   Code   RO         1058    x$fpl$fnaninf       fz_ws.l(fnaninf.o)
    0x0800a106   0x0000000a   Code   RO         1060    x$fpl$fretinf       fz_ws.l(fretinf.o)
    0x0800a110   0x00000062   Code   RO          992    x$fpl$frleqf        fz_ws.l(frleqf.o)
    0x0800a172   0x00000014   Code   RO          965    x$fpl$frsb          fz_ws.l(faddsub_clz.o)
    0x0800a186   0x00000002   PAD
    0x0800a188   0x000000ea   Code   RO          966    x$fpl$fsub          fz_ws.l(faddsub_clz.o)
    0x0800a272   0x00000004   Code   RO          994    x$fpl$printf1       fz_ws.l(printf1.o)
    0x0800a276   0x00000064   Code   RO         1153    x$fpl$retnan        fz_ws.l(retnan.o)
    0x0800a2da   0x0000005c   Code   RO         1062    x$fpl$scalbn        fz_ws.l(scalbn.o)
    0x0800a336   0x0000004c   Code   RO          996    x$fpl$scalbnf       fz_ws.l(scalbnf.o)
    0x0800a382   0x00000030   Code   RO         1215    x$fpl$trapveneer    fz_ws.l(trapv.o)
    0x0800a3b2   0x00000000   Code   RO         1064    x$fpl$usenofp       fz_ws.l(usenofp.o)
    0x0800a3b2   0x00000002   PAD
    0x0800a3b4   0x0000000c   Data   RO          495    .constdata          malloc.o
    0x0800a3c0   0x0000004b   Data   RO          559    .constdata          fricker.o
    0x0800a40b   0x00000001   PAD
    0x0800a40c   0x0000027c   Data   RO          620    .constdata          act8846.o
    0x0800a688   0x00000800   Data   RO          825    .constdata          arm_cortexM3l_math.lib(arm_common_tables.o)
    0x0800ae88   0x00006000   Data   RO          835    .constdata          arm_cortexM3l_math.lib(arm_common_tables.o)
    0x08010e88   0x00000028   Data   RO          897    .constdata          c_w.l(_printf_hex_int.o)
    0x08010eb0   0x00000011   Data   RO          932    .constdata          c_w.l(__printf_flags_ss_wp.o)
    0x08010ec1   0x00000007   PAD
    0x08010ec8   0x00000088   Data   RO         1008    .constdata          m_ws.l(pow.o)
    0x08010f50   0x00000038   Data   RO         1071    .constdata          m_ws.l(log.o)
    0x08010f88   0x00000008   Data   RO         1081    .constdata          m_ws.l(qnan.o)
    0x08010f90   0x00000094   Data   RO         1114    .constdata          c_w.l(bigflt0.o)
    0x08011024   0x0000001f   Data   RO          453    .conststring        usmart.o
    0x08011043   0x0000003a   Data   RO          468    .conststring        usmart_config.o
    0x0801107d   0x0000000c   Data   RO          682    .conststring        parm.o
    0x08011089   0x00000003   PAD
    0x0801108c   0x00000020   Data   RO         1291    Region$$Table       anon$$obj.o
    0x080110ac   0x0000001c   Data   RO         1142    locale$$data        c_w.l(lc_numeric_c.o)


    Execution Region RW_IRAM1 (Base: 0x20000000, Size: 0x0000efa8, Max: 0x00010000, ABSOLUTE, COMPRESSED[0x000000fc])

    Base Addr    Size         Type   Attr      Idx    E Section Name        Object

    0x20000000   0x00000014   Data   RW          191    .data               system_stm32f10x.o
    0x20000014   0x00000004   Data   RW          209    .data               timer.o
    0x20000018   0x00000002   Data   RW          234    .data               adc.o
    0x2000001a   0x00000004   Data   RW          255    .data               delay.o
    0x2000001e   0x00000002   PAD
    0x20000020   0x00000008   Data   RW          282    .data               usart.o
    0x20000028   0x00000014   Data   RW          334    .data               stm32f10x_rcc.o
    0x2000003c   0x0000001c   Data   RW          454    .data               usmart.o
    0x20000058   0x00000104   Data   RW          469    .data               usmart_config.o
    0x2000015c   0x00000014   Data   RW          496    .data               malloc.o
    0x20000170   0x0000000c   Data   RW          560    .data               fricker.o
    0x2000017c   0x00000001   Data   RW          621    .data               act8846.o
    0x2000017d   0x00000004   Data   RW          653    .data               tps22993.o
    0x20000181   0x00000002   Data   RW          667    .data               lm36923.o
    0x20000183   0x00000001   PAD
    0x20000184   0x00000140   Data   RW          683    .data               parm.o
    0x200002c4   0x00000100   Zero   RW          281    .bss                usart.o
    0x200003c4   0x0000e580   Zero   RW          494    .bss                malloc.o
    0x2000e944   0x00000060   Zero   RW         1156    .bss                c_w.l(libspace.o)
    0x2000e9a4   0x00000004   PAD
    0x2000e9a8   0x00000200   Zero   RW          315    HEAP                startup_stm32f10x_hd.o
    0x2000eba8   0x00000400   Zero   RW          314    STACK               startup_stm32f10x_hd.o


==============================================================================

Image component sizes


      Code (inc. data)   RO Data    RW Data    ZI Data      Debug   Object Name

      3142        964        636          1          0      16299   act8846.o
      1164         44          0          2          0      12402   adc.o
         0          0          0          0          0         32   core_cm3.o
       220         18          0          4          0       1044   delay.o
       860         66         75         12          0       2323   fricker.o
       776         38          0          0          0       2792   gpio_config.o
       832        120          0          2          0       3661   lm36923.o
       848        136          0          0          0       2202   lt35825.o
       460        146          0          0          0     279399   main.o
       560         18         12         20      58752       4047   malloc.o
       220         20          0          0          0       1677   misc.o
      1280        124          0          0          0       4947   myiic.o
        64          8         12        320          0       1131   parm.o
        64         26        304          0       1536        736   startup_stm32f10x_hd.o
      1102         26          0          0          0      10713   stm32f10x_adc.o
       592          8          0          0          0       4206   stm32f10x_dma.o
       856         40          0          0          0       5521   stm32f10x_gpio.o
        26          0          0          0          0       1118   stm32f10x_it.o
       932         44          0         20          0       8632   stm32f10x_rcc.o
      3610         88          0          0          0      22008   stm32f10x_tim.o
      1032         22          0          0          0       8248   stm32f10x_usart.o
        12          0          0          0          0        389   sys.o
       476         36          0         20          0       1551   system_stm32f10x.o
       232          8          0          4          0       1351   timer.o
       792         18          0          4          0       2483   tps22993.o
       520         26          0          8        256       3309   usart.o
      2904       1232         31         28          0       3966   usmart.o
         0          0         58        260          0       1448   usmart_config.o
      1320         12          0          0          0       4913   usmart_str.o

    ----------------------------------------------------------------------
     24904       3288       1164        708      60544     412548   Object Totals
         0          0         32          0          0          0   (incl. Generated)
         8          0          4          3          0          0   (incl. Padding)

    ----------------------------------------------------------------------

      Code (inc. data)   RO Data    RW Data    ZI Data      Debug   Library Member Name

       466          0          0          0          0       1986   arm_bitreversal.o
       212         40          0          0          0       1103   arm_cfft_radix2_init_q31.o
      1260          0          0          0          0       2536   arm_cfft_radix2_q31.o
       186          0          0          0          0      17888   arm_cmplx_mag_q31.o
         0          0      26624          0          0       2752   arm_common_tables.o
       224          6          0          0          0        799   arm_sqrt_q31.o
        90          0          0          0          0          0   __dczerorl2.o
         8          0          0          0          0         68   __main.o
       396          6         17          0          0         92   __printf_flags_ss_wp.o
        14          0          0          0          0         68   __printf_wp.o
        52          8          0          0          0          0   __scatter.o
        28          0          0          0          0          0   __scatter_zi.o
        44          0          0          0          0        108   _printf_char.o
        48          6          0          0          0         96   _printf_char_common.o
        36          4          0          0          0         80   _printf_char_file.o
         6          0          0          0          0          0   _printf_d.o
       120         18          0          0          0         92   _printf_dec.o
         6          0          0          0          0          0   _printf_f.o
      1056          0          0          0          0        212   _printf_fp_dec.o
       128         16          0          0          0         84   _printf_fp_infnan.o
        92          4         40          0          0         88   _printf_hex_int.o
       184          0          0          0          0         88   _printf_intcommon.o
        82          0          0          0          0        108   _printf_pad.o
         0          0          0          0          0          0   _printf_percent.o
         4          0          0          0          0          0   _printf_percent_end.o
         6          0          0          0          0          0   _printf_s.o
        82          0          0          0          0         80   _printf_str.o
         6          0          0          0          0          0   _printf_u.o
         6          0          0          0          0          0   _printf_x.o
        22          0          0          0          0        100   _rserrno.o
       228          6        148          0          0         96   bigflt0.o
      1910        128          0          0          0        672   btod.o
        12          0          0          0          0         72   exit.o
         8          0          0          0          0         68   ferror.o
         6          0          0          0          0        152   heapauxi.o
        44         10         28          0          0         76   lc_numeric_c.o
         2          0          0          0          0          0   libinit.o
        18          0          0          0          0          0   libinit2.o
         2          0          0          0          0          0   libshutdown.o
         2          0          0          0          0          0   libshutdown2.o
         8          4          0          0         96         68   libspace.o
       138          0          0          0          0         80   lludiv10.o
        24          4          0          0          0         84   noretval__2printf.o
         8          4          0          0          0         68   rt_errno_addr_intlibspace.o
         8          4          0          0          0         68   rt_locale_intlibspace.o
         0          0          0          0          0          0   rtentry.o
        12          0          0          0          0          0   rtentry2.o
         6          0          0          0          0          0   rtentry4.o
         2          0          0          0          0          0   rtexit.o
        10          0          0          0          0          0   rtexit2.o
       128          0          0          0          0         68   strcmpv7m.o
        74          0          0          0          0         80   sys_stackheap_outer.o
         2          0          0          0          0         68   use_no_semi.o
         2          0          0          0          0         68   use_no_semi_2.o
        98          4          0          0          0         92   d2f.o
       826         16          0          0          0        356   daddsub_clz.o
        16          4          0          0          0         68   dcheck1.o
        24          0          0          0          0         68   dcmpi.o
       688        140          0          0          0        212   ddiv.o
       120          4          0          0          0         92   deqf.o
        90          4          0          0          0         92   dfixu.o
        46          0          0          0          0         68   dflt_clz.o
       120          4          0          0          0         92   dleqf.o
       340         12          0          0          0        104   dmul.o
       156          4          0          0          0         92   dnaninf.o
        12          0          0          0          0         68   dretinf.o
       108          0          0          0          0         80   drleqf.o
       460         56          0          0          0        120   dsqrt_noumaal.o
        86          4          0          0          0         84   f2d.o
       450          8          0          0          0        236   faddsub_clz.o
        12          4          0          0          0         68   fcheck1.o
        24          0          0          0          0         68   fcmpi.o
       388         76          0          0          0         96   fdiv.o
        54          4          0          0          0         84   ffix.o
        62          4          0          0          0         84   ffixu.o
        86          0          0          0          0        136   fflt_clz.o
       104          4          0          0          0         84   fleqf.o
       258          4          0          0          0         84   fmul.o
       140          4          0          0          0         84   fnaninf.o
        10          0          0          0          0         68   fretinf.o
        98          0          0          0          0         68   frleqf.o
         4          0          0          0          0         68   printf1.o
       100          0          0          0          0         68   retnan.o
        92          0          0          0          0         68   scalbn.o
        76          0          0          0          0         68   scalbnf.o
        48          0          0          0          0         68   trapv.o
         0          0          0          0          0          0   usenofp.o
        16          6          0          0          0         68   dunder.o
        40          0          0          0          0         68   fpclassify.o
       880         58         56          0          0        276   log.o
       244         32          0          0          0        128   log10.o
       170          0          0          0          0         96   poly.o
      2528        190        136          0          0        316   pow.o
         0          0          8          0          0          0   qnan.o
        78          0          0          0          0         84   sqrt.o

    ----------------------------------------------------------------------
     16700        914      27064          0        100      34440   Library Totals
        30          0          7          0          4          0   (incl. Padding)

    ----------------------------------------------------------------------

      Code (inc. data)   RO Data    RW Data    ZI Data      Debug   Library Name

      2348         46      26624          0          0      27064   arm_cortexM3l_math.lib
      5170        222        233          0         96       3152   c_w.l
      5196        360          0          0          0       3188   fz_ws.l
      3956        286        200          0          0       1036   m_ws.l

    ----------------------------------------------------------------------
     16700        914      27064          0        100      34440   Library Totals

    ----------------------------------------------------------------------

==============================================================================


      Code (inc. data)   RO Data    RW Data    ZI Data      Debug   

     41604       4202      28228        708      60644     439968   Grand Totals
     41604       4202      28228        252      60644     439968   ELF Image Totals (compressed)
     41604       4202      28228        252          0          0   ROM Totals

==============================================================================

    Total RO  Size (Code + RO Data)                69832 (  68.20kB)
    Total RW  Size (RW Data + ZI Data)             61352 (  59.91kB)
    Total ROM Size (Code + RO Data + RW Data)      70084 (  68.44kB)

==============================================================================

